###############################################################################
#
# IAR ELF Linker V7.80.2.11947/W32 for ARM                20/Jan/2017  18:01:26
# Copyright 2007-2016 IAR Systems AB.
#
#    Output file  =  
#        C:\Users\4eef\Projects\Chronograph+\SW\Chrono-Terminal-V1.0\firmware\PROJ_DIR\Debug\Exe\Chrono-Terminal-V1.0.out
#    Map file     =  
#        C:\Users\4eef\Projects\Chronograph+\SW\Chrono-Terminal-V1.0\firmware\PROJ_DIR\Debug\List\Chrono-Terminal-V1.0.map
#    Command line =  
#        C:\Users\4eef\Projects\Chronograph+\SW\Chrono-Terminal-V1.0\firmware\PROJ_DIR\Debug\Obj\adc.o
#        C:\Users\4eef\Projects\Chronograph+\SW\Chrono-Terminal-V1.0\firmware\PROJ_DIR\Debug\Obj\clock.o
#        C:\Users\4eef\Projects\Chronograph+\SW\Chrono-Terminal-V1.0\firmware\PROJ_DIR\Debug\Obj\delay.o
#        C:\Users\4eef\Projects\Chronograph+\SW\Chrono-Terminal-V1.0\firmware\PROJ_DIR\Debug\Obj\filter.o
#        C:\Users\4eef\Projects\Chronograph+\SW\Chrono-Terminal-V1.0\firmware\PROJ_DIR\Debug\Obj\gpio.o
#        C:\Users\4eef\Projects\Chronograph+\SW\Chrono-Terminal-V1.0\firmware\PROJ_DIR\Debug\Obj\i2c.o
#        C:\Users\4eef\Projects\Chronograph+\SW\Chrono-Terminal-V1.0\firmware\PROJ_DIR\Debug\Obj\IR.o
#        C:\Users\4eef\Projects\Chronograph+\SW\Chrono-Terminal-V1.0\firmware\PROJ_DIR\Debug\Obj\lis3.o
#        C:\Users\4eef\Projects\Chronograph+\SW\Chrono-Terminal-V1.0\firmware\PROJ_DIR\Debug\Obj\main.o
#        C:\Users\4eef\Projects\Chronograph+\SW\Chrono-Terminal-V1.0\firmware\PROJ_DIR\Debug\Obj\MicroMenu.o
#        C:\Users\4eef\Projects\Chronograph+\SW\Chrono-Terminal-V1.0\firmware\PROJ_DIR\Debug\Obj\ssdFonts.o
#        C:\Users\4eef\Projects\Chronograph+\SW\Chrono-Terminal-V1.0\firmware\PROJ_DIR\Debug\Obj\ssdGraph.o
#        C:\Users\4eef\Projects\Chronograph+\SW\Chrono-Terminal-V1.0\firmware\PROJ_DIR\Debug\Obj\startup_stm32f042x6.o
#        C:\Users\4eef\Projects\Chronograph+\SW\Chrono-Terminal-V1.0\firmware\PROJ_DIR\Debug\Obj\sync.o
#        C:\Users\4eef\Projects\Chronograph+\SW\Chrono-Terminal-V1.0\firmware\PROJ_DIR\Debug\Obj\system_stm32f0xx.o
#        C:\Users\4eef\Projects\Chronograph+\SW\Chrono-Terminal-V1.0\firmware\PROJ_DIR\Debug\Obj\ug2864.o
#        -o
#        C:\Users\4eef\Projects\Chronograph+\SW\Chrono-Terminal-V1.0\firmware\PROJ_DIR\Debug\Exe\Chrono-Terminal-V1.0.out
#        --redirect _Printf=_PrintfLargeNoMb --map
#        C:\Users\4eef\Projects\Chronograph+\SW\Chrono-Terminal-V1.0\firmware\PROJ_DIR\Debug\List\Chrono-Terminal-V1.0.map
#        --config "C:\Program Files (x86)\IAR Systems\Embedded Workbench
#        7.5\arm\config\linker\ST\stm32f042x6.icf" --semihosting --entry
#        __iar_program_start --vfe
#
###############################################################################

*******************************************************************************
*** RUNTIME MODEL ATTRIBUTES
***

CppFlavor       = *
__SystemLibrary = DLib


*******************************************************************************
*** PLACEMENT SUMMARY
***

"A0":  place at 0x08000000 { ro section .intvec };
"P1":  place in [from 0x08000000 to 0x08007fff] { ro };
"P2":  place in [from 0x20000000 to 0x200017ff] { rw, block CSTACK, block HEAP };
initialize by copy { rw };

  Section            Kind        Address    Size  Object
  -------            ----        -------    ----  ------
"A0":                                       0xc0
  .intvec            ro code  0x08000000    0xc0  startup_stm32f042x6.o [1]
                            - 0x080000c0    0xc0

"P1":                                     0x59c8
  .text              ro code  0x080000c0  0x15e0  main.o [1]
  .text              ro code  0x080016a0    0x94  clock.o [1]
  .text              ro code  0x08001734   0x220  gpio.o [1]
  .text              ro code  0x08001954   0x3da  i2c.o [1]
  .text              ro code  0x08001d2e     0xa  xsprout.o [3]
  .text              ro code  0x08001d38   0xa10  ug2864.o [1]
  .text              ro code  0x08002748   0x134  lis3.o [1]
  .text              ro code  0x0800287c   0x47c  IR.o [1]
  .text              ro code  0x08002cf8    0xbc  sync.o [1]
  .text              ro code  0x08002db4   0x1c0  adc.o [1]
  .text              ro code  0x08002f74    0x10  strcpy.o [5]
  .text              ro code  0x08002f84    0x38  sprintf.o [3]
  .text              ro code  0x08002fbc   0x104  MicroMenu.o [1]
  .text              ro code  0x080030c0    0xe0  I32DivModFast.o [5]
  .text              ro code  0x080031a0    0x38  filter.o [1]
  .text              ro code  0x080031d8    0x50  ABImemset.o [5]
  .text              ro code  0x08003228    0x10  strlen.o [5]
  .text              ro code  0x08003238    0xb0  FltMul.o [4]
  .text              ro code  0x080032e8   0x116  FltAddSub.o [4]
  .rodata            const    0x080033fe     0x2  main.o [1]
  .text              ro code  0x08003400    0x20  FltCmpEq.o [4]
  .text              ro code  0x08003420    0xaa  FltDiv.o [4]
  .rodata            const    0x080034ca     0x2  ug2864.o [1]
  .text              ro code  0x080034cc    0x32  FltToDbl.o [4]
  .rodata            const    0x080034fe     0x2  ug2864.o [1]
  .text              ro code  0x08003500    0x9c  atan.o [4]
  .text              ro code  0x0800359c   0x184  DblMul.o [4]
  .text              ro code  0x08003720    0x62  DblToFlt.o [4]
  .text              ro code  0x08003782     0x2  startup_stm32f042x6.o [1]
  .text              ro code  0x08003784    0x34  I32ToDbl.o [4]
  .text              ro code  0x080037b8    0xc2  DblDiv.o [4]
  .text              ro code  0x0800387a     0x2  startup_stm32f042x6.o [1]
  .text              ro code  0x0800387c    0x3a  FltToS32.o [4]
  .text              ro code  0x080038b6     0x2  startup_stm32f042x6.o [1]
  .text              ro code  0x080038b8    0x32  I32ToFlt.o [4]
  .text              ro code  0x080038ea     0x2  startup_stm32f042x6.o [1]
  .text              ro code  0x080038ec    0x28  FltCmpGe.o [4]
  .text              ro code  0x08003914    0x60  delay.o [1]
  .text              ro code  0x08003974   0xd0a  xprintflarge_nomb.o [3]
  .text              ro code  0x0800467e     0x2  startup_stm32f042x6.o [1]
  .text              ro code  0x08004680     0x2  IntDivZer.o [5]
  .text              ro code  0x08004682    0x32  DblCmpLe.o [4]
  .text              ro code  0x080046b4    0x32  DblCmpGe.o [4]
  .text              ro code  0x080046e6     0x2  startup_stm32f042x6.o [1]
  .text              ro code  0x080046e8   0x1e0  xatan.o [4]
  .text              ro code  0x080048c8    0x14  strchr.o [5]
  .text              ro code  0x080048dc    0x18  memchr.o [5]
  .text              ro code  0x080048f4    0x6a  I64DivMod.o [5]
  .text              ro code  0x0800495e     0x2  startup_stm32f042x6.o [1]
  .text              ro code  0x08004960    0x5c  ABImemcpy.o [5]
  .text              ro code  0x080049bc    0x2e  DblToI32.o [4]
  .text              ro code  0x080049ea   0x1b4  DblAddSub.o [4]
  .text              ro code  0x08004b9e    0x20  div.o [3]
  .text              ro code  0x08004bbe     0x2  startup_stm32f042x6.o [1]
  .text              ro code  0x08004bc0     0x2  I64DivZer.o [5]
  .text              ro code  0x08004bc2     0x2  startup_stm32f042x6.o [1]
  .rodata            const    0x08004bc4   0x600  ssdFonts.o [1]
  .rodata            const    0x080051c4   0x180  ssdFonts.o [1]
  .rodata            const    0x08005344    0xc0  gpio.o [1]
  .text              ro code  0x08005404    0x94  system_stm32f0xx.o [1]
  .text              ro code  0x08005498    0x3c  startup_stm32f042x6.o [1]
  .text              ro code  0x080054d4    0x3c  zero_init3.o [5]
  .text              ro code  0x08005510    0x30  copy_init3.o [5]
  .rodata            const    0x08005540    0x2c  main.o [1]
  .rodata            const    0x0800556c    0x2c  main.o [1]
  .rodata            const    0x08005598    0x28  main.o [1]
  .rodata            const    0x080055c0    0x28  main.o [1]
  .rodata            const    0x080055e8    0x28  main.o [1]
  .rodata            const    0x08005610    0x28  main.o [1]
  .rodata            const    0x08005638    0x28  main.o [1]
  .rodata            const    0x08005660    0x28  main.o [1]
  .rodata            const    0x08005688    0x28  main.o [1]
  .text              ro code  0x080056b0    0x28  data_init.o [5]
  .rodata            const    0x080056d8    0x24  main.o [1]
  .rodata            const    0x080056fc    0x24  main.o [1]
  .rodata            const    0x08005720    0x24  main.o [1]
  .rodata            const    0x08005744    0x24  main.o [1]
  .rodata            const    0x08005768    0x24  main.o [1]
  .rodata            const    0x0800578c    0x24  main.o [1]
  .iar.init_table    const    0x080057b0    0x24  - Linker created -
  .rodata            const    0x080057d4    0x20  main.o [1]
  .rodata            const    0x080057f4    0x20  main.o [1]
  .rodata            const    0x08005814    0x20  main.o [1]
  .rodata            const    0x08005834    0x20  main.o [1]
  .rodata            const    0x08005854    0x20  main.o [1]
  .rodata            const    0x08005874    0x20  main.o [1]
  .text              ro code  0x08005894    0x1a  cmain.o [5]
  .text              ro code  0x080058ae     0x4  low_level_init.o [3]
  .text              ro code  0x080058b2     0x8  exit.o [3]
  .text              ro code  0x080058ba     0x2  startup_stm32f042x6.o [1]
  .text              ro code  0x080058bc     0xa  cexit.o [5]
  .text              ro code  0x080058c6     0x2  startup_stm32f042x6.o [1]
  .text              ro code  0x080058c8    0x14  exit.o [6]
  .rodata            const    0x080058dc    0x18  main.o [1]
  .rodata            const    0x080058f4    0x18  MicroMenu.o [1]
  .rodata            const    0x0800590c    0x14  main.o [1]
  .rodata            const    0x08005920    0x14  main.o [1]
  .rodata            const    0x08005934    0x14  main.o [1]
  .rodata            const    0x08005948    0x14  main.o [1]
  .rodata            const    0x0800595c    0x10  main.o [1]
  .rodata            const    0x0800596c    0x10  main.o [1]
  .rodata            const    0x0800597c    0x10  main.o [1]
  .rodata            const    0x0800598c    0x10  main.o [1]
  .rodata            const    0x0800599c    0x10  ssdGraph.o [1]
  .rodata            const    0x080059ac    0x10  ssdGraph.o [1]
  .rodata            const    0x080059bc     0xc  main.o [1]
  .rodata            const    0x080059c8     0xc  main.o [1]
  .rodata            const    0x080059d4     0xc  main.o [1]
  .rodata            const    0x080059e0     0xc  main.o [1]
  .rodata            const    0x080059ec     0xc  main.o [1]
  .rodata            const    0x080059f8     0xc  main.o [1]
  .text              ro code  0x08005a04     0xc  cstartup_M.o [5]
  .rodata            const    0x08005a10     0x8  main.o [1]
  .rodata            const    0x08005a18     0x8  main.o [1]
  .rodata            const    0x08005a20     0x8  main.o [1]
  .rodata            const    0x08005a28     0x8  main.o [1]
  .rodata            const    0x08005a30     0x8  main.o [1]
  .rodata            const    0x08005a38     0x8  main.o [1]
  .rodata            const    0x08005a40     0x8  ug2864.o [1]
  .rodata            const    0x08005a48     0x8  ug2864.o [1]
  .rodata            const    0x08005a50     0x8  xprintflarge_nomb.o [3]
  Initializer bytes  const    0x08005a58     0x8  <for P2-1>
  .rodata            const    0x08005a60     0x4  ssdGraph.o [1]
  .text              ro code  0x08005a64     0x2  startup_stm32f042x6.o [1]
  .text              ro code  0x08005a66     0x2  startup_stm32f042x6.o [1]
  .text              ro code  0x08005a68     0x2  startup_stm32f042x6.o [1]
  .text              ro code  0x08005a6a     0x2  startup_stm32f042x6.o [1]
  .text              ro code  0x08005a6c     0x2  startup_stm32f042x6.o [1]
  .text              ro code  0x08005a6e     0x2  startup_stm32f042x6.o [1]
  .text              ro code  0x08005a70     0x2  startup_stm32f042x6.o [1]
  .text              ro code  0x08005a72     0x2  startup_stm32f042x6.o [1]
  .text              ro code  0x08005a74     0x2  startup_stm32f042x6.o [1]
  .text              ro code  0x08005a76     0x2  startup_stm32f042x6.o [1]
  .text              ro code  0x08005a78     0x2  startup_stm32f042x6.o [1]
  .text              ro code  0x08005a7a     0x2  startup_stm32f042x6.o [1]
  .text              ro code  0x08005a7c     0x2  startup_stm32f042x6.o [1]
  .text              ro code  0x08005a7e     0x2  startup_stm32f042x6.o [1]
  .text              ro code  0x08005a80     0x2  startup_stm32f042x6.o [1]
  .text              ro code  0x08005a82     0x2  startup_stm32f042x6.o [1]
  .text              ro code  0x08005a84     0x2  startup_stm32f042x6.o [1]
  .text              ro code  0x08005a86     0x2  startup_stm32f042x6.o [1]
  .rodata            const    0x08005a88     0x0  zero_init3.o [5]
  .rodata            const    0x08005a88     0x0  copy_init3.o [5]
                            - 0x08005a88  0x59c8

"P2", part 1 of 3:                           0x8
  P2-1                        0x20000000     0x8  <Init block>
    .data            inited   0x20000000     0x4  gpio.o [1]
    .data            inited   0x20000004     0x4  MicroMenu.o [1]
                            - 0x20000008     0x8

"P2", part 2 of 3:                         0x400
  CSTACK                      0x20000008   0x400  <Block>
    CSTACK           uninit   0x20000008   0x400  <Block tail>
                            - 0x20000408   0x400

"P2", part 3 of 3:                         0x92c
  .bss               zero     0x20000408   0x404  ug2864.o [1]
  .bss               zero     0x2000080c   0x248  main.o [1]
  .bss               zero     0x20000a54   0x16c  main.o [1]
  .bss               zero     0x20000bc0   0x114  MicroMenu.o [1]
  .bss               zero     0x20000cd4    0x1c  filter.o [1]
  .bss               zero     0x20000cf0    0x18  lis3.o [1]
  .bss               zero     0x20000d08    0x14  IR.o [1]
  .bss               zero     0x20000d1c     0x4  adc.o [1]
  .bss               zero     0x20000d20     0x4  filter.o [1]
  .bss               zero     0x20000d24     0x4  main.o [1]
  .bss               zero     0x20000d28     0x4  main.o [1]
  .bss               zero     0x20000d2c     0x4  main.o [1]
  .bss               zero     0x20000d30     0x2  filter.o [1]
                            - 0x20000d32   0x92a


*******************************************************************************
*** INIT TABLE
***

          Address     Size
          -------     ----
Zero (__iar_zero_init3)
    1 destination range, total size 0x92a:
          0x20000408  0x92a

Copy (__iar_copy_init3)
    1 source range, total size 0x8:
          0x08005a58    0x8
    1 destination range, total size 0x8:
          0x20000000    0x8



*******************************************************************************
*** MODULE SUMMARY
***

    Module                 ro code  ro data  rw data
    ------                 -------  -------  -------
C:\Users\4eef\Projects\Chronograph+\SW\Chrono-Terminal-V1.0\firmware\PROJ_DIR\Debug\Obj: [1]
    IR.o                     1 148                20
    MicroMenu.o                260       28      280
    adc.o                      448                 4
    clock.o                    148
    delay.o                     96
    filter.o                    56                34
    gpio.o                     544      196        4
    i2c.o                      986
    lis3.o                     308                24
    main.o                   5 600    1 066      960
    ssdFonts.o                        1 920
    ssdGraph.o                           36
    startup_stm32f042x6.o      310
    sync.o                     188
    system_stm32f0xx.o         148
    ug2864.o                 2 576       20    1 028
    ------------------------------------------------
    Total:                  12 816    3 266    2 354

command line: [2]
    ------------------------------------------------
    Total:

dl6M_tln.a: [3]
    div.o                       32
    exit.o                       8
    low_level_init.o             4
    sprintf.o                   56
    xprintflarge_nomb.o      3 338        8
    xsprout.o                   10
    ------------------------------------------------
    Total:                   3 448        8

m6M_tl.a: [4]
    DblAddSub.o                436
    DblCmpGe.o                  50
    DblCmpLe.o                  50
    DblDiv.o                   194
    DblMul.o                   388
    DblToFlt.o                  98
    DblToI32.o                  46
    FltAddSub.o                278
    FltCmpEq.o                  32
    FltCmpGe.o                  40
    FltDiv.o                   170
    FltMul.o                   176
    FltToDbl.o                  50
    FltToS32.o                  58
    I32ToDbl.o                  52
    I32ToFlt.o                  50
    atan.o                     156
    xatan.o                    480
    ------------------------------------------------
    Total:                   2 804

rt6M_tl.a: [5]
    ABImemcpy.o                 92
    ABImemset.o                 80
    I32DivModFast.o            224
    I64DivMod.o                106
    I64DivZer.o                  2
    IntDivZer.o                  2
    cexit.o                     10
    cmain.o                     26
    copy_init3.o                48
    cstartup_M.o                12
    data_init.o                 40
    memchr.o                    24
    strchr.o                    20
    strcpy.o                    16
    strlen.o                    16
    zero_init3.o                60
    ------------------------------------------------
    Total:                     778

shb_l.a: [6]
    exit.o                      20
    ------------------------------------------------
    Total:                      20

    Linker created                       36    1 024
----------------------------------------------------
    Grand Total:            19 866    3 310    3 378


*******************************************************************************
*** ENTRY LIST
***

Entry                      Address   Size  Type      Object
-----                      -------   ----  ----      ------
.iar.init_table$$Base   0x080057b0          --   Gb  - Linker created -
.iar.init_table$$Limit  0x080057d4          --   Gb  - Linker created -
?main                   0x08005895         Code  Gb  cmain.o [5]
ADC1_IRQHandler         0x08002ec3   0x82  Code  Gb  adc.o [1]
CSTACK$$Base            0x20000008          --   Gb  - Linker created -
CSTACK$$Limit           0x20000408          --   Gb  - Linker created -
CurrentMenuItem         0x20000d28    0x4  Data  Gb  main.o [1]
CurrentMenuItem         0x20000004    0x4  Data  Lc  MicroMenu.o [1]
I2C1_IRQHandler         0x08001d2d    0x2  Code  Gb  i2c.o [1]
I2CRx                   0x08001a7d   0xec  Code  Gb  i2c.o [1]
I2CRxInit               0x080019e5   0x98  Code  Gb  i2c.o [1]
I2CTx                   0x08001c21   0xec  Code  Gb  i2c.o [1]
I2CTxInit               0x08001b69   0x96  Code  Gb  i2c.o [1]
IRRXData                0x20000d08   0x14  Data  Gb  IR.o [1]
LoadInt                 0x08003f35   0x68  Code  Lc  xprintflarge_nomb.o [3]
Menu_EnterCurrentItem   0x08003081   0x26  Code  Gb  MicroMenu.o [1]
Menu_GetCurrentMenu     0x08002fbd    0x6  Code  Gb  MicroMenu.o [1]
Menu_Navigate           0x08002fc3   0xbe  Code  Gb  MicroMenu.o [1]
NULL_MENU               0x080058f4   0x18  Data  Gb  MicroMenu.o [1]
NVIC_EnableIRQ          0x08002db5    0xe  Code  Lc  adc.o [1]
NVIC_EnableIRQ          0x0800287d    0xe  Code  Lc  IR.o [1]
NVIC_SetPriority        0x08002dc3   0x84  Code  Lc  adc.o [1]
NVIC_SetPriority        0x0800288b   0x84  Code  Lc  IR.o [1]
Region$$Table$$Base     0x080057b0          --   Gb  - Linker created -
Region$$Table$$Limit    0x080057d4          --   Gb  - Linker created -
SystemInit              0x08005405   0x68  Code  Gb  system_stm32f0xx.o [1]
TIM2_IRQHandler         0x08002a3d  0x28a  Code  Gb  IR.o [1]
_GenldLargeNoMb         0x080043b1  0x29a  Code  Lc  xprintflarge_nomb.o [3]
_LdtobLargeNoMb         0x080040c9  0x2b0  Code  Lc  xprintflarge_nomb.o [3]
_LitobLargeNoMb         0x08003f9d  0x12a  Code  Lc  xprintflarge_nomb.o [3]
_PrintfLargeNoMb        0x08003975  0x5c0  Code  Gb  xprintflarge_nomb.o [3]
_PutcharsLargeNoMb      0x0800464b   0x30  Code  Lc  xprintflarge_nomb.o [3]
_SProut                 0x08001d2f    0xa  Code  Gb  xsprout.o [3]
__ICFEDIT_region_RAM_end__ {Abs}
                        0x200017ff         Data  Gb  command line/config [2]
__ICFEDIT_region_RAM_start__ {Abs}
                        0x20000000         Data  Gb  command line/config [2]
__aeabi_cdcmple         0x08004683         Code  Gb  DblCmpLe.o [4]
__aeabi_cdrcmple        0x080046b5         Code  Gb  DblCmpGe.o [4]
__aeabi_cfcmpeq         0x08003401         Code  Gb  FltCmpEq.o [4]
__aeabi_cfrcmple        0x080038ed         Code  Gb  FltCmpGe.o [4]
__aeabi_d2f             0x08003721         Code  Gb  DblToFlt.o [4]
__aeabi_d2uiz           0x080049bd         Code  Gb  DblToI32.o [4]
__aeabi_dadd            0x080049eb         Code  Gb  DblAddSub.o [4]
__aeabi_ddiv            0x080037b9         Code  Gb  DblDiv.o [4]
__aeabi_dmul            0x0800359d         Code  Gb  DblMul.o [4]
__aeabi_dsub            0x08004ab1         Code  Gb  DblAddSub.o [4]
__aeabi_f2d             0x080034cd         Code  Gb  FltToDbl.o [4]
__aeabi_f2iz            0x0800387d         Code  Gb  FltToS32.o [4]
__aeabi_fadd            0x080032e9         Code  Gb  FltAddSub.o [4]
__aeabi_fdiv            0x08003421         Code  Gb  FltDiv.o [4]
__aeabi_fmul            0x08003239         Code  Gb  FltMul.o [4]
__aeabi_i2d             0x08003785         Code  Gb  I32ToDbl.o [4]
__aeabi_i2f             0x080038b9         Code  Gb  I32ToFlt.o [4]
__aeabi_idiv            0x080030ed         Code  Gb  I32DivModFast.o [5]
__aeabi_idiv0           0x08004681         Code  Gb  IntDivZer.o [5]
__aeabi_idivmod         0x080030ed         Code  Gb  I32DivModFast.o [5]
__aeabi_ldiv0           0x08004bc1         Code  Gb  I64DivZer.o [5]
__aeabi_memcpy          0x08004961         Code  Gb  ABImemcpy.o [5]
__aeabi_memset          0x080031d9         Code  Gb  ABImemset.o [5]
__aeabi_ui2d            0x08003799         Code  Gb  I32ToDbl.o [4]
__aeabi_uidiv           0x080030f3         Code  Gb  I32DivModFast.o [5]
__aeabi_uidivmod        0x080030f3         Code  Gb  I32DivModFast.o [5]
__aeabi_uldivmod        0x080048f5         Code  Gb  I64DivMod.o [5]
__cmain                 0x08005895         Code  Gb  cmain.o [5]
__exit                  0x080058c9   0x14  Code  Gb  exit.o [6]
__iar_Atan              0x080046e9  0x148  Code  Gb  xatan.o [4]
__iar_Memchr            0x080048dd   0x18  Code  Gb  memchr.o [5]
__iar_Memset4_word      0x080031f9         Code  Gb  ABImemset.o [5]
__iar_Memset_word       0x080031e5         Code  Gb  ABImemset.o [5]
__iar_Strchr            0x080048c9   0x14  Code  Gb  strchr.o [5]
__iar_copy_init3        0x08005511   0x30  Code  Gb  copy_init3.o [5]
__iar_d2uiz             0x080049c1         Code  Gb  DblToI32.o [4]
__iar_data_init3        0x080056b1   0x28  Code  Gb  data_init.o [5]
__iar_program_start     0x08005a05         Code  Gb  cstartup_M.o [5]
__iar_ui2d              0x0800379d         Code  Gb  I32ToDbl.o [4]
__iar_ui2f              0x080038d1         Code  Gb  I32ToFlt.o [4]
__iar_zero_init3        0x080054d5   0x3c  Code  Gb  zero_init3.o [5]
__low_level_init        0x080058af    0x4  Code  Gb  low_level_init.o [3]
__vector_table          0x08000000         Data  Gb  startup_stm32f042x6.o [1]
_call_main              0x080058a1         Code  Gb  cmain.o [5]
_exit                   0x080058bd         Code  Gb  cexit.o [5]
_main                   0x080058ab         Code  Gb  cmain.o [5]
a                       0x08004888   0x40  Data  Lc  xatan.o [4]
about                   0x080057f4   0x20  Data  Gb  main.o [1]
accel                   0x20000cf0   0x18  Data  Gb  lis3.o [1]
adcData                 0x20000d1c    0x4  Data  Gb  adc.o [1]
adcInit                 0x08002e47   0x7c  Code  Gb  adc.o [1]
atan                    0x08003501   0x9c  Code  Gb  atan.o [4]
buttonCnts              0x20000d24    0x4  Data  Gb  main.o [1]
delay_us                0x08003915   0x60  Code  Gb  delay.o [1]
display                 0x080057d4   0x20  Data  Gb  main.o [1]
div                     0x08004b9f   0x20  Code  Gb  div.o [3]
drawMainScreen          0x08001351  0x304  Code  Gb  main.o [1]
drawMenu                0x08001249   0xce  Code  Gb  main.o [1]
exit                    0x080058b3    0x8  Code  Gb  exit.o [3]
font12x16               0x080051c4  0x180  Data  Gb  ssdFonts.o [1]
font6x8                 0x08004bc4  0x600  Data  Gb  ssdFonts.o [1]
getButtonState          0x08000f35  0x1a6  Code  Gb  main.o [1]
gppin_init              0x0800176f  0x1cc  Code  Gb  gpio.o [1]
initClocks              0x080016a1   0x94  Code  Gb  clock.o [1]
initGpios               0x08001735   0x3a  Code  Gb  gpio.o [1]
initI2C1                0x08001955   0x90  Code  Gb  i2c.o [1]
initIRConfig            0x0800290f   0xea  Code  Gb  IR.o [1]
kalman                  0x20000cd4   0x1c  Data  Gb  filter.o [1]
lis3_getXYZ             0x080027fb   0x70  Code  Gb  lis3.o [1]
lis3_read               0x080027bd   0x3e  Code  Gb  lis3.o [1]
lis3_write              0x0800278b   0x32  Code  Gb  lis3.o [1]
lis3init                0x08002749   0x42  Code  Gb  lis3.o [1]
lpf                     0x080031a1   0x2e  Code  Gb  filter.o [1]
lpf::Dacc               0x20000d20    0x4  Data  Lc  filter.o [1]
lpf::Dout               0x20000d30    0x2  Data  Lc  filter.o [1]
main                    0x080000c1  0xc78  Code  Gb  main.o [1]
mchron                  0x08005720   0x24  Data  Gb  main.o [1]
mcommon                 0x08005814   0x20  Data  Gb  main.o [1]
meas                    0x2000080c  0x248  Data  Gb  main.o [1]
menu                    0x20000bc0  0x114  Data  Gb  MicroMenu.o [1]
menuFolder              0x0800599c   0x10  Data  Gb  ssdGraph.o [1]
menuScroll              0x08005a60    0x4  Data  Gb  ssdGraph.o [1]
mincline                0x080055e8   0x28  Data  Gb  main.o [1]
mode                    0x08005598   0x28  Data  Gb  main.o [1]
modeEdit                0x08000e81   0x72  Code  Gb  main.o [1]
parEdit                 0x08000e15   0x54  Code  Gb  main.o [1]
parEditRedir            0x08000d59   0xa8  Code  Gb  main.o [1]
pellets                 0x20000a54  0x16c  Data  Gb  main.o [1]
pinNum                  0x20000000    0x4  Data  Gb  gpio.o [1]
pinsMode                0x08005344   0xc0  Data  Gb  gpio.o [1]
s16fNorm                0x08001155   0x3c  Code  Gb  main.o [1]
scbind                  0x08005874   0x20  Data  Gb  main.o [1]
scdist                  0x08005688   0x28  Data  Gb  main.o [1]
schrono                 0x08005744   0x24  Data  Gb  main.o [1]
sclipc                  0x08005610   0x28  Data  Gb  main.o [1]
sdcntr                  0x0800578c   0x24  Data  Gb  main.o [1]
sdisplay                0x08005834   0x20  Data  Gb  main.o [1]
sdpoff                  0x0800556c   0x2c  Data  Gb  main.o [1]
service                 0x080055c0   0x28  Data  Gb  main.o [1]
setts                   0x080056fc   0x24  Data  Gb  main.o [1]
sibrdr                  0x08005540   0x2c  Data  Gb  main.o [1]
sical                   0x08005768   0x24  Data  Gb  main.o [1]
sincline                0x08005638   0x28  Data  Gb  main.o [1]
sprintf                 0x08002f85   0x38  Code  Gb  sprintf.o [3]
ssdBatt                 0x080059ac   0x10  Data  Gb  ssdGraph.o [1]
ssdVideoBff             0x20000408  0x404  Data  Gb  ug2864.o [1]
ssd_putBatt             0x080022ed   0xb0  Code  Gb  ug2864.o [1]
ssd_putChar12x16        0x080023a9   0xf4  Code  Gb  ug2864.o [1]
ssd_putChar6x8          0x080024c1   0x5a  Code  Gb  ug2864.o [1]
ssd_putMenuFolder       0x0800229d   0x50  Code  Gb  ug2864.o [1]
ssd_putMenuScroll       0x080020ad   0xae  Code  Gb  ug2864.o [1]
ssd_putMsgBox           0x08001df9   0x8a  Code  Gb  ug2864.o [1]
ssd_putParBox           0x08001d39   0xb8  Code  Gb  ug2864.o [1]
ssd_putPitchBar         0x0800215b  0x13e  Code  Gb  ug2864.o [1]
ssd_putRollBar          0x08001e83  0x220  Code  Gb  ug2864.o [1]
ssd_putString12x16      0x0800249d   0x24  Code  Gb  ug2864.o [1]
ssd_putString6x8        0x08002521   0x24  Code  Gb  ug2864.o [1]
ssd_setpix              0x08002545   0xc8  Code  Gb  ug2864.o [1]
ssleep                  0x08005854   0x20  Data  Gb  main.o [1]
stats                   0x080056d8   0x24  Data  Gb  main.o [1]
strcpy                  0x08002f75         Code  Gb  strcpy.o [5]
strlen                  0x08003229   0x10  Code  Gb  strlen.o [5]
swusrc                  0x08005660   0x28  Data  Gb  main.o [1]
sync                    0x08002d53   0x3c  Code  Gb  sync.o [1]
syncInit                0x08002cf9   0x5a  Code  Gb  sync.o [1]
sysPars                 0x20000d2c    0x4  Data  Gb  main.o [1]
tiltAngCalc             0x080010e5   0x5e  Code  Gb  main.o [1]
trxAccData              0x0800119d   0x86  Code  Gb  main.o [1]
ug2864_com              0x080026cf   0x2c  Code  Gb  ug2864.o [1]
ug2864_refresh          0x08002701   0x26  Code  Gb  ug2864.o [1]
ug2864init              0x08002611   0xbe  Code  Gb  ug2864.o [1]


[1] = C:\Users\4eef\Projects\Chronograph+\SW\Chrono-Terminal-V1.0\firmware\PROJ_DIR\Debug\Obj
[2] = command line
[3] = dl6M_tln.a
[4] = m6M_tl.a
[5] = rt6M_tl.a
[6] = shb_l.a

  19 866 bytes of readonly  code memory
   3 310 bytes of readonly  data memory
   3 378 bytes of readwrite data memory

Errors: none
Warnings: none
