###############################################################################
#
# IAR ELF Linker V7.80.2.11947/W32 for ARM                01/Mar/2017  23:02:17
# Copyright 2007-2016 IAR Systems AB.
#
#    Output file  =  
#        C:\Users\4eef\Projects\Chronograph+\SW\Chrono-Terminal-V1.0\firmware\PROJ_DIR\Debug\Exe\Chrono-Terminal-V1.0.out
#    Map file     =  
#        C:\Users\4eef\Projects\Chronograph+\SW\Chrono-Terminal-V1.0\firmware\PROJ_DIR\Debug\List\Chrono-Terminal-V1.0.map
#    Command line =  
#        C:\Users\4eef\Projects\Chronograph+\SW\Chrono-Terminal-V1.0\firmware\PROJ_DIR\Debug\Obj\adc.o
#        C:\Users\4eef\Projects\Chronograph+\SW\Chrono-Terminal-V1.0\firmware\PROJ_DIR\Debug\Obj\battery.o
#        C:\Users\4eef\Projects\Chronograph+\SW\Chrono-Terminal-V1.0\firmware\PROJ_DIR\Debug\Obj\buttons.o
#        C:\Users\4eef\Projects\Chronograph+\SW\Chrono-Terminal-V1.0\firmware\PROJ_DIR\Debug\Obj\clock.o
#        C:\Users\4eef\Projects\Chronograph+\SW\Chrono-Terminal-V1.0\firmware\PROJ_DIR\Debug\Obj\delay.o
#        C:\Users\4eef\Projects\Chronograph+\SW\Chrono-Terminal-V1.0\firmware\PROJ_DIR\Debug\Obj\filter.o
#        C:\Users\4eef\Projects\Chronograph+\SW\Chrono-Terminal-V1.0\firmware\PROJ_DIR\Debug\Obj\gpio.o
#        C:\Users\4eef\Projects\Chronograph+\SW\Chrono-Terminal-V1.0\firmware\PROJ_DIR\Debug\Obj\i2c.o
#        C:\Users\4eef\Projects\Chronograph+\SW\Chrono-Terminal-V1.0\firmware\PROJ_DIR\Debug\Obj\IR.o
#        C:\Users\4eef\Projects\Chronograph+\SW\Chrono-Terminal-V1.0\firmware\PROJ_DIR\Debug\Obj\lis3.o
#        C:\Users\4eef\Projects\Chronograph+\SW\Chrono-Terminal-V1.0\firmware\PROJ_DIR\Debug\Obj\main.o
#        C:\Users\4eef\Projects\Chronograph+\SW\Chrono-Terminal-V1.0\firmware\PROJ_DIR\Debug\Obj\MicroMenu.o
#        C:\Users\4eef\Projects\Chronograph+\SW\Chrono-Terminal-V1.0\firmware\PROJ_DIR\Debug\Obj\power.o
#        C:\Users\4eef\Projects\Chronograph+\SW\Chrono-Terminal-V1.0\firmware\PROJ_DIR\Debug\Obj\ssdFonts.o
#        C:\Users\4eef\Projects\Chronograph+\SW\Chrono-Terminal-V1.0\firmware\PROJ_DIR\Debug\Obj\ssdGraph.o
#        C:\Users\4eef\Projects\Chronograph+\SW\Chrono-Terminal-V1.0\firmware\PROJ_DIR\Debug\Obj\startup_stm32f042x6.o
#        C:\Users\4eef\Projects\Chronograph+\SW\Chrono-Terminal-V1.0\firmware\PROJ_DIR\Debug\Obj\sync.o
#        C:\Users\4eef\Projects\Chronograph+\SW\Chrono-Terminal-V1.0\firmware\PROJ_DIR\Debug\Obj\system.o
#        C:\Users\4eef\Projects\Chronograph+\SW\Chrono-Terminal-V1.0\firmware\PROJ_DIR\Debug\Obj\system_stm32f0xx.o
#        C:\Users\4eef\Projects\Chronograph+\SW\Chrono-Terminal-V1.0\firmware\PROJ_DIR\Debug\Obj\ug2864.o
#        -o
#        C:\Users\4eef\Projects\Chronograph+\SW\Chrono-Terminal-V1.0\firmware\PROJ_DIR\Debug\Exe\Chrono-Terminal-V1.0.out
#        --redirect _Printf=_PrintfLargeNoMb --map
#        C:\Users\4eef\Projects\Chronograph+\SW\Chrono-Terminal-V1.0\firmware\PROJ_DIR\Debug\List\Chrono-Terminal-V1.0.map
#        --config "C:\Program Files (x86)\IAR Systems\Embedded Workbench
#        7.5\arm\config\linker\ST\stm32f042x6.icf" --semihosting --entry
#        __iar_program_start --vfe
#
###############################################################################

*******************************************************************************
*** RUNTIME MODEL ATTRIBUTES
***

CppFlavor       = *
__SystemLibrary = DLib


*******************************************************************************
*** PLACEMENT SUMMARY
***

"A0":  place at 0x08000000 { ro section .intvec };
"P1":  place in [from 0x08000000 to 0x08007fff] { ro };
"P2":  place in [from 0x20000000 to 0x200017ff] { rw, block CSTACK, block HEAP };
initialize by copy { rw };

  Section            Kind        Address    Size  Object
  -------            ----        -------    ----  ------
"A0":                                       0xc0
  .intvec            ro code  0x08000000    0xc0  startup_stm32f042x6.o [1]
                            - 0x080000c0    0xc0

"P1":                                     0x6684
  .text              ro code  0x080000c0  0x16bc  main.o [1]
  .text              ro code  0x0800177c    0x10  strcpy.o [5]
  .text              ro code  0x0800178c    0x38  sprintf.o [3]
  .text              ro code  0x080017c4   0x104  MicroMenu.o [1]
  .text              ro code  0x080018c8   0x1d8  power.o [1]
  .text              ro code  0x08001aa0   0x164  sync.o [1]
  .text              ro code  0x08001c04   0x194  battery.o [1]
  .text              ro code  0x08001d98   0x33c  buttons.o [1]
  .text              ro code  0x080020d4    0xe0  I32DivModFast.o [5]
  .text              ro code  0x080021b4    0x50  ABImemset.o [5]
  .text              ro code  0x08002204   0xa84  ug2864.o [1]
  .text              ro code  0x08002c88    0x10  strlen.o [5]
  .text              ro code  0x08002c98   0x230  lis3.o [1]
  .text              ro code  0x08002ec8    0xb0  FltMul.o [4]
  .text              ro code  0x08002f78   0x120  FltAddSub.o [4]
  .text              ro code  0x08003098    0x20  FltCmpEq.o [4]
  .text              ro code  0x080030b8    0xaa  FltDiv.o [4]
  .text              ro code  0x08003162     0xa  xsprout.o [3]
  .text              ro code  0x0800316c    0x32  FltToDbl.o [4]
  .rodata            const    0x0800319e     0x2  main.o [1]
  .text              ro code  0x080031a0    0x9c  atan.o [4]
  .text              ro code  0x0800323c   0x184  DblMul.o [4]
  .text              ro code  0x080033c0    0x62  DblToFlt.o [4]
  .rodata            const    0x08003422     0x2  ug2864.o [1]
  .text              ro code  0x08003424    0x34  I32ToDbl.o [4]
  .text              ro code  0x08003458    0xc2  DblDiv.o [4]
  .rodata            const    0x0800351a     0x2  ug2864.o [1]
  .text              ro code  0x0800351c   0x1f4  filter.o [1]
  .text              ro code  0x08003710   0xd0a  xprintflarge_nomb.o [3]
  .text              ro code  0x0800441a     0x2  startup_stm32f042x6.o [1]
  .text              ro code  0x0800441c    0x94  clock.o [1]
  .text              ro code  0x080044b0   0x4d8  IR.o [1]
  .text              ro code  0x08004988   0x1f8  adc.o [1]
  .text              ro code  0x08004b80   0x220  gpio.o [1]
  .text              ro code  0x08004da0   0x3da  i2c.o [1]
  .text              ro code  0x0800517a     0x2  startup_stm32f042x6.o [1]
  .text              ro code  0x0800517c     0x2  IntDivZer.o [5]
  .text              ro code  0x0800517e     0x2  startup_stm32f042x6.o [1]
  .text              ro code  0x08005180    0x3a  FltToS32.o [4]
  .text              ro code  0x080051ba     0x2  startup_stm32f042x6.o [1]
  .text              ro code  0x080051bc    0x32  I32ToFlt.o [4]
  .text              ro code  0x080051ee     0x2  startup_stm32f042x6.o [1]
  .text              ro code  0x080051f0    0x28  FltCmpGe.o [4]
  .text              ro code  0x08005218    0x60  delay.o [1]
  .text              ro code  0x08005278    0x32  DblCmpLe.o [4]
  .text              ro code  0x080052aa    0x32  DblCmpGe.o [4]
  .text              ro code  0x080052dc    0x3c  startup_stm32f042x6.o [1]
  .text              ro code  0x08005318   0x1e0  xatan.o [4]
  .text              ro code  0x080054f8    0x26  FltCmpLe.o [4]
  .text              ro code  0x0800551e    0x22  xfdtest.o [4]
  .text              ro code  0x08005540    0x14  strchr.o [5]
  .text              ro code  0x08005554    0x18  memchr.o [5]
  .text              ro code  0x0800556c    0x6a  I64DivMod.o [5]
  .text              ro code  0x080055d6     0x2  startup_stm32f042x6.o [1]
  .text              ro code  0x080055d8    0x5c  ABImemcpy.o [5]
  .text              ro code  0x08005634    0x2e  DblToI32.o [4]
  .text              ro code  0x08005662   0x1b4  DblAddSub.o [4]
  .text              ro code  0x08005816    0x20  div.o [3]
  .text              ro code  0x08005836     0x2  startup_stm32f042x6.o [1]
  .text              ro code  0x08005838     0x2  I64DivZer.o [5]
  .text              ro code  0x0800583a     0x2  startup_stm32f042x6.o [1]
  .rodata            const    0x0800583c   0x600  ssdFonts.o [1]
  .rodata            const    0x08005e3c   0x180  ssdFonts.o [1]
  .rodata            const    0x08005fbc    0xc0  gpio.o [1]
  .text              ro code  0x0800607c    0x94  system_stm32f0xx.o [1]
  .text              ro code  0x08006110    0x3c  zero_init3.o [5]
  .text              ro code  0x0800614c    0x30  copy_init3.o [5]
  .rodata            const    0x0800617c    0x2c  main.o [1]
  .rodata            const    0x080061a8    0x2c  main.o [1]
  .rodata            const    0x080061d4    0x2c  main.o [1]
  .rodata            const    0x08006200    0x28  main.o [1]
  .rodata            const    0x08006228    0x28  main.o [1]
  .rodata            const    0x08006250    0x28  main.o [1]
  .rodata            const    0x08006278    0x28  main.o [1]
  .rodata            const    0x080062a0    0x28  main.o [1]
  .rodata            const    0x080062c8    0x28  main.o [1]
  .rodata            const    0x080062f0    0x28  main.o [1]
  .text              ro code  0x08006318    0x28  data_init.o [5]
  .rodata            const    0x08006340    0x24  main.o [1]
  .rodata            const    0x08006364    0x24  main.o [1]
  .rodata            const    0x08006388    0x24  main.o [1]
  .rodata            const    0x080063ac    0x24  main.o [1]
  .rodata            const    0x080063d0    0x24  main.o [1]
  .iar.init_table    const    0x080063f4    0x24  - Linker created -
  .rodata            const    0x08006418    0x20  main.o [1]
  .rodata            const    0x08006438    0x20  main.o [1]
  .rodata            const    0x08006458    0x20  main.o [1]
  .rodata            const    0x08006478    0x20  main.o [1]
  .text              ro code  0x08006498    0x1a  cmain.o [5]
  .text              ro code  0x080064b2     0x4  low_level_init.o [3]
  .text              ro code  0x080064b6     0x8  exit.o [3]
  .text              ro code  0x080064be     0x2  startup_stm32f042x6.o [1]
  .text              ro code  0x080064c0     0xa  cexit.o [5]
  .text              ro code  0x080064ca     0x2  startup_stm32f042x6.o [1]
  .text              ro code  0x080064cc    0x14  exit.o [6]
  .rodata            const    0x080064e0    0x18  main.o [1]
  .rodata            const    0x080064f8    0x18  MicroMenu.o [1]
  .rodata            const    0x08006510    0x14  battery.o [1]
  .rodata            const    0x08006524    0x14  main.o [1]
  .rodata            const    0x08006538    0x14  main.o [1]
  .rodata            const    0x0800654c    0x14  main.o [1]
  .rodata            const    0x08006560    0x14  main.o [1]
  .rodata            const    0x08006574    0x14  main.o [1]
  .rodata            const    0x08006588    0x14  main.o [1]
  .rodata            const    0x0800659c    0x14  main.o [1]
  .rodata            const    0x080065b0    0x14  main.o [1]
  .rodata            const    0x080065c4    0x14  main.o [1]
  .rodata            const    0x080065d8    0x14  sync.o [1]
  .rodata            const    0x080065ec    0x10  main.o [1]
  .rodata            const    0x080065fc    0x10  main.o [1]
  .rodata            const    0x0800660c    0x10  main.o [1]
  .rodata            const    0x0800661c    0x10  main.o [1]
  .rodata            const    0x0800662c    0x10  ssdGraph.o [1]
  .rodata            const    0x0800663c    0x10  ssdGraph.o [1]
  .rodata            const    0x0800664c     0xc  battery.o [1]
  .rodata            const    0x08006658     0xc  main.o [1]
  .rodata            const    0x08006664     0xc  main.o [1]
  .rodata            const    0x08006670     0xc  main.o [1]
  .rodata            const    0x0800667c     0xc  main.o [1]
  .rodata            const    0x08006688     0xc  main.o [1]
  .rodata            const    0x08006694     0xc  main.o [1]
  .text              ro code  0x080066a0     0xc  cstartup_M.o [5]
  .rodata            const    0x080066ac     0x8  main.o [1]
  .rodata            const    0x080066b4     0x8  main.o [1]
  .rodata            const    0x080066bc     0x8  main.o [1]
  .rodata            const    0x080066c4     0x8  main.o [1]
  .rodata            const    0x080066cc     0x8  main.o [1]
  .rodata            const    0x080066d4     0x8  main.o [1]
  .rodata            const    0x080066dc     0x8  main.o [1]
  .rodata            const    0x080066e4     0x8  main.o [1]
  .rodata            const    0x080066ec     0x8  main.o [1]
  .rodata            const    0x080066f4     0x8  ssdGraph.o [1]
  .rodata            const    0x080066fc     0x8  ug2864.o [1]
  .rodata            const    0x08006704     0x8  ug2864.o [1]
  .rodata            const    0x0800670c     0x8  xprintflarge_nomb.o [3]
  Initializer bytes  const    0x08006714     0x8  <for P2-1>
  .rodata            const    0x0800671c     0x4  ssdGraph.o [1]
  .text              ro code  0x08006720     0x2  startup_stm32f042x6.o [1]
  .text              ro code  0x08006722     0x2  startup_stm32f042x6.o [1]
  .text              ro code  0x08006724     0x2  startup_stm32f042x6.o [1]
  .text              ro code  0x08006726     0x2  startup_stm32f042x6.o [1]
  .text              ro code  0x08006728     0x2  startup_stm32f042x6.o [1]
  .text              ro code  0x0800672a     0x2  startup_stm32f042x6.o [1]
  .text              ro code  0x0800672c     0x2  startup_stm32f042x6.o [1]
  .text              ro code  0x0800672e     0x2  startup_stm32f042x6.o [1]
  .text              ro code  0x08006730     0x2  startup_stm32f042x6.o [1]
  .text              ro code  0x08006732     0x2  startup_stm32f042x6.o [1]
  .text              ro code  0x08006734     0x2  startup_stm32f042x6.o [1]
  .text              ro code  0x08006736     0x2  startup_stm32f042x6.o [1]
  .text              ro code  0x08006738     0x2  startup_stm32f042x6.o [1]
  .text              ro code  0x0800673a     0x2  startup_stm32f042x6.o [1]
  .text              ro code  0x0800673c     0x2  startup_stm32f042x6.o [1]
  .text              ro code  0x0800673e     0x2  startup_stm32f042x6.o [1]
  .text              ro code  0x08006740     0x2  startup_stm32f042x6.o [1]
  .text              ro code  0x08006742     0x2  startup_stm32f042x6.o [1]
  .rodata            const    0x08006744     0x0  zero_init3.o [5]
  .rodata            const    0x08006744     0x0  copy_init3.o [5]
                            - 0x08006744  0x6684

"P2", part 1 of 3:                           0x8
  P2-1                        0x20000000     0x8  <Init block>
    .data            inited   0x20000000     0x4  gpio.o [1]
    .data            inited   0x20000004     0x4  MicroMenu.o [1]
                            - 0x20000008     0x8

"P2", part 2 of 3:                         0x400
  CSTACK                      0x20000008   0x400  <Block>
    CSTACK           uninit   0x20000008   0x400  <Block tail>
                            - 0x20000408   0x400

"P2", part 3 of 3:                         0x9d4
  .bss               zero     0x20000408   0x404  ug2864.o [1]
  .bss               zero     0x2000080c   0x264  system.o [1]
  .bss               zero     0x20000a70   0x16c  system.o [1]
  .bss               zero     0x20000bdc   0x128  MicroMenu.o [1]
  .bss               zero     0x20000d04    0x5c  filter.o [1]
  .bss               zero     0x20000d60    0x18  filter.o [1]
  .bss               zero     0x20000d78    0x18  lis3.o [1]
  .bss               zero     0x20000d90    0x14  IR.o [1]
  .bss               zero     0x20000da4    0x14  lis3.o [1]
  .bss               zero     0x20000db8     0x8  buttons.o [1]
  .bss               zero     0x20000dc0     0x8  power.o [1]
  .bss               zero     0x20000dc8     0x4  adc.o [1]
  .bss               zero     0x20000dcc     0x4  filter.o [1]
  .bss               zero     0x20000dd0     0x4  main.o [1]
  .bss               zero     0x20000dd4     0x4  system.o [1]
  .bss               zero     0x20000dd8     0x2  filter.o [1]
  .bss               zero     0x20000dda     0x1  battery.o [1]
                            - 0x20000ddb   0x9d3


*******************************************************************************
*** INIT TABLE
***

          Address     Size
          -------     ----
Zero (__iar_zero_init3)
    1 destination range, total size 0x9d3:
          0x20000408  0x9d3

Copy (__iar_copy_init3)
    1 source range, total size 0x8:
          0x08006714    0x8
    1 destination range, total size 0x8:
          0x20000000    0x8



*******************************************************************************
*** MODULE SUMMARY
***

    Module                 ro code  ro data  rw data
    ------                 -------  -------  -------
C:\Users\4eef\Projects\Chronograph+\SW\Chrono-Terminal-V1.0\firmware\PROJ_DIR\Debug\Obj: [1]
    IR.o                     1 240                20
    MicroMenu.o                260       28      300
    adc.o                      504                 4
    battery.o                  404       32        1
    buttons.o                  828                 8
    clock.o                    148
    delay.o                     96
    filter.o                   500               122
    gpio.o                     544      196        4
    i2c.o                      986
    lis3.o                     560                44
    main.o                   5 820    1 134        4
    power.o                    472                 8
    ssdFonts.o                        1 920
    ssdGraph.o                           44
    startup_stm32f042x6.o      308
    sync.o                     356       20
    system.o                                     980
    system_stm32f0xx.o         148
    ug2864.o                 2 692       20    1 028
    ------------------------------------------------
    Total:                  15 866    3 394    2 523

command line: [2]
    ------------------------------------------------
    Total:

dl6M_tln.a: [3]
    div.o                       32
    exit.o                       8
    low_level_init.o             4
    sprintf.o                   56
    xprintflarge_nomb.o      3 338        8
    xsprout.o                   10
    ------------------------------------------------
    Total:                   3 448        8

m6M_tl.a: [4]
    DblAddSub.o                436
    DblCmpGe.o                  50
    DblCmpLe.o                  50
    DblDiv.o                   194
    DblMul.o                   388
    DblToFlt.o                  98
    DblToI32.o                  46
    FltAddSub.o                288
    FltCmpEq.o                  32
    FltCmpGe.o                  40
    FltCmpLe.o                  38
    FltDiv.o                   170
    FltMul.o                   176
    FltToDbl.o                  50
    FltToS32.o                  58
    I32ToDbl.o                  52
    I32ToFlt.o                  50
    atan.o                     156
    xatan.o                    480
    xfdtest.o                   34
    ------------------------------------------------
    Total:                   2 886

rt6M_tl.a: [5]
    ABImemcpy.o                 92
    ABImemset.o                 80
    I32DivModFast.o            224
    I64DivMod.o                106
    I64DivZer.o                  2
    IntDivZer.o                  2
    cexit.o                     10
    cmain.o                     26
    copy_init3.o                48
    cstartup_M.o                12
    data_init.o                 40
    memchr.o                    24
    strchr.o                    20
    strcpy.o                    16
    strlen.o                    16
    zero_init3.o                60
    ------------------------------------------------
    Total:                     778

shb_l.a: [6]
    exit.o                      20
    ------------------------------------------------
    Total:                      20

    Linker created                       36    1 024
----------------------------------------------------
    Grand Total:            22 998    3 438    3 547


*******************************************************************************
*** ENTRY LIST
***

Entry                      Address   Size  Type      Object
-----                      -------   ----  ----      ------
.iar.init_table$$Base   0x080063f4          --   Gb  - Linker created -
.iar.init_table$$Limit  0x08006418          --   Gb  - Linker created -
?main                   0x08006499         Code  Gb  cmain.o [5]
ADC1_IRQHandler         0x08004ac9   0x82  Code  Gb  adc.o [1]
CSTACK$$Base            0x20000008          --   Gb  - Linker created -
CSTACK$$Limit           0x20000408          --   Gb  - Linker created -
CurrentMenuItem         0x20000dd0    0x4  Data  Gb  main.o [1]
CurrentMenuItem         0x20000004    0x4  Data  Lc  MicroMenu.o [1]
EXTI4_15_IRQHandler     0x08001969   0x22  Code  Gb  power.o [1]
I2C1_IRQHandler         0x08005179    0x2  Code  Gb  i2c.o [1]
I2CRx                   0x08004ec9   0xec  Code  Gb  i2c.o [1]
I2CRxInit               0x08004e31   0x98  Code  Gb  i2c.o [1]
I2CTx                   0x0800506d   0xec  Code  Gb  i2c.o [1]
I2CTxInit               0x08004fb5   0x96  Code  Gb  i2c.o [1]
IRRXData                0x20000d90   0x14  Data  Gb  IR.o [1]
LoadInt                 0x08003cd1   0x68  Code  Lc  xprintflarge_nomb.o [3]
Menu_EnterCurrentItem   0x08001889   0x26  Code  Gb  MicroMenu.o [1]
Menu_GetCurrentMenu     0x080017c5    0x6  Code  Gb  MicroMenu.o [1]
Menu_Navigate           0x080017cb   0xbe  Code  Gb  MicroMenu.o [1]
NULL_MENU               0x080064f8   0x18  Data  Gb  MicroMenu.o [1]
NVIC_DisableIRQ         0x08004997    0xe  Code  Lc  adc.o [1]
NVIC_DisableIRQ         0x080044bf    0xe  Code  Lc  IR.o [1]
NVIC_DisableIRQ         0x080018d7    0xe  Code  Lc  power.o [1]
NVIC_EnableIRQ          0x08004989    0xe  Code  Lc  adc.o [1]
NVIC_EnableIRQ          0x080044b1    0xe  Code  Lc  IR.o [1]
NVIC_EnableIRQ          0x080018c9    0xe  Code  Lc  power.o [1]
NVIC_SetPriority        0x080049a5   0x84  Code  Lc  adc.o [1]
NVIC_SetPriority        0x080044cd   0x84  Code  Lc  IR.o [1]
NVIC_SetPriority        0x080018e5   0x84  Code  Lc  power.o [1]
Region$$Table$$Base     0x080063f4          --   Gb  - Linker created -
Region$$Table$$Limit    0x08006418          --   Gb  - Linker created -
SystemInit              0x0800607d   0x68  Code  Gb  system_stm32f0xx.o [1]
TIM2_IRQHandler         0x080046cd  0x28a  Code  Gb  IR.o [1]
_GenldLargeNoMb         0x0800414d  0x29a  Code  Lc  xprintflarge_nomb.o [3]
_LdtobLargeNoMb         0x08003e65  0x2b0  Code  Lc  xprintflarge_nomb.o [3]
_LitobLargeNoMb         0x08003d39  0x12a  Code  Lc  xprintflarge_nomb.o [3]
_PrintfLargeNoMb        0x08003711  0x5c0  Code  Gb  xprintflarge_nomb.o [3]
_PutcharsLargeNoMb      0x080043e7   0x30  Code  Lc  xprintflarge_nomb.o [3]
_SProut                 0x08003163    0xa  Code  Gb  xsprout.o [3]
__ICFEDIT_region_RAM_end__ {Abs}
                        0x200017ff         Data  Gb  command line/config [2]
__ICFEDIT_region_RAM_start__ {Abs}
                        0x20000000         Data  Gb  command line/config [2]
__aeabi_cdcmple         0x08005279         Code  Gb  DblCmpLe.o [4]
__aeabi_cdrcmple        0x080052ab         Code  Gb  DblCmpGe.o [4]
__aeabi_cfcmpeq         0x08003099         Code  Gb  FltCmpEq.o [4]
__aeabi_cfcmple         0x080054f9         Code  Gb  FltCmpLe.o [4]
__aeabi_cfrcmple        0x080051f1         Code  Gb  FltCmpGe.o [4]
__aeabi_d2f             0x080033c1         Code  Gb  DblToFlt.o [4]
__aeabi_d2uiz           0x08005635         Code  Gb  DblToI32.o [4]
__aeabi_dadd            0x08005663         Code  Gb  DblAddSub.o [4]
__aeabi_ddiv            0x08003459         Code  Gb  DblDiv.o [4]
__aeabi_dmul            0x0800323d         Code  Gb  DblMul.o [4]
__aeabi_dsub            0x08005729         Code  Gb  DblAddSub.o [4]
__aeabi_f2d             0x0800316d         Code  Gb  FltToDbl.o [4]
__aeabi_f2iz            0x08005181         Code  Gb  FltToS32.o [4]
__aeabi_fadd            0x08002f79         Code  Gb  FltAddSub.o [4]
__aeabi_fdiv            0x080030b9         Code  Gb  FltDiv.o [4]
__aeabi_fmul            0x08002ec9         Code  Gb  FltMul.o [4]
__aeabi_fsub            0x08002fe9         Code  Gb  FltAddSub.o [4]
__aeabi_i2d             0x08003425         Code  Gb  I32ToDbl.o [4]
__aeabi_i2f             0x080051bd         Code  Gb  I32ToFlt.o [4]
__aeabi_idiv            0x08002101         Code  Gb  I32DivModFast.o [5]
__aeabi_idiv0           0x0800517d         Code  Gb  IntDivZer.o [5]
__aeabi_idivmod         0x08002101         Code  Gb  I32DivModFast.o [5]
__aeabi_ldiv0           0x08005839         Code  Gb  I64DivZer.o [5]
__aeabi_memcpy          0x080055d9         Code  Gb  ABImemcpy.o [5]
__aeabi_memset          0x080021b5         Code  Gb  ABImemset.o [5]
__aeabi_ui2d            0x08003439         Code  Gb  I32ToDbl.o [4]
__aeabi_uidiv           0x08002107         Code  Gb  I32DivModFast.o [5]
__aeabi_uidivmod        0x08002107         Code  Gb  I32DivModFast.o [5]
__aeabi_uldivmod        0x0800556d         Code  Gb  I64DivMod.o [5]
__cmain                 0x08006499         Code  Gb  cmain.o [5]
__exit                  0x080064cd   0x14  Code  Gb  exit.o [6]
__iar_Atan              0x08005319  0x148  Code  Gb  xatan.o [4]
__iar_FDtest            0x0800551f   0x22  Code  Gb  xfdtest.o [4]
__iar_Memchr            0x08005555   0x18  Code  Gb  memchr.o [5]
__iar_Memset4_word      0x080021d5         Code  Gb  ABImemset.o [5]
__iar_Memset_word       0x080021c1         Code  Gb  ABImemset.o [5]
__iar_Strchr            0x08005541   0x14  Code  Gb  strchr.o [5]
__iar_copy_init3        0x0800614d   0x30  Code  Gb  copy_init3.o [5]
__iar_d2uiz             0x08005639         Code  Gb  DblToI32.o [4]
__iar_data_init3        0x08006319   0x28  Code  Gb  data_init.o [5]
__iar_program_start     0x080066a1         Code  Gb  cstartup_M.o [5]
__iar_ui2d              0x0800343d         Code  Gb  I32ToDbl.o [4]
__iar_ui2f              0x080051d5         Code  Gb  I32ToFlt.o [4]
__iar_zero_init3        0x08006111   0x3c  Code  Gb  zero_init3.o [5]
__low_level_init        0x080064b3    0x4  Code  Gb  low_level_init.o [3]
__vector_table          0x08000000         Data  Gb  startup_stm32f042x6.o [1]
_call_main              0x080064a5         Code  Gb  cmain.o [5]
_exit                   0x080064c1         Code  Gb  cexit.o [5]
_main                   0x080064af         Code  Gb  cmain.o [5]
a                       0x080054b8   0x40  Data  Lc  xatan.o [4]
about                   0x08006438   0x20  Data  Gb  main.o [1]
accGainCal              0x08002d7f  0x12e  Code  Gb  lis3.o [1]
accel                   0x20000d78   0x18  Data  Gb  lis3.o [1]
adcData                 0x20000dc8    0x4  Data  Gb  adc.o [1]
adcDeinit               0x08004a29   0x24  Code  Gb  adc.o [1]
adcInit                 0x08004a4d   0x7c  Code  Gb  adc.o [1]
atan                    0x080031a1   0x9c  Code  Gb  atan.o [4]
battCalc                0x08001c05  0x194  Code  Gb  battery.o [1]
battCalc::percFlag      0x20000dda    0x1  Data  Lc  battery.o [1]
btnCntsClr              0x080020a9   0x1a  Code  Gb  buttons.o [1]
buttons                 0x20000db8    0x8  Data  Gb  buttons.o [1]
chrgSym                 0x080066f4    0x8  Data  Gb  ssdGraph.o [1]
deInitIR                0x0800463b   0x4a  Code  Gb  IR.o [1]
delay_us                0x08005219   0x60  Code  Gb  delay.o [1]
display                 0x08006418   0x20  Data  Gb  main.o [1]
div                     0x08005817   0x20  Code  Gb  div.o [3]
drawMainScreen          0x08001431  0x304  Code  Gb  main.o [1]
drawMenu                0x08001321   0xba  Code  Gb  main.o [1]
exit                    0x080064b7    0x8  Code  Gb  exit.o [3]
font12x16               0x08005e3c  0x180  Data  Gb  ssdFonts.o [1]
font6x8                 0x0800583c  0x600  Data  Gb  ssdFonts.o [1]
getButtonState          0x08001d99  0x300  Code  Gb  buttons.o [1]
gppin_init              0x08004bbb  0x1cc  Code  Gb  gpio.o [1]
initClocks              0x0800441d   0x94  Code  Gb  clock.o [1]
initGpios               0x08004b81   0x3a  Code  Gb  gpio.o [1]
initI2C1                0x08004da1   0x90  Code  Gb  i2c.o [1]
initIRConfig            0x08004551   0xea  Code  Gb  IR.o [1]
initPeriphs             0x08001a85   0x1c  Code  Gb  power.o [1]
kalman                  0x20000d04   0x5c  Data  Gb  filter.o [1]
kalmanAccCorr           0x08003541  0x186  Code  Gb  filter.o [1]
lis3AxisCal             0x20000da4   0x14  Data  Gb  lis3.o [1]
lis3_getXYZ             0x08002d3f   0x40  Code  Gb  lis3.o [1]
lis3_read               0x08002d01   0x3e  Code  Gb  lis3.o [1]
lis3_write              0x08002cd5   0x2c  Code  Gb  lis3.o [1]
lis3init                0x08002c99   0x3c  Code  Gb  lis3.o [1]
lpf                     0x080036c7   0x2e  Code  Gb  filter.o [1]
lpf::Dacc               0x20000dcc    0x4  Data  Lc  filter.o [1]
lpf::Dout               0x20000dd8    0x2  Data  Lc  filter.o [1]
lpfAccPrim              0x0800351d   0x24  Code  Gb  filter.o [1]
lpfPrim                 0x20000d60   0x18  Data  Gb  filter.o [1]
main                    0x080000c1  0xdc8  Code  Gb  main.o [1]
mchron                  0x080063ac   0x24  Data  Gb  main.o [1]
mcommon                 0x08006458   0x20  Data  Gb  main.o [1]
meas                    0x2000080c  0x264  Data  Gb  system.o [1]
menu                    0x20000bdc  0x128  Data  Gb  MicroMenu.o [1]
menuFolder              0x0800662c   0x10  Data  Gb  ssdGraph.o [1]
menuScroll              0x0800671c    0x4  Data  Gb  ssdGraph.o [1]
mincline                0x08006228   0x28  Data  Gb  main.o [1]
mode                    0x08006340   0x24  Data  Gb  main.o [1]
modeEdit                0x08001029   0x72  Code  Gb  main.o [1]
parEdit                 0x08000fc9   0x48  Code  Gb  main.o [1]
parEditRedir            0x08000ec5   0xf6  Code  Gb  main.o [1]
pellets                 0x20000a70  0x16c  Data  Gb  system.o [1]
pinNum                  0x20000000    0x4  Data  Gb  gpio.o [1]
pinsMode                0x08005fbc   0xc0  Data  Gb  gpio.o [1]
power                   0x20000dc0    0x8  Data  Gb  power.o [1]
powerOff                0x08001a07   0x32  Code  Gb  power.o [1]
powerOn                 0x08001a39   0x12  Code  Gb  power.o [1]
s16fNorm                0x0800110d   0x3c  Code  Gb  main.o [1]
scbind                  0x08006478   0x20  Data  Gb  main.o [1]
scdist                  0x080062f0   0x28  Data  Gb  main.o [1]
schrono                 0x080063d0   0x24  Data  Gb  main.o [1]
sclipc                  0x08006250   0x28  Data  Gb  main.o [1]
service                 0x08006200   0x28  Data  Gb  main.o [1]
setts                   0x08006388   0x24  Data  Gb  main.o [1]
sibrdr                  0x0800617c   0x2c  Data  Gb  main.o [1]
sigacal                 0x080061d4   0x2c  Data  Gb  main.o [1]
sincline                0x08006278   0x28  Data  Gb  main.o [1]
siofcal                 0x080061a8   0x2c  Data  Gb  main.o [1]
spofft                  0x080062a0   0x28  Data  Gb  main.o [1]
sprintf                 0x0800178d   0x38  Code  Gb  sprintf.o [3]
ssdBatt                 0x0800663c   0x10  Data  Gb  ssdGraph.o [1]
ssdVideoBff             0x20000408  0x404  Data  Gb  ug2864.o [1]
ssd_putBatt             0x080027c1  0x100  Code  Gb  ug2864.o [1]
ssd_putChar12x16        0x080028cd   0xf4  Code  Gb  ug2864.o [1]
ssd_putChar6x8          0x080029e5   0x5a  Code  Gb  ug2864.o [1]
ssd_putMenuFolder       0x08002771   0x50  Code  Gb  ug2864.o [1]
ssd_putMenuScroll       0x08002581   0xae  Code  Gb  ug2864.o [1]
ssd_putMsgBox           0x080022cd   0x8a  Code  Gb  ug2864.o [1]
ssd_putParBox           0x08002205   0xc0  Code  Gb  ug2864.o [1]
ssd_putPitchBar         0x0800262f  0x13e  Code  Gb  ug2864.o [1]
ssd_putRollBar          0x08002357  0x220  Code  Gb  ug2864.o [1]
ssd_putString12x16      0x080029c1   0x24  Code  Gb  ug2864.o [1]
ssd_putString6x8        0x08002a45   0x24  Code  Gb  ug2864.o [1]
ssd_setpix              0x08002a69   0xc8  Code  Gb  ug2864.o [1]
sswrst                  0x080062c8   0x28  Data  Gb  main.o [1]
stats                   0x08006364   0x24  Data  Gb  main.o [1]
stopModeConfig          0x0800198b   0x7c  Code  Gb  power.o [1]
strcpy                  0x0800177d         Code  Gb  strcpy.o [5]
strlen                  0x08002c89   0x10  Code  Gb  strlen.o [5]
sync                    0x08001afb   0xc4  Code  Gb  sync.o [1]
syncInit                0x08001aa1   0x5a  Code  Gb  sync.o [1]
sysPars                 0x20000dd4    0x4  Data  Gb  system.o [1]
tiltAngCalc             0x080010a5   0x5e  Code  Gb  main.o [1]
trxAccData              0x08001189  0x17a  Code  Gb  main.o [1]
ug2864_com              0x08002c17   0x2c  Code  Gb  ug2864.o [1]
ug2864_refresh          0x08002c4d   0x20  Code  Gb  ug2864.o [1]
ug2864init              0x08002b65   0xb2  Code  Gb  ug2864.o [1]
ug2864off               0x08002b39   0x16  Code  Gb  ug2864.o [1]
ug2864on                0x08002b4f   0x16  Code  Gb  ug2864.o [1]


[1] = C:\Users\4eef\Projects\Chronograph+\SW\Chrono-Terminal-V1.0\firmware\PROJ_DIR\Debug\Obj
[2] = command line
[3] = dl6M_tln.a
[4] = m6M_tl.a
[5] = rt6M_tl.a
[6] = shb_l.a

  22 998 bytes of readonly  code memory
   3 438 bytes of readonly  data memory
   3 547 bytes of readwrite data memory

Errors: none
Warnings: none
