###############################################################################
#
# IAR ELF Linker V7.80.2.11947/W32 for ARM                10/Nov/2018  19:23:27
# Copyright 2007-2016 IAR Systems AB.
#
#    Output file  =  
#        C:\Users\4eef\Projects\chronograph-plus\SW\Chrono-Terminal-V1.0\firmware\PROJ_DIR\Debug\Exe\Chrono-Terminal-V1.0.out
#    Map file     =  
#        C:\Users\4eef\Projects\chronograph-plus\SW\Chrono-Terminal-V1.0\firmware\PROJ_DIR\Debug\List\Chrono-Terminal-V1.0.map
#    Command line =  
#        C:\Users\4eef\Projects\chronograph-plus\SW\Chrono-Terminal-V1.0\firmware\PROJ_DIR\Debug\Obj\adc.o
#        C:\Users\4eef\Projects\chronograph-plus\SW\Chrono-Terminal-V1.0\firmware\PROJ_DIR\Debug\Obj\battery.o
#        C:\Users\4eef\Projects\chronograph-plus\SW\Chrono-Terminal-V1.0\firmware\PROJ_DIR\Debug\Obj\buttons.o
#        C:\Users\4eef\Projects\chronograph-plus\SW\Chrono-Terminal-V1.0\firmware\PROJ_DIR\Debug\Obj\chrono.o
#        C:\Users\4eef\Projects\chronograph-plus\SW\Chrono-Terminal-V1.0\firmware\PROJ_DIR\Debug\Obj\clock.o
#        C:\Users\4eef\Projects\chronograph-plus\SW\Chrono-Terminal-V1.0\firmware\PROJ_DIR\Debug\Obj\delay.o
#        C:\Users\4eef\Projects\chronograph-plus\SW\Chrono-Terminal-V1.0\firmware\PROJ_DIR\Debug\Obj\filter.o
#        C:\Users\4eef\Projects\chronograph-plus\SW\Chrono-Terminal-V1.0\firmware\PROJ_DIR\Debug\Obj\fix16.o
#        C:\Users\4eef\Projects\chronograph-plus\SW\Chrono-Terminal-V1.0\firmware\PROJ_DIR\Debug\Obj\fix16_exp.o
#        C:\Users\4eef\Projects\chronograph-plus\SW\Chrono-Terminal-V1.0\firmware\PROJ_DIR\Debug\Obj\fix16_sqrt.o
#        C:\Users\4eef\Projects\chronograph-plus\SW\Chrono-Terminal-V1.0\firmware\PROJ_DIR\Debug\Obj\fix16_trig.o
#        C:\Users\4eef\Projects\chronograph-plus\SW\Chrono-Terminal-V1.0\firmware\PROJ_DIR\Debug\Obj\fract32.o
#        C:\Users\4eef\Projects\chronograph-plus\SW\Chrono-Terminal-V1.0\firmware\PROJ_DIR\Debug\Obj\gpio.o
#        C:\Users\4eef\Projects\chronograph-plus\SW\Chrono-Terminal-V1.0\firmware\PROJ_DIR\Debug\Obj\i2c.o
#        C:\Users\4eef\Projects\chronograph-plus\SW\Chrono-Terminal-V1.0\firmware\PROJ_DIR\Debug\Obj\inclinometer.o
#        C:\Users\4eef\Projects\chronograph-plus\SW\Chrono-Terminal-V1.0\firmware\PROJ_DIR\Debug\Obj\IR.o
#        C:\Users\4eef\Projects\chronograph-plus\SW\Chrono-Terminal-V1.0\firmware\PROJ_DIR\Debug\Obj\lis3.o
#        C:\Users\4eef\Projects\chronograph-plus\SW\Chrono-Terminal-V1.0\firmware\PROJ_DIR\Debug\Obj\main.o
#        C:\Users\4eef\Projects\chronograph-plus\SW\Chrono-Terminal-V1.0\firmware\PROJ_DIR\Debug\Obj\menuFunctions.o
#        C:\Users\4eef\Projects\chronograph-plus\SW\Chrono-Terminal-V1.0\firmware\PROJ_DIR\Debug\Obj\microMenu.o
#        C:\Users\4eef\Projects\chronograph-plus\SW\Chrono-Terminal-V1.0\firmware\PROJ_DIR\Debug\Obj\power.o
#        C:\Users\4eef\Projects\chronograph-plus\SW\Chrono-Terminal-V1.0\firmware\PROJ_DIR\Debug\Obj\ssdFonts.o
#        C:\Users\4eef\Projects\chronograph-plus\SW\Chrono-Terminal-V1.0\firmware\PROJ_DIR\Debug\Obj\ssdGraph.o
#        C:\Users\4eef\Projects\chronograph-plus\SW\Chrono-Terminal-V1.0\firmware\PROJ_DIR\Debug\Obj\startup_stm32f042x6.o
#        C:\Users\4eef\Projects\chronograph-plus\SW\Chrono-Terminal-V1.0\firmware\PROJ_DIR\Debug\Obj\sync.o
#        C:\Users\4eef\Projects\chronograph-plus\SW\Chrono-Terminal-V1.0\firmware\PROJ_DIR\Debug\Obj\system.o
#        C:\Users\4eef\Projects\chronograph-plus\SW\Chrono-Terminal-V1.0\firmware\PROJ_DIR\Debug\Obj\system_stm32f0xx.o
#        C:\Users\4eef\Projects\chronograph-plus\SW\Chrono-Terminal-V1.0\firmware\PROJ_DIR\Debug\Obj\ug2864.o
#        C:\Users\4eef\Projects\chronograph-plus\SW\Chrono-Terminal-V1.0\firmware\PROJ_DIR\Debug\Obj\uint32.o
#        --redirect _Printf=_PrintfLargeNoMb -o
#        C:\Users\4eef\Projects\chronograph-plus\SW\Chrono-Terminal-V1.0\firmware\PROJ_DIR\Debug\Exe\Chrono-Terminal-V1.0.out
#        --map
#        C:\Users\4eef\Projects\chronograph-plus\SW\Chrono-Terminal-V1.0\firmware\PROJ_DIR\Debug\List\Chrono-Terminal-V1.0.map
#        --config "C:\Program Files (x86)\IAR Systems\Embedded Workbench
#        7.5\arm\config\linker\ST\stm32f042x6.icf" --semihosting --entry
#        __iar_program_start --vfe
#
###############################################################################

*******************************************************************************
*** RUNTIME MODEL ATTRIBUTES
***

CppFlavor       = *
__SystemLibrary = DLib


*******************************************************************************
*** PLACEMENT SUMMARY
***

"A0":  place at 0x08000000 { ro section .intvec };
"P1":  place in [from 0x08000000 to 0x08007fff] { ro };
"P2":  place in [from 0x20000000 to 0x200017ff] { rw, block CSTACK, block HEAP };
initialize by copy { rw };

  Section            Kind        Address    Size  Object
  -------            ----        -------    ----  ------
"A0":                                       0xc0
  .intvec            ro code  0x08000000    0xc0  startup_stm32f042x6.o [1]
                            - 0x080000c0    0xc0

"P1":                                     0x74c4
  .text              ro code  0x080000c0   0xe54  microMenu.o [1]
  .text              ro code  0x08000f14    0x10  strcpy.o [5]
  .text              ro code  0x08000f24    0x10  strlen.o [5]
  .text              ro code  0x08000f34    0x50  ABImemset.o [5]
  .text              ro code  0x08000f84   0xd9c  ug2864.o [1]
  .text              ro code  0x08001d20    0xe0  I32DivModFast.o [5]
  .text              ro code  0x08001e00    0x38  sprintf.o [3]
  .text              ro code  0x08001e38    0x1c  strcat.o [3]
  .text              ro code  0x08001e54     0x8  abs.o [3]
  .text              ro code  0x08001e5c    0x60  delay.o [1]
  .text              ro code  0x08001ebc   0x3e2  i2c.o [1]
  .text              ro code  0x0800229e     0xa  xsprout.o [3]
  .text              ro code  0x080022a8     0x2  IntDivZer.o [5]
  .rodata            const    0x080022aa     0x2  main.o [1]
  .text              ro code  0x080022ac   0xd0a  xprintflarge_nomb.o [3]
  .text              ro code  0x08002fb6    0x14  strchr.o [5]
  .text              ro code  0x08002fca    0x18  memchr.o [5]
  .text              ro code  0x08002fe2    0x6a  I64DivMod.o [5]
  .text              ro code  0x0800304c    0x5c  ABImemcpy.o [5]
  .text              ro code  0x080030a8    0x32  DblCmpLe.o [4]
  .text              ro code  0x080030da   0x184  DblMul.o [4]
  .text              ro code  0x0800325e    0xc2  DblDiv.o [4]
  .text              ro code  0x08003320    0x2e  DblToI32.o [4]
  .rodata            const    0x0800334e     0x2  system.o [1]
  .text              ro code  0x08003350    0x20  I32ToDbl.o [4]
  .text              ro code  0x08003370   0x1a8  DblAddSub.o [4]
  .text              ro code  0x08003518    0x20  div.o [3]
  .text              ro code  0x08003538     0x2  I64DivZer.o [5]
  .rodata            const    0x0800353a     0x2  ug2864.o [1]
  .text              ro code  0x0800353c   0x684  system.o [1]
  .rodata            const    0x08003bc0   0x600  ssdFonts.o [1]
  .text              ro code  0x080041c0   0x54c  chrono.o [1]
  .text              ro code  0x0800470c   0x1e0  power.o [1]
  .text              ro code  0x080048ec    0xa0  clock.o [1]
  .text              ro code  0x0800498c   0x4d8  IR.o [1]
  .text              ro code  0x08004e64   0x1f8  adc.o [1]
  .text              ro code  0x0800505c   0x220  gpio.o [1]
  .text              ro code  0x0800527c   0x35c  lis3.o [1]
  .text              ro code  0x080055d8   0x160  sync.o [1]
  .text              ro code  0x08005738   0x1c4  fix16.o [1]
  .text              ro code  0x080058fc    0xc8  fix16_trig.o [1]
  .text              ro code  0x080059c4   0x1f4  filter.o [1]
  .text              ro code  0x08005bb8    0x32  I64Mul.o [5]
  .rodata            const    0x08005bea     0x2  ug2864.o [1]
  .text              ro code  0x08005bec    0x32  I32ToFlt.o [4]
  .text              ro code  0x08005c1e    0xb0  FltMul.o [4]
  .rodata            const    0x08005cce     0x2  ug2864.o [1]
  .text              ro code  0x08005cd0    0x3a  FltToS32.o [4]
  .text              ro code  0x08005d0a   0x120  FltAddSub.o [4]
  .text              ro code  0x08005e2a    0xaa  FltDiv.o [4]
  .text              ro code  0x08005ed4    0x26  FltCmpLe.o [4]
  .rodata            const    0x08005efa     0x2  ug2864.o [1]
  .text              ro code  0x08005efc    0x28  FltCmpGe.o [4]
  .text              ro code  0x08005f24    0x22  xfdtest.o [4]
  .rodata            const    0x08005f46     0x2  ug2864.o [1]
  .text              ro code  0x08005f48   0x334  buttons.o [1]
  .text              ro code  0x0800627c   0x2cc  main.o [1]
  .text              ro code  0x08006548   0x1c0  battery.o [1]
  .rodata            const    0x08006708   0x198  ssdFonts.o [1]
  .rodata            const    0x080068a0    0xd4  menuFunctions.o [1]
  .rodata            const    0x08006974    0xc0  gpio.o [1]
  .text              ro code  0x08006a34    0x94  system_stm32f0xx.o [1]
  .text              ro code  0x08006ac8    0x3c  startup_stm32f042x6.o [1]
  .text              ro code  0x08006b04    0x3c  zero_init3.o [5]
  .text              ro code  0x08006b40    0x30  copy_init3.o [5]
  .text              ro code  0x08006b70    0x28  data_init.o [5]
  .iar.init_table    const    0x08006b98    0x24  - Linker created -
  .rodata            const    0x08006bbc    0x1c  main.o [1]
  .rodata            const    0x08006bd8    0x1c  main.o [1]
  .rodata            const    0x08006bf4    0x1c  main.o [1]
  .rodata            const    0x08006c10    0x1c  main.o [1]
  .rodata            const    0x08006c2c    0x1c  main.o [1]
  .rodata            const    0x08006c48    0x1c  main.o [1]
  .rodata            const    0x08006c64    0x1c  main.o [1]
  .rodata            const    0x08006c80    0x1c  main.o [1]
  .rodata            const    0x08006c9c    0x1c  main.o [1]
  .rodata            const    0x08006cb8    0x1c  main.o [1]
  .rodata            const    0x08006cd4    0x1c  main.o [1]
  .rodata            const    0x08006cf0    0x1c  main.o [1]
  .rodata            const    0x08006d0c    0x1c  main.o [1]
  .rodata            const    0x08006d28    0x1c  main.o [1]
  .rodata            const    0x08006d44    0x1c  main.o [1]
  .rodata            const    0x08006d60    0x1c  main.o [1]
  .rodata            const    0x08006d7c    0x1c  main.o [1]
  .rodata            const    0x08006d98    0x1c  main.o [1]
  .rodata            const    0x08006db4    0x1c  main.o [1]
  .rodata            const    0x08006dd0    0x1c  main.o [1]
  .rodata            const    0x08006dec    0x1c  main.o [1]
  .rodata            const    0x08006e08    0x1c  main.o [1]
  .rodata            const    0x08006e24    0x1c  main.o [1]
  .rodata            const    0x08006e40    0x1c  main.o [1]
  .rodata            const    0x08006e5c    0x1c  main.o [1]
  .rodata            const    0x08006e78    0x1c  main.o [1]
  .rodata            const    0x08006e94    0x1c  main.o [1]
  .rodata            const    0x08006eb0    0x1c  main.o [1]
  .rodata            const    0x08006ecc    0x1c  main.o [1]
  .rodata            const    0x08006ee8    0x1c  main.o [1]
  .rodata            const    0x08006f04    0x1c  main.o [1]
  .rodata            const    0x08006f20    0x1c  microMenu.o [1]
  .text              ro code  0x08006f3c    0x1a  cmain.o [5]
  .text              ro code  0x08006f56     0x4  low_level_init.o [3]
  .text              ro code  0x08006f5a     0x8  exit.o [3]
  .rodata            const    0x08006f62     0x2  ug2864.o [1]
  .text              ro code  0x08006f64     0xa  cexit.o [5]
  .rodata            const    0x08006f6e     0x2  ug2864.o [1]
  .text              ro code  0x08006f70    0x14  exit.o [6]
  .rodata            const    0x08006f84    0x18  main.o [1]
  .rodata            const    0x08006f9c    0x18  main.o [1]
  .rodata            const    0x08006fb4    0x18  main.o [1]
  .rodata            const    0x08006fcc    0x18  main.o [1]
  .rodata            const    0x08006fe4    0x18  main.o [1]
  .rodata            const    0x08006ffc    0x18  main.o [1]
  .rodata            const    0x08007014    0x18  main.o [1]
  .rodata            const    0x0800702c    0x18  main.o [1]
  .rodata            const    0x08007044    0x18  main.o [1]
  .rodata            const    0x0800705c    0x18  main.o [1]
  .rodata            const    0x08007074    0x18  main.o [1]
  .rodata            const    0x0800708c    0x18  main.o [1]
  .rodata            const    0x080070a4    0x18  main.o [1]
  .rodata            const    0x080070bc    0x18  main.o [1]
  .rodata            const    0x080070d4    0x18  main.o [1]
  .rodata            const    0x080070ec    0x18  main.o [1]
  .rodata            const    0x08007104    0x18  main.o [1]
  .rodata            const    0x0800711c    0x18  main.o [1]
  .rodata            const    0x08007134    0x18  main.o [1]
  .rodata            const    0x0800714c    0x18  main.o [1]
  .rodata            const    0x08007164    0x18  main.o [1]
  .rodata            const    0x0800717c    0x18  main.o [1]
  .rodata            const    0x08007194    0x18  main.o [1]
  .rodata            const    0x080071ac    0x18  main.o [1]
  .rodata            const    0x080071c4    0x18  main.o [1]
  .rodata            const    0x080071dc    0x18  main.o [1]
  .rodata            const    0x080071f4    0x18  main.o [1]
  .rodata            const    0x0800720c    0x18  microMenu.o [1]
  .rodata            const    0x08007224    0x14  battery.o [1]
  .rodata            const    0x08007238    0x14  main.o [1]
  .rodata            const    0x0800724c    0x14  main.o [1]
  .rodata            const    0x08007260    0x14  main.o [1]
  .rodata            const    0x08007274    0x14  main.o [1]
  .rodata            const    0x08007288    0x14  main.o [1]
  .rodata            const    0x0800729c    0x14  main.o [1]
  .rodata            const    0x080072b0    0x14  microMenu.o [1]
  .rodata            const    0x080072c4    0x14  microMenu.o [1]
  .rodata            const    0x080072d8    0x14  microMenu.o [1]
  .rodata            const    0x080072ec    0x14  sync.o [1]
  .rodata            const    0x08007300    0x10  chrono.o [1]
  .rodata            const    0x08007310    0x10  chrono.o [1]
  .rodata            const    0x08007320    0x10  chrono.o [1]
  .rodata            const    0x08007330    0x10  chrono.o [1]
  .rodata            const    0x08007340    0x10  main.o [1]
  .rodata            const    0x08007350    0x10  main.o [1]
  .rodata            const    0x08007360    0x10  main.o [1]
  .rodata            const    0x08007370    0x10  main.o [1]
  .rodata            const    0x08007380    0x10  main.o [1]
  .rodata            const    0x08007390    0x10  main.o [1]
  .rodata            const    0x080073a0    0x10  microMenu.o [1]
  .rodata            const    0x080073b0    0x10  microMenu.o [1]
  .rodata            const    0x080073c0    0x10  microMenu.o [1]
  .rodata            const    0x080073d0    0x10  microMenu.o [1]
  .rodata            const    0x080073e0    0x10  ssdGraph.o [1]
  .rodata            const    0x080073f0    0x10  ssdGraph.o [1]
  .rodata            const    0x08007400     0xc  battery.o [1]
  .rodata            const    0x0800740c     0xc  main.o [1]
  .rodata            const    0x08007418     0xc  main.o [1]
  .rodata            const    0x08007424     0xc  main.o [1]
  .rodata            const    0x08007430     0xc  main.o [1]
  .rodata            const    0x0800743c     0xc  microMenu.o [1]
  .rodata            const    0x08007448     0xc  microMenu.o [1]
  .rodata            const    0x08007454     0xc  microMenu.o [1]
  .rodata            const    0x08007460     0xc  system.o [1]
  .rodata            const    0x0800746c     0xc  system.o [1]
  .rodata            const    0x08007478     0xc  system.o [1]
  .text              ro code  0x08007484     0xc  cstartup_M.o [5]
  .rodata            const    0x08007490     0x8  chrono.o [1]
  .rodata            const    0x08007498     0x8  main.o [1]
  .rodata            const    0x080074a0     0x8  main.o [1]
  .rodata            const    0x080074a8     0x8  main.o [1]
  .rodata            const    0x080074b0     0x8  microMenu.o [1]
  .rodata            const    0x080074b8     0x8  microMenu.o [1]
  .rodata            const    0x080074c0     0x8  ssdGraph.o [1]
  .rodata            const    0x080074c8     0x8  system.o [1]
  .rodata            const    0x080074d0     0x8  system.o [1]
  .rodata            const    0x080074d8     0x8  ug2864.o [1]
  .rodata            const    0x080074e0     0x8  ug2864.o [1]
  .rodata            const    0x080074e8     0x8  ug2864.o [1]
  .rodata            const    0x080074f0     0x8  ug2864.o [1]
  .rodata            const    0x080074f8     0x8  ug2864.o [1]
  .rodata            const    0x08007500     0x8  ug2864.o [1]
  .rodata            const    0x08007508     0x8  xprintflarge_nomb.o [3]
  Initializer bytes  const    0x08007510     0x8  <for P2-1>
  .rodata            const    0x08007518     0x4  fix16.o [1]
  .rodata            const    0x0800751c     0x4  fix16.o [1]
  .rodata            const    0x08007520     0x4  fix16_trig.o [1]
  .rodata            const    0x08007524     0x4  fix16_trig.o [1]
  .rodata            const    0x08007528     0x4  fix16_trig.o [1]
  .rodata            const    0x0800752c     0x4  lis3.o [1]
  .rodata            const    0x08007530     0x4  main.o [1]
  .rodata            const    0x08007534     0x4  main.o [1]
  .rodata            const    0x08007538     0x4  main.o [1]
  .rodata            const    0x0800753c     0x4  main.o [1]
  .rodata            const    0x08007540     0x4  ssdGraph.o [1]
  .text              ro code  0x08007544     0x4  menuFunctions.o [1]
  .rodata            const    0x08007548     0x2  ug2864.o [1]
  .rodata            const    0x0800754a     0x2  ug2864.o [1]
  .text              ro code  0x0800754c     0x2  startup_stm32f042x6.o [1]
  .text              ro code  0x0800754e     0x2  startup_stm32f042x6.o [1]
  .text              ro code  0x08007550     0x2  startup_stm32f042x6.o [1]
  .text              ro code  0x08007552     0x2  startup_stm32f042x6.o [1]
  .text              ro code  0x08007554     0x2  startup_stm32f042x6.o [1]
  .text              ro code  0x08007556     0x2  startup_stm32f042x6.o [1]
  .text              ro code  0x08007558     0x2  startup_stm32f042x6.o [1]
  .text              ro code  0x0800755a     0x2  startup_stm32f042x6.o [1]
  .text              ro code  0x0800755c     0x2  startup_stm32f042x6.o [1]
  .text              ro code  0x0800755e     0x2  startup_stm32f042x6.o [1]
  .text              ro code  0x08007560     0x2  startup_stm32f042x6.o [1]
  .text              ro code  0x08007562     0x2  startup_stm32f042x6.o [1]
  .text              ro code  0x08007564     0x2  startup_stm32f042x6.o [1]
  .text              ro code  0x08007566     0x2  startup_stm32f042x6.o [1]
  .text              ro code  0x08007568     0x2  startup_stm32f042x6.o [1]
  .text              ro code  0x0800756a     0x2  startup_stm32f042x6.o [1]
  .text              ro code  0x0800756c     0x2  startup_stm32f042x6.o [1]
  .text              ro code  0x0800756e     0x2  startup_stm32f042x6.o [1]
  .text              ro code  0x08007570     0x2  startup_stm32f042x6.o [1]
  .text              ro code  0x08007572     0x2  startup_stm32f042x6.o [1]
  .text              ro code  0x08007574     0x2  startup_stm32f042x6.o [1]
  .text              ro code  0x08007576     0x2  startup_stm32f042x6.o [1]
  .text              ro code  0x08007578     0x2  startup_stm32f042x6.o [1]
  .text              ro code  0x0800757a     0x2  startup_stm32f042x6.o [1]
  .text              ro code  0x0800757c     0x2  startup_stm32f042x6.o [1]
  .text              ro code  0x0800757e     0x2  startup_stm32f042x6.o [1]
  .text              ro code  0x08007580     0x2  startup_stm32f042x6.o [1]
  .text              ro code  0x08007582     0x2  startup_stm32f042x6.o [1]
  .rodata            const    0x08007584     0x0  zero_init3.o [5]
  .rodata            const    0x08007584     0x0  copy_init3.o [5]
                            - 0x08007584  0x74c4

"P2", part 1 of 3:                           0x8
  P2-1                        0x20000000     0x8  <Init block>
    .data            inited   0x20000000     0x4  gpio.o [1]
    .data            inited   0x20000004     0x4  microMenu.o [1]
                            - 0x20000008     0x8

"P2", part 2 of 3:                         0x400
  CSTACK                      0x20000008   0x400  <Block>
    CSTACK           uninit   0x20000008   0x400  <Block tail>
                            - 0x20000408   0x400

"P2", part 3 of 3:                         0xe78
  .bss               zero     0x20000408   0x588  microMenu.o [1]
  .bss               zero     0x20000990   0x404  ug2864.o [1]
  .bss               zero     0x20000d94   0x22c  chrono.o [1]
  .bss               zero     0x20000fc0   0x178  chrono.o [1]
  .bss               zero     0x20001138    0x5c  filter.o [1]
  .bss               zero     0x20001194    0x3c  system.o [1]
  .bss               zero     0x200011d0    0x1c  battery.o [1]
  .bss               zero     0x200011ec    0x18  filter.o [1]
  .bss               zero     0x20001204    0x18  lis3.o [1]
  .bss               zero     0x2000121c    0x18  system.o [1]
  .bss               zero     0x20001234    0x14  IR.o [1]
  .bss               zero     0x20001248    0x14  lis3.o [1]
  .bss               zero     0x2000125c     0x8  buttons.o [1]
  .bss               zero     0x20001264     0x8  inclinometer.o [1]
  .bss               zero     0x2000126c     0x8  power.o [1]
  .bss               zero     0x20001274     0x4  adc.o [1]
  .bss               zero     0x20001278     0x4  filter.o [1]
  .bss               zero     0x2000127c     0x2  filter.o [1]
  .bss               zero     0x2000127e     0x1  battery.o [1]
                            - 0x2000127f   0xe77


*******************************************************************************
*** INIT TABLE
***

          Address     Size
          -------     ----
Zero (__iar_zero_init3)
    1 destination range, total size 0xe77:
          0x20000408  0xe77

Copy (__iar_copy_init3)
    1 source range, total size 0x8:
          0x08007510    0x8
    1 destination range, total size 0x8:
          0x20000000    0x8



*******************************************************************************
*** MODULE SUMMARY
***

    Module                 ro code  ro data  rw data
    ------                 -------  -------  -------
C:\Users\4eef\Projects\chronograph-plus\SW\Chrono-Terminal-V1.0\firmware\PROJ_DIR\Debug\Obj: [1]
    IR.o                     1 240                20
    adc.o                      504                 4
    battery.o                  448       32       29
    buttons.o                  820                 8
    chrono.o                 1 356       72      932
    clock.o                    160
    delay.o                     96
    filter.o                   500               122
    fix16.o                    452        8
    fix16_trig.o               200       12
    gpio.o                     544      196        4
    i2c.o                      994
    inclinometer.o                                 8
    lis3.o                     860        4       44
    main.o                     716    1 822
    menuFunctions.o              4      212
    microMenu.o              3 668      232    1 420
    power.o                    480                 8
    ssdFonts.o                        1 944
    ssdGraph.o                           44
    startup_stm32f042x6.o      308
    sync.o                     352       20
    system.o                 1 668       54       84
    system_stm32f0xx.o         148
    ug2864.o                 3 484       66    1 028
    ------------------------------------------------
    Total:                  19 002    4 718    3 711

command line: [2]
    ------------------------------------------------
    Total:

dl6M_tln.a: [3]
    abs.o                        8
    div.o                       32
    exit.o                       8
    low_level_init.o             4
    sprintf.o                   56
    strcat.o                    28
    xprintflarge_nomb.o      3 338        8
    xsprout.o                   10
    ------------------------------------------------
    Total:                   3 484        8

m6M_tl.a: [4]
    DblAddSub.o                424
    DblCmpLe.o                  50
    DblDiv.o                   194
    DblMul.o                   388
    DblToI32.o                  46
    FltAddSub.o                288
    FltCmpGe.o                  40
    FltCmpLe.o                  38
    FltDiv.o                   170
    FltMul.o                   176
    FltToS32.o                  58
    I32ToDbl.o                  32
    I32ToFlt.o                  50
    xfdtest.o                   34
    ------------------------------------------------
    Total:                   1 988

rt6M_tl.a: [5]
    ABImemcpy.o                 92
    ABImemset.o                 80
    I32DivModFast.o            224
    I64DivMod.o                106
    I64DivZer.o                  2
    I64Mul.o                    50
    IntDivZer.o                  2
    cexit.o                     10
    cmain.o                     26
    copy_init3.o                48
    cstartup_M.o                12
    data_init.o                 40
    memchr.o                    24
    strchr.o                    20
    strcpy.o                    16
    strlen.o                    16
    zero_init3.o                60
    ------------------------------------------------
    Total:                     828

shb_l.a: [6]
    exit.o                      20
    ------------------------------------------------
    Total:                      20

    Linker created                       36    1 024
----------------------------------------------------
    Grand Total:            25 322    4 762    4 735


*******************************************************************************
*** ENTRY LIST
***

Entry                      Address   Size  Type      Object
-----                      -------   ----  ----      ------
.iar.init_table$$Base   0x08006b98          --   Gb  - Linker created -
.iar.init_table$$Limit  0x08006bbc          --   Gb  - Linker created -
?main                   0x08006f3d         Code  Gb  cmain.o [5]
ADC1_IRQHandler         0x08004fa5   0x82  Code  Gb  adc.o [1]
CSTACK$$Base            0x20000008          --   Gb  - Linker created -
CSTACK$$Limit           0x20000408          --   Gb  - Linker created -
EXTI4_15_IRQHandler     0x080047ad   0x22  Code  Gb  power.o [1]
I2C1_IRQHandler         0x0800229d    0x2  Code  Gb  i2c.o [1]
I2CRx                   0x08001fed   0xec  Code  Gb  i2c.o [1]
I2CRxInit               0x08001f55   0x98  Code  Gb  i2c.o [1]
I2CTx                   0x08002191   0xec  Code  Gb  i2c.o [1]
I2CTxInit               0x080020d9   0x96  Code  Gb  i2c.o [1]
LoadInt                 0x0800286d   0x68  Code  Lc  xprintflarge_nomb.o [3]
NULL_MENU               0x08006f20   0x1c  Data  Gb  microMenu.o [1]
NULL_PRM                0x0800720c   0x18  Data  Gb  microMenu.o [1]
NVIC_DisableIRQ         0x08004e73    0xe  Code  Lc  adc.o [1]
NVIC_DisableIRQ         0x0800499b    0xe  Code  Lc  IR.o [1]
NVIC_DisableIRQ         0x0800471b    0xe  Code  Lc  power.o [1]
NVIC_EnableIRQ          0x08004e65    0xe  Code  Lc  adc.o [1]
NVIC_EnableIRQ          0x0800498d    0xe  Code  Lc  IR.o [1]
NVIC_EnableIRQ          0x0800470d    0xe  Code  Lc  power.o [1]
NVIC_SetPriority        0x08004e81   0x84  Code  Lc  adc.o [1]
NVIC_SetPriority        0x080049a9   0x84  Code  Lc  IR.o [1]
NVIC_SetPriority        0x08004729   0x84  Code  Lc  power.o [1]
PI_DIV_4                0x08007520    0x4  Data  Lc  fix16_trig.o [1]
Region$$Table$$Base     0x08006b98          --   Gb  - Linker created -
Region$$Table$$Limit    0x08006bbc          --   Gb  - Linker created -
SystemInit              0x08006a35   0x68  Code  Gb  system_stm32f0xx.o [1]
THREE_PI_DIV_4          0x08007524    0x4  Data  Lc  fix16_trig.o [1]
TIM2_IRQHandler         0x08004ba9  0x28a  Code  Gb  IR.o [1]
_GenldLargeNoMb         0x08002ce9  0x29a  Code  Lc  xprintflarge_nomb.o [3]
_LdtobLargeNoMb         0x08002a01  0x2b0  Code  Lc  xprintflarge_nomb.o [3]
_LitobLargeNoMb         0x080028d5  0x12a  Code  Lc  xprintflarge_nomb.o [3]
_PrintfLargeNoMb        0x080022ad  0x5c0  Code  Gb  xprintflarge_nomb.o [3]
_PutcharsLargeNoMb      0x08002f83   0x30  Code  Lc  xprintflarge_nomb.o [3]
_SProut                 0x0800229f    0xa  Code  Gb  xsprout.o [3]
__ICFEDIT_region_RAM_end__ {Abs}
                        0x200017ff         Data  Gb  command line/config [2]
__ICFEDIT_region_RAM_start__ {Abs}
                        0x20000000         Data  Gb  command line/config [2]
__aeabi_cdcmple         0x080030a9         Code  Gb  DblCmpLe.o [4]
__aeabi_cfcmple         0x08005ed5         Code  Gb  FltCmpLe.o [4]
__aeabi_cfrcmple        0x08005efd         Code  Gb  FltCmpGe.o [4]
__aeabi_d2uiz           0x08003321         Code  Gb  DblToI32.o [4]
__aeabi_ddiv            0x0800325f         Code  Gb  DblDiv.o [4]
__aeabi_dmul            0x080030db         Code  Gb  DblMul.o [4]
__aeabi_dsub            0x0800342b         Code  Gb  DblAddSub.o [4]
__aeabi_f2iz            0x08005cd1         Code  Gb  FltToS32.o [4]
__aeabi_fadd            0x08005d0b         Code  Gb  FltAddSub.o [4]
__aeabi_fdiv            0x08005e2b         Code  Gb  FltDiv.o [4]
__aeabi_fmul            0x08005c1f         Code  Gb  FltMul.o [4]
__aeabi_fsub            0x08005d7b         Code  Gb  FltAddSub.o [4]
__aeabi_i2f             0x08005bed         Code  Gb  I32ToFlt.o [4]
__aeabi_idiv            0x08001d4d         Code  Gb  I32DivModFast.o [5]
__aeabi_idiv0           0x080022a9         Code  Gb  IntDivZer.o [5]
__aeabi_idivmod         0x08001d4d         Code  Gb  I32DivModFast.o [5]
__aeabi_ldiv0           0x08003539         Code  Gb  I64DivZer.o [5]
__aeabi_lmul            0x08005bb9         Code  Gb  I64Mul.o [5]
__aeabi_memcpy          0x0800304d         Code  Gb  ABImemcpy.o [5]
__aeabi_memset          0x08000f35         Code  Gb  ABImemset.o [5]
__aeabi_ui2d            0x08003351         Code  Gb  I32ToDbl.o [4]
__aeabi_uidiv           0x08001d53         Code  Gb  I32DivModFast.o [5]
__aeabi_uidivmod        0x08001d53         Code  Gb  I32DivModFast.o [5]
__aeabi_uldivmod        0x08002fe3         Code  Gb  I64DivMod.o [5]
__cmain                 0x08006f3d         Code  Gb  cmain.o [5]
__exit                  0x08006f71   0x14  Code  Gb  exit.o [6]
__iar_FDtest            0x08005f25   0x22  Code  Gb  xfdtest.o [4]
__iar_Memchr            0x08002fcb   0x18  Code  Gb  memchr.o [5]
__iar_Memset4_word      0x08000f55         Code  Gb  ABImemset.o [5]
__iar_Memset_word       0x08000f41         Code  Gb  ABImemset.o [5]
__iar_Strchr            0x08002fb7   0x14  Code  Gb  strchr.o [5]
__iar_copy_init3        0x08006b41   0x30  Code  Gb  copy_init3.o [5]
__iar_d2uiz             0x08003325         Code  Gb  DblToI32.o [4]
__iar_data_init3        0x08006b71   0x28  Code  Gb  data_init.o [5]
__iar_program_start     0x08007485         Code  Gb  cstartup_M.o [5]
__iar_ui2d              0x08003355         Code  Gb  I32ToDbl.o [4]
__iar_ui2f              0x08005c05         Code  Gb  I32ToFlt.o [4]
__iar_zero_init3        0x08006b05   0x3c  Code  Gb  zero_init3.o [5]
__low_level_init        0x08006f57    0x4  Code  Gb  low_level_init.o [3]
__vector_table          0x08000000         Data  Gb  startup_stm32f042x6.o [1]
_call_main              0x08006f49         Code  Gb  cmain.o [5]
_exit                   0x08006f65         Code  Gb  cexit.o [5]
_main                   0x08006f53         Code  Gb  cmain.o [5]
aboutParser             0x08007547    0x2  Code  Gb  menuFunctions.o [1]
abs                     0x08001e55    0x8  Code  Gb  abs.o [3]
accel                   0x20001204   0x18  Data  Gb  lis3.o [1]
adcData                 0x20001274    0x4  Data  Gb  adc.o [1]
adcDeinit               0x08004f05   0x24  Code  Gb  adc.o [1]
adcInit                 0x08004f29   0x7c  Code  Gb  adc.o [1]
battCalc                0x08006549  0x1c0  Code  Gb  battery.o [1]
battCalc::percFlag      0x2000127e    0x1  Data  Lc  battery.o [1]
battery                 0x200011d0   0x1c  Data  Gb  battery.o [1]
btnCntsClr              0x08006251   0x1a  Code  Gb  buttons.o [1]
buttons                 0x2000125c    0x8  Data  Gb  buttons.o [1]
chrgSym                 0x080074c0    0x8  Data  Gb  ssdGraph.o [1]
chrono                  0x20000d94  0x22c  Data  Gb  chrono.o [1]
chrono_run              0x080041c1  0x4f6  Code  Gb  chrono.o [1]
clz                     0x080057c5   0x2c  Code  Lc  fix16.o [1]
currMenuItem            0x20000004    0x4  Data  Gb  microMenu.o [1]
deInitIR                0x08004b17   0x4a  Code  Gb  IR.o [1]
delay_us                0x08001e5d   0x60  Code  Gb  delay.o [1]
div                     0x08003519   0x20  Code  Gb  div.o [3]
drawChrScr              0x080038c5  0x1da  Code  Gb  system.o [1]
drawDisplay             0x08006405   0xbc  Code  Gb  main.o [1]
drawHybrScr             0x080036c9  0x1ce  Code  Gb  system.o [1]
drawIncScr              0x08003aad   0xe4  Code  Gb  system.o [1]
drawMenu                0x0800353d  0x182  Code  Gb  system.o [1]
exeConfirm              0x08000675   0x38  Code  Gb  microMenu.o [1]
exit                    0x08006f5b    0x8  Code  Gb  exit.o [3]
fix16_add               0x08005739   0x24  Code  Gb  fix16.o [1]
fix16_atan              0x080059a3   0x10  Code  Gb  fix16_trig.o [1]
fix16_atan2             0x080058fd   0xa6  Code  Gb  fix16_trig.o [1]
fix16_div               0x080057f1  0x104  Code  Gb  fix16.o [1]
fix16_min               0x08007518    0x4  Data  Lc  fix16.o [1]
fix16_mul               0x0800575d   0x68  Code  Gb  fix16.o [1]
fix16_one               0x08007528    0x4  Data  Lc  fix16_trig.o [1]
fix16_one               0x0800752c    0x4  Data  Lc  lis3.o [1]
fix16_overflow          0x0800751c    0x4  Data  Lc  fix16.o [1]
font12x16               0x08006708  0x198  Data  Gb  ssdFonts.o [1]
font6x8                 0x08003bc0  0x600  Data  Gb  ssdFonts.o [1]
getNavEvent             0x08005f49  0x2f8  Code  Gb  buttons.o [1]
gppin_init              0x08005097  0x1cc  Code  Gb  gpio.o [1]
infoTxtSplit            0x08000825  0x112  Code  Gb  microMenu.o [1]
infoWndRun              0x08000941   0x84  Code  Gb  microMenu.o [1]
initClocks              0x080048ed   0xa0  Code  Gb  clock.o [1]
initGpios               0x0800505d   0x3a  Code  Gb  gpio.o [1]
initI2C1                0x08001ebd   0x98  Code  Gb  i2c.o [1]
initIRConfig            0x08004a2d   0xea  Code  Gb  IR.o [1]
initPeriphs             0x080048d1   0x1c  Code  Gb  power.o [1]
irRxData                0x20001234   0x14  Data  Gb  IR.o [1]
kalman                  0x20001138   0x5c  Data  Gb  filter.o [1]
kalmanAccCorr           0x080059e9  0x186  Code  Gb  filter.o [1]
lis3AxisCal             0x20001248   0x14  Data  Gb  lis3.o [1]
lis3_getXYZ             0x08005323   0x40  Code  Gb  lis3.o [1]
lis3_read               0x080052e5   0x3e  Code  Gb  lis3.o [1]
lis3_write              0x080052b9   0x2c  Code  Gb  lis3.o [1]
lis3init                0x0800527d   0x3c  Code  Gb  lis3.o [1]
lpf                     0x08005b6f   0x2e  Code  Gb  filter.o [1]
lpf::Dacc               0x20001278    0x4  Data  Lc  filter.o [1]
lpf::Dout               0x2000127c    0x2  Data  Lc  filter.o [1]
lpfAccPrim              0x080059c5   0x24  Code  Gb  filter.o [1]
lpfPrim                 0x200011ec   0x18  Data  Gb  filter.o [1]
main                    0x0800627d  0x16e  Code  Gb  main.o [1]
meas                    0x20001264    0x8  Data  Gb  inclinometer.o [1]
menu                    0x20000408  0x588  Data  Gb  microMenu.o [1]
menuFolder              0x080073e0   0x10  Data  Gb  ssdGraph.o [1]
menuScroll              0x08007540    0x4  Data  Gb  ssdGraph.o [1]
menu_getCurrItem        0x080000c1    0x6  Code  Gb  microMenu.o [1]
menu_msgClr             0x080001e3    0xe  Code  Gb  microMenu.o [1]
menu_navigate           0x080000c7   0xe0  Code  Gb  microMenu.o [1]
menu_putInfoWnd         0x0800023f   0x90  Code  Gb  microMenu.o [1]
menu_putMsg             0x080001a7   0x3c  Code  Gb  microMenu.o [1]
menu_putParWnd          0x080001f1   0x4e  Code  Gb  microMenu.o [1]
menu_putTxtEditWnd      0x080002dd   0x48  Code  Gb  microMenu.o [1]
menu_putTxtParSelWnd    0x0800032d   0x44  Code  Gb  microMenu.o [1]
menu_pwrSw              0x0800037d   0x36  Code  Gb  microMenu.o [1]
menu_run                0x080003c5   0x80  Code  Gb  microMenu.o [1]
msgRun                  0x08000eb9   0x2e  Code  Gb  microMenu.o [1]
navDisp                 0x08000491   0xbc  Code  Gb  microMenu.o [1]
navMenu                 0x08000579   0xd8  Code  Gb  microMenu.o [1]
navPwrOff               0x0800047d   0x14  Code  Gb  microMenu.o [1]
pabout                  0x08006f9c   0x18  Data  Gb  main.o [1]
parWndRun               0x08000e05   0xb4  Code  Gb  microMenu.o [1]
pcc                     0x08007014   0x18  Data  Gb  main.o [1]
pchrbnd                 0x08007044   0x18  Data  Gb  main.o [1]
pdb10edit               0x08007134   0x18  Data  Gb  main.o [1]
pdb11edit               0x0800714c   0x18  Data  Gb  main.o [1]
pdb12edit               0x08007164   0x18  Data  Gb  main.o [1]
pdb13edit               0x0800717c   0x18  Data  Gb  main.o [1]
pdb14edit               0x08007194   0x18  Data  Gb  main.o [1]
pdb15edit               0x080071ac   0x18  Data  Gb  main.o [1]
pdb1edit                0x0800705c   0x18  Data  Gb  main.o [1]
pdb2edit                0x08007074   0x18  Data  Gb  main.o [1]
pdb3edit                0x0800708c   0x18  Data  Gb  main.o [1]
pdb4edit                0x080070a4   0x18  Data  Gb  main.o [1]
pdb5edit                0x080070bc   0x18  Data  Gb  main.o [1]
pdb6edit                0x080070d4   0x18  Data  Gb  main.o [1]
pdb7edit                0x080070ec   0x18  Data  Gb  main.o [1]
pdb8edit                0x08007104   0x18  Data  Gb  main.o [1]
pdb9edit                0x0800711c   0x18  Data  Gb  main.o [1]
pellets                 0x20000fc0  0x178  Data  Gb  chrono.o [1]
pigc                    0x080071f4   0x18  Data  Gb  main.o [1]
pinNum                  0x20000000    0x4  Data  Gb  gpio.o [1]
pinsMode                0x08006974   0xc0  Data  Gb  gpio.o [1]
pioc                    0x080071dc   0x18  Data  Gb  main.o [1]
pmode                   0x08006fcc   0x18  Data  Gb  main.o [1]
power                   0x2000126c    0x8  Data  Gb  power.o [1]
powerOff                0x0800485d   0x32  Code  Gb  power.o [1]
powerOn                 0x0800484b   0x12  Code  Gb  power.o [1]
powerTimRst             0x0800488f    0x8  Code  Gb  power.o [1]
ppot                    0x08006fe4   0x18  Data  Gb  main.o [1]
prgb                    0x080071c4   0x18  Data  Gb  main.o [1]
psd                     0x0800702c   0x18  Data  Gb  main.o [1]
psinfo                  0x08006fb4   0x18  Data  Gb  main.o [1]
pstats                  0x08006f84   0x18  Data  Gb  main.o [1]
pswres                  0x08006ffc   0x18  Data  Gb  main.o [1]
putConfirm              0x08000651   0x18  Code  Gb  microMenu.o [1]
q16TiltCalc             0x08005363   0x48  Code  Gb  lis3.o [1]
rabout                  0x08006bf4   0x1c  Data  Gb  main.o [1]
rservice                0x08006c10   0x1c  Data  Gb  main.o [1]
rsetts                  0x08006bd8   0x1c  Data  Gb  main.o [1]
rstats                  0x08006bbc   0x1c  Data  Gb  main.o [1]
scbind                  0x08006d0c   0x1c  Data  Gb  main.o [1]
scclipc                 0x08006cb8   0x1c  Data  Gb  main.o [1]
scdist                  0x08006cf0   0x1c  Data  Gb  main.o [1]
schrono                 0x08006c48   0x1c  Data  Gb  main.o [1]
scpeldb                 0x08006cd4   0x1c  Data  Gb  main.o [1]
setParEdit              0x080006c1  0x15c  Code  Gb  microMenu.o [1]
sibrdr                  0x08006ecc   0x1c  Data  Gb  main.o [1]
sigacal                 0x08006f04   0x1c  Data  Gb  main.o [1]
sincline                0x08006c64   0x1c  Data  Gb  main.o [1]
siofcal                 0x08006ee8   0x1c  Data  Gb  main.o [1]
smode                   0x08006c2c   0x1c  Data  Gb  main.o [1]
spdbp1                  0x08006d28   0x1c  Data  Gb  main.o [1]
spdbp10                 0x08006e24   0x1c  Data  Gb  main.o [1]
spdbp11                 0x08006e40   0x1c  Data  Gb  main.o [1]
spdbp12                 0x08006e5c   0x1c  Data  Gb  main.o [1]
spdbp13                 0x08006e78   0x1c  Data  Gb  main.o [1]
spdbp14                 0x08006e94   0x1c  Data  Gb  main.o [1]
spdbp15                 0x08006eb0   0x1c  Data  Gb  main.o [1]
spdbp2                  0x08006d44   0x1c  Data  Gb  main.o [1]
spdbp3                  0x08006d60   0x1c  Data  Gb  main.o [1]
spdbp4                  0x08006d7c   0x1c  Data  Gb  main.o [1]
spdbp5                  0x08006d98   0x1c  Data  Gb  main.o [1]
spdbp6                  0x08006db4   0x1c  Data  Gb  main.o [1]
spdbp7                  0x08006dd0   0x1c  Data  Gb  main.o [1]
spdbp8                  0x08006dec   0x1c  Data  Gb  main.o [1]
spdbp9                  0x08006e08   0x1c  Data  Gb  main.o [1]
spofft                  0x08006c80   0x1c  Data  Gb  main.o [1]
sprintf                 0x08001e01   0x38  Code  Gb  sprintf.o [3]
ssdBatt                 0x080073f0   0x10  Data  Gb  ssdGraph.o [1]
ssdVideoBff             0x20000990  0x404  Data  Gb  ug2864.o [1]
ssd_clearVidBff         0x08001b45   0x16  Code  Gb  ug2864.o [1]
ssd_clrAreaBff          0x08001b61   0x68  Code  Gb  ug2864.o [1]
ssd_putBatt             0x08001811  0x100  Code  Gb  ug2864.o [1]
ssd_putChar12x16        0x08001911   0xf4  Code  Gb  ug2864.o [1]
ssd_putChar6x8          0x08001a29   0x5a  Code  Gb  ug2864.o [1]
ssd_putInfoTxtWnd       0x08000f85  0x15a  Code  Gb  ug2864.o [1]
ssd_putMessage          0x08001345   0xb8  Code  Gb  ug2864.o [1]
ssd_putParWnd           0x08001229   0xfc  Code  Gb  ug2864.o [1]
ssd_putPitchBar         0x080016a1  0x16c  Code  Gb  ug2864.o [1]
ssd_putRollBar          0x0800144d  0x24c  Code  Gb  ug2864.o [1]
ssd_putString12x16      0x08001a05   0x24  Code  Gb  ug2864.o [1]
ssd_putString6x8        0x08001a83   0x24  Code  Gb  ug2864.o [1]
ssd_putTxtEditWnd       0x080010df   0xae  Code  Gb  ug2864.o [1]
ssd_putTxtParSelWnd     0x0800118d   0x8c  Code  Gb  ug2864.o [1]
ssd_setpix              0x08001aa7   0x9e  Code  Gb  ug2864.o [1]
stats                   0x2000121c   0x18  Data  Gb  system.o [1]
statsParser             0x08007545    0x2  Code  Gb  menuFunctions.o [1]
statsTxt                0x080068a0   0xd4  Data  Gb  menuFunctions.o [1]
stopModeConfig          0x080047cf   0x7c  Code  Gb  power.o [1]
strcat                  0x08001e39   0x1c  Code  Gb  strcat.o [3]
strcpy                  0x08000f15         Code  Gb  strcpy.o [5]
strlen                  0x08000f25   0x10  Code  Gb  strlen.o [5]
swrst                   0x08006c9c   0x1c  Data  Gb  main.o [1]
sync                    0x08005633   0xce  Code  Gb  sync.o [1]
syncInit                0x080055d9   0x5a  Code  Gb  sync.o [1]
sysPars                 0x20001194   0x3c  Data  Gb  system.o [1]
trxAccData              0x080053b9  0x1ea  Code  Gb  lis3.o [1]
txtEditWndRun           0x08000ac5  0x330  Code  Gb  microMenu.o [1]
txtParSelWndRun         0x080009c5   0xbc  Code  Gb  microMenu.o [1]
ug2864_com              0x08001cb3   0x2c  Code  Gb  ug2864.o [1]
ug2864_refresh          0x08001cdf   0x20  Code  Gb  ug2864.o [1]
ug2864init              0x08001c01   0xb2  Code  Gb  ug2864.o [1]
ug2864off               0x08001bd5   0x16  Code  Gb  ug2864.o [1]
ug2864on                0x08001beb   0x16  Code  Gb  ug2864.o [1]


[1] = C:\Users\4eef\Projects\chronograph-plus\SW\Chrono-Terminal-V1.0\firmware\PROJ_DIR\Debug\Obj
[2] = command line
[3] = dl6M_tln.a
[4] = m6M_tl.a
[5] = rt6M_tl.a
[6] = shb_l.a

  25 322 bytes of readonly  code memory
   4 762 bytes of readonly  data memory
   4 735 bytes of readwrite data memory

Errors: none
Warnings: none
