###############################################################################
#
# IAR ELF Linker V7.80.2.11947/W32 for ARM                20/Sep/2018  23:09:37
# Copyright 2007-2016 IAR Systems AB.
#
#    Output file  =  
#        C:\Users\4eef\Projects\Chronograph+\SW\Chrono-Terminal-V1.0\firmware\PROJ_DIR\Debug\Exe\Chrono-Terminal-V1.0.out
#    Map file     =  
#        C:\Users\4eef\Projects\Chronograph+\SW\Chrono-Terminal-V1.0\firmware\PROJ_DIR\Debug\List\Chrono-Terminal-V1.0.map
#    Command line =  
#        C:\Users\4eef\Projects\Chronograph+\SW\Chrono-Terminal-V1.0\firmware\PROJ_DIR\Debug\Obj\adc.o
#        C:\Users\4eef\Projects\Chronograph+\SW\Chrono-Terminal-V1.0\firmware\PROJ_DIR\Debug\Obj\battery.o
#        C:\Users\4eef\Projects\Chronograph+\SW\Chrono-Terminal-V1.0\firmware\PROJ_DIR\Debug\Obj\buttons.o
#        C:\Users\4eef\Projects\Chronograph+\SW\Chrono-Terminal-V1.0\firmware\PROJ_DIR\Debug\Obj\clock.o
#        C:\Users\4eef\Projects\Chronograph+\SW\Chrono-Terminal-V1.0\firmware\PROJ_DIR\Debug\Obj\delay.o
#        C:\Users\4eef\Projects\Chronograph+\SW\Chrono-Terminal-V1.0\firmware\PROJ_DIR\Debug\Obj\filter.o
#        C:\Users\4eef\Projects\Chronograph+\SW\Chrono-Terminal-V1.0\firmware\PROJ_DIR\Debug\Obj\fix16.o
#        C:\Users\4eef\Projects\Chronograph+\SW\Chrono-Terminal-V1.0\firmware\PROJ_DIR\Debug\Obj\fix16_exp.o
#        C:\Users\4eef\Projects\Chronograph+\SW\Chrono-Terminal-V1.0\firmware\PROJ_DIR\Debug\Obj\fix16_sqrt.o
#        C:\Users\4eef\Projects\Chronograph+\SW\Chrono-Terminal-V1.0\firmware\PROJ_DIR\Debug\Obj\fix16_trig.o
#        C:\Users\4eef\Projects\Chronograph+\SW\Chrono-Terminal-V1.0\firmware\PROJ_DIR\Debug\Obj\fract32.o
#        C:\Users\4eef\Projects\Chronograph+\SW\Chrono-Terminal-V1.0\firmware\PROJ_DIR\Debug\Obj\gpio.o
#        C:\Users\4eef\Projects\Chronograph+\SW\Chrono-Terminal-V1.0\firmware\PROJ_DIR\Debug\Obj\i2c.o
#        C:\Users\4eef\Projects\Chronograph+\SW\Chrono-Terminal-V1.0\firmware\PROJ_DIR\Debug\Obj\IR.o
#        C:\Users\4eef\Projects\Chronograph+\SW\Chrono-Terminal-V1.0\firmware\PROJ_DIR\Debug\Obj\lis3.o
#        C:\Users\4eef\Projects\Chronograph+\SW\Chrono-Terminal-V1.0\firmware\PROJ_DIR\Debug\Obj\main.o
#        C:\Users\4eef\Projects\Chronograph+\SW\Chrono-Terminal-V1.0\firmware\PROJ_DIR\Debug\Obj\MicroMenu.o
#        C:\Users\4eef\Projects\Chronograph+\SW\Chrono-Terminal-V1.0\firmware\PROJ_DIR\Debug\Obj\power.o
#        C:\Users\4eef\Projects\Chronograph+\SW\Chrono-Terminal-V1.0\firmware\PROJ_DIR\Debug\Obj\ssdFonts.o
#        C:\Users\4eef\Projects\Chronograph+\SW\Chrono-Terminal-V1.0\firmware\PROJ_DIR\Debug\Obj\ssdGraph.o
#        C:\Users\4eef\Projects\Chronograph+\SW\Chrono-Terminal-V1.0\firmware\PROJ_DIR\Debug\Obj\startup_stm32f042x6.o
#        C:\Users\4eef\Projects\Chronograph+\SW\Chrono-Terminal-V1.0\firmware\PROJ_DIR\Debug\Obj\sync.o
#        C:\Users\4eef\Projects\Chronograph+\SW\Chrono-Terminal-V1.0\firmware\PROJ_DIR\Debug\Obj\system.o
#        C:\Users\4eef\Projects\Chronograph+\SW\Chrono-Terminal-V1.0\firmware\PROJ_DIR\Debug\Obj\system_stm32f0xx.o
#        C:\Users\4eef\Projects\Chronograph+\SW\Chrono-Terminal-V1.0\firmware\PROJ_DIR\Debug\Obj\ug2864.o
#        C:\Users\4eef\Projects\Chronograph+\SW\Chrono-Terminal-V1.0\firmware\PROJ_DIR\Debug\Obj\uint32.o
#        -o
#        C:\Users\4eef\Projects\Chronograph+\SW\Chrono-Terminal-V1.0\firmware\PROJ_DIR\Debug\Exe\Chrono-Terminal-V1.0.out
#        --redirect _Printf=_PrintfLargeNoMb --map
#        C:\Users\4eef\Projects\Chronograph+\SW\Chrono-Terminal-V1.0\firmware\PROJ_DIR\Debug\List\Chrono-Terminal-V1.0.map
#        --config "C:\Program Files (x86)\IAR Systems\Embedded Workbench
#        7.5\arm\config\linker\ST\stm32f042x6.icf" --semihosting --entry
#        __iar_program_start --vfe
#
###############################################################################

*******************************************************************************
*** RUNTIME MODEL ATTRIBUTES
***

CppFlavor       = *
__SystemLibrary = DLib


*******************************************************************************
*** PLACEMENT SUMMARY
***

"A0":  place at 0x08000000 { ro section .intvec };
"P1":  place in [from 0x08000000 to 0x08007fff] { ro };
"P2":  place in [from 0x20000000 to 0x200017ff] { rw, block CSTACK, block HEAP };
initialize by copy { rw };

  Section            Kind        Address    Size  Object
  -------            ----        -------    ----  ------
"A0":                                       0xc0
  .intvec            ro code  0x08000000    0xc0  startup_stm32f042x6.o [1]
                            - 0x080000c0    0xc0

"P1":                                     0x674a
  .text              ro code  0x080000c0   0xd0a  xprintflarge_nomb.o [3]
  .text              ro code  0x08000dca    0x14  strchr.o [5]
  .text              ro code  0x08000dde    0x10  strlen.o [5]
  .text              ro code  0x08000dee    0x18  memchr.o [5]
  .text              ro code  0x08000e06    0x6a  I64DivMod.o [5]
  .text              ro code  0x08000e70    0x5c  ABImemcpy.o [5]
  .text              ro code  0x08000ecc    0xe0  I32DivModFast.o [5]
  .text              ro code  0x08000fac    0x32  DblCmpLe.o [4]
  .text              ro code  0x08000fde   0x184  DblMul.o [4]
  .text              ro code  0x08001162    0xc2  DblDiv.o [4]
  .text              ro code  0x08001224    0x2e  DblToI32.o [4]
  .text              ro code  0x08001252     0xa  xsprout.o [3]
  .text              ro code  0x0800125c    0x20  I32ToDbl.o [4]
  .text              ro code  0x0800127c   0x1a8  DblAddSub.o [4]
  .text              ro code  0x08001424    0x20  div.o [3]
  .text              ro code  0x08001444     0x2  I64DivZer.o [5]
  .rodata            const    0x08001446     0x2  system.o [1]
  .text              ro code  0x08001448     0x2  IntDivZer.o [5]
  .rodata            const    0x0800144a     0x2  ug2864.o [1]
  .text              ro code  0x0800144c   0xc18  ug2864.o [1]
  .text              ro code  0x08002064    0x38  sprintf.o [3]
  .text              ro code  0x0800209c    0x1c  strcat.o [3]
  .text              ro code  0x080020b8     0x8  abs.o [3]
  .text              ro code  0x080020c0    0x50  ABImemset.o [5]
  .text              ro code  0x08002110    0x60  delay.o [1]
  .text              ro code  0x08002170   0x3e2  i2c.o [1]
  .rodata            const    0x08002552     0x2  ug2864.o [1]
  .text              ro code  0x08002554   0xa50  IR.o [1]
  .text              ro code  0x08002fa4   0x8fc  MicroMenu.o [1]
  .text              ro code  0x080038a0   0x1d8  power.o [1]
  .text              ro code  0x08003a78   0x71c  system.o [1]
  .text              ro code  0x08004194    0x10  strcpy.o [5]
  .text              ro code  0x080041a4    0xa0  clock.o [1]
  .text              ro code  0x08004244   0x1f8  adc.o [1]
  .text              ro code  0x0800443c   0x220  gpio.o [1]
  .text              ro code  0x0800465c   0x360  lis3.o [1]
  .text              ro code  0x080049bc   0x164  sync.o [1]
  .text              ro code  0x08004b20   0x1c4  fix16.o [1]
  .text              ro code  0x08004ce4    0xc8  fix16_trig.o [1]
  .text              ro code  0x08004dac   0x1f4  filter.o [1]
  .text              ro code  0x08004fa0    0x32  I64Mul.o [5]
  .rodata            const    0x08004fd2     0x2  ug2864.o [1]
  .text              ro code  0x08004fd4    0x32  I32ToFlt.o [4]
  .text              ro code  0x08005006    0xb0  FltMul.o [4]
  .rodata            const    0x080050b6     0x2  ug2864.o [1]
  .text              ro code  0x080050b8    0x3a  FltToS32.o [4]
  .text              ro code  0x080050f2   0x120  FltAddSub.o [4]
  .text              ro code  0x08005212    0xaa  FltDiv.o [4]
  .text              ro code  0x080052bc    0x26  FltCmpLe.o [4]
  .rodata            const    0x080052e2     0x2  ug2864.o [1]
  .text              ro code  0x080052e4    0x28  FltCmpGe.o [4]
  .text              ro code  0x0800530c    0x22  xfdtest.o [4]
  .rodata            const    0x0800532e     0x2  ug2864.o [1]
  .rodata            const    0x08005330   0x600  ssdFonts.o [1]
  .text              ro code  0x08005930   0x334  buttons.o [1]
  .text              ro code  0x08005c64   0x288  main.o [1]
  .text              ro code  0x08005eec   0x1c0  battery.o [1]
  .rodata            const    0x080060ac   0x198  ssdFonts.o [1]
  .rodata            const    0x08006244    0xc0  gpio.o [1]
  .text              ro code  0x08006304    0x94  system_stm32f0xx.o [1]
  .text              ro code  0x08006398    0x3c  startup_stm32f042x6.o [1]
  .text              ro code  0x080063d4    0x3c  zero_init3.o [5]
  .text              ro code  0x08006410    0x30  copy_init3.o [5]
  .text              ro code  0x08006440    0x28  data_init.o [5]
  .iar.init_table    const    0x08006468    0x24  - Linker created -
  .rodata            const    0x0800648c    0x1c  main.o [1]
  .rodata            const    0x080064a8    0x1c  main.o [1]
  .rodata            const    0x080064c4    0x1c  main.o [1]
  .rodata            const    0x080064e0    0x1c  main.o [1]
  .rodata            const    0x080064fc    0x1c  main.o [1]
  .rodata            const    0x08006518    0x1c  MicroMenu.o [1]
  .text              ro code  0x08006534    0x1a  cmain.o [5]
  .text              ro code  0x0800654e     0x4  low_level_init.o [3]
  .text              ro code  0x08006552     0x8  exit.o [3]
  .rodata            const    0x0800655a     0x2  ug2864.o [1]
  .text              ro code  0x0800655c     0xa  cexit.o [5]
  .rodata            const    0x08006566     0x2  ug2864.o [1]
  .text              ro code  0x08006568    0x14  exit.o [6]
  .rodata            const    0x0800657c    0x14  battery.o [1]
  .rodata            const    0x08006590    0x14  main.o [1]
  .rodata            const    0x080065a4    0x14  main.o [1]
  .rodata            const    0x080065b8    0x14  main.o [1]
  .rodata            const    0x080065cc    0x14  MicroMenu.o [1]
  .rodata            const    0x080065e0    0x14  sync.o [1]
  .rodata            const    0x080065f4    0x10  IR.o [1]
  .rodata            const    0x08006604    0x10  IR.o [1]
  .rodata            const    0x08006614    0x10  IR.o [1]
  .rodata            const    0x08006624    0x10  IR.o [1]
  .rodata            const    0x08006634    0x10  main.o [1]
  .rodata            const    0x08006644    0x10  main.o [1]
  .rodata            const    0x08006654    0x10  MicroMenu.o [1]
  .rodata            const    0x08006664    0x10  ssdGraph.o [1]
  .rodata            const    0x08006674    0x10  ssdGraph.o [1]
  .rodata            const    0x08006684    0x10  system.o [1]
  .rodata            const    0x08006694    0x10  system.o [1]
  .rodata            const    0x080066a4     0xc  battery.o [1]
  .rodata            const    0x080066b0     0xc  main.o [1]
  .rodata            const    0x080066bc     0xc  main.o [1]
  .rodata            const    0x080066c8     0xc  main.o [1]
  .rodata            const    0x080066d4     0xc  main.o [1]
  .rodata            const    0x080066e0     0xc  MicroMenu.o [1]
  .rodata            const    0x080066ec     0xc  MicroMenu.o [1]
  .rodata            const    0x080066f8     0xc  MicroMenu.o [1]
  .rodata            const    0x08006704     0xc  system.o [1]
  .rodata            const    0x08006710     0xc  system.o [1]
  .rodata            const    0x0800671c     0xc  system.o [1]
  .text              ro code  0x08006728     0xc  cstartup_M.o [5]
  .rodata            const    0x08006734     0x8  IR.o [1]
  .rodata            const    0x0800673c     0x8  main.o [1]
  .rodata            const    0x08006744     0x8  main.o [1]
  .rodata            const    0x0800674c     0x8  main.o [1]
  .rodata            const    0x08006754     0x8  MicroMenu.o [1]
  .rodata            const    0x0800675c     0x8  MicroMenu.o [1]
  .rodata            const    0x08006764     0x8  ssdGraph.o [1]
  .rodata            const    0x0800676c     0x8  system.o [1]
  .rodata            const    0x08006774     0x8  system.o [1]
  .rodata            const    0x0800677c     0x8  ug2864.o [1]
  .rodata            const    0x08006784     0x8  ug2864.o [1]
  .rodata            const    0x0800678c     0x8  ug2864.o [1]
  .rodata            const    0x08006794     0x8  ug2864.o [1]
  .rodata            const    0x0800679c     0x8  ug2864.o [1]
  .rodata            const    0x080067a4     0x8  xprintflarge_nomb.o [3]
  Initializer bytes  const    0x080067ac     0x8  <for P2-1>
  .rodata            const    0x080067b4     0x4  fix16.o [1]
  .rodata            const    0x080067b8     0x4  fix16.o [1]
  .rodata            const    0x080067bc     0x4  fix16_trig.o [1]
  .rodata            const    0x080067c0     0x4  fix16_trig.o [1]
  .rodata            const    0x080067c4     0x4  fix16_trig.o [1]
  .rodata            const    0x080067c8     0x4  lis3.o [1]
  .rodata            const    0x080067cc     0x4  ssdGraph.o [1]
  .rodata            const    0x080067d0     0x2  ug2864.o [1]
  .text              ro code  0x080067d2     0x2  startup_stm32f042x6.o [1]
  .text              ro code  0x080067d4     0x2  startup_stm32f042x6.o [1]
  .text              ro code  0x080067d6     0x2  startup_stm32f042x6.o [1]
  .text              ro code  0x080067d8     0x2  startup_stm32f042x6.o [1]
  .text              ro code  0x080067da     0x2  startup_stm32f042x6.o [1]
  .text              ro code  0x080067dc     0x2  startup_stm32f042x6.o [1]
  .text              ro code  0x080067de     0x2  startup_stm32f042x6.o [1]
  .text              ro code  0x080067e0     0x2  startup_stm32f042x6.o [1]
  .text              ro code  0x080067e2     0x2  startup_stm32f042x6.o [1]
  .text              ro code  0x080067e4     0x2  startup_stm32f042x6.o [1]
  .text              ro code  0x080067e6     0x2  startup_stm32f042x6.o [1]
  .text              ro code  0x080067e8     0x2  startup_stm32f042x6.o [1]
  .text              ro code  0x080067ea     0x2  startup_stm32f042x6.o [1]
  .text              ro code  0x080067ec     0x2  startup_stm32f042x6.o [1]
  .text              ro code  0x080067ee     0x2  startup_stm32f042x6.o [1]
  .text              ro code  0x080067f0     0x2  startup_stm32f042x6.o [1]
  .text              ro code  0x080067f2     0x2  startup_stm32f042x6.o [1]
  .text              ro code  0x080067f4     0x2  startup_stm32f042x6.o [1]
  .text              ro code  0x080067f6     0x2  startup_stm32f042x6.o [1]
  .text              ro code  0x080067f8     0x2  startup_stm32f042x6.o [1]
  .text              ro code  0x080067fa     0x2  startup_stm32f042x6.o [1]
  .text              ro code  0x080067fc     0x2  startup_stm32f042x6.o [1]
  .text              ro code  0x080067fe     0x2  startup_stm32f042x6.o [1]
  .text              ro code  0x08006800     0x2  startup_stm32f042x6.o [1]
  .text              ro code  0x08006802     0x2  startup_stm32f042x6.o [1]
  .text              ro code  0x08006804     0x2  startup_stm32f042x6.o [1]
  .text              ro code  0x08006806     0x2  startup_stm32f042x6.o [1]
  .text              ro code  0x08006808     0x2  startup_stm32f042x6.o [1]
  .rodata            const    0x0800680a     0x0  zero_init3.o [5]
  .rodata            const    0x0800680a     0x0  copy_init3.o [5]
                            - 0x0800680a  0x674a

"P2", part 1 of 3:                           0x8
  P2-1                        0x20000000     0x8  <Init block>
    .data            inited   0x20000000     0x4  gpio.o [1]
    .data            inited   0x20000004     0x4  MicroMenu.o [1]
                            - 0x20000008     0x8

"P2", part 2 of 3:                         0x400
  CSTACK                      0x20000008   0x400  <Block>
    CSTACK           uninit   0x20000008   0x400  <Block tail>
                            - 0x20000408   0x400

"P2", part 3 of 3:                         0xc64
  .bss               zero     0x20000408   0x404  ug2864.o [1]
  .bss               zero     0x2000080c   0x36c  MicroMenu.o [1]
  .bss               zero     0x20000b78   0x268  system.o [1]
  .bss               zero     0x20000de0   0x17c  system.o [1]
  .bss               zero     0x20000f5c    0x5c  filter.o [1]
  .bss               zero     0x20000fb8    0x3c  system.o [1]
  .bss               zero     0x20000ff4    0x18  filter.o [1]
  .bss               zero     0x2000100c    0x18  lis3.o [1]
  .bss               zero     0x20001024    0x14  IR.o [1]
  .bss               zero     0x20001038    0x14  lis3.o [1]
  .bss               zero     0x2000104c     0x8  buttons.o [1]
  .bss               zero     0x20001054     0x8  power.o [1]
  .bss               zero     0x2000105c     0x4  adc.o [1]
  .bss               zero     0x20001060     0x4  filter.o [1]
  .bss               zero     0x20001064     0x4  main.o [1]
  .bss               zero     0x20001068     0x2  filter.o [1]
  .bss               zero     0x2000106a     0x1  battery.o [1]
                            - 0x2000106b   0xc63


*******************************************************************************
*** INIT TABLE
***

          Address     Size
          -------     ----
Zero (__iar_zero_init3)
    1 destination range, total size 0xc63:
          0x20000408  0xc63

Copy (__iar_copy_init3)
    1 source range, total size 0x8:
          0x080067ac    0x8
    1 destination range, total size 0x8:
          0x20000000    0x8



*******************************************************************************
*** MODULE SUMMARY
***

    Module                 ro code  ro data  rw data
    ------                 -------  -------  -------
C:\Users\4eef\Projects\Chronograph+\SW\Chrono-Terminal-V1.0\firmware\PROJ_DIR\Debug\Obj: [1]
    IR.o                     2 640       72       20
    MicroMenu.o              2 300      120      880
    adc.o                      504                 4
    battery.o                  448       32        1
    buttons.o                  820                 8
    clock.o                    160
    delay.o                     96
    filter.o                   500               122
    fix16.o                    452        8
    fix16_trig.o               200       12
    gpio.o                     544      196        4
    i2c.o                      994
    lis3.o                     864        4       44
    main.o                     648      304        4
    power.o                    472                 8
    ssdFonts.o                        1 944
    ssdGraph.o                           44
    startup_stm32f042x6.o      308
    sync.o                     356       20
    system.o                 1 820       86    1 056
    system_stm32f0xx.o         148
    ug2864.o                 3 096       58    1 028
    ------------------------------------------------
    Total:                  17 370    2 900    3 179

command line: [2]
    ------------------------------------------------
    Total:

dl6M_tln.a: [3]
    abs.o                        8
    div.o                       32
    exit.o                       8
    low_level_init.o             4
    sprintf.o                   56
    strcat.o                    28
    xprintflarge_nomb.o      3 338        8
    xsprout.o                   10
    ------------------------------------------------
    Total:                   3 484        8

m6M_tl.a: [4]
    DblAddSub.o                424
    DblCmpLe.o                  50
    DblDiv.o                   194
    DblMul.o                   388
    DblToI32.o                  46
    FltAddSub.o                288
    FltCmpGe.o                  40
    FltCmpLe.o                  38
    FltDiv.o                   170
    FltMul.o                   176
    FltToS32.o                  58
    I32ToDbl.o                  32
    I32ToFlt.o                  50
    xfdtest.o                   34
    ------------------------------------------------
    Total:                   1 988

rt6M_tl.a: [5]
    ABImemcpy.o                 92
    ABImemset.o                 80
    I32DivModFast.o            224
    I64DivMod.o                106
    I64DivZer.o                  2
    I64Mul.o                    50
    IntDivZer.o                  2
    cexit.o                     10
    cmain.o                     26
    copy_init3.o                48
    cstartup_M.o                12
    data_init.o                 40
    memchr.o                    24
    strchr.o                    20
    strcpy.o                    16
    strlen.o                    16
    zero_init3.o                60
    ------------------------------------------------
    Total:                     828

shb_l.a: [6]
    exit.o                      20
    ------------------------------------------------
    Total:                      20

    Linker created                       36    1 024
----------------------------------------------------
    Grand Total:            23 690    2 944    4 203


*******************************************************************************
*** ENTRY LIST
***

Entry                      Address   Size  Type      Object
-----                      -------   ----  ----      ------
.iar.init_table$$Base   0x08006468          --   Gb  - Linker created -
.iar.init_table$$Limit  0x0800648c          --   Gb  - Linker created -
?main                   0x08006535         Code  Gb  cmain.o [5]
ADC1_IRQHandler         0x08004385   0x82  Code  Gb  adc.o [1]
CSTACK$$Base            0x20000008          --   Gb  - Linker created -
CSTACK$$Limit           0x20000408          --   Gb  - Linker created -
CurrentMenuItem         0x20000004    0x4  Data  Lc  MicroMenu.o [1]
EXTI4_15_IRQHandler     0x08003941   0x22  Code  Gb  power.o [1]
I2C1_IRQHandler         0x08002551    0x2  Code  Gb  i2c.o [1]
I2CRx                   0x080022a1   0xec  Code  Gb  i2c.o [1]
I2CRxInit               0x08002209   0x98  Code  Gb  i2c.o [1]
I2CTx                   0x08002445   0xec  Code  Gb  i2c.o [1]
I2CTxInit               0x0800238d   0x96  Code  Gb  i2c.o [1]
IRRXData                0x20001024   0x14  Data  Gb  IR.o [1]
LoadInt                 0x08000681   0x68  Code  Lc  xprintflarge_nomb.o [3]
Menu_GetCurrentMenu     0x0800376f    0x6  Code  Gb  MicroMenu.o [1]
Menu_Navigate           0x08003785   0xdc  Code  Gb  MicroMenu.o [1]
Menu_infoWndRun         0x080031b9   0x2c  Code  Gb  MicroMenu.o [1]
Menu_navDisp            0x0800306f   0x6e  Code  Gb  MicroMenu.o [1]
Menu_navMenu            0x080030dd   0x9e  Code  Gb  MicroMenu.o [1]
Menu_navPwrOff          0x0800303b   0x34  Code  Gb  MicroMenu.o [1]
Menu_parWndRun          0x08003685   0xbc  Code  Gb  MicroMenu.o [1]
Menu_putMessage         0x08003741   0x2e  Code  Gb  MicroMenu.o [1]
Menu_putTxtParSelWnd    0x080031e5   0x40  Code  Gb  MicroMenu.o [1]
Menu_pwrSw              0x08003019   0x22  Code  Gb  MicroMenu.o [1]
Menu_run                0x08002fa5   0x74  Code  Gb  MicroMenu.o [1]
Menu_setParEdit         0x08003181   0x38  Code  Gb  MicroMenu.o [1]
Menu_txtEditWndRun      0x0800333d  0x338  Code  Gb  MicroMenu.o [1]
Menu_txtParSelWndRun    0x0800322d   0xd2  Code  Gb  MicroMenu.o [1]
NULL_MENU               0x08006518   0x1c  Data  Gb  MicroMenu.o [1]
NULL_PRM                0x080065cc   0x14  Data  Gb  MicroMenu.o [1]
NVIC_DisableIRQ         0x08004253    0xe  Code  Lc  adc.o [1]
NVIC_DisableIRQ         0x08002563    0xe  Code  Lc  IR.o [1]
NVIC_DisableIRQ         0x080038af    0xe  Code  Lc  power.o [1]
NVIC_EnableIRQ          0x08004245    0xe  Code  Lc  adc.o [1]
NVIC_EnableIRQ          0x08002555    0xe  Code  Lc  IR.o [1]
NVIC_EnableIRQ          0x080038a1    0xe  Code  Lc  power.o [1]
NVIC_SetPriority        0x08004261   0x84  Code  Lc  adc.o [1]
NVIC_SetPriority        0x08002571   0x84  Code  Lc  IR.o [1]
NVIC_SetPriority        0x080038bd   0x84  Code  Lc  power.o [1]
PI_DIV_4                0x080067bc    0x4  Data  Lc  fix16_trig.o [1]
Region$$Table$$Base     0x08006468          --   Gb  - Linker created -
Region$$Table$$Limit    0x0800648c          --   Gb  - Linker created -
SystemInit              0x08006305   0x68  Code  Gb  system_stm32f0xx.o [1]
THREE_PI_DIV_4          0x080067c0    0x4  Data  Lc  fix16_trig.o [1]
TIM2_IRQHandler         0x08002ce9  0x28a  Code  Gb  IR.o [1]
_GenldLargeNoMb         0x08000afd  0x29a  Code  Lc  xprintflarge_nomb.o [3]
_LdtobLargeNoMb         0x08000815  0x2b0  Code  Lc  xprintflarge_nomb.o [3]
_LitobLargeNoMb         0x080006e9  0x12a  Code  Lc  xprintflarge_nomb.o [3]
_PrintfLargeNoMb        0x080000c1  0x5c0  Code  Gb  xprintflarge_nomb.o [3]
_PutcharsLargeNoMb      0x08000d97   0x30  Code  Lc  xprintflarge_nomb.o [3]
_SProut                 0x08001253    0xa  Code  Gb  xsprout.o [3]
__ICFEDIT_region_RAM_end__ {Abs}
                        0x200017ff         Data  Gb  command line/config [2]
__ICFEDIT_region_RAM_start__ {Abs}
                        0x20000000         Data  Gb  command line/config [2]
__aeabi_cdcmple         0x08000fad         Code  Gb  DblCmpLe.o [4]
__aeabi_cfcmple         0x080052bd         Code  Gb  FltCmpLe.o [4]
__aeabi_cfrcmple        0x080052e5         Code  Gb  FltCmpGe.o [4]
__aeabi_d2uiz           0x08001225         Code  Gb  DblToI32.o [4]
__aeabi_ddiv            0x08001163         Code  Gb  DblDiv.o [4]
__aeabi_dmul            0x08000fdf         Code  Gb  DblMul.o [4]
__aeabi_dsub            0x08001337         Code  Gb  DblAddSub.o [4]
__aeabi_f2iz            0x080050b9         Code  Gb  FltToS32.o [4]
__aeabi_fadd            0x080050f3         Code  Gb  FltAddSub.o [4]
__aeabi_fdiv            0x08005213         Code  Gb  FltDiv.o [4]
__aeabi_fmul            0x08005007         Code  Gb  FltMul.o [4]
__aeabi_fsub            0x08005163         Code  Gb  FltAddSub.o [4]
__aeabi_i2f             0x08004fd5         Code  Gb  I32ToFlt.o [4]
__aeabi_idiv            0x08000ef9         Code  Gb  I32DivModFast.o [5]
__aeabi_idiv0           0x08001449         Code  Gb  IntDivZer.o [5]
__aeabi_idivmod         0x08000ef9         Code  Gb  I32DivModFast.o [5]
__aeabi_ldiv0           0x08001445         Code  Gb  I64DivZer.o [5]
__aeabi_lmul            0x08004fa1         Code  Gb  I64Mul.o [5]
__aeabi_memcpy          0x08000e71         Code  Gb  ABImemcpy.o [5]
__aeabi_memset          0x080020c1         Code  Gb  ABImemset.o [5]
__aeabi_ui2d            0x0800125d         Code  Gb  I32ToDbl.o [4]
__aeabi_uidiv           0x08000eff         Code  Gb  I32DivModFast.o [5]
__aeabi_uidivmod        0x08000eff         Code  Gb  I32DivModFast.o [5]
__aeabi_uldivmod        0x08000e07         Code  Gb  I64DivMod.o [5]
__cmain                 0x08006535         Code  Gb  cmain.o [5]
__exit                  0x08006569   0x14  Code  Gb  exit.o [6]
__iar_FDtest            0x0800530d   0x22  Code  Gb  xfdtest.o [4]
__iar_Memchr            0x08000def   0x18  Code  Gb  memchr.o [5]
__iar_Memset4_word      0x080020e1         Code  Gb  ABImemset.o [5]
__iar_Memset_word       0x080020cd         Code  Gb  ABImemset.o [5]
__iar_Strchr            0x08000dcb   0x14  Code  Gb  strchr.o [5]
__iar_copy_init3        0x08006411   0x30  Code  Gb  copy_init3.o [5]
__iar_d2uiz             0x08001229         Code  Gb  DblToI32.o [4]
__iar_data_init3        0x08006441   0x28  Code  Gb  data_init.o [5]
__iar_program_start     0x08006729         Code  Gb  cstartup_M.o [5]
__iar_ui2d              0x08001261         Code  Gb  I32ToDbl.o [4]
__iar_ui2f              0x08004fed         Code  Gb  I32ToFlt.o [4]
__iar_zero_init3        0x080063d5   0x3c  Code  Gb  zero_init3.o [5]
__low_level_init        0x0800654f    0x4  Code  Gb  low_level_init.o [3]
__vector_table          0x08000000         Data  Gb  startup_stm32f042x6.o [1]
_call_main              0x08006541         Code  Gb  cmain.o [5]
_exit                   0x0800655d         Code  Gb  cexit.o [5]
_main                   0x0800654b         Code  Gb  cmain.o [5]
about                   0x080064e0   0x1c  Data  Gb  main.o [1]
abs                     0x080020b9    0x8  Code  Gb  abs.o [3]
accel                   0x2000100c   0x18  Data  Gb  lis3.o [1]
adcData                 0x2000105c    0x4  Data  Gb  adc.o [1]
adcDeinit               0x080042e5   0x24  Code  Gb  adc.o [1]
adcInit                 0x08004309   0x7c  Code  Gb  adc.o [1]
battCalc                0x08005eed  0x1c0  Code  Gb  battery.o [1]
battCalc::percFlag      0x2000106a    0x1  Data  Lc  battery.o [1]
btnCntsClr              0x08005c39   0x1a  Code  Gb  buttons.o [1]
buttons                 0x2000104c    0x8  Data  Gb  buttons.o [1]
chrSetsRst              0x08003a79   0x6a  Code  Gb  system.o [1]
chrgSym                 0x08006764    0x8  Data  Gb  ssdGraph.o [1]
clz                     0x08004bad   0x2c  Code  Lc  fix16.o [1]
currMenuItem            0x20001064    0x4  Data  Gb  main.o [1]
deInitIR                0x08002c41   0x4a  Code  Gb  IR.o [1]
delay_us                0x08002111   0x60  Code  Gb  delay.o [1]
div                     0x08001425   0x20  Code  Gb  div.o [3]
drawChrScr              0x08003e89  0x1da  Code  Gb  system.o [1]
drawDisplay             0x08005da9   0xba  Code  Gb  main.o [1]
drawHybrScr             0x08003c91  0x1ce  Code  Gb  system.o [1]
drawIncScr              0x08004075   0xe4  Code  Gb  system.o [1]
drawMenu                0x08003ae3  0x186  Code  Gb  system.o [1]
exit                    0x08006553    0x8  Code  Gb  exit.o [3]
fix16_add               0x08004b21   0x24  Code  Gb  fix16.o [1]
fix16_atan              0x08004d8b   0x10  Code  Gb  fix16_trig.o [1]
fix16_atan2             0x08004ce5   0xa6  Code  Gb  fix16_trig.o [1]
fix16_div               0x08004bd9  0x104  Code  Gb  fix16.o [1]
fix16_min               0x080067b4    0x4  Data  Lc  fix16.o [1]
fix16_mul               0x08004b45   0x68  Code  Gb  fix16.o [1]
fix16_one               0x080067c4    0x4  Data  Lc  fix16_trig.o [1]
fix16_one               0x080067c8    0x4  Data  Lc  lis3.o [1]
fix16_overflow          0x080067b8    0x4  Data  Lc  fix16.o [1]
font12x16               0x080060ac  0x198  Data  Gb  ssdFonts.o [1]
font6x8                 0x08005330  0x600  Data  Gb  ssdFonts.o [1]
getNavEvent             0x08005931  0x2f8  Code  Gb  buttons.o [1]
gppin_init              0x08004477  0x1cc  Code  Gb  gpio.o [1]
hndlIRData              0x08002605  0x52c  Code  Gb  IR.o [1]
initClocks              0x080041a5   0xa0  Code  Gb  clock.o [1]
initGpios               0x0800443d   0x3a  Code  Gb  gpio.o [1]
initI2C1                0x08002171   0x98  Code  Gb  i2c.o [1]
initIRConfig            0x08002b4d   0xea  Code  Gb  IR.o [1]
initPeriphs             0x08003a5d   0x1c  Code  Gb  power.o [1]
kalman                  0x20000f5c   0x5c  Data  Gb  filter.o [1]
kalmanAccCorr           0x08004dd1  0x186  Code  Gb  filter.o [1]
lis3AxisCal             0x20001038   0x14  Data  Gb  lis3.o [1]
lis3_getXYZ             0x08004703   0x40  Code  Gb  lis3.o [1]
lis3_read               0x080046c5   0x3e  Code  Gb  lis3.o [1]
lis3_write              0x08004699   0x2c  Code  Gb  lis3.o [1]
lis3init                0x0800465d   0x3c  Code  Gb  lis3.o [1]
lpf                     0x08004f57   0x2e  Code  Gb  filter.o [1]
lpf::Dacc               0x20001060    0x4  Data  Lc  filter.o [1]
lpf::Dout               0x20001068    0x2  Data  Lc  filter.o [1]
lpfAccPrim              0x08004dad   0x24  Code  Gb  filter.o [1]
lpfPrim                 0x20000ff4   0x18  Data  Gb  filter.o [1]
main                    0x08005c65  0x144  Code  Gb  main.o [1]
meas                    0x20000b78  0x268  Data  Gb  system.o [1]
menu                    0x2000080c  0x36c  Data  Gb  MicroMenu.o [1]
menuFolder              0x08006664   0x10  Data  Gb  ssdGraph.o [1]
menuScroll              0x080067cc    0x4  Data  Gb  ssdGraph.o [1]
mode                    0x0800648c   0x1c  Data  Gb  main.o [1]
pellets                 0x20000de0  0x17c  Data  Gb  system.o [1]
pinNum                  0x20000000    0x4  Data  Gb  gpio.o [1]
pinsMode                0x08006244   0xc0  Data  Gb  gpio.o [1]
power                   0x20001054    0x8  Data  Gb  power.o [1]
powerOff                0x080039df   0x32  Code  Gb  power.o [1]
powerOn                 0x08003a11   0x12  Code  Gb  power.o [1]
q16TiltCalc             0x08004743   0x48  Code  Gb  lis3.o [1]
scrmode                 0x080065b8   0x14  Data  Gb  main.o [1]
service                 0x080064fc   0x1c  Data  Gb  main.o [1]
setts                   0x080064c4   0x1c  Data  Gb  main.o [1]
sprintf                 0x08002065   0x38  Code  Gb  sprintf.o [3]
ssdBatt                 0x08006674   0x10  Data  Gb  ssdGraph.o [1]
ssdVideoBff             0x20000408  0x404  Data  Gb  ug2864.o [1]
ssd_clearVidBff         0x08001e89   0x16  Code  Gb  ug2864.o [1]
ssd_clrAreaBff          0x08001ea5   0x68  Code  Gb  ug2864.o [1]
ssd_putBatt             0x08001b55  0x100  Code  Gb  ug2864.o [1]
ssd_putChar12x16        0x08001c55   0xf4  Code  Gb  ug2864.o [1]
ssd_putChar6x8          0x08001d6d   0x5a  Code  Gb  ug2864.o [1]
ssd_putMessage          0x0800166d   0xd0  Code  Gb  ug2864.o [1]
ssd_putParWnd           0x08001587   0xd8  Code  Gb  ug2864.o [1]
ssd_putPitchBar         0x080019e5  0x16c  Code  Gb  ug2864.o [1]
ssd_putRollBar          0x08001795  0x24c  Code  Gb  ug2864.o [1]
ssd_putString12x16      0x08001d49   0x24  Code  Gb  ug2864.o [1]
ssd_putString6x8        0x08001dc7   0x24  Code  Gb  ug2864.o [1]
ssd_putTxtEditWnd       0x0800144d   0xae  Code  Gb  ug2864.o [1]
ssd_putTxtParSelWnd     0x080014fb   0x8c  Code  Gb  ug2864.o [1]
ssd_setpix              0x08001deb   0x9e  Code  Gb  ug2864.o [1]
stats                   0x080064a8   0x1c  Data  Gb  main.o [1]
stopModeConfig          0x08003963   0x7c  Code  Gb  power.o [1]
strcat                  0x0800209d   0x1c  Code  Gb  strcat.o [3]
strcpy                  0x08004195         Code  Gb  strcpy.o [5]
strlen                  0x08000ddf   0x10  Code  Gb  strlen.o [5]
sync                    0x08004a17   0xce  Code  Gb  sync.o [1]
syncInit                0x080049bd   0x5a  Code  Gb  sync.o [1]
sysPars                 0x20000fb8   0x3c  Data  Gb  system.o [1]
trxAccData              0x08004799  0x1ea  Code  Gb  lis3.o [1]
ug2864_com              0x08001ff7   0x2c  Code  Gb  ug2864.o [1]
ug2864_refresh          0x08002023   0x20  Code  Gb  ug2864.o [1]
ug2864init              0x08001f45   0xb2  Code  Gb  ug2864.o [1]
ug2864off               0x08001f19   0x16  Code  Gb  ug2864.o [1]
ug2864on                0x08001f2f   0x16  Code  Gb  ug2864.o [1]


[1] = C:\Users\4eef\Projects\Chronograph+\SW\Chrono-Terminal-V1.0\firmware\PROJ_DIR\Debug\Obj
[2] = command line
[3] = dl6M_tln.a
[4] = m6M_tl.a
[5] = rt6M_tl.a
[6] = shb_l.a

  23 690 bytes of readonly  code memory
   2 944 bytes of readonly  data memory
   4 203 bytes of readwrite data memory

Errors: none
Warnings: none
