###############################################################################
#
# IAR ELF Linker V7.80.2.11947/W32 for ARM                24/Jan/2017  13:43:14
# Copyright 2007-2016 IAR Systems AB.
#
#    Output file  =  
#        C:\Users\4eef\Projects\Chronograph+\SW\Chrono-Terminal-V1.0\firmware\PROJ_DIR\Debug\Exe\Chrono-Terminal-V1.0.out
#    Map file     =  
#        C:\Users\4eef\Projects\Chronograph+\SW\Chrono-Terminal-V1.0\firmware\PROJ_DIR\Debug\List\Chrono-Terminal-V1.0.map
#    Command line =  
#        C:\Users\4eef\Projects\Chronograph+\SW\Chrono-Terminal-V1.0\firmware\PROJ_DIR\Debug\Obj\adc.o
#        C:\Users\4eef\Projects\Chronograph+\SW\Chrono-Terminal-V1.0\firmware\PROJ_DIR\Debug\Obj\clock.o
#        C:\Users\4eef\Projects\Chronograph+\SW\Chrono-Terminal-V1.0\firmware\PROJ_DIR\Debug\Obj\delay.o
#        C:\Users\4eef\Projects\Chronograph+\SW\Chrono-Terminal-V1.0\firmware\PROJ_DIR\Debug\Obj\filter.o
#        C:\Users\4eef\Projects\Chronograph+\SW\Chrono-Terminal-V1.0\firmware\PROJ_DIR\Debug\Obj\gpio.o
#        C:\Users\4eef\Projects\Chronograph+\SW\Chrono-Terminal-V1.0\firmware\PROJ_DIR\Debug\Obj\i2c.o
#        C:\Users\4eef\Projects\Chronograph+\SW\Chrono-Terminal-V1.0\firmware\PROJ_DIR\Debug\Obj\IR.o
#        C:\Users\4eef\Projects\Chronograph+\SW\Chrono-Terminal-V1.0\firmware\PROJ_DIR\Debug\Obj\lis3.o
#        C:\Users\4eef\Projects\Chronograph+\SW\Chrono-Terminal-V1.0\firmware\PROJ_DIR\Debug\Obj\main.o
#        C:\Users\4eef\Projects\Chronograph+\SW\Chrono-Terminal-V1.0\firmware\PROJ_DIR\Debug\Obj\MicroMenu.o
#        C:\Users\4eef\Projects\Chronograph+\SW\Chrono-Terminal-V1.0\firmware\PROJ_DIR\Debug\Obj\ssdFonts.o
#        C:\Users\4eef\Projects\Chronograph+\SW\Chrono-Terminal-V1.0\firmware\PROJ_DIR\Debug\Obj\ssdGraph.o
#        C:\Users\4eef\Projects\Chronograph+\SW\Chrono-Terminal-V1.0\firmware\PROJ_DIR\Debug\Obj\startup_stm32f042x6.o
#        C:\Users\4eef\Projects\Chronograph+\SW\Chrono-Terminal-V1.0\firmware\PROJ_DIR\Debug\Obj\sync.o
#        C:\Users\4eef\Projects\Chronograph+\SW\Chrono-Terminal-V1.0\firmware\PROJ_DIR\Debug\Obj\system_stm32f0xx.o
#        C:\Users\4eef\Projects\Chronograph+\SW\Chrono-Terminal-V1.0\firmware\PROJ_DIR\Debug\Obj\ug2864.o
#        -o
#        C:\Users\4eef\Projects\Chronograph+\SW\Chrono-Terminal-V1.0\firmware\PROJ_DIR\Debug\Exe\Chrono-Terminal-V1.0.out
#        --redirect _Printf=_PrintfLargeNoMb --map
#        C:\Users\4eef\Projects\Chronograph+\SW\Chrono-Terminal-V1.0\firmware\PROJ_DIR\Debug\List\Chrono-Terminal-V1.0.map
#        --config "C:\Program Files (x86)\IAR Systems\Embedded Workbench
#        7.5\arm\config\linker\ST\stm32f042x6.icf" --semihosting --entry
#        __iar_program_start --vfe
#
###############################################################################

*******************************************************************************
*** RUNTIME MODEL ATTRIBUTES
***

CppFlavor       = *
__SystemLibrary = DLib


*******************************************************************************
*** PLACEMENT SUMMARY
***

"A0":  place at 0x08000000 { ro section .intvec };
"P1":  place in [from 0x08000000 to 0x08007fff] { ro };
"P2":  place in [from 0x20000000 to 0x200017ff] { rw, block CSTACK, block HEAP };
initialize by copy { rw };

  Section            Kind        Address    Size  Object
  -------            ----        -------    ----  ------
"A0":                                       0xc0
  .intvec            ro code  0x08000000    0xc0  startup_stm32f042x6.o [1]
                            - 0x080000c0    0xc0

"P1":                                     0x6018
  .text              ro code  0x080000c0  0x18c8  main.o [1]
  .text              ro code  0x08001988    0x94  clock.o [1]
  .text              ro code  0x08001a1c   0x220  gpio.o [1]
  .text              ro code  0x08001c3c   0x3da  i2c.o [1]
  .text              ro code  0x08002016     0xa  xsprout.o [3]
  .text              ro code  0x08002020   0xa5c  ug2864.o [1]
  .text              ro code  0x08002a7c   0x388  lis3.o [1]
  .text              ro code  0x08002e04   0x47c  IR.o [1]
  .text              ro code  0x08003280    0xbc  sync.o [1]
  .text              ro code  0x0800333c   0x1c0  adc.o [1]
  .text              ro code  0x080034fc    0x10  strcpy.o [5]
  .text              ro code  0x0800350c    0x38  sprintf.o [3]
  .text              ro code  0x08003544   0x104  MicroMenu.o [1]
  .text              ro code  0x08003648    0xe0  I32DivModFast.o [5]
  .text              ro code  0x08003728    0xd8  filter.o [1]
  .text              ro code  0x08003800    0x50  ABImemset.o [5]
  .text              ro code  0x08003850    0x10  strlen.o [5]
  .text              ro code  0x08003860    0xb0  FltMul.o [4]
  .text              ro code  0x08003910   0x116  FltAddSub.o [4]
  .rodata            const    0x08003a26     0x2  main.o [1]
  .text              ro code  0x08003a28    0x20  FltCmpEq.o [4]
  .text              ro code  0x08003a48    0xaa  FltDiv.o [4]
  .rodata            const    0x08003af2     0x2  ug2864.o [1]
  .text              ro code  0x08003af4    0x32  FltToDbl.o [4]
  .rodata            const    0x08003b26     0x2  ug2864.o [1]
  .text              ro code  0x08003b28    0x9c  atan.o [4]
  .text              ro code  0x08003bc4   0x184  DblMul.o [4]
  .text              ro code  0x08003d48    0x62  DblToFlt.o [4]
  .text              ro code  0x08003daa     0x2  startup_stm32f042x6.o [1]
  .text              ro code  0x08003dac    0x34  I32ToDbl.o [4]
  .text              ro code  0x08003de0    0xc2  DblDiv.o [4]
  .text              ro code  0x08003ea2     0x2  startup_stm32f042x6.o [1]
  .text              ro code  0x08003ea4    0x3a  FltToS32.o [4]
  .text              ro code  0x08003ede     0x2  startup_stm32f042x6.o [1]
  .text              ro code  0x08003ee0    0x32  I32ToFlt.o [4]
  .text              ro code  0x08003f12     0x2  startup_stm32f042x6.o [1]
  .text              ro code  0x08003f14    0x28  FltCmpGe.o [4]
  .text              ro code  0x08003f3c    0x60  delay.o [1]
  .text              ro code  0x08003f9c   0xd0a  xprintflarge_nomb.o [3]
  .text              ro code  0x08004ca6     0x2  startup_stm32f042x6.o [1]
  .text              ro code  0x08004ca8     0x2  IntDivZer.o [5]
  .text              ro code  0x08004caa    0x32  DblCmpLe.o [4]
  .text              ro code  0x08004cdc    0x32  DblCmpGe.o [4]
  .text              ro code  0x08004d0e     0x2  startup_stm32f042x6.o [1]
  .text              ro code  0x08004d10   0x1e0  xatan.o [4]
  .text              ro code  0x08004ef0    0x14  strchr.o [5]
  .text              ro code  0x08004f04    0x18  memchr.o [5]
  .text              ro code  0x08004f1c    0x6a  I64DivMod.o [5]
  .text              ro code  0x08004f86     0x2  startup_stm32f042x6.o [1]
  .text              ro code  0x08004f88    0x5c  ABImemcpy.o [5]
  .text              ro code  0x08004fe4    0x2e  DblToI32.o [4]
  .text              ro code  0x08005012   0x1b4  DblAddSub.o [4]
  .text              ro code  0x080051c6    0x20  div.o [3]
  .text              ro code  0x080051e6     0x2  startup_stm32f042x6.o [1]
  .text              ro code  0x080051e8     0x2  I64DivZer.o [5]
  .text              ro code  0x080051ea     0x2  startup_stm32f042x6.o [1]
  .rodata            const    0x080051ec   0x600  ssdFonts.o [1]
  .rodata            const    0x080057ec   0x180  ssdFonts.o [1]
  .rodata            const    0x0800596c    0xc0  gpio.o [1]
  .text              ro code  0x08005a2c    0x94  system_stm32f0xx.o [1]
  .text              ro code  0x08005ac0    0x3c  startup_stm32f042x6.o [1]
  .text              ro code  0x08005afc    0x3c  zero_init3.o [5]
  .text              ro code  0x08005b38    0x30  copy_init3.o [5]
  .rodata            const    0x08005b68    0x2c  main.o [1]
  .rodata            const    0x08005b94    0x2c  main.o [1]
  .rodata            const    0x08005bc0    0x28  main.o [1]
  .rodata            const    0x08005be8    0x28  main.o [1]
  .rodata            const    0x08005c10    0x28  main.o [1]
  .rodata            const    0x08005c38    0x28  main.o [1]
  .rodata            const    0x08005c60    0x28  main.o [1]
  .rodata            const    0x08005c88    0x28  main.o [1]
  .rodata            const    0x08005cb0    0x28  main.o [1]
  .text              ro code  0x08005cd8    0x28  data_init.o [5]
  .rodata            const    0x08005d00    0x24  main.o [1]
  .rodata            const    0x08005d24    0x24  main.o [1]
  .rodata            const    0x08005d48    0x24  main.o [1]
  .rodata            const    0x08005d6c    0x24  main.o [1]
  .rodata            const    0x08005d90    0x24  main.o [1]
  .iar.init_table    const    0x08005db4    0x24  - Linker created -
  .rodata            const    0x08005dd8    0x20  main.o [1]
  .rodata            const    0x08005df8    0x20  main.o [1]
  .rodata            const    0x08005e18    0x20  main.o [1]
  .rodata            const    0x08005e38    0x20  main.o [1]
  .text              ro code  0x08005e58    0x1a  cmain.o [5]
  .text              ro code  0x08005e72     0x4  low_level_init.o [3]
  .text              ro code  0x08005e76     0x8  exit.o [3]
  .text              ro code  0x08005e7e     0x2  startup_stm32f042x6.o [1]
  .text              ro code  0x08005e80     0xa  cexit.o [5]
  .text              ro code  0x08005e8a     0x2  startup_stm32f042x6.o [1]
  .text              ro code  0x08005e8c    0x14  exit.o [6]
  .rodata            const    0x08005ea0    0x18  main.o [1]
  .rodata            const    0x08005eb8    0x18  MicroMenu.o [1]
  .rodata            const    0x08005ed0    0x14  lis3.o [1]
  .rodata            const    0x08005ee4    0x14  main.o [1]
  .rodata            const    0x08005ef8    0x14  main.o [1]
  .rodata            const    0x08005f0c    0x14  main.o [1]
  .rodata            const    0x08005f20    0x14  main.o [1]
  .rodata            const    0x08005f34    0x10  main.o [1]
  .rodata            const    0x08005f44    0x10  main.o [1]
  .rodata            const    0x08005f54    0x10  main.o [1]
  .rodata            const    0x08005f64    0x10  main.o [1]
  .rodata            const    0x08005f74    0x10  main.o [1]
  .rodata            const    0x08005f84    0x10  main.o [1]
  .rodata            const    0x08005f94    0x10  main.o [1]
  .rodata            const    0x08005fa4    0x10  main.o [1]
  .rodata            const    0x08005fb4    0x10  main.o [1]
  .rodata            const    0x08005fc4    0x10  main.o [1]
  .rodata            const    0x08005fd4    0x10  ssdGraph.o [1]
  .rodata            const    0x08005fe4    0x10  ssdGraph.o [1]
  .rodata            const    0x08005ff4     0xc  main.o [1]
  .rodata            const    0x08006000     0xc  main.o [1]
  .rodata            const    0x0800600c     0xc  main.o [1]
  .rodata            const    0x08006018     0xc  main.o [1]
  .rodata            const    0x08006024     0xc  main.o [1]
  .rodata            const    0x08006030     0xc  main.o [1]
  .text              ro code  0x0800603c     0xc  cstartup_M.o [5]
  .rodata            const    0x08006048     0x8  main.o [1]
  .rodata            const    0x08006050     0x8  main.o [1]
  .rodata            const    0x08006058     0x8  main.o [1]
  .rodata            const    0x08006060     0x8  main.o [1]
  .rodata            const    0x08006068     0x8  main.o [1]
  .rodata            const    0x08006070     0x8  main.o [1]
  .rodata            const    0x08006078     0x8  main.o [1]
  .rodata            const    0x08006080     0x8  main.o [1]
  .rodata            const    0x08006088     0x8  main.o [1]
  .rodata            const    0x08006090     0x8  ug2864.o [1]
  .rodata            const    0x08006098     0x8  ug2864.o [1]
  .rodata            const    0x080060a0     0x8  xprintflarge_nomb.o [3]
  Initializer bytes  const    0x080060a8     0x8  <for P2-1>
  .rodata            const    0x080060b0     0x4  ssdGraph.o [1]
  .text              ro code  0x080060b4     0x2  startup_stm32f042x6.o [1]
  .text              ro code  0x080060b6     0x2  startup_stm32f042x6.o [1]
  .text              ro code  0x080060b8     0x2  startup_stm32f042x6.o [1]
  .text              ro code  0x080060ba     0x2  startup_stm32f042x6.o [1]
  .text              ro code  0x080060bc     0x2  startup_stm32f042x6.o [1]
  .text              ro code  0x080060be     0x2  startup_stm32f042x6.o [1]
  .text              ro code  0x080060c0     0x2  startup_stm32f042x6.o [1]
  .text              ro code  0x080060c2     0x2  startup_stm32f042x6.o [1]
  .text              ro code  0x080060c4     0x2  startup_stm32f042x6.o [1]
  .text              ro code  0x080060c6     0x2  startup_stm32f042x6.o [1]
  .text              ro code  0x080060c8     0x2  startup_stm32f042x6.o [1]
  .text              ro code  0x080060ca     0x2  startup_stm32f042x6.o [1]
  .text              ro code  0x080060cc     0x2  startup_stm32f042x6.o [1]
  .text              ro code  0x080060ce     0x2  startup_stm32f042x6.o [1]
  .text              ro code  0x080060d0     0x2  startup_stm32f042x6.o [1]
  .text              ro code  0x080060d2     0x2  startup_stm32f042x6.o [1]
  .text              ro code  0x080060d4     0x2  startup_stm32f042x6.o [1]
  .text              ro code  0x080060d6     0x2  startup_stm32f042x6.o [1]
  .rodata            const    0x080060d8     0x0  zero_init3.o [5]
  .rodata            const    0x080060d8     0x0  copy_init3.o [5]
                            - 0x080060d8  0x6018

"P2", part 1 of 3:                           0x8
  P2-1                        0x20000000     0x8  <Init block>
    .data            inited   0x20000000     0x4  gpio.o [1]
    .data            inited   0x20000004     0x4  MicroMenu.o [1]
                            - 0x20000008     0x8

"P2", part 2 of 3:                         0x400
  CSTACK                      0x20000008   0x400  <Block>
    CSTACK           uninit   0x20000008   0x400  <Block tail>
                            - 0x20000408   0x400

"P2", part 3 of 3:                         0x97c
  .bss               zero     0x20000408   0x404  ug2864.o [1]
  .bss               zero     0x2000080c   0x248  main.o [1]
  .bss               zero     0x20000a54   0x16c  main.o [1]
  .bss               zero     0x20000bc0   0x128  MicroMenu.o [1]
  .bss               zero     0x20000ce8    0x24  lis3.o [1]
  .bss               zero     0x20000d0c    0x1c  filter.o [1]
  .bss               zero     0x20000d28    0x1c  lis3.o [1]
  .bss               zero     0x20000d44    0x14  IR.o [1]
  .bss               zero     0x20000d58     0x4  adc.o [1]
  .bss               zero     0x20000d5c     0x4  filter.o [1]
  .bss               zero     0x20000d60     0x4  filter.o [1]
  .bss               zero     0x20000d64     0x4  filter.o [1]
  .bss               zero     0x20000d68     0x4  filter.o [1]
  .bss               zero     0x20000d6c     0x4  main.o [1]
  .bss               zero     0x20000d70     0x4  main.o [1]
  .bss               zero     0x20000d74     0x4  main.o [1]
  .bss               zero     0x20000d78     0x4  ug2864.o [1]
  .bss               zero     0x20000d7c     0x2  filter.o [1]
  .bss               zero     0x20000d7e     0x2  filter.o [1]
  .bss               zero     0x20000d80     0x2  filter.o [1]
  .bss               zero     0x20000d82     0x2  filter.o [1]
                            - 0x20000d84   0x97c


*******************************************************************************
*** INIT TABLE
***

          Address     Size
          -------     ----
Zero (__iar_zero_init3)
    1 destination range, total size 0x97c:
          0x20000408  0x97c

Copy (__iar_copy_init3)
    1 source range, total size 0x8:
          0x080060a8    0x8
    1 destination range, total size 0x8:
          0x20000000    0x8



*******************************************************************************
*** MODULE SUMMARY
***

    Module                 ro code  ro data  rw data
    ------                 -------  -------  -------
C:\Users\4eef\Projects\Chronograph+\SW\Chrono-Terminal-V1.0\firmware\PROJ_DIR\Debug\Obj: [1]
    IR.o                     1 148                20
    MicroMenu.o                260       28      300
    adc.o                      448                 4
    clock.o                    148
    delay.o                     96
    filter.o                   216                52
    gpio.o                     544      196        4
    i2c.o                      986
    lis3.o                     904       20       64
    main.o                   6 344    1 086      960
    ssdFonts.o                        1 920
    ssdGraph.o                           36
    startup_stm32f042x6.o      310
    sync.o                     188
    system_stm32f0xx.o         148
    ug2864.o                 2 652       20    1 032
    ------------------------------------------------
    Total:                  14 392    3 306    2 436

command line: [2]
    ------------------------------------------------
    Total:

dl6M_tln.a: [3]
    div.o                       32
    exit.o                       8
    low_level_init.o             4
    sprintf.o                   56
    xprintflarge_nomb.o      3 338        8
    xsprout.o                   10
    ------------------------------------------------
    Total:                   3 448        8

m6M_tl.a: [4]
    DblAddSub.o                436
    DblCmpGe.o                  50
    DblCmpLe.o                  50
    DblDiv.o                   194
    DblMul.o                   388
    DblToFlt.o                  98
    DblToI32.o                  46
    FltAddSub.o                278
    FltCmpEq.o                  32
    FltCmpGe.o                  40
    FltDiv.o                   170
    FltMul.o                   176
    FltToDbl.o                  50
    FltToS32.o                  58
    I32ToDbl.o                  52
    I32ToFlt.o                  50
    atan.o                     156
    xatan.o                    480
    ------------------------------------------------
    Total:                   2 804

rt6M_tl.a: [5]
    ABImemcpy.o                 92
    ABImemset.o                 80
    I32DivModFast.o            224
    I64DivMod.o                106
    I64DivZer.o                  2
    IntDivZer.o                  2
    cexit.o                     10
    cmain.o                     26
    copy_init3.o                48
    cstartup_M.o                12
    data_init.o                 40
    memchr.o                    24
    strchr.o                    20
    strcpy.o                    16
    strlen.o                    16
    zero_init3.o                60
    ------------------------------------------------
    Total:                     778

shb_l.a: [6]
    exit.o                      20
    ------------------------------------------------
    Total:                      20

    Linker created                       36    1 024
----------------------------------------------------
    Grand Total:            21 442    3 350    3 460


*******************************************************************************
*** ENTRY LIST
***

Entry                      Address   Size  Type      Object
-----                      -------   ----  ----      ------
.iar.init_table$$Base   0x08005db4          --   Gb  - Linker created -
.iar.init_table$$Limit  0x08005dd8          --   Gb  - Linker created -
?main                   0x08005e59         Code  Gb  cmain.o [5]
ADC1_IRQHandler         0x0800344b   0x82  Code  Gb  adc.o [1]
CSTACK$$Base            0x20000008          --   Gb  - Linker created -
CSTACK$$Limit           0x20000408          --   Gb  - Linker created -
CurrentMenuItem         0x20000d70    0x4  Data  Gb  main.o [1]
CurrentMenuItem         0x20000004    0x4  Data  Lc  MicroMenu.o [1]
I2C1_IRQHandler         0x08002015    0x2  Code  Gb  i2c.o [1]
I2CRx                   0x08001d65   0xec  Code  Gb  i2c.o [1]
I2CRxInit               0x08001ccd   0x98  Code  Gb  i2c.o [1]
I2CTx                   0x08001f09   0xec  Code  Gb  i2c.o [1]
I2CTxInit               0x08001e51   0x96  Code  Gb  i2c.o [1]
IRRXData                0x20000d44   0x14  Data  Gb  IR.o [1]
LoadInt                 0x0800455d   0x68  Code  Lc  xprintflarge_nomb.o [3]
Menu_EnterCurrentItem   0x08003609   0x26  Code  Gb  MicroMenu.o [1]
Menu_GetCurrentMenu     0x08003545    0x6  Code  Gb  MicroMenu.o [1]
Menu_Navigate           0x0800354b   0xbe  Code  Gb  MicroMenu.o [1]
NULL_MENU               0x08005eb8   0x18  Data  Gb  MicroMenu.o [1]
NVIC_EnableIRQ          0x0800333d    0xe  Code  Lc  adc.o [1]
NVIC_EnableIRQ          0x08002e05    0xe  Code  Lc  IR.o [1]
NVIC_SetPriority        0x0800334b   0x84  Code  Lc  adc.o [1]
NVIC_SetPriority        0x08002e13   0x84  Code  Lc  IR.o [1]
Region$$Table$$Base     0x08005db4          --   Gb  - Linker created -
Region$$Table$$Limit    0x08005dd8          --   Gb  - Linker created -
SystemInit              0x08005a2d   0x68  Code  Gb  system_stm32f0xx.o [1]
TIM2_IRQHandler         0x08002fc5  0x28a  Code  Gb  IR.o [1]
_GenldLargeNoMb         0x080049d9  0x29a  Code  Lc  xprintflarge_nomb.o [3]
_LdtobLargeNoMb         0x080046f1  0x2b0  Code  Lc  xprintflarge_nomb.o [3]
_LitobLargeNoMb         0x080045c5  0x12a  Code  Lc  xprintflarge_nomb.o [3]
_PrintfLargeNoMb        0x08003f9d  0x5c0  Code  Gb  xprintflarge_nomb.o [3]
_PutcharsLargeNoMb      0x08004c73   0x30  Code  Lc  xprintflarge_nomb.o [3]
_SProut                 0x08002017    0xa  Code  Gb  xsprout.o [3]
__ICFEDIT_region_RAM_end__ {Abs}
                        0x200017ff         Data  Gb  command line/config [2]
__ICFEDIT_region_RAM_start__ {Abs}
                        0x20000000         Data  Gb  command line/config [2]
__aeabi_cdcmple         0x08004cab         Code  Gb  DblCmpLe.o [4]
__aeabi_cdrcmple        0x08004cdd         Code  Gb  DblCmpGe.o [4]
__aeabi_cfcmpeq         0x08003a29         Code  Gb  FltCmpEq.o [4]
__aeabi_cfrcmple        0x08003f15         Code  Gb  FltCmpGe.o [4]
__aeabi_d2f             0x08003d49         Code  Gb  DblToFlt.o [4]
__aeabi_d2uiz           0x08004fe5         Code  Gb  DblToI32.o [4]
__aeabi_dadd            0x08005013         Code  Gb  DblAddSub.o [4]
__aeabi_ddiv            0x08003de1         Code  Gb  DblDiv.o [4]
__aeabi_dmul            0x08003bc5         Code  Gb  DblMul.o [4]
__aeabi_dsub            0x080050d9         Code  Gb  DblAddSub.o [4]
__aeabi_f2d             0x08003af5         Code  Gb  FltToDbl.o [4]
__aeabi_f2iz            0x08003ea5         Code  Gb  FltToS32.o [4]
__aeabi_fadd            0x08003911         Code  Gb  FltAddSub.o [4]
__aeabi_fdiv            0x08003a49         Code  Gb  FltDiv.o [4]
__aeabi_fmul            0x08003861         Code  Gb  FltMul.o [4]
__aeabi_i2d             0x08003dad         Code  Gb  I32ToDbl.o [4]
__aeabi_i2f             0x08003ee1         Code  Gb  I32ToFlt.o [4]
__aeabi_idiv            0x08003675         Code  Gb  I32DivModFast.o [5]
__aeabi_idiv0           0x08004ca9         Code  Gb  IntDivZer.o [5]
__aeabi_idivmod         0x08003675         Code  Gb  I32DivModFast.o [5]
__aeabi_ldiv0           0x080051e9         Code  Gb  I64DivZer.o [5]
__aeabi_memcpy          0x08004f89         Code  Gb  ABImemcpy.o [5]
__aeabi_memset          0x08003801         Code  Gb  ABImemset.o [5]
__aeabi_ui2d            0x08003dc1         Code  Gb  I32ToDbl.o [4]
__aeabi_uidiv           0x0800367b         Code  Gb  I32DivModFast.o [5]
__aeabi_uidivmod        0x0800367b         Code  Gb  I32DivModFast.o [5]
__aeabi_uldivmod        0x08004f1d         Code  Gb  I64DivMod.o [5]
__cmain                 0x08005e59         Code  Gb  cmain.o [5]
__exit                  0x08005e8d   0x14  Code  Gb  exit.o [6]
__iar_Atan              0x08004d11  0x148  Code  Gb  xatan.o [4]
__iar_Memchr            0x08004f05   0x18  Code  Gb  memchr.o [5]
__iar_Memset4_word      0x08003821         Code  Gb  ABImemset.o [5]
__iar_Memset_word       0x0800380d         Code  Gb  ABImemset.o [5]
__iar_Strchr            0x08004ef1   0x14  Code  Gb  strchr.o [5]
__iar_copy_init3        0x08005b39   0x30  Code  Gb  copy_init3.o [5]
__iar_d2uiz             0x08004fe9         Code  Gb  DblToI32.o [4]
__iar_data_init3        0x08005cd9   0x28  Code  Gb  data_init.o [5]
__iar_program_start     0x0800603d         Code  Gb  cstartup_M.o [5]
__iar_ui2d              0x08003dc5         Code  Gb  I32ToDbl.o [4]
__iar_ui2f              0x08003ef9         Code  Gb  I32ToFlt.o [4]
__iar_zero_init3        0x08005afd   0x3c  Code  Gb  zero_init3.o [5]
__low_level_init        0x08005e73    0x4  Code  Gb  low_level_init.o [3]
__vector_table          0x08000000         Data  Gb  startup_stm32f042x6.o [1]
_call_main              0x08005e65         Code  Gb  cmain.o [5]
_exit                   0x08005e81         Code  Gb  cexit.o [5]
_main                   0x08005e6f         Code  Gb  cmain.o [5]
a                       0x08004eb0   0x40  Data  Lc  xatan.o [4]
about                   0x08005df8   0x20  Data  Gb  main.o [1]
accAxisCal              0x08002bad  0x22e  Code  Gb  lis3.o [1]
accel                   0x20000d28   0x1c  Data  Gb  lis3.o [1]
adcData                 0x20000d58    0x4  Data  Gb  adc.o [1]
adcInit                 0x080033cf   0x7c  Code  Gb  adc.o [1]
atan                    0x08003b29   0x9c  Code  Gb  atan.o [4]
buttonCnts              0x20000d6c    0x4  Data  Gb  main.o [1]
delay_us                0x08003f3d   0x60  Code  Gb  delay.o [1]
display                 0x08005dd8   0x20  Data  Gb  main.o [1]
div                     0x080051c7   0x20  Code  Gb  div.o [3]
drawMainScreen          0x0800163d  0x304  Code  Gb  main.o [1]
drawMenu                0x08001543   0xba  Code  Gb  main.o [1]
exit                    0x08005e77    0x8  Code  Gb  exit.o [3]
font12x16               0x080057ec  0x180  Data  Gb  ssdFonts.o [1]
font6x8                 0x080051ec  0x600  Data  Gb  ssdFonts.o [1]
getButtonState          0x08001191  0x1a6  Code  Gb  main.o [1]
gppin_init              0x08001a57  0x1cc  Code  Gb  gpio.o [1]
initClocks              0x08001989   0x94  Code  Gb  clock.o [1]
initGpios               0x08001a1d   0x3a  Code  Gb  gpio.o [1]
initI2C1                0x08001c3d   0x90  Code  Gb  i2c.o [1]
initIRConfig            0x08002e97   0xea  Code  Gb  IR.o [1]
kalman                  0x20000d0c   0x1c  Data  Gb  filter.o [1]
lis3AxisCal             0x20000ce8   0x24  Data  Gb  lis3.o [1]
lis3_getXYZ             0x08002b23   0x82  Code  Gb  lis3.o [1]
lis3_read               0x08002ae5   0x3e  Code  Gb  lis3.o [1]
lis3_write              0x08002ab9   0x2c  Code  Gb  lis3.o [1]
lis3init                0x08002a7d   0x3c  Code  Gb  lis3.o [1]
lpf                     0x08003729   0x2e  Code  Gb  filter.o [1]
lpf::Dacc               0x20000d5c    0x4  Data  Lc  filter.o [1]
lpf::Dout               0x20000d7c    0x2  Data  Lc  filter.o [1]
lpfx                    0x08003757   0x2e  Code  Gb  filter.o [1]
lpfx::Dacc              0x20000d60    0x4  Data  Lc  filter.o [1]
lpfx::Dout              0x20000d7e    0x2  Data  Lc  filter.o [1]
lpfy                    0x08003785   0x2e  Code  Gb  filter.o [1]
lpfy::Dacc              0x20000d64    0x4  Data  Lc  filter.o [1]
lpfy::Dout              0x20000d80    0x2  Data  Lc  filter.o [1]
lpfz                    0x080037b3   0x2e  Code  Gb  filter.o [1]
lpfz::Dacc              0x20000d68    0x4  Data  Lc  filter.o [1]
lpfz::Dout              0x20000d82    0x2  Data  Lc  filter.o [1]
main                    0x080000c1  0xe84  Code  Gb  main.o [1]
mchron                  0x08005d48   0x24  Data  Gb  main.o [1]
mcommon                 0x08005e18   0x20  Data  Gb  main.o [1]
meas                    0x2000080c  0x248  Data  Gb  main.o [1]
menu                    0x20000bc0  0x128  Data  Gb  MicroMenu.o [1]
menuFolder              0x08005fd4   0x10  Data  Gb  ssdGraph.o [1]
menuScroll              0x080060b0    0x4  Data  Gb  ssdGraph.o [1]
mincline                0x08005c10   0x28  Data  Gb  main.o [1]
mode                    0x08005bc0   0x28  Data  Gb  main.o [1]
modeEdit                0x080010c9   0x72  Code  Gb  main.o [1]
parEdit                 0x08001061   0x54  Code  Gb  main.o [1]
parEditRedir            0x08000f81   0xd2  Code  Gb  main.o [1]
pellets                 0x20000a54  0x16c  Data  Gb  main.o [1]
pinNum                  0x20000000    0x4  Data  Gb  gpio.o [1]
pinsMode                0x0800596c   0xc0  Data  Gb  gpio.o [1]
s16fNorm                0x080013ad   0x3c  Code  Gb  main.o [1]
scbind                  0x08005e38   0x20  Data  Gb  main.o [1]
scdist                  0x08005cb0   0x28  Data  Gb  main.o [1]
schrono                 0x08005d6c   0x24  Data  Gb  main.o [1]
sclipc                  0x08005c38   0x28  Data  Gb  main.o [1]
service                 0x08005be8   0x28  Data  Gb  main.o [1]
setts                   0x08005d24   0x24  Data  Gb  main.o [1]
sibrdr                  0x08005b94   0x2c  Data  Gb  main.o [1]
sical                   0x08005d90   0x24  Data  Gb  main.o [1]
sincline                0x08005c60   0x28  Data  Gb  main.o [1]
sprintf                 0x0800350d   0x38  Code  Gb  sprintf.o [3]
ssdBatt                 0x08005fe4   0x10  Data  Gb  ssdGraph.o [1]
ssdSettings             0x20000d78    0x4  Data  Gb  ug2864.o [1]
ssdVideoBff             0x20000408  0x404  Data  Gb  ug2864.o [1]
ssd_putBatt             0x080025dd   0xb0  Code  Gb  ug2864.o [1]
ssd_putChar12x16        0x08002699   0xf4  Code  Gb  ug2864.o [1]
ssd_putChar6x8          0x080027b1   0x5a  Code  Gb  ug2864.o [1]
ssd_putMenuFolder       0x0800258d   0x50  Code  Gb  ug2864.o [1]
ssd_putMenuScroll       0x0800239d   0xae  Code  Gb  ug2864.o [1]
ssd_putMsgBox           0x080020e9   0x8a  Code  Gb  ug2864.o [1]
ssd_putParBox           0x08002021   0xc0  Code  Gb  ug2864.o [1]
ssd_putPitchBar         0x0800244b  0x13e  Code  Gb  ug2864.o [1]
ssd_putRollBar          0x08002173  0x220  Code  Gb  ug2864.o [1]
ssd_putString12x16      0x0800278d   0x24  Code  Gb  ug2864.o [1]
ssd_putString6x8        0x08002811   0x24  Code  Gb  ug2864.o [1]
ssd_setpix              0x08002835   0xc8  Code  Gb  ug2864.o [1]
ssleep                  0x08005b68   0x2c  Data  Gb  main.o [1]
stats                   0x08005d00   0x24  Data  Gb  main.o [1]
strcpy                  0x080034fd         Code  Gb  strcpy.o [5]
strlen                  0x08003851   0x10  Code  Gb  strlen.o [5]
swusrc                  0x08005c88   0x28  Data  Gb  main.o [1]
sync                    0x080032db   0x3c  Code  Gb  sync.o [1]
syncInit                0x08003281   0x5a  Code  Gb  sync.o [1]
sysPars                 0x20000d74    0x4  Data  Gb  main.o [1]
tiltAngCalc             0x08001345   0x5e  Code  Gb  main.o [1]
trxAccData              0x08001419  0x12a  Code  Gb  main.o [1]
ug2864_com              0x080029af   0x2c  Code  Gb  ug2864.o [1]
ug2864_refresh          0x080029e5   0x76  Code  Gb  ug2864.o [1]
ug2864init              0x08002901   0xae  Code  Gb  ug2864.o [1]


[1] = C:\Users\4eef\Projects\Chronograph+\SW\Chrono-Terminal-V1.0\firmware\PROJ_DIR\Debug\Obj
[2] = command line
[3] = dl6M_tln.a
[4] = m6M_tl.a
[5] = rt6M_tl.a
[6] = shb_l.a

  21 442 bytes of readonly  code memory
   3 350 bytes of readonly  data memory
   3 460 bytes of readwrite data memory

Errors: none
Warnings: none
