###############################################################################
#
# IAR ELF Linker V7.80.2.11947/W32 for ARM                30/Jul/2017  23:58:54
# Copyright 2007-2016 IAR Systems AB.
#
#    Output file  =  
#        C:\Users\4eef\Projects\Chronograph+\SW\Chrono-Terminal-V1.0\firmware\PROJ_DIR\Debug\Exe\Chrono-Terminal-V1.0.out
#    Map file     =  
#        C:\Users\4eef\Projects\Chronograph+\SW\Chrono-Terminal-V1.0\firmware\PROJ_DIR\Debug\List\Chrono-Terminal-V1.0.map
#    Command line =  
#        C:\Users\4eef\Projects\Chronograph+\SW\Chrono-Terminal-V1.0\firmware\PROJ_DIR\Debug\Obj\adc.o
#        C:\Users\4eef\Projects\Chronograph+\SW\Chrono-Terminal-V1.0\firmware\PROJ_DIR\Debug\Obj\battery.o
#        C:\Users\4eef\Projects\Chronograph+\SW\Chrono-Terminal-V1.0\firmware\PROJ_DIR\Debug\Obj\buttons.o
#        C:\Users\4eef\Projects\Chronograph+\SW\Chrono-Terminal-V1.0\firmware\PROJ_DIR\Debug\Obj\clock.o
#        C:\Users\4eef\Projects\Chronograph+\SW\Chrono-Terminal-V1.0\firmware\PROJ_DIR\Debug\Obj\delay.o
#        C:\Users\4eef\Projects\Chronograph+\SW\Chrono-Terminal-V1.0\firmware\PROJ_DIR\Debug\Obj\filter.o
#        C:\Users\4eef\Projects\Chronograph+\SW\Chrono-Terminal-V1.0\firmware\PROJ_DIR\Debug\Obj\fix16.o
#        C:\Users\4eef\Projects\Chronograph+\SW\Chrono-Terminal-V1.0\firmware\PROJ_DIR\Debug\Obj\fix16_exp.o
#        C:\Users\4eef\Projects\Chronograph+\SW\Chrono-Terminal-V1.0\firmware\PROJ_DIR\Debug\Obj\fix16_sqrt.o
#        C:\Users\4eef\Projects\Chronograph+\SW\Chrono-Terminal-V1.0\firmware\PROJ_DIR\Debug\Obj\fix16_trig.o
#        C:\Users\4eef\Projects\Chronograph+\SW\Chrono-Terminal-V1.0\firmware\PROJ_DIR\Debug\Obj\fract32.o
#        C:\Users\4eef\Projects\Chronograph+\SW\Chrono-Terminal-V1.0\firmware\PROJ_DIR\Debug\Obj\gpio.o
#        C:\Users\4eef\Projects\Chronograph+\SW\Chrono-Terminal-V1.0\firmware\PROJ_DIR\Debug\Obj\i2c.o
#        C:\Users\4eef\Projects\Chronograph+\SW\Chrono-Terminal-V1.0\firmware\PROJ_DIR\Debug\Obj\IR.o
#        C:\Users\4eef\Projects\Chronograph+\SW\Chrono-Terminal-V1.0\firmware\PROJ_DIR\Debug\Obj\lis3.o
#        C:\Users\4eef\Projects\Chronograph+\SW\Chrono-Terminal-V1.0\firmware\PROJ_DIR\Debug\Obj\main.o
#        C:\Users\4eef\Projects\Chronograph+\SW\Chrono-Terminal-V1.0\firmware\PROJ_DIR\Debug\Obj\MicroMenu.o
#        C:\Users\4eef\Projects\Chronograph+\SW\Chrono-Terminal-V1.0\firmware\PROJ_DIR\Debug\Obj\power.o
#        C:\Users\4eef\Projects\Chronograph+\SW\Chrono-Terminal-V1.0\firmware\PROJ_DIR\Debug\Obj\ssdFonts.o
#        C:\Users\4eef\Projects\Chronograph+\SW\Chrono-Terminal-V1.0\firmware\PROJ_DIR\Debug\Obj\ssdGraph.o
#        C:\Users\4eef\Projects\Chronograph+\SW\Chrono-Terminal-V1.0\firmware\PROJ_DIR\Debug\Obj\startup_stm32f042x6.o
#        C:\Users\4eef\Projects\Chronograph+\SW\Chrono-Terminal-V1.0\firmware\PROJ_DIR\Debug\Obj\sync.o
#        C:\Users\4eef\Projects\Chronograph+\SW\Chrono-Terminal-V1.0\firmware\PROJ_DIR\Debug\Obj\system.o
#        C:\Users\4eef\Projects\Chronograph+\SW\Chrono-Terminal-V1.0\firmware\PROJ_DIR\Debug\Obj\system_stm32f0xx.o
#        C:\Users\4eef\Projects\Chronograph+\SW\Chrono-Terminal-V1.0\firmware\PROJ_DIR\Debug\Obj\ug2864.o
#        C:\Users\4eef\Projects\Chronograph+\SW\Chrono-Terminal-V1.0\firmware\PROJ_DIR\Debug\Obj\uint32.o
#        -o
#        C:\Users\4eef\Projects\Chronograph+\SW\Chrono-Terminal-V1.0\firmware\PROJ_DIR\Debug\Exe\Chrono-Terminal-V1.0.out
#        --redirect _Printf=_PrintfLargeNoMb --map
#        C:\Users\4eef\Projects\Chronograph+\SW\Chrono-Terminal-V1.0\firmware\PROJ_DIR\Debug\List\Chrono-Terminal-V1.0.map
#        --config "C:\Program Files (x86)\IAR Systems\Embedded Workbench
#        7.5\arm\config\linker\ST\stm32f042x6.icf" --semihosting --entry
#        __iar_program_start --vfe
#
###############################################################################

*******************************************************************************
*** RUNTIME MODEL ATTRIBUTES
***

CppFlavor       = *
__SystemLibrary = DLib


*******************************************************************************
*** PLACEMENT SUMMARY
***

"A0":  place at 0x08000000 { ro section .intvec };
"P1":  place in [from 0x08000000 to 0x08007fff] { ro };
"P2":  place in [from 0x20000000 to 0x200017ff] { rw, block CSTACK, block HEAP };
initialize by copy { rw };

  Section            Kind        Address    Size  Object
  -------            ----        -------    ----  ------
"A0":                                       0xc0
  .intvec            ro code  0x08000000    0xc0  startup_stm32f042x6.o [1]
                            - 0x080000c0    0xc0

"P1":                                     0x6984
  .text              ro code  0x080000c0   0xd0a  xprintflarge_nomb.o [3]
  .text              ro code  0x08000dca    0x14  strchr.o [5]
  .text              ro code  0x08000dde    0x10  strlen.o [5]
  .text              ro code  0x08000dee    0x18  memchr.o [5]
  .text              ro code  0x08000e06    0x6a  I64DivMod.o [5]
  .text              ro code  0x08000e70    0x5c  ABImemcpy.o [5]
  .text              ro code  0x08000ecc    0xe0  I32DivModFast.o [5]
  .text              ro code  0x08000fac    0x32  DblCmpLe.o [4]
  .text              ro code  0x08000fde   0x184  DblMul.o [4]
  .text              ro code  0x08001162    0xc2  DblDiv.o [4]
  .text              ro code  0x08001224    0x2e  DblToI32.o [4]
  .text              ro code  0x08001252     0xa  xsprout.o [3]
  .text              ro code  0x0800125c    0x20  I32ToDbl.o [4]
  .text              ro code  0x0800127c   0x1a8  DblAddSub.o [4]
  .text              ro code  0x08001424    0x20  div.o [3]
  .text              ro code  0x08001444     0x2  I64DivZer.o [5]
  .rodata            const    0x08001446     0x2  system.o [1]
  .text              ro code  0x08001448     0x2  IntDivZer.o [5]
  .rodata            const    0x0800144a     0x2  ug2864.o [1]
  .text              ro code  0x0800144c   0xc3c  ug2864.o [1]
  .text              ro code  0x08002088    0x10  strcpy.o [5]
  .text              ro code  0x08002098     0x8  abs.o [3]
  .text              ro code  0x080020a0    0x50  ABImemset.o [5]
  .text              ro code  0x080020f0    0x60  delay.o [1]
  .text              ro code  0x08002150   0x3e2  i2c.o [1]
  .rodata            const    0x08002532     0x2  ug2864.o [1]
  .text              ro code  0x08002534   0xa68  IR.o [1]
  .text              ro code  0x08002f9c   0x120  MicroMenu.o [1]
  .text              ro code  0x080030bc   0x9e0  main.o [1]
  .text              ro code  0x08003a9c    0x38  sprintf.o [3]
  .text              ro code  0x08003ad4   0x1d8  power.o [1]
  .text              ro code  0x08003cac   0x160  sync.o [1]
  .text              ro code  0x08003e0c   0x1c0  battery.o [1]
  .text              ro code  0x08003fcc   0x33c  buttons.o [1]
  .text              ro code  0x08004308   0x49c  lis3.o [1]
  .text              ro code  0x080047a4   0x660  system.o [1]
  .text              ro code  0x08004e04    0xa0  clock.o [1]
  .text              ro code  0x08004ea4   0x1f8  adc.o [1]
  .text              ro code  0x0800509c   0x220  gpio.o [1]
  .text              ro code  0x080052bc   0x1f4  filter.o [1]
  .text              ro code  0x080054b0   0x1c4  fix16.o [1]
  .text              ro code  0x08005674    0xc8  fix16_trig.o [1]
  .text              ro code  0x0800573c    0x32  I32ToFlt.o [4]
  .text              ro code  0x0800576e    0xb0  FltMul.o [4]
  .text              ro code  0x0800581e     0x2  startup_stm32f042x6.o [1]
  .text              ro code  0x08005820    0x3a  FltToS32.o [4]
  .text              ro code  0x0800585a   0x120  FltAddSub.o [4]
  .text              ro code  0x0800597a    0xaa  FltDiv.o [4]
  .text              ro code  0x08005a24    0x26  FltCmpLe.o [4]
  .text              ro code  0x08005a4a     0x2  startup_stm32f042x6.o [1]
  .text              ro code  0x08005a4c    0x28  FltCmpGe.o [4]
  .text              ro code  0x08005a74    0x22  xfdtest.o [4]
  .text              ro code  0x08005a96     0x2  startup_stm32f042x6.o [1]
  .text              ro code  0x08005a98    0x32  I64Mul.o [5]
  .text              ro code  0x08005aca     0x2  startup_stm32f042x6.o [1]
  .rodata            const    0x08005acc   0x600  ssdFonts.o [1]
  .rodata            const    0x080060cc   0x198  ssdFonts.o [1]
  .rodata            const    0x08006264    0xc0  gpio.o [1]
  .text              ro code  0x08006324    0x94  system_stm32f0xx.o [1]
  .text              ro code  0x080063b8    0x3c  startup_stm32f042x6.o [1]
  .text              ro code  0x080063f4    0x3c  zero_init3.o [5]
  .text              ro code  0x08006430    0x30  copy_init3.o [5]
  .rodata            const    0x08006460    0x2c  main.o [1]
  .rodata            const    0x0800648c    0x2c  main.o [1]
  .rodata            const    0x080064b8    0x2c  main.o [1]
  .rodata            const    0x080064e4    0x28  main.o [1]
  .rodata            const    0x0800650c    0x28  main.o [1]
  .rodata            const    0x08006534    0x28  main.o [1]
  .rodata            const    0x0800655c    0x28  main.o [1]
  .rodata            const    0x08006584    0x28  main.o [1]
  .rodata            const    0x080065ac    0x28  main.o [1]
  .rodata            const    0x080065d4    0x28  main.o [1]
  .text              ro code  0x080065fc    0x28  data_init.o [5]
  .rodata            const    0x08006624    0x24  main.o [1]
  .rodata            const    0x08006648    0x24  main.o [1]
  .rodata            const    0x0800666c    0x24  main.o [1]
  .rodata            const    0x08006690    0x24  main.o [1]
  .rodata            const    0x080066b4    0x24  main.o [1]
  .iar.init_table    const    0x080066d8    0x24  - Linker created -
  .rodata            const    0x080066fc    0x20  main.o [1]
  .rodata            const    0x0800671c    0x20  main.o [1]
  .rodata            const    0x0800673c    0x20  main.o [1]
  .rodata            const    0x0800675c    0x20  main.o [1]
  .text              ro code  0x0800677c    0x1a  cmain.o [5]
  .text              ro code  0x08006796     0x4  low_level_init.o [3]
  .text              ro code  0x0800679a     0x8  exit.o [3]
  .text              ro code  0x080067a2     0x2  startup_stm32f042x6.o [1]
  .text              ro code  0x080067a4     0xa  cexit.o [5]
  .text              ro code  0x080067ae     0x2  startup_stm32f042x6.o [1]
  .text              ro code  0x080067b0    0x14  exit.o [6]
  .rodata            const    0x080067c4    0x18  MicroMenu.o [1]
  .rodata            const    0x080067dc    0x14  battery.o [1]
  .rodata            const    0x080067f0    0x14  main.o [1]
  .rodata            const    0x08006804    0x14  main.o [1]
  .rodata            const    0x08006818    0x14  main.o [1]
  .rodata            const    0x0800682c    0x14  main.o [1]
  .rodata            const    0x08006840    0x14  main.o [1]
  .rodata            const    0x08006854    0x14  main.o [1]
  .rodata            const    0x08006868    0x14  main.o [1]
  .rodata            const    0x0800687c    0x14  main.o [1]
  .rodata            const    0x08006890    0x14  main.o [1]
  .rodata            const    0x080068a4    0x14  sync.o [1]
  .rodata            const    0x080068b8    0x10  IR.o [1]
  .rodata            const    0x080068c8    0x10  IR.o [1]
  .rodata            const    0x080068d8    0x10  IR.o [1]
  .rodata            const    0x080068e8    0x10  IR.o [1]
  .rodata            const    0x080068f8    0x10  main.o [1]
  .rodata            const    0x08006908    0x10  main.o [1]
  .rodata            const    0x08006918    0x10  ssdGraph.o [1]
  .rodata            const    0x08006928    0x10  ssdGraph.o [1]
  .rodata            const    0x08006938     0xc  battery.o [1]
  .rodata            const    0x08006944     0xc  main.o [1]
  .rodata            const    0x08006950     0xc  main.o [1]
  .rodata            const    0x0800695c     0xc  system.o [1]
  .rodata            const    0x08006968     0xc  system.o [1]
  .rodata            const    0x08006974     0xc  system.o [1]
  .text              ro code  0x08006980     0xc  cstartup_M.o [5]
  .rodata            const    0x0800698c     0x8  IR.o [1]
  .rodata            const    0x08006994     0x8  main.o [1]
  .rodata            const    0x0800699c     0x8  main.o [1]
  .rodata            const    0x080069a4     0x8  main.o [1]
  .rodata            const    0x080069ac     0x8  main.o [1]
  .rodata            const    0x080069b4     0x8  main.o [1]
  .rodata            const    0x080069bc     0x8  main.o [1]
  .rodata            const    0x080069c4     0x8  ssdGraph.o [1]
  .rodata            const    0x080069cc     0x8  system.o [1]
  .rodata            const    0x080069d4     0x8  system.o [1]
  .rodata            const    0x080069dc     0x8  ug2864.o [1]
  .rodata            const    0x080069e4     0x8  ug2864.o [1]
  .rodata            const    0x080069ec     0x8  xprintflarge_nomb.o [3]
  Initializer bytes  const    0x080069f4     0x8  <for P2-1>
  .rodata            const    0x080069fc     0x4  fix16.o [1]
  .rodata            const    0x08006a00     0x4  fix16.o [1]
  .rodata            const    0x08006a04     0x4  fix16_trig.o [1]
  .rodata            const    0x08006a08     0x4  fix16_trig.o [1]
  .rodata            const    0x08006a0c     0x4  fix16_trig.o [1]
  .rodata            const    0x08006a10     0x4  lis3.o [1]
  .rodata            const    0x08006a14     0x4  ssdGraph.o [1]
  .text              ro code  0x08006a18     0x2  startup_stm32f042x6.o [1]
  .text              ro code  0x08006a1a     0x2  startup_stm32f042x6.o [1]
  .text              ro code  0x08006a1c     0x2  startup_stm32f042x6.o [1]
  .text              ro code  0x08006a1e     0x2  startup_stm32f042x6.o [1]
  .text              ro code  0x08006a20     0x2  startup_stm32f042x6.o [1]
  .text              ro code  0x08006a22     0x2  startup_stm32f042x6.o [1]
  .text              ro code  0x08006a24     0x2  startup_stm32f042x6.o [1]
  .text              ro code  0x08006a26     0x2  startup_stm32f042x6.o [1]
  .text              ro code  0x08006a28     0x2  startup_stm32f042x6.o [1]
  .text              ro code  0x08006a2a     0x2  startup_stm32f042x6.o [1]
  .text              ro code  0x08006a2c     0x2  startup_stm32f042x6.o [1]
  .text              ro code  0x08006a2e     0x2  startup_stm32f042x6.o [1]
  .text              ro code  0x08006a30     0x2  startup_stm32f042x6.o [1]
  .text              ro code  0x08006a32     0x2  startup_stm32f042x6.o [1]
  .text              ro code  0x08006a34     0x2  startup_stm32f042x6.o [1]
  .text              ro code  0x08006a36     0x2  startup_stm32f042x6.o [1]
  .text              ro code  0x08006a38     0x2  startup_stm32f042x6.o [1]
  .text              ro code  0x08006a3a     0x2  startup_stm32f042x6.o [1]
  .text              ro code  0x08006a3c     0x2  startup_stm32f042x6.o [1]
  .text              ro code  0x08006a3e     0x2  startup_stm32f042x6.o [1]
  .text              ro code  0x08006a40     0x2  startup_stm32f042x6.o [1]
  .text              ro code  0x08006a42     0x2  startup_stm32f042x6.o [1]
  .rodata            const    0x08006a44     0x0  zero_init3.o [5]
  .rodata            const    0x08006a44     0x0  copy_init3.o [5]
                            - 0x08006a44  0x6984

"P2", part 1 of 3:                           0x8
  P2-1                        0x20000000     0x8  <Init block>
    .data            inited   0x20000000     0x4  gpio.o [1]
    .data            inited   0x20000004     0x4  MicroMenu.o [1]
                            - 0x20000008     0x8

"P2", part 2 of 3:                         0x400
  CSTACK                      0x20000008   0x400  <Block>
    CSTACK           uninit   0x20000008   0x400  <Block tail>
                            - 0x20000408   0x400

"P2", part 3 of 3:                         0xb0c
  .bss               zero     0x20000408   0x404  ug2864.o [1]
  .bss               zero     0x2000080c   0x264  system.o [1]
  .bss               zero     0x20000a70   0x260  MicroMenu.o [1]
  .bss               zero     0x20000cd0   0x16c  system.o [1]
  .bss               zero     0x20000e3c    0x5c  filter.o [1]
  .bss               zero     0x20000e98    0x18  filter.o [1]
  .bss               zero     0x20000eb0    0x18  lis3.o [1]
  .bss               zero     0x20000ec8    0x14  IR.o [1]
  .bss               zero     0x20000edc    0x14  lis3.o [1]
  .bss               zero     0x20000ef0     0x8  buttons.o [1]
  .bss               zero     0x20000ef8     0x8  power.o [1]
  .bss               zero     0x20000f00     0x4  adc.o [1]
  .bss               zero     0x20000f04     0x4  filter.o [1]
  .bss               zero     0x20000f08     0x4  main.o [1]
  .bss               zero     0x20000f0c     0x4  system.o [1]
  .bss               zero     0x20000f10     0x2  filter.o [1]
  .bss               zero     0x20000f12     0x1  battery.o [1]
                            - 0x20000f13   0xb0b


*******************************************************************************
*** INIT TABLE
***

          Address     Size
          -------     ----
Zero (__iar_zero_init3)
    1 destination range, total size 0xb0b:
          0x20000408  0xb0b

Copy (__iar_copy_init3)
    1 source range, total size 0x8:
          0x080069f4    0x8
    1 destination range, total size 0x8:
          0x20000000    0x8



*******************************************************************************
*** MODULE SUMMARY
***

    Module                 ro code  ro data  rw data
    ------                 -------  -------  -------
C:\Users\4eef\Projects\Chronograph+\SW\Chrono-Terminal-V1.0\firmware\PROJ_DIR\Debug\Obj: [1]
    IR.o                     2 664       72       20
    MicroMenu.o                288       28      612
    adc.o                      504                 4
    battery.o                  448       32        1
    buttons.o                  828                 8
    clock.o                    160
    delay.o                     96
    filter.o                   500               122
    fix16.o                    452        8
    fix16_trig.o               200       12
    gpio.o                     544      196        4
    i2c.o                      994
    lis3.o                   1 180        4       44
    main.o                   2 528    1 004        4
    power.o                    472                 8
    ssdFonts.o                        1 944
    ssdGraph.o                           44
    startup_stm32f042x6.o      308
    sync.o                     352       20
    system.o                 1 632       54      980
    system_stm32f0xx.o         148
    ug2864.o                 3 132       20    1 028
    ------------------------------------------------
    Total:                  17 430    3 438    2 835

command line: [2]
    ------------------------------------------------
    Total:

dl6M_tln.a: [3]
    abs.o                        8
    div.o                       32
    exit.o                       8
    low_level_init.o             4
    sprintf.o                   56
    xprintflarge_nomb.o      3 338        8
    xsprout.o                   10
    ------------------------------------------------
    Total:                   3 456        8

m6M_tl.a: [4]
    DblAddSub.o                424
    DblCmpLe.o                  50
    DblDiv.o                   194
    DblMul.o                   388
    DblToI32.o                  46
    FltAddSub.o                288
    FltCmpGe.o                  40
    FltCmpLe.o                  38
    FltDiv.o                   170
    FltMul.o                   176
    FltToS32.o                  58
    I32ToDbl.o                  32
    I32ToFlt.o                  50
    xfdtest.o                   34
    ------------------------------------------------
    Total:                   1 988

rt6M_tl.a: [5]
    ABImemcpy.o                 92
    ABImemset.o                 80
    I32DivModFast.o            224
    I64DivMod.o                106
    I64DivZer.o                  2
    I64Mul.o                    50
    IntDivZer.o                  2
    cexit.o                     10
    cmain.o                     26
    copy_init3.o                48
    cstartup_M.o                12
    data_init.o                 40
    memchr.o                    24
    strchr.o                    20
    strcpy.o                    16
    strlen.o                    16
    zero_init3.o                60
    ------------------------------------------------
    Total:                     828

shb_l.a: [6]
    exit.o                      20
    ------------------------------------------------
    Total:                      20

    Linker created                       36    1 024
----------------------------------------------------
    Grand Total:            23 722    3 482    3 859


*******************************************************************************
*** ENTRY LIST
***

Entry                      Address   Size  Type      Object
-----                      -------   ----  ----      ------
.iar.init_table$$Base   0x080066d8          --   Gb  - Linker created -
.iar.init_table$$Limit  0x080066fc          --   Gb  - Linker created -
?main                   0x0800677d         Code  Gb  cmain.o [5]
ADC1_IRQHandler         0x08004fe5   0x82  Code  Gb  adc.o [1]
CSTACK$$Base            0x20000008          --   Gb  - Linker created -
CSTACK$$Limit           0x20000408          --   Gb  - Linker created -
CurrentMenuItem         0x20000004    0x4  Data  Lc  MicroMenu.o [1]
EXTI4_15_IRQHandler     0x08003b75   0x22  Code  Gb  power.o [1]
I2C1_IRQHandler         0x08002531    0x2  Code  Gb  i2c.o [1]
I2CRx                   0x08002281   0xec  Code  Gb  i2c.o [1]
I2CRxInit               0x080021e9   0x98  Code  Gb  i2c.o [1]
I2CTx                   0x08002425   0xec  Code  Gb  i2c.o [1]
I2CTxInit               0x0800236d   0x96  Code  Gb  i2c.o [1]
IRRXData                0x20000ec8   0x14  Data  Gb  IR.o [1]
LoadInt                 0x08000681   0x68  Code  Lc  xprintflarge_nomb.o [3]
Menu_EnterCurrentItem   0x08003075   0x26  Code  Gb  MicroMenu.o [1]
Menu_GetCurrentMenu     0x08003053    0x6  Code  Gb  MicroMenu.o [1]
Menu_Navigate           0x08003059   0x1c  Code  Gb  MicroMenu.o [1]
Menu_listParse          0x08002f9d   0x88  Code  Gb  MicroMenu.o [1]
Menu_putMessage         0x08003025   0x2e  Code  Gb  MicroMenu.o [1]
NULL_MENU               0x080067c4   0x18  Data  Gb  MicroMenu.o [1]
NVIC_DisableIRQ         0x08004eb3    0xe  Code  Lc  adc.o [1]
NVIC_DisableIRQ         0x08002543    0xe  Code  Lc  IR.o [1]
NVIC_DisableIRQ         0x08003ae3    0xe  Code  Lc  power.o [1]
NVIC_EnableIRQ          0x08004ea5    0xe  Code  Lc  adc.o [1]
NVIC_EnableIRQ          0x08002535    0xe  Code  Lc  IR.o [1]
NVIC_EnableIRQ          0x08003ad5    0xe  Code  Lc  power.o [1]
NVIC_SetPriority        0x08004ec1   0x84  Code  Lc  adc.o [1]
NVIC_SetPriority        0x08002551   0x84  Code  Lc  IR.o [1]
NVIC_SetPriority        0x08003af1   0x84  Code  Lc  power.o [1]
PI_DIV_4                0x08006a04    0x4  Data  Lc  fix16_trig.o [1]
Region$$Table$$Base     0x080066d8          --   Gb  - Linker created -
Region$$Table$$Limit    0x080066fc          --   Gb  - Linker created -
SystemInit              0x08006325   0x68  Code  Gb  system_stm32f0xx.o [1]
THREE_PI_DIV_4          0x08006a08    0x4  Data  Lc  fix16_trig.o [1]
TIM2_IRQHandler         0x08002ce1  0x28a  Code  Gb  IR.o [1]
_GenldLargeNoMb         0x08000afd  0x29a  Code  Lc  xprintflarge_nomb.o [3]
_LdtobLargeNoMb         0x08000815  0x2b0  Code  Lc  xprintflarge_nomb.o [3]
_LitobLargeNoMb         0x080006e9  0x12a  Code  Lc  xprintflarge_nomb.o [3]
_PrintfLargeNoMb        0x080000c1  0x5c0  Code  Gb  xprintflarge_nomb.o [3]
_PutcharsLargeNoMb      0x08000d97   0x30  Code  Lc  xprintflarge_nomb.o [3]
_SProut                 0x08001253    0xa  Code  Gb  xsprout.o [3]
__ICFEDIT_region_RAM_end__ {Abs}
                        0x200017ff         Data  Gb  command line/config [2]
__ICFEDIT_region_RAM_start__ {Abs}
                        0x20000000         Data  Gb  command line/config [2]
__aeabi_cdcmple         0x08000fad         Code  Gb  DblCmpLe.o [4]
__aeabi_cfcmple         0x08005a25         Code  Gb  FltCmpLe.o [4]
__aeabi_cfrcmple        0x08005a4d         Code  Gb  FltCmpGe.o [4]
__aeabi_d2uiz           0x08001225         Code  Gb  DblToI32.o [4]
__aeabi_ddiv            0x08001163         Code  Gb  DblDiv.o [4]
__aeabi_dmul            0x08000fdf         Code  Gb  DblMul.o [4]
__aeabi_dsub            0x08001337         Code  Gb  DblAddSub.o [4]
__aeabi_f2iz            0x08005821         Code  Gb  FltToS32.o [4]
__aeabi_fadd            0x0800585b         Code  Gb  FltAddSub.o [4]
__aeabi_fdiv            0x0800597b         Code  Gb  FltDiv.o [4]
__aeabi_fmul            0x0800576f         Code  Gb  FltMul.o [4]
__aeabi_fsub            0x080058cb         Code  Gb  FltAddSub.o [4]
__aeabi_i2f             0x0800573d         Code  Gb  I32ToFlt.o [4]
__aeabi_idiv            0x08000ef9         Code  Gb  I32DivModFast.o [5]
__aeabi_idiv0           0x08001449         Code  Gb  IntDivZer.o [5]
__aeabi_idivmod         0x08000ef9         Code  Gb  I32DivModFast.o [5]
__aeabi_ldiv0           0x08001445         Code  Gb  I64DivZer.o [5]
__aeabi_lmul            0x08005a99         Code  Gb  I64Mul.o [5]
__aeabi_memcpy          0x08000e71         Code  Gb  ABImemcpy.o [5]
__aeabi_memset          0x080020a1         Code  Gb  ABImemset.o [5]
__aeabi_ui2d            0x0800125d         Code  Gb  I32ToDbl.o [4]
__aeabi_uidiv           0x08000eff         Code  Gb  I32DivModFast.o [5]
__aeabi_uidivmod        0x08000eff         Code  Gb  I32DivModFast.o [5]
__aeabi_uldivmod        0x08000e07         Code  Gb  I64DivMod.o [5]
__cmain                 0x0800677d         Code  Gb  cmain.o [5]
__exit                  0x080067b1   0x14  Code  Gb  exit.o [6]
__iar_FDtest            0x08005a75   0x22  Code  Gb  xfdtest.o [4]
__iar_Memchr            0x08000def   0x18  Code  Gb  memchr.o [5]
__iar_Memset4_word      0x080020c1         Code  Gb  ABImemset.o [5]
__iar_Memset_word       0x080020ad         Code  Gb  ABImemset.o [5]
__iar_Strchr            0x08000dcb   0x14  Code  Gb  strchr.o [5]
__iar_copy_init3        0x08006431   0x30  Code  Gb  copy_init3.o [5]
__iar_d2uiz             0x08001229         Code  Gb  DblToI32.o [4]
__iar_data_init3        0x080065fd   0x28  Code  Gb  data_init.o [5]
__iar_program_start     0x08006981         Code  Gb  cstartup_M.o [5]
__iar_ui2d              0x08001261         Code  Gb  I32ToDbl.o [4]
__iar_ui2f              0x08005755         Code  Gb  I32ToFlt.o [4]
__iar_zero_init3        0x080063f5   0x3c  Code  Gb  zero_init3.o [5]
__low_level_init        0x08006797    0x4  Code  Gb  low_level_init.o [3]
__vector_table          0x08000000         Data  Gb  startup_stm32f042x6.o [1]
_call_main              0x08006789         Code  Gb  cmain.o [5]
_exit                   0x080067a5         Code  Gb  cexit.o [5]
_main                   0x08006793         Code  Gb  cmain.o [5]
about                   0x0800671c   0x20  Data  Gb  main.o [1]
abs                     0x08002099    0x8  Code  Gb  abs.o [3]
accGainCal              0x0800463d  0x12e  Code  Gb  lis3.o [1]
accel                   0x20000eb0   0x18  Data  Gb  lis3.o [1]
adcData                 0x20000f00    0x4  Data  Gb  adc.o [1]
adcDeinit               0x08004f45   0x24  Code  Gb  adc.o [1]
adcInit                 0x08004f69   0x7c  Code  Gb  adc.o [1]
battCalc                0x08003e0d  0x1c0  Code  Gb  battery.o [1]
battCalc::percFlag      0x20000f12    0x1  Data  Lc  battery.o [1]
btnCntsClr              0x080042dd   0x1a  Code  Gb  buttons.o [1]
buttons                 0x20000ef0    0x8  Data  Gb  buttons.o [1]
chrgSym                 0x080069c4    0x8  Data  Gb  ssdGraph.o [1]
clz                     0x0800553d   0x2c  Code  Lc  fix16.o [1]
currMenuItem            0x20000f08    0x4  Data  Gb  main.o [1]
deInitIR                0x08002c39   0x4a  Code  Gb  IR.o [1]
delay_us                0x080020f1   0x60  Code  Gb  delay.o [1]
display                 0x080066fc   0x20  Data  Gb  main.o [1]
div                     0x08001425   0x20  Code  Gb  div.o [3]
drawChrScr              0x08004aa9  0x21c  Code  Gb  system.o [1]
drawDisplay             0x08003765  0x2ce  Code  Gb  main.o [1]
drawHybrScr             0x08004879  0x204  Code  Gb  system.o [1]
drawIncScr              0x08004cd9   0xf0  Code  Gb  system.o [1]
drawMenu                0x080047a5   0xd4  Code  Gb  system.o [1]
exit                    0x0800679b    0x8  Code  Gb  exit.o [3]
fix16_add               0x080054b1   0x24  Code  Gb  fix16.o [1]
fix16_atan              0x0800571b   0x10  Code  Gb  fix16_trig.o [1]
fix16_atan2             0x08005675   0xa6  Code  Gb  fix16_trig.o [1]
fix16_div               0x08005569  0x104  Code  Gb  fix16.o [1]
fix16_min               0x080069fc    0x4  Data  Lc  fix16.o [1]
fix16_mul               0x080054d5   0x68  Code  Gb  fix16.o [1]
fix16_one               0x08006a0c    0x4  Data  Lc  fix16_trig.o [1]
fix16_one               0x08006a10    0x4  Data  Lc  lis3.o [1]
fix16_overflow          0x08006a00    0x4  Data  Lc  fix16.o [1]
font12x16               0x080060cc  0x198  Data  Gb  ssdFonts.o [1]
font6x8                 0x08005acc  0x600  Data  Gb  ssdFonts.o [1]
getButtonState          0x08003fcd  0x300  Code  Gb  buttons.o [1]
gppin_init              0x080050d7  0x1cc  Code  Gb  gpio.o [1]
hndlIRData              0x080025e5  0x544  Code  Gb  IR.o [1]
initClocks              0x08004e05   0xa0  Code  Gb  clock.o [1]
initGpios               0x0800509d   0x3a  Code  Gb  gpio.o [1]
initI2C1                0x08002151   0x98  Code  Gb  i2c.o [1]
initIRConfig            0x08002b45   0xea  Code  Gb  IR.o [1]
initPeriphs             0x08003c91   0x1c  Code  Gb  power.o [1]
kalman                  0x20000e3c   0x5c  Data  Gb  filter.o [1]
kalmanAccCorr           0x080052e1  0x186  Code  Gb  filter.o [1]
lis3AxisCal             0x20000edc   0x14  Data  Gb  lis3.o [1]
lis3_getXYZ             0x080043af   0x40  Code  Gb  lis3.o [1]
lis3_read               0x08004371   0x3e  Code  Gb  lis3.o [1]
lis3_write              0x08004345   0x2c  Code  Gb  lis3.o [1]
lis3init                0x08004309   0x3c  Code  Gb  lis3.o [1]
lpf                     0x08005467   0x2e  Code  Gb  filter.o [1]
lpf::Dacc               0x20000f04    0x4  Data  Lc  filter.o [1]
lpf::Dout               0x20000f10    0x2  Data  Lc  filter.o [1]
lpfAccPrim              0x080052bd   0x24  Code  Gb  filter.o [1]
lpfPrim                 0x20000e98   0x18  Data  Gb  filter.o [1]
main                    0x080030bd  0x448  Code  Gb  main.o [1]
mchron                  0x08006690   0x24  Data  Gb  main.o [1]
mcommon                 0x0800673c   0x20  Data  Gb  main.o [1]
meas                    0x2000080c  0x264  Data  Gb  system.o [1]
menu                    0x20000a70  0x260  Data  Gb  MicroMenu.o [1]
menuFolder              0x08006918   0x10  Data  Gb  ssdGraph.o [1]
menuScroll              0x08006a14    0x4  Data  Gb  ssdGraph.o [1]
mincline                0x0800650c   0x28  Data  Gb  main.o [1]
mode                    0x08006624   0x24  Data  Gb  main.o [1]
modeEdit                0x08003691   0x6c  Code  Gb  main.o [1]
parEdit                 0x08003627   0x48  Code  Gb  main.o [1]
parEditRedir            0x08003525  0x102  Code  Gb  main.o [1]
pellets                 0x20000cd0  0x16c  Data  Gb  system.o [1]
pinNum                  0x20000000    0x4  Data  Gb  gpio.o [1]
pinsMode                0x08006264   0xc0  Data  Gb  gpio.o [1]
power                   0x20000ef8    0x8  Data  Gb  power.o [1]
powerOff                0x08003c13   0x32  Code  Gb  power.o [1]
powerOn                 0x08003c45   0x12  Code  Gb  power.o [1]
q16TiltCalc             0x080043ef   0x48  Code  Gb  lis3.o [1]
scbind                  0x0800675c   0x20  Data  Gb  main.o [1]
scdist                  0x080065d4   0x28  Data  Gb  main.o [1]
schrono                 0x080066b4   0x24  Data  Gb  main.o [1]
sclipc                  0x08006534   0x28  Data  Gb  main.o [1]
service                 0x080064e4   0x28  Data  Gb  main.o [1]
setts                   0x0800666c   0x24  Data  Gb  main.o [1]
sibrdr                  0x08006460   0x2c  Data  Gb  main.o [1]
sigacal                 0x080064b8   0x2c  Data  Gb  main.o [1]
sincline                0x0800655c   0x28  Data  Gb  main.o [1]
siofcal                 0x0800648c   0x2c  Data  Gb  main.o [1]
spofft                  0x08006584   0x28  Data  Gb  main.o [1]
sprintf                 0x08003a9d   0x38  Code  Gb  sprintf.o [3]
ssdBatt                 0x08006928   0x10  Data  Gb  ssdGraph.o [1]
ssdVideoBff             0x20000408  0x404  Data  Gb  ug2864.o [1]
ssd_clearVidBff         0x08001eaf   0x16  Code  Gb  ug2864.o [1]
ssd_clrAreaBff          0x08001ec9   0x68  Code  Gb  ug2864.o [1]
ssd_putBatt             0x08001b65  0x100  Code  Gb  ug2864.o [1]
ssd_putChar12x16        0x08001c71   0xf4  Code  Gb  ug2864.o [1]
ssd_putChar6x8          0x08001d8d   0x5a  Code  Gb  ug2864.o [1]
ssd_putMenuFolder       0x08001b15   0x50  Code  Gb  ug2864.o [1]
ssd_putMenuScroll       0x080018f5   0xae  Code  Gb  ug2864.o [1]
ssd_putMessage          0x080015b7   0x4c  Code  Gb  ug2864.o [1]
ssd_putMsgBox           0x08001611   0x8a  Code  Gb  ug2864.o [1]
ssd_putParBox           0x080014f7   0xc0  Code  Gb  ug2864.o [1]
ssd_putPitchBar         0x080019a9  0x16c  Code  Gb  ug2864.o [1]
ssd_putRollBar          0x0800169b  0x24c  Code  Gb  ug2864.o [1]
ssd_putStrClr           0x0800144d   0xaa  Code  Gb  ug2864.o [1]
ssd_putString12x16      0x08001d69   0x24  Code  Gb  ug2864.o [1]
ssd_putString6x8        0x08001ded   0x24  Code  Gb  ug2864.o [1]
ssd_setpix              0x08001e11   0x9e  Code  Gb  ug2864.o [1]
sswrst                  0x080065ac   0x28  Data  Gb  main.o [1]
stats                   0x08006648   0x24  Data  Gb  main.o [1]
stopModeConfig          0x08003b97   0x7c  Code  Gb  power.o [1]
strcpy                  0x08002089         Code  Gb  strcpy.o [5]
strlen                  0x08000ddf   0x10  Code  Gb  strlen.o [5]
sync                    0x08003d07   0xca  Code  Gb  sync.o [1]
syncInit                0x08003cad   0x5a  Code  Gb  sync.o [1]
sysPars                 0x20000f0c    0x4  Data  Gb  system.o [1]
trxAccData              0x08004445  0x1ea  Code  Gb  lis3.o [1]
ug2864_com              0x0800201b   0x2c  Code  Gb  ug2864.o [1]
ug2864_refresh          0x08002047   0x20  Code  Gb  ug2864.o [1]
ug2864init              0x08001f69   0xb2  Code  Gb  ug2864.o [1]
ug2864off               0x08001f3d   0x16  Code  Gb  ug2864.o [1]
ug2864on                0x08001f53   0x16  Code  Gb  ug2864.o [1]


[1] = C:\Users\4eef\Projects\Chronograph+\SW\Chrono-Terminal-V1.0\firmware\PROJ_DIR\Debug\Obj
[2] = command line
[3] = dl6M_tln.a
[4] = m6M_tl.a
[5] = rt6M_tl.a
[6] = shb_l.a

  23 722 bytes of readonly  code memory
   3 482 bytes of readonly  data memory
   3 859 bytes of readwrite data memory

Errors: none
Warnings: none
