###############################################################################
#
# IAR ELF Linker V7.80.2.11947/W32 for ARM                15/Mar/2017  22:48:31
# Copyright 2007-2016 IAR Systems AB.
#
#    Output file  =  
#        C:\Users\4eef\Projects\Chronograph+\SW\Chrono-Terminal-V1.0\firmware\PROJ_DIR\Debug\Exe\Chrono-Terminal-V1.0.out
#    Map file     =  
#        C:\Users\4eef\Projects\Chronograph+\SW\Chrono-Terminal-V1.0\firmware\PROJ_DIR\Debug\List\Chrono-Terminal-V1.0.map
#    Command line =  
#        C:\Users\4eef\Projects\Chronograph+\SW\Chrono-Terminal-V1.0\firmware\PROJ_DIR\Debug\Obj\adc.o
#        C:\Users\4eef\Projects\Chronograph+\SW\Chrono-Terminal-V1.0\firmware\PROJ_DIR\Debug\Obj\battery.o
#        C:\Users\4eef\Projects\Chronograph+\SW\Chrono-Terminal-V1.0\firmware\PROJ_DIR\Debug\Obj\buttons.o
#        C:\Users\4eef\Projects\Chronograph+\SW\Chrono-Terminal-V1.0\firmware\PROJ_DIR\Debug\Obj\clock.o
#        C:\Users\4eef\Projects\Chronograph+\SW\Chrono-Terminal-V1.0\firmware\PROJ_DIR\Debug\Obj\delay.o
#        C:\Users\4eef\Projects\Chronograph+\SW\Chrono-Terminal-V1.0\firmware\PROJ_DIR\Debug\Obj\filter.o
#        C:\Users\4eef\Projects\Chronograph+\SW\Chrono-Terminal-V1.0\firmware\PROJ_DIR\Debug\Obj\fix16.o
#        C:\Users\4eef\Projects\Chronograph+\SW\Chrono-Terminal-V1.0\firmware\PROJ_DIR\Debug\Obj\fix16_exp.o
#        C:\Users\4eef\Projects\Chronograph+\SW\Chrono-Terminal-V1.0\firmware\PROJ_DIR\Debug\Obj\fix16_sqrt.o
#        C:\Users\4eef\Projects\Chronograph+\SW\Chrono-Terminal-V1.0\firmware\PROJ_DIR\Debug\Obj\fix16_trig.o
#        C:\Users\4eef\Projects\Chronograph+\SW\Chrono-Terminal-V1.0\firmware\PROJ_DIR\Debug\Obj\fract32.o
#        C:\Users\4eef\Projects\Chronograph+\SW\Chrono-Terminal-V1.0\firmware\PROJ_DIR\Debug\Obj\gpio.o
#        C:\Users\4eef\Projects\Chronograph+\SW\Chrono-Terminal-V1.0\firmware\PROJ_DIR\Debug\Obj\i2c.o
#        C:\Users\4eef\Projects\Chronograph+\SW\Chrono-Terminal-V1.0\firmware\PROJ_DIR\Debug\Obj\IR.o
#        C:\Users\4eef\Projects\Chronograph+\SW\Chrono-Terminal-V1.0\firmware\PROJ_DIR\Debug\Obj\lis3.o
#        C:\Users\4eef\Projects\Chronograph+\SW\Chrono-Terminal-V1.0\firmware\PROJ_DIR\Debug\Obj\main.o
#        C:\Users\4eef\Projects\Chronograph+\SW\Chrono-Terminal-V1.0\firmware\PROJ_DIR\Debug\Obj\MicroMenu.o
#        C:\Users\4eef\Projects\Chronograph+\SW\Chrono-Terminal-V1.0\firmware\PROJ_DIR\Debug\Obj\power.o
#        C:\Users\4eef\Projects\Chronograph+\SW\Chrono-Terminal-V1.0\firmware\PROJ_DIR\Debug\Obj\ssdFonts.o
#        C:\Users\4eef\Projects\Chronograph+\SW\Chrono-Terminal-V1.0\firmware\PROJ_DIR\Debug\Obj\ssdGraph.o
#        C:\Users\4eef\Projects\Chronograph+\SW\Chrono-Terminal-V1.0\firmware\PROJ_DIR\Debug\Obj\startup_stm32f042x6.o
#        C:\Users\4eef\Projects\Chronograph+\SW\Chrono-Terminal-V1.0\firmware\PROJ_DIR\Debug\Obj\sync.o
#        C:\Users\4eef\Projects\Chronograph+\SW\Chrono-Terminal-V1.0\firmware\PROJ_DIR\Debug\Obj\system.o
#        C:\Users\4eef\Projects\Chronograph+\SW\Chrono-Terminal-V1.0\firmware\PROJ_DIR\Debug\Obj\system_stm32f0xx.o
#        C:\Users\4eef\Projects\Chronograph+\SW\Chrono-Terminal-V1.0\firmware\PROJ_DIR\Debug\Obj\ug2864.o
#        C:\Users\4eef\Projects\Chronograph+\SW\Chrono-Terminal-V1.0\firmware\PROJ_DIR\Debug\Obj\uint32.o
#        -o
#        C:\Users\4eef\Projects\Chronograph+\SW\Chrono-Terminal-V1.0\firmware\PROJ_DIR\Debug\Exe\Chrono-Terminal-V1.0.out
#        --redirect _Printf=_PrintfLargeNoMb --map
#        C:\Users\4eef\Projects\Chronograph+\SW\Chrono-Terminal-V1.0\firmware\PROJ_DIR\Debug\List\Chrono-Terminal-V1.0.map
#        --config "C:\Program Files (x86)\IAR Systems\Embedded Workbench
#        7.5\arm\config\linker\ST\stm32f042x6.icf" --semihosting --entry
#        __iar_program_start --vfe
#
###############################################################################

*******************************************************************************
*** RUNTIME MODEL ATTRIBUTES
***

CppFlavor       = *
__SystemLibrary = DLib


*******************************************************************************
*** PLACEMENT SUMMARY
***

"A0":  place at 0x08000000 { ro section .intvec };
"P1":  place in [from 0x08000000 to 0x08007fff] { ro };
"P2":  place in [from 0x20000000 to 0x200017ff] { rw, block CSTACK, block HEAP };
initialize by copy { rw };

  Section            Kind        Address    Size  Object
  -------            ----        -------    ----  ------
"A0":                                       0xc0
  .intvec            ro code  0x08000000    0xc0  startup_stm32f042x6.o [1]
                            - 0x080000c0    0xc0

"P1":                                     0x6a28
  .text              ro code  0x080000c0  0x1918  main.o [1]
  .text              ro code  0x080019d8    0x10  strcpy.o [5]
  .text              ro code  0x080019e8    0x38  sprintf.o [3]
  .text              ro code  0x08001a20   0x104  MicroMenu.o [1]
  .text              ro code  0x08001b24   0x1d8  power.o [1]
  .text              ro code  0x08001cfc   0x164  sync.o [1]
  .text              ro code  0x08001e60   0x1c0  battery.o [1]
  .text              ro code  0x08002020   0x33c  buttons.o [1]
  .text              ro code  0x0800235c   0xc28  ug2864.o [1]
  .text              ro code  0x08002f84    0xe0  I32DivModFast.o [5]
  .text              ro code  0x08003064    0x50  ABImemset.o [5]
  .text              ro code  0x080030b4    0x10  strlen.o [5]
  .text              ro code  0x080030c4   0x230  lis3.o [1]
  .text              ro code  0x080032f4   0x1c4  fix16.o [1]
  .text              ro code  0x080034b8    0xc8  fix16_trig.o [1]
  .text              ro code  0x08003580   0x1f4  filter.o [1]
  .text              ro code  0x08003774     0x8  abs.o [3]
  .text              ro code  0x0800377c   0xd0a  xprintflarge_nomb.o [3]
  .text              ro code  0x08004486     0xa  xsprout.o [3]
  .text              ro code  0x08004490    0x94  clock.o [1]
  .text              ro code  0x08004524   0x4d8  IR.o [1]
  .text              ro code  0x080049fc   0x1f8  adc.o [1]
  .text              ro code  0x08004bf4   0x220  gpio.o [1]
  .text              ro code  0x08004e14   0x3da  i2c.o [1]
  .rodata            const    0x080051ee     0x2  main.o [1]
  .text              ro code  0x080051f0    0x60  delay.o [1]
  .text              ro code  0x08005250     0x2  IntDivZer.o [5]
  .rodata            const    0x08005252     0x2  ug2864.o [1]
  .text              ro code  0x08005254    0x32  I64Mul.o [5]
  .rodata            const    0x08005286     0x2  ug2864.o [1]
  .text              ro code  0x08005288    0x32  I32ToFlt.o [4]
  .text              ro code  0x080052ba    0xb0  FltMul.o [4]
  .text              ro code  0x0800536a     0x2  startup_stm32f042x6.o [1]
  .text              ro code  0x0800536c    0x3a  FltToS32.o [4]
  .text              ro code  0x080053a6   0x120  FltAddSub.o [4]
  .text              ro code  0x080054c6    0xaa  FltDiv.o [4]
  .text              ro code  0x08005570    0x26  FltCmpLe.o [4]
  .text              ro code  0x08005596     0x2  startup_stm32f042x6.o [1]
  .text              ro code  0x08005598    0x28  FltCmpGe.o [4]
  .text              ro code  0x080055c0    0x22  xfdtest.o [4]
  .text              ro code  0x080055e2    0x14  strchr.o [5]
  .text              ro code  0x080055f6    0x18  memchr.o [5]
  .text              ro code  0x0800560e    0x6a  I64DivMod.o [5]
  .text              ro code  0x08005678    0x5c  ABImemcpy.o [5]
  .text              ro code  0x080056d4    0x32  DblCmpLe.o [4]
  .text              ro code  0x08005706   0x184  DblMul.o [4]
  .text              ro code  0x0800588a    0xc2  DblDiv.o [4]
  .text              ro code  0x0800594c    0x2e  DblToI32.o [4]
  .text              ro code  0x0800597a     0x2  startup_stm32f042x6.o [1]
  .text              ro code  0x0800597c    0x20  I32ToDbl.o [4]
  .text              ro code  0x0800599c   0x1a8  DblAddSub.o [4]
  .text              ro code  0x08005b44    0x20  div.o [3]
  .text              ro code  0x08005b64     0x2  I64DivZer.o [5]
  .text              ro code  0x08005b66     0x2  startup_stm32f042x6.o [1]
  .rodata            const    0x08005b68   0x600  ssdFonts.o [1]
  .rodata            const    0x08006168   0x198  ssdFonts.o [1]
  .rodata            const    0x08006300    0xc0  gpio.o [1]
  .text              ro code  0x080063c0    0x94  system_stm32f0xx.o [1]
  .text              ro code  0x08006454    0x3c  startup_stm32f042x6.o [1]
  .text              ro code  0x08006490    0x3c  zero_init3.o [5]
  .text              ro code  0x080064cc    0x30  copy_init3.o [5]
  .rodata            const    0x080064fc    0x2c  main.o [1]
  .rodata            const    0x08006528    0x2c  main.o [1]
  .rodata            const    0x08006554    0x2c  main.o [1]
  .rodata            const    0x08006580    0x28  main.o [1]
  .rodata            const    0x080065a8    0x28  main.o [1]
  .rodata            const    0x080065d0    0x28  main.o [1]
  .rodata            const    0x080065f8    0x28  main.o [1]
  .rodata            const    0x08006620    0x28  main.o [1]
  .rodata            const    0x08006648    0x28  main.o [1]
  .rodata            const    0x08006670    0x28  main.o [1]
  .text              ro code  0x08006698    0x28  data_init.o [5]
  .rodata            const    0x080066c0    0x24  main.o [1]
  .rodata            const    0x080066e4    0x24  main.o [1]
  .rodata            const    0x08006708    0x24  main.o [1]
  .rodata            const    0x0800672c    0x24  main.o [1]
  .rodata            const    0x08006750    0x24  main.o [1]
  .iar.init_table    const    0x08006774    0x24  - Linker created -
  .rodata            const    0x08006798    0x20  main.o [1]
  .rodata            const    0x080067b8    0x20  main.o [1]
  .rodata            const    0x080067d8    0x20  main.o [1]
  .rodata            const    0x080067f8    0x20  main.o [1]
  .text              ro code  0x08006818    0x1a  cmain.o [5]
  .text              ro code  0x08006832     0x4  low_level_init.o [3]
  .text              ro code  0x08006836     0x8  exit.o [3]
  .text              ro code  0x0800683e     0x2  startup_stm32f042x6.o [1]
  .text              ro code  0x08006840     0xa  cexit.o [5]
  .text              ro code  0x0800684a     0x2  startup_stm32f042x6.o [1]
  .text              ro code  0x0800684c    0x14  exit.o [6]
  .rodata            const    0x08006860    0x18  main.o [1]
  .rodata            const    0x08006878    0x18  MicroMenu.o [1]
  .rodata            const    0x08006890    0x14  battery.o [1]
  .rodata            const    0x080068a4    0x14  main.o [1]
  .rodata            const    0x080068b8    0x14  main.o [1]
  .rodata            const    0x080068cc    0x14  main.o [1]
  .rodata            const    0x080068e0    0x14  main.o [1]
  .rodata            const    0x080068f4    0x14  main.o [1]
  .rodata            const    0x08006908    0x14  main.o [1]
  .rodata            const    0x0800691c    0x14  main.o [1]
  .rodata            const    0x08006930    0x14  main.o [1]
  .rodata            const    0x08006944    0x14  main.o [1]
  .rodata            const    0x08006958    0x14  sync.o [1]
  .rodata            const    0x0800696c    0x10  main.o [1]
  .rodata            const    0x0800697c    0x10  main.o [1]
  .rodata            const    0x0800698c    0x10  main.o [1]
  .rodata            const    0x0800699c    0x10  main.o [1]
  .rodata            const    0x080069ac    0x10  main.o [1]
  .rodata            const    0x080069bc    0x10  ssdGraph.o [1]
  .rodata            const    0x080069cc    0x10  ssdGraph.o [1]
  .rodata            const    0x080069dc     0xc  battery.o [1]
  .rodata            const    0x080069e8     0xc  main.o [1]
  .rodata            const    0x080069f4     0xc  main.o [1]
  .rodata            const    0x08006a00     0xc  main.o [1]
  .rodata            const    0x08006a0c     0xc  main.o [1]
  .rodata            const    0x08006a18     0xc  main.o [1]
  .text              ro code  0x08006a24     0xc  cstartup_M.o [5]
  .rodata            const    0x08006a30     0x8  main.o [1]
  .rodata            const    0x08006a38     0x8  main.o [1]
  .rodata            const    0x08006a40     0x8  main.o [1]
  .rodata            const    0x08006a48     0x8  main.o [1]
  .rodata            const    0x08006a50     0x8  main.o [1]
  .rodata            const    0x08006a58     0x8  main.o [1]
  .rodata            const    0x08006a60     0x8  main.o [1]
  .rodata            const    0x08006a68     0x8  main.o [1]
  .rodata            const    0x08006a70     0x8  main.o [1]
  .rodata            const    0x08006a78     0x8  ssdGraph.o [1]
  .rodata            const    0x08006a80     0x8  ug2864.o [1]
  .rodata            const    0x08006a88     0x8  ug2864.o [1]
  .rodata            const    0x08006a90     0x8  xprintflarge_nomb.o [3]
  Initializer bytes  const    0x08006a98     0x8  <for P2-1>
  .rodata            const    0x08006aa0     0x4  fix16.o [1]
  .rodata            const    0x08006aa4     0x4  fix16.o [1]
  .rodata            const    0x08006aa8     0x4  fix16_trig.o [1]
  .rodata            const    0x08006aac     0x4  fix16_trig.o [1]
  .rodata            const    0x08006ab0     0x4  fix16_trig.o [1]
  .rodata            const    0x08006ab4     0x4  main.o [1]
  .rodata            const    0x08006ab8     0x4  ssdGraph.o [1]
  .text              ro code  0x08006abc     0x2  startup_stm32f042x6.o [1]
  .text              ro code  0x08006abe     0x2  startup_stm32f042x6.o [1]
  .text              ro code  0x08006ac0     0x2  startup_stm32f042x6.o [1]
  .text              ro code  0x08006ac2     0x2  startup_stm32f042x6.o [1]
  .text              ro code  0x08006ac4     0x2  startup_stm32f042x6.o [1]
  .text              ro code  0x08006ac6     0x2  startup_stm32f042x6.o [1]
  .text              ro code  0x08006ac8     0x2  startup_stm32f042x6.o [1]
  .text              ro code  0x08006aca     0x2  startup_stm32f042x6.o [1]
  .text              ro code  0x08006acc     0x2  startup_stm32f042x6.o [1]
  .text              ro code  0x08006ace     0x2  startup_stm32f042x6.o [1]
  .text              ro code  0x08006ad0     0x2  startup_stm32f042x6.o [1]
  .text              ro code  0x08006ad2     0x2  startup_stm32f042x6.o [1]
  .text              ro code  0x08006ad4     0x2  startup_stm32f042x6.o [1]
  .text              ro code  0x08006ad6     0x2  startup_stm32f042x6.o [1]
  .text              ro code  0x08006ad8     0x2  startup_stm32f042x6.o [1]
  .text              ro code  0x08006ada     0x2  startup_stm32f042x6.o [1]
  .text              ro code  0x08006adc     0x2  startup_stm32f042x6.o [1]
  .text              ro code  0x08006ade     0x2  startup_stm32f042x6.o [1]
  .text              ro code  0x08006ae0     0x2  startup_stm32f042x6.o [1]
  .text              ro code  0x08006ae2     0x2  startup_stm32f042x6.o [1]
  .text              ro code  0x08006ae4     0x2  startup_stm32f042x6.o [1]
  .text              ro code  0x08006ae6     0x2  startup_stm32f042x6.o [1]
  .rodata            const    0x08006ae8     0x0  zero_init3.o [5]
  .rodata            const    0x08006ae8     0x0  copy_init3.o [5]
                            - 0x08006ae8  0x6a28

"P2", part 1 of 3:                           0x8
  P2-1                        0x20000000     0x8  <Init block>
    .data            inited   0x20000000     0x4  gpio.o [1]
    .data            inited   0x20000004     0x4  MicroMenu.o [1]
                            - 0x20000008     0x8

"P2", part 2 of 3:                         0x400
  CSTACK                      0x20000008   0x400  <Block>
    CSTACK           uninit   0x20000008   0x400  <Block tail>
                            - 0x20000408   0x400

"P2", part 3 of 3:                         0xa08
  .bss               zero     0x20000408   0x404  ug2864.o [1]
  .bss               zero     0x2000080c   0x260  system.o [1]
  .bss               zero     0x20000a6c   0x16c  system.o [1]
  .bss               zero     0x20000bd8   0x128  MicroMenu.o [1]
  .bss               zero     0x20000d00    0x5c  filter.o [1]
  .bss               zero     0x20000d5c    0x18  filter.o [1]
  .bss               zero     0x20000d74    0x18  lis3.o [1]
  .bss               zero     0x20000d8c    0x18  ug2864.o [1]
  .bss               zero     0x20000da4    0x14  IR.o [1]
  .bss               zero     0x20000db8    0x14  lis3.o [1]
  .bss               zero     0x20000dcc     0x8  buttons.o [1]
  .bss               zero     0x20000dd4     0x8  power.o [1]
  .bss               zero     0x20000ddc     0x4  adc.o [1]
  .bss               zero     0x20000de0     0x4  filter.o [1]
  .bss               zero     0x20000de4     0x4  main.o [1]
  .bss               zero     0x20000de8     0x4  system.o [1]
  .bss               zero     0x20000dec     0x4  ug2864.o [1]
  .bss               zero     0x20000df0     0x2  filter.o [1]
  .bss               zero     0x20000df2     0x2  main.o [1]
  .bss               zero     0x20000df4     0x2  main.o [1]
  .bss               zero     0x20000df6     0x2  main.o [1]
  .bss               zero     0x20000df8     0x2  main.o [1]
  .bss               zero     0x20000dfa     0x2  main.o [1]
  .bss               zero     0x20000dfc     0x2  main.o [1]
  .bss               zero     0x20000dfe     0x2  main.o [1]
  .bss               zero     0x20000e00     0x2  main.o [1]
  .bss               zero     0x20000e02     0x2  main.o [1]
  .bss               zero     0x20000e04     0x2  main.o [1]
  .bss               zero     0x20000e06     0x2  main.o [1]
  .bss               zero     0x20000e08     0x2  main.o [1]
  .bss               zero     0x20000e0a     0x2  main.o [1]
  .bss               zero     0x20000e0c     0x1  battery.o [1]
  .bss               zero     0x20000e0d     0x1  ug2864.o [1]
                            - 0x20000e0e   0xa06


*******************************************************************************
*** INIT TABLE
***

          Address     Size
          -------     ----
Zero (__iar_zero_init3)
    1 destination range, total size 0xa06:
          0x20000408  0xa06

Copy (__iar_copy_init3)
    1 source range, total size 0x8:
          0x08006a98    0x8
    1 destination range, total size 0x8:
          0x20000000    0x8



*******************************************************************************
*** MODULE SUMMARY
***

    Module                 ro code  ro data  rw data
    ------                 -------  -------  -------
C:\Users\4eef\Projects\Chronograph+\SW\Chrono-Terminal-V1.0\firmware\PROJ_DIR\Debug\Obj: [1]
    IR.o                     1 240                20
    MicroMenu.o                260       28      300
    adc.o                      504                 4
    battery.o                  448       32        1
    buttons.o                  828                 8
    clock.o                    148
    delay.o                     96
    filter.o                   500               122
    fix16.o                    452        8
    fix16_trig.o               200       12
    gpio.o                     544      196        4
    i2c.o                      986
    lis3.o                     560                44
    main.o                   6 424    1 142       30
    power.o                    472                 8
    ssdFonts.o                        1 944
    ssdGraph.o                           44
    startup_stm32f042x6.o      308
    sync.o                     356       20
    system.o                                     976
    system_stm32f0xx.o         148
    ug2864.o                 3 112       20    1 057
    ------------------------------------------------
    Total:                  17 586    3 446    2 574

command line: [2]
    ------------------------------------------------
    Total:

dl6M_tln.a: [3]
    abs.o                        8
    div.o                       32
    exit.o                       8
    low_level_init.o             4
    sprintf.o                   56
    xprintflarge_nomb.o      3 338        8
    xsprout.o                   10
    ------------------------------------------------
    Total:                   3 456        8

m6M_tl.a: [4]
    DblAddSub.o                424
    DblCmpLe.o                  50
    DblDiv.o                   194
    DblMul.o                   388
    DblToI32.o                  46
    FltAddSub.o                288
    FltCmpGe.o                  40
    FltCmpLe.o                  38
    FltDiv.o                   170
    FltMul.o                   176
    FltToS32.o                  58
    I32ToDbl.o                  32
    I32ToFlt.o                  50
    xfdtest.o                   34
    ------------------------------------------------
    Total:                   1 988

rt6M_tl.a: [5]
    ABImemcpy.o                 92
    ABImemset.o                 80
    I32DivModFast.o            224
    I64DivMod.o                106
    I64DivZer.o                  2
    I64Mul.o                    50
    IntDivZer.o                  2
    cexit.o                     10
    cmain.o                     26
    copy_init3.o                48
    cstartup_M.o                12
    data_init.o                 40
    memchr.o                    24
    strchr.o                    20
    strcpy.o                    16
    strlen.o                    16
    zero_init3.o                60
    ------------------------------------------------
    Total:                     828

shb_l.a: [6]
    exit.o                      20
    ------------------------------------------------
    Total:                      20

    Linker created                       36    1 024
----------------------------------------------------
    Grand Total:            23 878    3 490    3 598


*******************************************************************************
*** ENTRY LIST
***

Entry                      Address   Size  Type      Object
-----                      -------   ----  ----      ------
.iar.init_table$$Base   0x08006774          --   Gb  - Linker created -
.iar.init_table$$Limit  0x08006798          --   Gb  - Linker created -
?main                   0x08006819         Code  Gb  cmain.o [5]
ADC1_IRQHandler         0x08004b3d   0x82  Code  Gb  adc.o [1]
CSTACK$$Base            0x20000008          --   Gb  - Linker created -
CSTACK$$Limit           0x20000408          --   Gb  - Linker created -
CurrentMenuItem         0x20000de4    0x4  Data  Gb  main.o [1]
CurrentMenuItem         0x20000004    0x4  Data  Lc  MicroMenu.o [1]
EXTI4_15_IRQHandler     0x08001bc5   0x22  Code  Gb  power.o [1]
I2C1_IRQHandler         0x080051ed    0x2  Code  Gb  i2c.o [1]
I2CRx                   0x08004f3d   0xec  Code  Gb  i2c.o [1]
I2CRxInit               0x08004ea5   0x98  Code  Gb  i2c.o [1]
I2CTx                   0x080050e1   0xec  Code  Gb  i2c.o [1]
I2CTxInit               0x08005029   0x96  Code  Gb  i2c.o [1]
IRRXData                0x20000da4   0x14  Data  Gb  IR.o [1]
LoadInt                 0x08003d3d   0x68  Code  Lc  xprintflarge_nomb.o [3]
Menu_EnterCurrentItem   0x08001ae5   0x26  Code  Gb  MicroMenu.o [1]
Menu_GetCurrentMenu     0x08001a21    0x6  Code  Gb  MicroMenu.o [1]
Menu_Navigate           0x08001a27   0xbe  Code  Gb  MicroMenu.o [1]
NULL_MENU               0x08006878   0x18  Data  Gb  MicroMenu.o [1]
NVIC_DisableIRQ         0x08004a0b    0xe  Code  Lc  adc.o [1]
NVIC_DisableIRQ         0x08004533    0xe  Code  Lc  IR.o [1]
NVIC_DisableIRQ         0x08001b33    0xe  Code  Lc  power.o [1]
NVIC_EnableIRQ          0x080049fd    0xe  Code  Lc  adc.o [1]
NVIC_EnableIRQ          0x08004525    0xe  Code  Lc  IR.o [1]
NVIC_EnableIRQ          0x08001b25    0xe  Code  Lc  power.o [1]
NVIC_SetPriority        0x08004a19   0x84  Code  Lc  adc.o [1]
NVIC_SetPriority        0x08004541   0x84  Code  Lc  IR.o [1]
NVIC_SetPriority        0x08001b41   0x84  Code  Lc  power.o [1]
PI_DIV_4                0x08006aa8    0x4  Data  Lc  fix16_trig.o [1]
Region$$Table$$Base     0x08006774          --   Gb  - Linker created -
Region$$Table$$Limit    0x08006798          --   Gb  - Linker created -
SystemInit              0x080063c1   0x68  Code  Gb  system_stm32f0xx.o [1]
THREE_PI_DIV_4          0x08006aac    0x4  Data  Lc  fix16_trig.o [1]
TIM2_IRQHandler         0x08004741  0x28a  Code  Gb  IR.o [1]
_GenldLargeNoMb         0x080041b9  0x29a  Code  Lc  xprintflarge_nomb.o [3]
_LdtobLargeNoMb         0x08003ed1  0x2b0  Code  Lc  xprintflarge_nomb.o [3]
_LitobLargeNoMb         0x08003da5  0x12a  Code  Lc  xprintflarge_nomb.o [3]
_PrintfLargeNoMb        0x0800377d  0x5c0  Code  Gb  xprintflarge_nomb.o [3]
_PutcharsLargeNoMb      0x08004453   0x30  Code  Lc  xprintflarge_nomb.o [3]
_SProut                 0x08004487    0xa  Code  Gb  xsprout.o [3]
__ICFEDIT_region_RAM_end__ {Abs}
                        0x200017ff         Data  Gb  command line/config [2]
__ICFEDIT_region_RAM_start__ {Abs}
                        0x20000000         Data  Gb  command line/config [2]
__aeabi_cdcmple         0x080056d5         Code  Gb  DblCmpLe.o [4]
__aeabi_cfcmple         0x08005571         Code  Gb  FltCmpLe.o [4]
__aeabi_cfrcmple        0x08005599         Code  Gb  FltCmpGe.o [4]
__aeabi_d2uiz           0x0800594d         Code  Gb  DblToI32.o [4]
__aeabi_ddiv            0x0800588b         Code  Gb  DblDiv.o [4]
__aeabi_dmul            0x08005707         Code  Gb  DblMul.o [4]
__aeabi_dsub            0x08005a57         Code  Gb  DblAddSub.o [4]
__aeabi_f2iz            0x0800536d         Code  Gb  FltToS32.o [4]
__aeabi_fadd            0x080053a7         Code  Gb  FltAddSub.o [4]
__aeabi_fdiv            0x080054c7         Code  Gb  FltDiv.o [4]
__aeabi_fmul            0x080052bb         Code  Gb  FltMul.o [4]
__aeabi_fsub            0x08005417         Code  Gb  FltAddSub.o [4]
__aeabi_i2f             0x08005289         Code  Gb  I32ToFlt.o [4]
__aeabi_idiv            0x08002fb1         Code  Gb  I32DivModFast.o [5]
__aeabi_idiv0           0x08005251         Code  Gb  IntDivZer.o [5]
__aeabi_idivmod         0x08002fb1         Code  Gb  I32DivModFast.o [5]
__aeabi_ldiv0           0x08005b65         Code  Gb  I64DivZer.o [5]
__aeabi_lmul            0x08005255         Code  Gb  I64Mul.o [5]
__aeabi_memcpy          0x08005679         Code  Gb  ABImemcpy.o [5]
__aeabi_memset          0x08003065         Code  Gb  ABImemset.o [5]
__aeabi_ui2d            0x0800597d         Code  Gb  I32ToDbl.o [4]
__aeabi_uidiv           0x08002fb7         Code  Gb  I32DivModFast.o [5]
__aeabi_uidivmod        0x08002fb7         Code  Gb  I32DivModFast.o [5]
__aeabi_uldivmod        0x0800560f         Code  Gb  I64DivMod.o [5]
__cmain                 0x08006819         Code  Gb  cmain.o [5]
__exit                  0x0800684d   0x14  Code  Gb  exit.o [6]
__iar_FDtest            0x080055c1   0x22  Code  Gb  xfdtest.o [4]
__iar_Memchr            0x080055f7   0x18  Code  Gb  memchr.o [5]
__iar_Memset4_word      0x08003085         Code  Gb  ABImemset.o [5]
__iar_Memset_word       0x08003071         Code  Gb  ABImemset.o [5]
__iar_Strchr            0x080055e3   0x14  Code  Gb  strchr.o [5]
__iar_copy_init3        0x080064cd   0x30  Code  Gb  copy_init3.o [5]
__iar_d2uiz             0x08005951         Code  Gb  DblToI32.o [4]
__iar_data_init3        0x08006699   0x28  Code  Gb  data_init.o [5]
__iar_program_start     0x08006a25         Code  Gb  cstartup_M.o [5]
__iar_ui2d              0x08005981         Code  Gb  I32ToDbl.o [4]
__iar_ui2f              0x080052a1         Code  Gb  I32ToFlt.o [4]
__iar_zero_init3        0x08006491   0x3c  Code  Gb  zero_init3.o [5]
__low_level_init        0x08006833    0x4  Code  Gb  low_level_init.o [3]
__vector_table          0x08000000         Data  Gb  startup_stm32f042x6.o [1]
_call_main              0x08006825         Code  Gb  cmain.o [5]
_exit                   0x08006841         Code  Gb  cexit.o [5]
_main                   0x0800682f         Code  Gb  cmain.o [5]
about                   0x080067b8   0x20  Data  Gb  main.o [1]
abs                     0x08003775    0x8  Code  Gb  abs.o [3]
accGainCal              0x080031ab  0x12e  Code  Gb  lis3.o [1]
accel                   0x20000d74   0x18  Data  Gb  lis3.o [1]
adcData                 0x20000ddc    0x4  Data  Gb  adc.o [1]
adcDeinit               0x08004a9d   0x24  Code  Gb  adc.o [1]
adcInit                 0x08004ac1   0x7c  Code  Gb  adc.o [1]
battCalc                0x08001e61  0x1c0  Code  Gb  battery.o [1]
battCalc::percFlag      0x20000e0c    0x1  Data  Lc  battery.o [1]
btnCntsClr              0x08002331   0x1a  Code  Gb  buttons.o [1]
buttons                 0x20000dcc    0x8  Data  Gb  buttons.o [1]
chrgSym                 0x08006a78    0x8  Data  Gb  ssdGraph.o [1]
clz                     0x08003381   0x2c  Code  Lc  fix16.o [1]
deInitIR                0x080046af   0x4a  Code  Gb  IR.o [1]
delay_us                0x080051f1   0x60  Code  Gb  delay.o [1]
display                 0x08006798   0x20  Data  Gb  main.o [1]
div                     0x08005b45   0x20  Code  Gb  div.o [3]
drawMainScreen          0x0800134d  0x63c  Code  Gb  main.o [1]
drawMainScreen::prvBrdr
                        0x20000e0a    0x2  Data  Lc  main.o [1]
drawMainScreen::prvEnrg
                        0x20000e02    0x2  Data  Lc  main.o [1]
drawMainScreen::prvMagStat
                        0x20000dfc    0x2  Data  Lc  main.o [1]
drawMainScreen::prvMean
                        0x20000e06    0x2  Data  Lc  main.o [1]
drawMainScreen::prvPitch
                        0x20000e00    0x2  Data  Lc  main.o [1]
drawMainScreen::prvRoll
                        0x20000dfe    0x2  Data  Lc  main.o [1]
drawMainScreen::prvSDev
                        0x20000e08    0x2  Data  Lc  main.o [1]
drawMainScreen::prvSpd0
                        0x20000df2    0x2  Data  Lc  main.o [1]
drawMainScreen::prvSpd1
                        0x20000df4    0x2  Data  Lc  main.o [1]
drawMainScreen::prvSpd2
                        0x20000df6    0x2  Data  Lc  main.o [1]
drawMainScreen::prvSpd3
                        0x20000df8    0x2  Data  Lc  main.o [1]
drawMainScreen::prvSpd4
                        0x20000dfa    0x2  Data  Lc  main.o [1]
drawMainScreen::prvStatShots
                        0x20000e04    0x2  Data  Lc  main.o [1]
drawMenu                0x0800124d   0xba  Code  Gb  main.o [1]
exit                    0x08006837    0x8  Code  Gb  exit.o [3]
fix16_add               0x080032f5   0x24  Code  Gb  fix16.o [1]
fix16_atan              0x0800355f   0x10  Code  Gb  fix16_trig.o [1]
fix16_atan2             0x080034b9   0xa6  Code  Gb  fix16_trig.o [1]
fix16_div               0x080033ad  0x104  Code  Gb  fix16.o [1]
fix16_min               0x08006aa0    0x4  Data  Lc  fix16.o [1]
fix16_mul               0x08003319   0x68  Code  Gb  fix16.o [1]
fix16_one               0x08006ab0    0x4  Data  Lc  fix16_trig.o [1]
fix16_one               0x08006ab4    0x4  Data  Lc  main.o [1]
fix16_overflow          0x08006aa4    0x4  Data  Lc  fix16.o [1]
font12x16               0x08006168  0x198  Data  Gb  ssdFonts.o [1]
font6x8                 0x08005b68  0x600  Data  Gb  ssdFonts.o [1]
getButtonState          0x08002021  0x300  Code  Gb  buttons.o [1]
gppin_init              0x08004c2f  0x1cc  Code  Gb  gpio.o [1]
initClocks              0x08004491   0x94  Code  Gb  clock.o [1]
initGpios               0x08004bf5   0x3a  Code  Gb  gpio.o [1]
initI2C1                0x08004e15   0x90  Code  Gb  i2c.o [1]
initIRConfig            0x080045c5   0xea  Code  Gb  IR.o [1]
initPeriphs             0x08001ce1   0x1c  Code  Gb  power.o [1]
kalman                  0x20000d00   0x5c  Data  Gb  filter.o [1]
kalmanAccCorr           0x080035a5  0x186  Code  Gb  filter.o [1]
lis3AxisCal             0x20000db8   0x14  Data  Gb  lis3.o [1]
lis3_getXYZ             0x0800316b   0x40  Code  Gb  lis3.o [1]
lis3_read               0x0800312d   0x3e  Code  Gb  lis3.o [1]
lis3_write              0x08003101   0x2c  Code  Gb  lis3.o [1]
lis3init                0x080030c5   0x3c  Code  Gb  lis3.o [1]
lpf                     0x0800372b   0x2e  Code  Gb  filter.o [1]
lpf::Dacc               0x20000de0    0x4  Data  Lc  filter.o [1]
lpf::Dout               0x20000df0    0x2  Data  Lc  filter.o [1]
lpfAccPrim              0x08003581   0x24  Code  Gb  filter.o [1]
lpfPrim                 0x20000d5c   0x18  Data  Gb  filter.o [1]
main                    0x080000c1  0xd60  Code  Gb  main.o [1]
mchron                  0x0800672c   0x24  Data  Gb  main.o [1]
mcommon                 0x080067d8   0x20  Data  Gb  main.o [1]
meas                    0x2000080c  0x260  Data  Gb  system.o [1]
menu                    0x20000bd8  0x128  Data  Gb  MicroMenu.o [1]
menuFolder              0x080069bc   0x10  Data  Gb  ssdGraph.o [1]
menuScroll              0x08006ab8    0x4  Data  Gb  ssdGraph.o [1]
mincline                0x080065a8   0x28  Data  Gb  main.o [1]
mode                    0x080066c0   0x24  Data  Gb  main.o [1]
modeEdit                0x08000fb9   0x6c  Code  Gb  main.o [1]
parEdit                 0x08000f5d   0x48  Code  Gb  main.o [1]
parEditRedir            0x08000e5d   0xf6  Code  Gb  main.o [1]
pellets                 0x20000a6c  0x16c  Data  Gb  system.o [1]
pinNum                  0x20000000    0x4  Data  Gb  gpio.o [1]
pinsMode                0x08006300   0xc0  Data  Gb  gpio.o [1]
power                   0x20000dd4    0x8  Data  Gb  power.o [1]
powerOff                0x08001c63   0x32  Code  Gb  power.o [1]
powerOn                 0x08001c95   0x12  Code  Gb  power.o [1]
q16TiltCalc             0x08001035   0x48  Code  Gb  main.o [1]
scbind                  0x080067f8   0x20  Data  Gb  main.o [1]
scdist                  0x08006670   0x28  Data  Gb  main.o [1]
schrono                 0x08006750   0x24  Data  Gb  main.o [1]
sclipc                  0x080065d0   0x28  Data  Gb  main.o [1]
service                 0x08006580   0x28  Data  Gb  main.o [1]
setts                   0x08006708   0x24  Data  Gb  main.o [1]
sibrdr                  0x080064fc   0x2c  Data  Gb  main.o [1]
sigacal                 0x08006554   0x2c  Data  Gb  main.o [1]
sincline                0x080065f8   0x28  Data  Gb  main.o [1]
siofcal                 0x08006528   0x2c  Data  Gb  main.o [1]
spofft                  0x08006620   0x28  Data  Gb  main.o [1]
sprintf                 0x080019e9   0x38  Code  Gb  sprintf.o [3]
ssdBatt                 0x080069cc   0x10  Data  Gb  ssdGraph.o [1]
ssdSettings             0x20000dec    0x4  Data  Gb  ug2864.o [1]
ssdVideoBff             0x20000408  0x404  Data  Gb  ug2864.o [1]
ssd_putBatt             0x08002abb  0x100  Code  Gb  ug2864.o [1]
ssd_putChar12x16        0x08002bc9   0xf4  Code  Gb  ug2864.o [1]
ssd_putChar6x8          0x08002ce1   0x5a  Code  Gb  ug2864.o [1]
ssd_putMenuFolder       0x08002a6b   0x50  Code  Gb  ug2864.o [1]
ssd_putMenuScroll       0x0800288d   0xae  Code  Gb  ug2864.o [1]
ssd_putMessage          0x080024bd  0x102  Code  Gb  ug2864.o [1]
ssd_putMessage::msgCnt  0x20000e0d    0x1  Data  Lc  ug2864.o [1]
ssd_putMessage::msgStr  0x20000d8c   0x18  Data  Lc  ug2864.o [1]
ssd_putMsgBox           0x080025dd   0x8a  Code  Gb  ug2864.o [1]
ssd_putParBox           0x080023fd   0xc0  Code  Gb  ug2864.o [1]
ssd_putPitchBar         0x0800293b  0x130  Code  Gb  ug2864.o [1]
ssd_putRollBar          0x08002667  0x226  Code  Gb  ug2864.o [1]
ssd_putStrClr           0x0800235d   0xa0  Code  Gb  ug2864.o [1]
ssd_putString12x16      0x08002cbd   0x24  Code  Gb  ug2864.o [1]
ssd_putString6x8        0x08002d41   0x24  Code  Gb  ug2864.o [1]
ssd_setpix              0x08002d65   0xc8  Code  Gb  ug2864.o [1]
sswrst                  0x08006648   0x28  Data  Gb  main.o [1]
stats                   0x080066e4   0x24  Data  Gb  main.o [1]
stopModeConfig          0x08001be7   0x7c  Code  Gb  power.o [1]
strcpy                  0x080019d9         Code  Gb  strcpy.o [5]
strlen                  0x080030b5   0x10  Code  Gb  strlen.o [5]
sync                    0x08001d57   0xc4  Code  Gb  sync.o [1]
syncInit                0x08001cfd   0x5a  Code  Gb  sync.o [1]
sysPars                 0x20000de8    0x4  Data  Gb  system.o [1]
trxAccData              0x080010c1  0x16e  Code  Gb  main.o [1]
ug2864_com              0x08002f13   0x2c  Code  Gb  ug2864.o [1]
ug2864_refresh          0x08002f49   0x20  Code  Gb  ug2864.o [1]
ug2864init              0x08002e61   0xb2  Code  Gb  ug2864.o [1]
ug2864off               0x08002e35   0x16  Code  Gb  ug2864.o [1]
ug2864on                0x08002e4b   0x16  Code  Gb  ug2864.o [1]


[1] = C:\Users\4eef\Projects\Chronograph+\SW\Chrono-Terminal-V1.0\firmware\PROJ_DIR\Debug\Obj
[2] = command line
[3] = dl6M_tln.a
[4] = m6M_tl.a
[5] = rt6M_tl.a
[6] = shb_l.a

  23 878 bytes of readonly  code memory
   3 490 bytes of readonly  data memory
   3 598 bytes of readwrite data memory

Errors: none
Warnings: none
