###############################################################################
#
# IAR ELF Linker V7.70.1.11437/W32 for ARM                24/Oct/2018  17:59:34
# Copyright 2007-2016 IAR Systems AB.
#
#    Output file  =  
#        C:\Users\baidachenko.v.ABK-D113\chronograph-plus\SW\Chrono-Terminal-V1.0\firmware\PROJ_DIR\Debug\Exe\Chrono-Terminal-V1.0.out
#    Map file     =  
#        C:\Users\baidachenko.v.ABK-D113\chronograph-plus\SW\Chrono-Terminal-V1.0\firmware\PROJ_DIR\Debug\List\Chrono-Terminal-V1.0.map
#    Command line =  
#        C:\Users\baidachenko.v.ABK-D113\chronograph-plus\SW\Chrono-Terminal-V1.0\firmware\PROJ_DIR\Debug\Obj\adc.o
#        C:\Users\baidachenko.v.ABK-D113\chronograph-plus\SW\Chrono-Terminal-V1.0\firmware\PROJ_DIR\Debug\Obj\battery.o
#        C:\Users\baidachenko.v.ABK-D113\chronograph-plus\SW\Chrono-Terminal-V1.0\firmware\PROJ_DIR\Debug\Obj\buttons.o
#        C:\Users\baidachenko.v.ABK-D113\chronograph-plus\SW\Chrono-Terminal-V1.0\firmware\PROJ_DIR\Debug\Obj\clock.o
#        C:\Users\baidachenko.v.ABK-D113\chronograph-plus\SW\Chrono-Terminal-V1.0\firmware\PROJ_DIR\Debug\Obj\delay.o
#        C:\Users\baidachenko.v.ABK-D113\chronograph-plus\SW\Chrono-Terminal-V1.0\firmware\PROJ_DIR\Debug\Obj\filter.o
#        C:\Users\baidachenko.v.ABK-D113\chronograph-plus\SW\Chrono-Terminal-V1.0\firmware\PROJ_DIR\Debug\Obj\fix16.o
#        C:\Users\baidachenko.v.ABK-D113\chronograph-plus\SW\Chrono-Terminal-V1.0\firmware\PROJ_DIR\Debug\Obj\fix16_exp.o
#        C:\Users\baidachenko.v.ABK-D113\chronograph-plus\SW\Chrono-Terminal-V1.0\firmware\PROJ_DIR\Debug\Obj\fix16_sqrt.o
#        C:\Users\baidachenko.v.ABK-D113\chronograph-plus\SW\Chrono-Terminal-V1.0\firmware\PROJ_DIR\Debug\Obj\fix16_trig.o
#        C:\Users\baidachenko.v.ABK-D113\chronograph-plus\SW\Chrono-Terminal-V1.0\firmware\PROJ_DIR\Debug\Obj\fract32.o
#        C:\Users\baidachenko.v.ABK-D113\chronograph-plus\SW\Chrono-Terminal-V1.0\firmware\PROJ_DIR\Debug\Obj\gpio.o
#        C:\Users\baidachenko.v.ABK-D113\chronograph-plus\SW\Chrono-Terminal-V1.0\firmware\PROJ_DIR\Debug\Obj\i2c.o
#        C:\Users\baidachenko.v.ABK-D113\chronograph-plus\SW\Chrono-Terminal-V1.0\firmware\PROJ_DIR\Debug\Obj\IR.o
#        C:\Users\baidachenko.v.ABK-D113\chronograph-plus\SW\Chrono-Terminal-V1.0\firmware\PROJ_DIR\Debug\Obj\lis3.o
#        C:\Users\baidachenko.v.ABK-D113\chronograph-plus\SW\Chrono-Terminal-V1.0\firmware\PROJ_DIR\Debug\Obj\main.o
#        C:\Users\baidachenko.v.ABK-D113\chronograph-plus\SW\Chrono-Terminal-V1.0\firmware\PROJ_DIR\Debug\Obj\menuFunctions.o
#        C:\Users\baidachenko.v.ABK-D113\chronograph-plus\SW\Chrono-Terminal-V1.0\firmware\PROJ_DIR\Debug\Obj\MicroMenu.o
#        C:\Users\baidachenko.v.ABK-D113\chronograph-plus\SW\Chrono-Terminal-V1.0\firmware\PROJ_DIR\Debug\Obj\power.o
#        C:\Users\baidachenko.v.ABK-D113\chronograph-plus\SW\Chrono-Terminal-V1.0\firmware\PROJ_DIR\Debug\Obj\ssdFonts.o
#        C:\Users\baidachenko.v.ABK-D113\chronograph-plus\SW\Chrono-Terminal-V1.0\firmware\PROJ_DIR\Debug\Obj\ssdGraph.o
#        C:\Users\baidachenko.v.ABK-D113\chronograph-plus\SW\Chrono-Terminal-V1.0\firmware\PROJ_DIR\Debug\Obj\startup_stm32f042x6.o
#        C:\Users\baidachenko.v.ABK-D113\chronograph-plus\SW\Chrono-Terminal-V1.0\firmware\PROJ_DIR\Debug\Obj\sync.o
#        C:\Users\baidachenko.v.ABK-D113\chronograph-plus\SW\Chrono-Terminal-V1.0\firmware\PROJ_DIR\Debug\Obj\system.o
#        C:\Users\baidachenko.v.ABK-D113\chronograph-plus\SW\Chrono-Terminal-V1.0\firmware\PROJ_DIR\Debug\Obj\system_stm32f0xx.o
#        C:\Users\baidachenko.v.ABK-D113\chronograph-plus\SW\Chrono-Terminal-V1.0\firmware\PROJ_DIR\Debug\Obj\ug2864.o
#        C:\Users\baidachenko.v.ABK-D113\chronograph-plus\SW\Chrono-Terminal-V1.0\firmware\PROJ_DIR\Debug\Obj\uint32.o
#        --redirect _Printf=_PrintfLargeNoMb -o
#        C:\Users\baidachenko.v.ABK-D113\chronograph-plus\SW\Chrono-Terminal-V1.0\firmware\PROJ_DIR\Debug\Exe\Chrono-Terminal-V1.0.out
#        --map
#        C:\Users\baidachenko.v.ABK-D113\chronograph-plus\SW\Chrono-Terminal-V1.0\firmware\PROJ_DIR\Debug\List\Chrono-Terminal-V1.0.map
#        --config "C:\Program Files (x86)\IAR Systems\Embedded Workbench
#        7.5\arm\config\linker\ST\stm32f042x6.icf" --semihosting --entry
#        __iar_program_start --vfe
#
###############################################################################

*******************************************************************************
*** RUNTIME MODEL ATTRIBUTES
***

CppFlavor       = *
__SystemLibrary = DLib


*******************************************************************************
*** PLACEMENT SUMMARY
***

"A0":  place at 0x08000000 { ro section .intvec };
"P1":  place in [from 0x08000000 to 0x08007fff] { ro };
"P2":  place in [from 0x20000000 to 0x200017ff] { rw, block CSTACK, block HEAP };
initialize by copy { rw };

  Section            Kind        Address    Size  Object
  -------            ----        -------    ----  ------
"A0":                                       0xc0
  .intvec            ro code  0x08000000    0xc0  startup_stm32f042x6.o [1]
                            - 0x080000c0    0xc0

"P1":                                     0x71c6
  .text              ro code  0x080000c0   0xcf2  xprintflarge_nomb.o [3]
  .text              ro code  0x08000db2    0x14  strchr.o [5]
  .text              ro code  0x08000dc6    0x10  strlen.o [5]
  .text              ro code  0x08000dd6    0x18  memchr.o [5]
  .text              ro code  0x08000dee    0x6a  I64DivMod.o [5]
  .text              ro code  0x08000e58    0x5c  ABImemcpy.o [5]
  .text              ro code  0x08000eb4    0xe0  I32DivModFast.o [5]
  .text              ro code  0x08000f94    0x32  DblCmpLe.o [4]
  .text              ro code  0x08000fc6   0x184  DblMul.o [4]
  .text              ro code  0x0800114a    0xc2  DblDiv.o [4]
  .text              ro code  0x0800120c    0x2e  DblToI32.o [4]
  .text              ro code  0x0800123a     0xa  xsprout.o [3]
  .text              ro code  0x08001244    0x20  I32ToDbl.o [4]
  .text              ro code  0x08001264   0x1a8  DblAddSub.o [4]
  .text              ro code  0x0800140c    0x20  div.o [3]
  .text              ro code  0x0800142c     0x2  I64DivZer.o [5]
  .rodata            const    0x0800142e     0x2  main.o [1]
  .text              ro code  0x08001430     0x2  IntDivZer.o [5]
  .rodata            const    0x08001432     0x2  system.o [1]
  .text              ro code  0x08001434   0xcc4  MicroMenu.o [1]
  .text              ro code  0x080020f8    0x50  ABImemset.o [5]
  .text              ro code  0x08002148    0x10  strcpy.o [5]
  .text              ro code  0x08002158   0xc3c  ug2864.o [1]
  .text              ro code  0x08002d94    0x38  sprintf.o [3]
  .text              ro code  0x08002dcc    0x1c  strcat.o [3]
  .text              ro code  0x08002de8     0x8  abs.o [3]
  .text              ro code  0x08002df0    0x60  delay.o [1]
  .text              ro code  0x08002e50   0x3e2  i2c.o [1]
  .rodata            const    0x08003232     0x2  ug2864.o [1]
  .text              ro code  0x08003234   0xa2c  IR.o [1]
  .text              ro code  0x08003c60   0x710  system.o [1]
  .rodata            const    0x08004370   0x600  ssdFonts.o [1]
  .text              ro code  0x08004970   0x35c  lis3.o [1]
  .text              ro code  0x08004ccc   0x1c4  fix16.o [1]
  .text              ro code  0x08004e90    0xc8  fix16_trig.o [1]
  .text              ro code  0x08004f58   0x1f4  filter.o [1]
  .text              ro code  0x0800514c    0x32  I64Mul.o [5]
  .rodata            const    0x0800517e     0x2  ug2864.o [1]
  .text              ro code  0x08005180    0x32  I32ToFlt.o [4]
  .text              ro code  0x080051b2    0xb0  FltMul.o [4]
  .rodata            const    0x08005262     0x2  ug2864.o [1]
  .text              ro code  0x08005264    0x3a  FltToS32.o [4]
  .text              ro code  0x0800529e   0x120  FltAddSub.o [4]
  .text              ro code  0x080053be    0xaa  FltDiv.o [4]
  .text              ro code  0x08005468    0x26  FltCmpLe.o [4]
  .rodata            const    0x0800548e     0x2  ug2864.o [1]
  .text              ro code  0x08005490    0x28  FltCmpGe.o [4]
  .text              ro code  0x080054b8    0x22  xfdtest.o [4]
  .rodata            const    0x080054da     0x2  ug2864.o [1]
  .text              ro code  0x080054dc   0x334  buttons.o [1]
  .text              ro code  0x08005810   0x2d8  main.o [1]
  .text              ro code  0x08005ae8   0x1e0  power.o [1]
  .text              ro code  0x08005cc8   0x1f8  adc.o [1]
  .text              ro code  0x08005ec0   0x160  sync.o [1]
  .text              ro code  0x08006020   0x1c0  battery.o [1]
  .text              ro code  0x080061e0    0xa0  clock.o [1]
  .text              ro code  0x08006280   0x220  gpio.o [1]
  .rodata            const    0x080064a0   0x198  ssdFonts.o [1]
  .rodata            const    0x08006638    0xc0  gpio.o [1]
  .text              ro code  0x080066f8    0x94  system_stm32f0xx.o [1]
  .text              ro code  0x0800678c    0x3c  startup_stm32f042x6.o [1]
  .text              ro code  0x080067c8    0x3c  zero_init3.o [5]
  .rodata            const    0x08006804    0x34  menuFunctions.o [1]
  .text              ro code  0x08006838    0x30  copy_init3.o [5]
  .text              ro code  0x08006868    0x28  data_init.o [5]
  .iar.init_table    const    0x08006890    0x24  - Linker created -
  .text              ro code  0x080068b4    0x1e  menuFunctions.o [1]
  .rodata            const    0x080068d2     0x2  ug2864.o [1]
  .rodata            const    0x080068d4    0x1c  main.o [1]
  .rodata            const    0x080068f0    0x1c  main.o [1]
  .rodata            const    0x0800690c    0x1c  main.o [1]
  .rodata            const    0x08006928    0x1c  main.o [1]
  .rodata            const    0x08006944    0x1c  main.o [1]
  .rodata            const    0x08006960    0x1c  main.o [1]
  .rodata            const    0x0800697c    0x1c  main.o [1]
  .rodata            const    0x08006998    0x1c  main.o [1]
  .rodata            const    0x080069b4    0x1c  main.o [1]
  .rodata            const    0x080069d0    0x1c  main.o [1]
  .rodata            const    0x080069ec    0x1c  main.o [1]
  .rodata            const    0x08006a08    0x1c  main.o [1]
  .rodata            const    0x08006a24    0x1c  main.o [1]
  .rodata            const    0x08006a40    0x1c  main.o [1]
  .rodata            const    0x08006a5c    0x1c  main.o [1]
  .rodata            const    0x08006a78    0x1c  main.o [1]
  .rodata            const    0x08006a94    0x1c  main.o [1]
  .rodata            const    0x08006ab0    0x1c  main.o [1]
  .rodata            const    0x08006acc    0x1c  main.o [1]
  .rodata            const    0x08006ae8    0x1c  main.o [1]
  .rodata            const    0x08006b04    0x1c  main.o [1]
  .rodata            const    0x08006b20    0x1c  main.o [1]
  .rodata            const    0x08006b3c    0x1c  main.o [1]
  .rodata            const    0x08006b58    0x1c  main.o [1]
  .rodata            const    0x08006b74    0x1c  main.o [1]
  .rodata            const    0x08006b90    0x1c  main.o [1]
  .rodata            const    0x08006bac    0x1c  main.o [1]
  .rodata            const    0x08006bc8    0x1c  main.o [1]
  .rodata            const    0x08006be4    0x1c  main.o [1]
  .rodata            const    0x08006c00    0x1c  main.o [1]
  .rodata            const    0x08006c1c    0x1c  main.o [1]
  .rodata            const    0x08006c38    0x1c  MicroMenu.o [1]
  .text              ro code  0x08006c54    0x1a  cmain.o [5]
  .text              ro code  0x08006c6e     0x4  low_level_init.o [3]
  .text              ro code  0x08006c72     0x8  exit.o [3]
  .rodata            const    0x08006c7a     0x2  ug2864.o [1]
  .text              ro code  0x08006c7c     0xa  cexit.o [5]
  .rodata            const    0x08006c86     0x2  ug2864.o [1]
  .text              ro code  0x08006c88    0x14  exit.o [6]
  .rodata            const    0x08006c9c    0x18  main.o [1]
  .rodata            const    0x08006cb4    0x18  main.o [1]
  .rodata            const    0x08006ccc    0x18  main.o [1]
  .rodata            const    0x08006ce4    0x18  main.o [1]
  .rodata            const    0x08006cfc    0x18  main.o [1]
  .rodata            const    0x08006d14    0x18  main.o [1]
  .rodata            const    0x08006d2c    0x18  main.o [1]
  .rodata            const    0x08006d44    0x18  main.o [1]
  .rodata            const    0x08006d5c    0x18  main.o [1]
  .rodata            const    0x08006d74    0x18  main.o [1]
  .rodata            const    0x08006d8c    0x18  main.o [1]
  .rodata            const    0x08006da4    0x18  main.o [1]
  .rodata            const    0x08006dbc    0x18  main.o [1]
  .rodata            const    0x08006dd4    0x18  main.o [1]
  .rodata            const    0x08006dec    0x18  main.o [1]
  .rodata            const    0x08006e04    0x18  main.o [1]
  .rodata            const    0x08006e1c    0x18  main.o [1]
  .rodata            const    0x08006e34    0x18  main.o [1]
  .rodata            const    0x08006e4c    0x18  main.o [1]
  .rodata            const    0x08006e64    0x18  main.o [1]
  .rodata            const    0x08006e7c    0x18  main.o [1]
  .rodata            const    0x08006e94    0x18  main.o [1]
  .rodata            const    0x08006eac    0x18  main.o [1]
  .rodata            const    0x08006ec4    0x18  main.o [1]
  .rodata            const    0x08006edc    0x18  main.o [1]
  .rodata            const    0x08006ef4    0x18  main.o [1]
  .rodata            const    0x08006f0c    0x18  main.o [1]
  .rodata            const    0x08006f24    0x18  MicroMenu.o [1]
  .rodata            const    0x08006f3c    0x14  battery.o [1]
  .rodata            const    0x08006f50    0x14  main.o [1]
  .rodata            const    0x08006f64    0x14  main.o [1]
  .rodata            const    0x08006f78    0x14  main.o [1]
  .rodata            const    0x08006f8c    0x14  main.o [1]
  .rodata            const    0x08006fa0    0x14  main.o [1]
  .rodata            const    0x08006fb4    0x14  main.o [1]
  .rodata            const    0x08006fc8    0x14  MicroMenu.o [1]
  .rodata            const    0x08006fdc    0x14  MicroMenu.o [1]
  .rodata            const    0x08006ff0    0x14  sync.o [1]
  .rodata            const    0x08007004    0x10  IR.o [1]
  .rodata            const    0x08007014    0x10  IR.o [1]
  .rodata            const    0x08007024    0x10  IR.o [1]
  .rodata            const    0x08007034    0x10  IR.o [1]
  .rodata            const    0x08007044    0x10  main.o [1]
  .rodata            const    0x08007054    0x10  main.o [1]
  .rodata            const    0x08007064    0x10  main.o [1]
  .rodata            const    0x08007074    0x10  main.o [1]
  .rodata            const    0x08007084    0x10  main.o [1]
  .rodata            const    0x08007094    0x10  main.o [1]
  .rodata            const    0x080070a4    0x10  MicroMenu.o [1]
  .rodata            const    0x080070b4    0x10  MicroMenu.o [1]
  .rodata            const    0x080070c4    0x10  MicroMenu.o [1]
  .rodata            const    0x080070d4    0x10  ssdGraph.o [1]
  .rodata            const    0x080070e4    0x10  ssdGraph.o [1]
  .rodata            const    0x080070f4    0x10  system.o [1]
  .rodata            const    0x08007104    0x10  system.o [1]
  .rodata            const    0x08007114     0xc  battery.o [1]
  .rodata            const    0x08007120     0xc  main.o [1]
  .rodata            const    0x0800712c     0xc  main.o [1]
  .rodata            const    0x08007138     0xc  main.o [1]
  .rodata            const    0x08007144     0xc  main.o [1]
  .rodata            const    0x08007150     0xc  MicroMenu.o [1]
  .rodata            const    0x0800715c     0xc  MicroMenu.o [1]
  .rodata            const    0x08007168     0xc  system.o [1]
  .rodata            const    0x08007174     0xc  system.o [1]
  .rodata            const    0x08007180     0xc  system.o [1]
  .text              ro code  0x0800718c     0xc  cstartup_M.o [5]
  .rodata            const    0x08007198     0x8  IR.o [1]
  .rodata            const    0x080071a0     0x8  main.o [1]
  .rodata            const    0x080071a8     0x8  main.o [1]
  .rodata            const    0x080071b0     0x8  main.o [1]
  .rodata            const    0x080071b8     0x8  MicroMenu.o [1]
  .rodata            const    0x080071c0     0x8  MicroMenu.o [1]
  .rodata            const    0x080071c8     0x8  ssdGraph.o [1]
  .rodata            const    0x080071d0     0x8  system.o [1]
  .rodata            const    0x080071d8     0x8  system.o [1]
  .rodata            const    0x080071e0     0x8  ug2864.o [1]
  .rodata            const    0x080071e8     0x8  ug2864.o [1]
  .rodata            const    0x080071f0     0x8  ug2864.o [1]
  .rodata            const    0x080071f8     0x8  ug2864.o [1]
  .rodata            const    0x08007200     0x8  ug2864.o [1]
  .rodata            const    0x08007208     0x8  ug2864.o [1]
  .rodata            const    0x08007210     0x8  xprintflarge_nomb.o [3]
  Initializer bytes  const    0x08007218     0x8  <for P2-1>
  .rodata            const    0x08007220     0x4  fix16.o [1]
  .rodata            const    0x08007224     0x4  fix16.o [1]
  .rodata            const    0x08007228     0x4  fix16_trig.o [1]
  .rodata            const    0x0800722c     0x4  fix16_trig.o [1]
  .rodata            const    0x08007230     0x4  fix16_trig.o [1]
  .rodata            const    0x08007234     0x4  lis3.o [1]
  .rodata            const    0x08007238     0x4  main.o [1]
  .rodata            const    0x0800723c     0x4  main.o [1]
  .rodata            const    0x08007240     0x4  main.o [1]
  .rodata            const    0x08007244     0x4  main.o [1]
  .rodata            const    0x08007248     0x4  ssdGraph.o [1]
  .rodata            const    0x0800724c     0x2  ug2864.o [1]
  .text              ro code  0x0800724e     0x2  startup_stm32f042x6.o [1]
  .text              ro code  0x08007250     0x2  startup_stm32f042x6.o [1]
  .text              ro code  0x08007252     0x2  startup_stm32f042x6.o [1]
  .text              ro code  0x08007254     0x2  startup_stm32f042x6.o [1]
  .text              ro code  0x08007256     0x2  startup_stm32f042x6.o [1]
  .text              ro code  0x08007258     0x2  startup_stm32f042x6.o [1]
  .text              ro code  0x0800725a     0x2  startup_stm32f042x6.o [1]
  .text              ro code  0x0800725c     0x2  startup_stm32f042x6.o [1]
  .text              ro code  0x0800725e     0x2  startup_stm32f042x6.o [1]
  .text              ro code  0x08007260     0x2  startup_stm32f042x6.o [1]
  .text              ro code  0x08007262     0x2  startup_stm32f042x6.o [1]
  .text              ro code  0x08007264     0x2  startup_stm32f042x6.o [1]
  .text              ro code  0x08007266     0x2  startup_stm32f042x6.o [1]
  .text              ro code  0x08007268     0x2  startup_stm32f042x6.o [1]
  .text              ro code  0x0800726a     0x2  startup_stm32f042x6.o [1]
  .text              ro code  0x0800726c     0x2  startup_stm32f042x6.o [1]
  .text              ro code  0x0800726e     0x2  startup_stm32f042x6.o [1]
  .text              ro code  0x08007270     0x2  startup_stm32f042x6.o [1]
  .text              ro code  0x08007272     0x2  startup_stm32f042x6.o [1]
  .text              ro code  0x08007274     0x2  startup_stm32f042x6.o [1]
  .text              ro code  0x08007276     0x2  startup_stm32f042x6.o [1]
  .text              ro code  0x08007278     0x2  startup_stm32f042x6.o [1]
  .text              ro code  0x0800727a     0x2  startup_stm32f042x6.o [1]
  .text              ro code  0x0800727c     0x2  startup_stm32f042x6.o [1]
  .text              ro code  0x0800727e     0x2  startup_stm32f042x6.o [1]
  .text              ro code  0x08007280     0x2  startup_stm32f042x6.o [1]
  .text              ro code  0x08007282     0x2  startup_stm32f042x6.o [1]
  .text              ro code  0x08007284     0x2  startup_stm32f042x6.o [1]
  .rodata            const    0x08007286     0x0  zero_init3.o [5]
  .rodata            const    0x08007286     0x0  copy_init3.o [5]
                            - 0x08007286  0x71c6

"P2", part 1 of 3:                           0x8
  P2-1                        0x20000000     0x8  <Init block>
    .data            inited   0x20000000     0x4  gpio.o [1]
    .data            inited   0x20000004     0x4  MicroMenu.o [1]
                            - 0x20000008     0x8

"P2", part 2 of 3:                         0x400
  CSTACK                      0x20000008   0x400  <Block>
    CSTACK           uninit   0x20000008   0x400  <Block tail>
                            - 0x20000408   0x400

"P2", part 3 of 3:                         0xe74
  .bss               zero     0x20000408   0x580  MicroMenu.o [1]
  .bss               zero     0x20000988   0x404  ug2864.o [1]
  .bss               zero     0x20000d8c   0x22c  system.o [1]
  .bss               zero     0x20000fb8   0x178  system.o [1]
  .bss               zero     0x20001130    0x5c  filter.o [1]
  .bss               zero     0x2000118c    0x3c  system.o [1]
  .bss               zero     0x200011c8    0x1c  system.o [1]
  .bss               zero     0x200011e4    0x18  filter.o [1]
  .bss               zero     0x200011fc    0x18  lis3.o [1]
  .bss               zero     0x20001214    0x18  system.o [1]
  .bss               zero     0x2000122c    0x14  IR.o [1]
  .bss               zero     0x20001240    0x14  lis3.o [1]
  .bss               zero     0x20001254     0x8  buttons.o [1]
  .bss               zero     0x2000125c     0x8  power.o [1]
  .bss               zero     0x20001264     0x8  system.o [1]
  .bss               zero     0x2000126c     0x4  adc.o [1]
  .bss               zero     0x20001270     0x4  filter.o [1]
  .bss               zero     0x20001274     0x4  main.o [1]
  .bss               zero     0x20001278     0x2  filter.o [1]
  .bss               zero     0x2000127a     0x1  battery.o [1]
                            - 0x2000127b   0xe73


*******************************************************************************
*** INIT TABLE
***

          Address     Size
          -------     ----
Zero (__iar_zero_init3)
    1 destination range, total size 0xe73:
          0x20000408  0xe73

Copy (__iar_copy_init3)
    1 source range, total size 0x8:
          0x08007218    0x8
    1 destination range, total size 0x8:
          0x20000000    0x8



*******************************************************************************
*** MODULE SUMMARY
***

    Module                 ro code  ro data  rw data
    ------                 -------  -------  -------
C:\Users\baidachenko.v.ABK-D113\chronograph-plus\SW\Chrono-Terminal-V1.0\firmware\PROJ_DIR\Debug\Obj: [1]
    IR.o                     2 604       72       20
    MicroMenu.o              3 268      184    1 412
    adc.o                      504                 4
    battery.o                  448       32        1
    buttons.o                  820                 8
    clock.o                    160
    delay.o                     96
    filter.o                   500               122
    fix16.o                    452        8
    fix16_trig.o               200       12
    gpio.o                     544      196        4
    i2c.o                      994
    lis3.o                     860        4       44
    main.o                     728    1 822        4
    menuFunctions.o             30       52
    power.o                    480                 8
    ssdFonts.o                        1 944
    ssdGraph.o                           44
    startup_stm32f042x6.o      308
    sync.o                     352       20
    system.o                 1 808       86    1 052
    system_stm32f0xx.o         148
    ug2864.o                 3 132       66    1 028
    ------------------------------------------------
    Total:                  18 436    4 542    3 707

command line: [2]
    ------------------------------------------------
    Total:

dl6M_tln.a: [3]
    abs.o                        8
    div.o                       32
    exit.o                       8
    low_level_init.o             4
    sprintf.o                   56
    strcat.o                    28
    xprintflarge_nomb.o      3 314        8
    xsprout.o                   10
    ------------------------------------------------
    Total:                   3 460        8

m6M_tl.a: [4]
    DblAddSub.o                424
    DblCmpLe.o                  50
    DblDiv.o                   194
    DblMul.o                   388
    DblToI32.o                  46
    FltAddSub.o                288
    FltCmpGe.o                  40
    FltCmpLe.o                  38
    FltDiv.o                   170
    FltMul.o                   176
    FltToS32.o                  58
    I32ToDbl.o                  32
    I32ToFlt.o                  50
    xfdtest.o                   34
    ------------------------------------------------
    Total:                   1 988

rt6M_tl.a: [5]
    ABImemcpy.o                 92
    ABImemset.o                 80
    I32DivModFast.o            224
    I64DivMod.o                106
    I64DivZer.o                  2
    I64Mul.o                    50
    IntDivZer.o                  2
    cexit.o                     10
    cmain.o                     26
    copy_init3.o                48
    cstartup_M.o                12
    data_init.o                 40
    memchr.o                    24
    strchr.o                    20
    strcpy.o                    16
    strlen.o                    16
    zero_init3.o                60
    ------------------------------------------------
    Total:                     828

shb_l.a: [6]
    exit.o                      20
    ------------------------------------------------
    Total:                      20

    Linker created                       36    1 024
----------------------------------------------------
    Grand Total:            24 732    4 586    4 731


*******************************************************************************
*** ENTRY LIST
***

Entry                      Address   Size  Type      Object
-----                      -------   ----  ----      ------
.iar.init_table$$Base   0x08006890          --   Gb  - Linker created -
.iar.init_table$$Limit  0x080068b4          --   Gb  - Linker created -
?main                   0x08006c55         Code  Gb  cmain.o [5]
ADC1_IRQHandler         0x08005e09   0x82  Code  Gb  adc.o [1]
CSTACK$$Base            0x20000008          --   Gb  - Linker created -
CSTACK$$Limit           0x20000408          --   Gb  - Linker created -
EXTI4_15_IRQHandler     0x08005b89   0x22  Code  Gb  power.o [1]
I2C1_IRQHandler         0x08003231    0x2  Code  Gb  i2c.o [1]
I2CRx                   0x08002f81   0xec  Code  Gb  i2c.o [1]
I2CRxInit               0x08002ee9   0x98  Code  Gb  i2c.o [1]
I2CTx                   0x08003125   0xec  Code  Gb  i2c.o [1]
I2CTxInit               0x0800306d   0x96  Code  Gb  i2c.o [1]
LoadInt                 0x0800066b   0x68  Code  Lc  xprintflarge_nomb.o [3]
Menu_GetCurrentMenu     0x08001fbd    0x6  Code  Gb  MicroMenu.o [1]
Menu_Navigate           0x08001fcd   0xda  Code  Gb  MicroMenu.o [1]
Menu_infoWndRun         0x08001905   0x84  Code  Gb  MicroMenu.o [1]
Menu_infoWndTxtSplit    0x080017ed   0x80  Code  Gb  MicroMenu.o [1]
Menu_navDisp            0x080014c5   0xa2  Code  Gb  MicroMenu.o [1]
Menu_navMenu            0x08001567   0xd8  Code  Gb  MicroMenu.o [1]
Menu_navPwrOff          0x080014b1   0x14  Code  Gb  MicroMenu.o [1]
Menu_parWndRun          0x08001ed3   0xbc  Code  Gb  MicroMenu.o [1]
Menu_putInfoWnd         0x08001871   0x8a  Code  Gb  MicroMenu.o [1]
Menu_putMessage         0x08001f8f   0x2e  Code  Gb  MicroMenu.o [1]
Menu_putParWnd          0x08001e85   0x4e  Code  Gb  MicroMenu.o [1]
Menu_putTxtEditWnd      0x08001ab5   0x48  Code  Gb  MicroMenu.o [1]
Menu_putTxtParSelWnd    0x08001989   0x44  Code  Gb  MicroMenu.o [1]
Menu_pwrSw              0x0800163f   0x36  Code  Gb  MicroMenu.o [1]
Menu_run                0x08001435   0x7c  Code  Gb  MicroMenu.o [1]
Menu_setParEdit         0x08001685  0x15c  Code  Gb  MicroMenu.o [1]
Menu_txtEditWndRun      0x08001b45  0x330  Code  Gb  MicroMenu.o [1]
Menu_txtParSelWndRun    0x080019d9   0xc4  Code  Gb  MicroMenu.o [1]
NULL_MENU               0x08006c38   0x1c  Data  Gb  MicroMenu.o [1]
NULL_PRM                0x08006f24   0x18  Data  Gb  MicroMenu.o [1]
NVIC_DisableIRQ         0x08005cd7    0xe  Code  Lc  adc.o [1]
NVIC_DisableIRQ         0x08003243    0xe  Code  Lc  IR.o [1]
NVIC_DisableIRQ         0x08005af7    0xe  Code  Lc  power.o [1]
NVIC_EnableIRQ          0x08005cc9    0xe  Code  Lc  adc.o [1]
NVIC_EnableIRQ          0x08003235    0xe  Code  Lc  IR.o [1]
NVIC_EnableIRQ          0x08005ae9    0xe  Code  Lc  power.o [1]
NVIC_SetPriority        0x08005ce5   0x84  Code  Lc  adc.o [1]
NVIC_SetPriority        0x08003251   0x84  Code  Lc  IR.o [1]
NVIC_SetPriority        0x08005b05   0x84  Code  Lc  power.o [1]
PI_DIV_4                0x08007228    0x4  Data  Lc  fix16_trig.o [1]
Region$$Table$$Base     0x08006890          --   Gb  - Linker created -
Region$$Table$$Limit    0x080068b4          --   Gb  - Linker created -
SystemInit              0x080066f9   0x68  Code  Gb  system_stm32f0xx.o [1]
THREE_PI_DIV_4          0x0800722c    0x4  Data  Lc  fix16_trig.o [1]
TIM2_IRQHandler         0x080039a5  0x28a  Code  Gb  IR.o [1]
_GenldLargeNoMb         0x08000ae5  0x29a  Code  Lc  xprintflarge_nomb.o [3]
_LdtobLargeNoMb         0x080007fd  0x2b0  Code  Lc  xprintflarge_nomb.o [3]
_LitobLargeNoMb         0x080006d3  0x12a  Code  Lc  xprintflarge_nomb.o [3]
_PrintfLargeNoMb        0x080000c1  0x5aa  Code  Gb  xprintflarge_nomb.o [3]
_PutcharsLargeNoMb      0x08000d7f   0x30  Code  Lc  xprintflarge_nomb.o [3]
_SProut                 0x0800123b    0xa  Code  Gb  xsprout.o [3]
__ICFEDIT_region_RAM_end__ {Abs}
                        0x200017ff         Data  Gb  command line/config [2]
__ICFEDIT_region_RAM_start__ {Abs}
                        0x20000000         Data  Gb  command line/config [2]
__aeabi_cdcmple         0x08000f95         Code  Gb  DblCmpLe.o [4]
__aeabi_cfcmple         0x08005469         Code  Gb  FltCmpLe.o [4]
__aeabi_cfrcmple        0x08005491         Code  Gb  FltCmpGe.o [4]
__aeabi_d2uiz           0x0800120d         Code  Gb  DblToI32.o [4]
__aeabi_ddiv            0x0800114b         Code  Gb  DblDiv.o [4]
__aeabi_dmul            0x08000fc7         Code  Gb  DblMul.o [4]
__aeabi_dsub            0x0800131f         Code  Gb  DblAddSub.o [4]
__aeabi_f2iz            0x08005265         Code  Gb  FltToS32.o [4]
__aeabi_fadd            0x0800529f         Code  Gb  FltAddSub.o [4]
__aeabi_fdiv            0x080053bf         Code  Gb  FltDiv.o [4]
__aeabi_fmul            0x080051b3         Code  Gb  FltMul.o [4]
__aeabi_fsub            0x0800530f         Code  Gb  FltAddSub.o [4]
__aeabi_i2f             0x08005181         Code  Gb  I32ToFlt.o [4]
__aeabi_idiv            0x08000ee1         Code  Gb  I32DivModFast.o [5]
__aeabi_idiv0           0x08001431         Code  Gb  IntDivZer.o [5]
__aeabi_idivmod         0x08000ee1         Code  Gb  I32DivModFast.o [5]
__aeabi_ldiv0           0x0800142d         Code  Gb  I64DivZer.o [5]
__aeabi_lmul            0x0800514d         Code  Gb  I64Mul.o [5]
__aeabi_memcpy          0x08000e59         Code  Gb  ABImemcpy.o [5]
__aeabi_memset          0x080020f9         Code  Gb  ABImemset.o [5]
__aeabi_ui2d            0x08001245         Code  Gb  I32ToDbl.o [4]
__aeabi_uidiv           0x08000ee7         Code  Gb  I32DivModFast.o [5]
__aeabi_uidivmod        0x08000ee7         Code  Gb  I32DivModFast.o [5]
__aeabi_uldivmod        0x08000def         Code  Gb  I64DivMod.o [5]
__cmain                 0x08006c55         Code  Gb  cmain.o [5]
__exit                  0x08006c89   0x14  Code  Gb  exit.o [6]
__iar_FDtest            0x080054b9   0x22  Code  Gb  xfdtest.o [4]
__iar_Memchr            0x08000dd7   0x18  Code  Gb  memchr.o [5]
__iar_Memset4_word      0x08002119         Code  Gb  ABImemset.o [5]
__iar_Memset_word       0x08002105         Code  Gb  ABImemset.o [5]
__iar_Strchr            0x08000db3   0x14  Code  Gb  strchr.o [5]
__iar_copy_init3        0x08006839   0x30  Code  Gb  copy_init3.o [5]
__iar_d2uiz             0x08001211         Code  Gb  DblToI32.o [4]
__iar_data_init3        0x08006869   0x28  Code  Gb  data_init.o [5]
__iar_program_start     0x0800718d         Code  Gb  cstartup_M.o [5]
__iar_ui2d              0x08001249         Code  Gb  I32ToDbl.o [4]
__iar_ui2f              0x08005199         Code  Gb  I32ToFlt.o [4]
__iar_zero_init3        0x080067c9   0x3c  Code  Gb  zero_init3.o [5]
__low_level_init        0x08006c6f    0x4  Code  Gb  low_level_init.o [3]
__vector_table          0x08000000         Data  Gb  startup_stm32f042x6.o [1]
_call_main              0x08006c61         Code  Gb  cmain.o [5]
_exit                   0x08006c7d         Code  Gb  cexit.o [5]
_main                   0x08006c6b         Code  Gb  cmain.o [5]
aboutParser             0x080068c9    0x2  Code  Gb  menuFunctions.o [1]
abs                     0x08002de9    0x8  Code  Gb  abs.o [3]
accel                   0x200011fc   0x18  Data  Gb  lis3.o [1]
adcData                 0x2000126c    0x4  Data  Gb  adc.o [1]
adcDeinit               0x08005d69   0x24  Code  Gb  adc.o [1]
adcInit                 0x08005d8d   0x7c  Code  Gb  adc.o [1]
battCalc                0x08006021  0x1c0  Code  Gb  battery.o [1]
battCalc::percFlag      0x2000127a    0x1  Data  Lc  battery.o [1]
battery                 0x200011c8   0x1c  Data  Gb  system.o [1]
btnCntsClr              0x080057e5   0x1a  Code  Gb  buttons.o [1]
buttons                 0x20001254    0x8  Data  Gb  buttons.o [1]
chrBindFunc             0x080068cd    0x2  Code  Gb  menuFunctions.o [1]
chrSetsRst              0x08003c61   0x6a  Code  Gb  system.o [1]
chrgSym                 0x080071c8    0x8  Data  Gb  ssdGraph.o [1]
chron                   0x20000d8c  0x22c  Data  Gb  system.o [1]
clz                     0x08004d59   0x2c  Code  Lc  fix16.o [1]
currMenuItem            0x20001274    0x4  Data  Gb  main.o [1]
currMenuItem            0x20000004    0x4  Data  Lc  MicroMenu.o [1]
deInitIR                0x080038f9   0x4a  Code  Gb  IR.o [1]
delay_us                0x08002df1   0x60  Code  Gb  delay.o [1]
div                     0x0800140d   0x20  Code  Gb  div.o [3]
drawChrScr              0x08004075  0x1da  Code  Gb  system.o [1]
drawDisplay             0x080059a9   0xb8  Code  Gb  main.o [1]
drawHybrScr             0x08003e79  0x1ce  Code  Gb  system.o [1]
drawIncScr              0x0800425d   0xe4  Code  Gb  system.o [1]
drawMenu                0x08003ccb  0x184  Code  Gb  system.o [1]
exit                    0x08006c73    0x8  Code  Gb  exit.o [3]
fix16_add               0x08004ccd   0x24  Code  Gb  fix16.o [1]
fix16_atan              0x08004f37   0x10  Code  Gb  fix16_trig.o [1]
fix16_atan2             0x08004e91   0xa6  Code  Gb  fix16_trig.o [1]
fix16_div               0x08004d85  0x104  Code  Gb  fix16.o [1]
fix16_min               0x08007220    0x4  Data  Lc  fix16.o [1]
fix16_mul               0x08004cf1   0x68  Code  Gb  fix16.o [1]
fix16_one               0x08007230    0x4  Data  Lc  fix16_trig.o [1]
fix16_one               0x08007234    0x4  Data  Lc  lis3.o [1]
fix16_overflow          0x08007224    0x4  Data  Lc  fix16.o [1]
font12x16               0x080064a0  0x198  Data  Gb  ssdFonts.o [1]
font6x8                 0x08004370  0x600  Data  Gb  ssdFonts.o [1]
gainCalFunc             0x080068d1    0x2  Code  Gb  menuFunctions.o [1]
getNavEvent             0x080054dd  0x2f8  Code  Gb  buttons.o [1]
gppin_init              0x080062bb  0x1cc  Code  Gb  gpio.o [1]
hndlIRData              0x080032e5  0x4fe  Code  Gb  IR.o [1]
initClocks              0x080061e1   0xa0  Code  Gb  clock.o [1]
initGpios               0x08006281   0x3a  Code  Gb  gpio.o [1]
initI2C1                0x08002e51   0x98  Code  Gb  i2c.o [1]
initIRConfig            0x08003809   0xea  Code  Gb  IR.o [1]
initPeriphs             0x08005cad   0x1c  Code  Gb  power.o [1]
irRxData                0x2000122c   0x14  Data  Gb  IR.o [1]
kalman                  0x20001130   0x5c  Data  Gb  filter.o [1]
kalmanAccCorr           0x08004f7d  0x186  Code  Gb  filter.o [1]
lis3AxisCal             0x20001240   0x14  Data  Gb  lis3.o [1]
lis3_getXYZ             0x08004a17   0x40  Code  Gb  lis3.o [1]
lis3_read               0x080049d9   0x3e  Code  Gb  lis3.o [1]
lis3_write              0x080049ad   0x2c  Code  Gb  lis3.o [1]
lis3init                0x08004971   0x3c  Code  Gb  lis3.o [1]
lpf                     0x08005103   0x2e  Code  Gb  filter.o [1]
lpf::Dacc               0x20001270    0x4  Data  Lc  filter.o [1]
lpf::Dout               0x20001278    0x2  Data  Lc  filter.o [1]
lpfAccPrim              0x08004f59   0x24  Code  Gb  filter.o [1]
lpfPrim                 0x200011e4   0x18  Data  Gb  filter.o [1]
main                    0x08005811  0x176  Code  Gb  main.o [1]
meas                    0x20001264    0x8  Data  Gb  system.o [1]
menu                    0x20000408  0x580  Data  Gb  MicroMenu.o [1]
menuFolder              0x080070d4   0x10  Data  Gb  ssdGraph.o [1]
menuScroll              0x08007248    0x4  Data  Gb  ssdGraph.o [1]
offsCalFunc             0x080068cf    0x2  Code  Gb  menuFunctions.o [1]
pabout                  0x08006cb4   0x18  Data  Gb  main.o [1]
pcc                     0x08006d2c   0x18  Data  Gb  main.o [1]
pchrbnd                 0x08006d5c   0x18  Data  Gb  main.o [1]
pdb10edit               0x08006e4c   0x18  Data  Gb  main.o [1]
pdb11edit               0x08006e64   0x18  Data  Gb  main.o [1]
pdb12edit               0x08006e7c   0x18  Data  Gb  main.o [1]
pdb13edit               0x08006e94   0x18  Data  Gb  main.o [1]
pdb14edit               0x08006eac   0x18  Data  Gb  main.o [1]
pdb15edit               0x08006ec4   0x18  Data  Gb  main.o [1]
pdb1edit                0x08006d74   0x18  Data  Gb  main.o [1]
pdb2edit                0x08006d8c   0x18  Data  Gb  main.o [1]
pdb3edit                0x08006da4   0x18  Data  Gb  main.o [1]
pdb4edit                0x08006dbc   0x18  Data  Gb  main.o [1]
pdb5edit                0x08006dd4   0x18  Data  Gb  main.o [1]
pdb6edit                0x08006dec   0x18  Data  Gb  main.o [1]
pdb7edit                0x08006e04   0x18  Data  Gb  main.o [1]
pdb8edit                0x08006e1c   0x18  Data  Gb  main.o [1]
pdb9edit                0x08006e34   0x18  Data  Gb  main.o [1]
pellets                 0x20000fb8  0x178  Data  Gb  system.o [1]
pigc                    0x08006f0c   0x18  Data  Gb  main.o [1]
pinNum                  0x20000000    0x4  Data  Gb  gpio.o [1]
pinsMode                0x08006638   0xc0  Data  Gb  gpio.o [1]
pioc                    0x08006ef4   0x18  Data  Gb  main.o [1]
pmode                   0x08006ce4   0x18  Data  Gb  main.o [1]
power                   0x2000125c    0x8  Data  Gb  power.o [1]
powerOff                0x08005c39   0x32  Code  Gb  power.o [1]
powerOn                 0x08005c27   0x12  Code  Gb  power.o [1]
powerTimRst             0x08005c6b    0x8  Code  Gb  power.o [1]
ppot                    0x08006cfc   0x18  Data  Gb  main.o [1]
prgb                    0x08006edc   0x18  Data  Gb  main.o [1]
psd                     0x08006d44   0x18  Data  Gb  main.o [1]
psinfo                  0x08006ccc   0x18  Data  Gb  main.o [1]
pstats                  0x08006c9c   0x18  Data  Gb  main.o [1]
pswres                  0x08006d14   0x18  Data  Gb  main.o [1]
q16TiltCalc             0x08004a57   0x48  Code  Gb  lis3.o [1]
rabout                  0x0800690c   0x1c  Data  Gb  main.o [1]
rservice                0x08006928   0x1c  Data  Gb  main.o [1]
rsetts                  0x080068f0   0x1c  Data  Gb  main.o [1]
rstats                  0x080068d4   0x1c  Data  Gb  main.o [1]
scbind                  0x08006a24   0x1c  Data  Gb  main.o [1]
scclipc                 0x080069d0   0x1c  Data  Gb  main.o [1]
scdist                  0x08006a08   0x1c  Data  Gb  main.o [1]
schrono                 0x08006960   0x1c  Data  Gb  main.o [1]
scpeldb                 0x080069ec   0x1c  Data  Gb  main.o [1]
sibrdr                  0x08006be4   0x1c  Data  Gb  main.o [1]
sigacal                 0x08006c1c   0x1c  Data  Gb  main.o [1]
sincline                0x0800697c   0x1c  Data  Gb  main.o [1]
siofcal                 0x08006c00   0x1c  Data  Gb  main.o [1]
smode                   0x08006944   0x1c  Data  Gb  main.o [1]
spdbp1                  0x08006a40   0x1c  Data  Gb  main.o [1]
spdbp10                 0x08006b3c   0x1c  Data  Gb  main.o [1]
spdbp11                 0x08006b58   0x1c  Data  Gb  main.o [1]
spdbp12                 0x08006b74   0x1c  Data  Gb  main.o [1]
spdbp13                 0x08006b90   0x1c  Data  Gb  main.o [1]
spdbp14                 0x08006bac   0x1c  Data  Gb  main.o [1]
spdbp15                 0x08006bc8   0x1c  Data  Gb  main.o [1]
spdbp2                  0x08006a5c   0x1c  Data  Gb  main.o [1]
spdbp3                  0x08006a78   0x1c  Data  Gb  main.o [1]
spdbp4                  0x08006a94   0x1c  Data  Gb  main.o [1]
spdbp5                  0x08006ab0   0x1c  Data  Gb  main.o [1]
spdbp6                  0x08006acc   0x1c  Data  Gb  main.o [1]
spdbp7                  0x08006ae8   0x1c  Data  Gb  main.o [1]
spdbp8                  0x08006b04   0x1c  Data  Gb  main.o [1]
spdbp9                  0x08006b20   0x1c  Data  Gb  main.o [1]
spofft                  0x08006998   0x1c  Data  Gb  main.o [1]
sprintf                 0x08002d95   0x38  Code  Gb  sprintf.o [3]
ssdBatt                 0x080070e4   0x10  Data  Gb  ssdGraph.o [1]
ssdVideoBff             0x20000988  0x404  Data  Gb  ug2864.o [1]
ssd_clearVidBff         0x08002bb9   0x16  Code  Gb  ug2864.o [1]
ssd_clrAreaBff          0x08002bd5   0x68  Code  Gb  ug2864.o [1]
ssd_putBatt             0x08002885  0x100  Code  Gb  ug2864.o [1]
ssd_putChar12x16        0x08002985   0xf4  Code  Gb  ug2864.o [1]
ssd_putChar6x8          0x08002a9d   0x5a  Code  Gb  ug2864.o [1]
ssd_putMessage          0x080023a9   0xd0  Code  Gb  ug2864.o [1]
ssd_putParWnd           0x08002293   0xfc  Code  Gb  ug2864.o [1]
ssd_putPitchBar         0x08002715  0x16c  Code  Gb  ug2864.o [1]
ssd_putRollBar          0x080024c5  0x24c  Code  Gb  ug2864.o [1]
ssd_putString12x16      0x08002a79   0x24  Code  Gb  ug2864.o [1]
ssd_putString6x8        0x08002af7   0x24  Code  Gb  ug2864.o [1]
ssd_putTxtEditWnd       0x08002159   0xae  Code  Gb  ug2864.o [1]
ssd_putTxtParSelWnd     0x08002207   0x8c  Code  Gb  ug2864.o [1]
ssd_setpix              0x08002b1b   0x9e  Code  Gb  ug2864.o [1]
stats                   0x20001214   0x18  Data  Gb  system.o [1]
statsParser             0x080068b5    0xc  Code  Gb  menuFunctions.o [1]
stopModeConfig          0x08005bab   0x7c  Code  Gb  power.o [1]
strcat                  0x08002dcd   0x1c  Code  Gb  strcat.o [3]
strcpy                  0x08002149         Code  Gb  strcpy.o [5]
strlen                  0x08000dc7   0x10  Code  Gb  strlen.o [5]
swResFunc               0x080068cb    0x2  Code  Gb  menuFunctions.o [1]
swrst                   0x080069b4   0x1c  Data  Gb  main.o [1]
sync                    0x08005f1b   0xce  Code  Gb  sync.o [1]
syncInit                0x08005ec1   0x5a  Code  Gb  sync.o [1]
sysPars                 0x2000118c   0x3c  Data  Gb  system.o [1]
trxAccData              0x08004aad  0x1ea  Code  Gb  lis3.o [1]
ug2864_com              0x08002d27   0x2c  Code  Gb  ug2864.o [1]
ug2864_refresh          0x08002d53   0x20  Code  Gb  ug2864.o [1]
ug2864init              0x08002c75   0xb2  Code  Gb  ug2864.o [1]
ug2864off               0x08002c49   0x16  Code  Gb  ug2864.o [1]
ug2864on                0x08002c5f   0x16  Code  Gb  ug2864.o [1]


[1] = C:\Users\baidachenko.v.ABK-D113\chronograph-plus\SW\Chrono-Terminal-V1.0\firmware\PROJ_DIR\Debug\Obj
[2] = command line
[3] = dl6M_tln.a
[4] = m6M_tl.a
[5] = rt6M_tl.a
[6] = shb_l.a

  24 732 bytes of readonly  code memory
   4 586 bytes of readonly  data memory
   4 731 bytes of readwrite data memory

Errors: none
Warnings: none
