###############################################################################
#
# IAR ELF Linker V7.80.2.11947/W32 for ARM                12/Nov/2017  17:40:32
# Copyright 2007-2016 IAR Systems AB.
#
#    Output file  =  
#        C:\Users\4eef\Projects\Chronograph+\SW\Chrono-Terminal-V1.0\firmware\PROJ_DIR\Debug\Exe\Chrono-Terminal-V1.0.out
#    Map file     =  
#        C:\Users\4eef\Projects\Chronograph+\SW\Chrono-Terminal-V1.0\firmware\PROJ_DIR\Debug\List\Chrono-Terminal-V1.0.map
#    Command line =  
#        C:\Users\4eef\Projects\Chronograph+\SW\Chrono-Terminal-V1.0\firmware\PROJ_DIR\Debug\Obj\adc.o
#        C:\Users\4eef\Projects\Chronograph+\SW\Chrono-Terminal-V1.0\firmware\PROJ_DIR\Debug\Obj\battery.o
#        C:\Users\4eef\Projects\Chronograph+\SW\Chrono-Terminal-V1.0\firmware\PROJ_DIR\Debug\Obj\buttons.o
#        C:\Users\4eef\Projects\Chronograph+\SW\Chrono-Terminal-V1.0\firmware\PROJ_DIR\Debug\Obj\clock.o
#        C:\Users\4eef\Projects\Chronograph+\SW\Chrono-Terminal-V1.0\firmware\PROJ_DIR\Debug\Obj\delay.o
#        C:\Users\4eef\Projects\Chronograph+\SW\Chrono-Terminal-V1.0\firmware\PROJ_DIR\Debug\Obj\filter.o
#        C:\Users\4eef\Projects\Chronograph+\SW\Chrono-Terminal-V1.0\firmware\PROJ_DIR\Debug\Obj\fix16.o
#        C:\Users\4eef\Projects\Chronograph+\SW\Chrono-Terminal-V1.0\firmware\PROJ_DIR\Debug\Obj\fix16_exp.o
#        C:\Users\4eef\Projects\Chronograph+\SW\Chrono-Terminal-V1.0\firmware\PROJ_DIR\Debug\Obj\fix16_sqrt.o
#        C:\Users\4eef\Projects\Chronograph+\SW\Chrono-Terminal-V1.0\firmware\PROJ_DIR\Debug\Obj\fix16_trig.o
#        C:\Users\4eef\Projects\Chronograph+\SW\Chrono-Terminal-V1.0\firmware\PROJ_DIR\Debug\Obj\fract32.o
#        C:\Users\4eef\Projects\Chronograph+\SW\Chrono-Terminal-V1.0\firmware\PROJ_DIR\Debug\Obj\gpio.o
#        C:\Users\4eef\Projects\Chronograph+\SW\Chrono-Terminal-V1.0\firmware\PROJ_DIR\Debug\Obj\i2c.o
#        C:\Users\4eef\Projects\Chronograph+\SW\Chrono-Terminal-V1.0\firmware\PROJ_DIR\Debug\Obj\IR.o
#        C:\Users\4eef\Projects\Chronograph+\SW\Chrono-Terminal-V1.0\firmware\PROJ_DIR\Debug\Obj\lis3.o
#        C:\Users\4eef\Projects\Chronograph+\SW\Chrono-Terminal-V1.0\firmware\PROJ_DIR\Debug\Obj\main.o
#        C:\Users\4eef\Projects\Chronograph+\SW\Chrono-Terminal-V1.0\firmware\PROJ_DIR\Debug\Obj\MicroMenu.o
#        C:\Users\4eef\Projects\Chronograph+\SW\Chrono-Terminal-V1.0\firmware\PROJ_DIR\Debug\Obj\power.o
#        C:\Users\4eef\Projects\Chronograph+\SW\Chrono-Terminal-V1.0\firmware\PROJ_DIR\Debug\Obj\ssdFonts.o
#        C:\Users\4eef\Projects\Chronograph+\SW\Chrono-Terminal-V1.0\firmware\PROJ_DIR\Debug\Obj\ssdGraph.o
#        C:\Users\4eef\Projects\Chronograph+\SW\Chrono-Terminal-V1.0\firmware\PROJ_DIR\Debug\Obj\startup_stm32f042x6.o
#        C:\Users\4eef\Projects\Chronograph+\SW\Chrono-Terminal-V1.0\firmware\PROJ_DIR\Debug\Obj\sync.o
#        C:\Users\4eef\Projects\Chronograph+\SW\Chrono-Terminal-V1.0\firmware\PROJ_DIR\Debug\Obj\system.o
#        C:\Users\4eef\Projects\Chronograph+\SW\Chrono-Terminal-V1.0\firmware\PROJ_DIR\Debug\Obj\system_stm32f0xx.o
#        C:\Users\4eef\Projects\Chronograph+\SW\Chrono-Terminal-V1.0\firmware\PROJ_DIR\Debug\Obj\ug2864.o
#        C:\Users\4eef\Projects\Chronograph+\SW\Chrono-Terminal-V1.0\firmware\PROJ_DIR\Debug\Obj\uint32.o
#        -o
#        C:\Users\4eef\Projects\Chronograph+\SW\Chrono-Terminal-V1.0\firmware\PROJ_DIR\Debug\Exe\Chrono-Terminal-V1.0.out
#        --redirect _Printf=_PrintfLargeNoMb --map
#        C:\Users\4eef\Projects\Chronograph+\SW\Chrono-Terminal-V1.0\firmware\PROJ_DIR\Debug\List\Chrono-Terminal-V1.0.map
#        --config "C:\Program Files (x86)\IAR Systems\Embedded Workbench
#        7.5\arm\config\linker\ST\stm32f042x6.icf" --semihosting --entry
#        __iar_program_start --vfe
#
###############################################################################

*******************************************************************************
*** RUNTIME MODEL ATTRIBUTES
***

CppFlavor       = *
__SystemLibrary = DLib


*******************************************************************************
*** PLACEMENT SUMMARY
***

"A0":  place at 0x08000000 { ro section .intvec };
"P1":  place in [from 0x08000000 to 0x08007fff] { ro };
"P2":  place in [from 0x20000000 to 0x200017ff] { rw, block CSTACK, block HEAP };
initialize by copy { rw };

  Section            Kind        Address    Size  Object
  -------            ----        -------    ----  ------
"A0":                                       0xc0
  .intvec            ro code  0x08000000    0xc0  startup_stm32f042x6.o [1]
                            - 0x080000c0    0xc0

"P1":                                     0x69c8
  .text              ro code  0x080000c0   0xd0a  xprintflarge_nomb.o [3]
  .text              ro code  0x08000dca    0x14  strchr.o [5]
  .text              ro code  0x08000dde    0x10  strlen.o [5]
  .text              ro code  0x08000dee    0x18  memchr.o [5]
  .text              ro code  0x08000e06    0x6a  I64DivMod.o [5]
  .text              ro code  0x08000e70    0x5c  ABImemcpy.o [5]
  .text              ro code  0x08000ecc    0xe0  I32DivModFast.o [5]
  .text              ro code  0x08000fac    0x32  DblCmpLe.o [4]
  .text              ro code  0x08000fde   0x184  DblMul.o [4]
  .text              ro code  0x08001162    0xc2  DblDiv.o [4]
  .text              ro code  0x08001224    0x2e  DblToI32.o [4]
  .text              ro code  0x08001252     0xa  xsprout.o [3]
  .text              ro code  0x0800125c    0x20  I32ToDbl.o [4]
  .text              ro code  0x0800127c   0x1a8  DblAddSub.o [4]
  .text              ro code  0x08001424    0x20  div.o [3]
  .text              ro code  0x08001444     0x2  I64DivZer.o [5]
  .rodata            const    0x08001446     0x2  system.o [1]
  .text              ro code  0x08001448     0x2  IntDivZer.o [5]
  .rodata            const    0x0800144a     0x2  ug2864.o [1]
  .text              ro code  0x0800144c   0xb44  ug2864.o [1]
  .text              ro code  0x08001f90    0x38  sprintf.o [3]
  .text              ro code  0x08001fc8    0x1c  strcat.o [3]
  .text              ro code  0x08001fe4     0x8  abs.o [3]
  .text              ro code  0x08001fec    0x50  ABImemset.o [5]
  .text              ro code  0x0800203c    0x60  delay.o [1]
  .text              ro code  0x0800209c   0x3e2  i2c.o [1]
  .rodata            const    0x0800247e     0x2  ug2864.o [1]
  .text              ro code  0x08002480   0xa50  IR.o [1]
  .text              ro code  0x08002ed0   0x5f4  MicroMenu.o [1]
  .text              ro code  0x080034c4   0x1d8  power.o [1]
  .text              ro code  0x0800369c   0x71c  system.o [1]
  .text              ro code  0x08003db8    0x10  strcpy.o [5]
  .text              ro code  0x08003dc8    0xa0  clock.o [1]
  .text              ro code  0x08003e68   0x1f8  adc.o [1]
  .text              ro code  0x08004060   0x220  gpio.o [1]
  .text              ro code  0x08004280   0x48c  lis3.o [1]
  .text              ro code  0x0800470c   0x164  sync.o [1]
  .text              ro code  0x08004870   0x1c4  fix16.o [1]
  .text              ro code  0x08004a34    0xc8  fix16_trig.o [1]
  .text              ro code  0x08004afc   0x1f4  filter.o [1]
  .text              ro code  0x08004cf0    0x32  I64Mul.o [5]
  .rodata            const    0x08004d22     0x2  ug2864.o [1]
  .text              ro code  0x08004d24    0x32  I32ToFlt.o [4]
  .text              ro code  0x08004d56    0xb0  FltMul.o [4]
  .rodata            const    0x08004e06     0x2  ug2864.o [1]
  .text              ro code  0x08004e08    0x3a  FltToS32.o [4]
  .text              ro code  0x08004e42   0x120  FltAddSub.o [4]
  .text              ro code  0x08004f62    0xaa  FltDiv.o [4]
  .text              ro code  0x0800500c    0x26  FltCmpLe.o [4]
  .text              ro code  0x08005032     0x2  startup_stm32f042x6.o [1]
  .text              ro code  0x08005034    0x28  FltCmpGe.o [4]
  .text              ro code  0x0800505c    0x22  xfdtest.o [4]
  .text              ro code  0x0800507e     0x2  startup_stm32f042x6.o [1]
  .rodata            const    0x08005080   0x600  ssdFonts.o [1]
  .text              ro code  0x08005680   0x3e4  main.o [1]
  .text              ro code  0x08005a64   0x1c0  battery.o [1]
  .text              ro code  0x08005c24   0x334  buttons.o [1]
  .rodata            const    0x08005f58   0x198  ssdFonts.o [1]
  .rodata            const    0x080060f0    0xc0  gpio.o [1]
  .text              ro code  0x080061b0    0x94  system_stm32f0xx.o [1]
  .text              ro code  0x08006244    0x3c  startup_stm32f042x6.o [1]
  .text              ro code  0x08006280    0x3c  zero_init3.o [5]
  .text              ro code  0x080062bc    0x30  copy_init3.o [5]
  .text              ro code  0x080062ec    0x28  data_init.o [5]
  .iar.init_table    const    0x08006314    0x24  - Linker created -
  .rodata            const    0x08006338    0x1c  main.o [1]
  .rodata            const    0x08006354    0x1c  main.o [1]
  .rodata            const    0x08006370    0x1c  main.o [1]
  .rodata            const    0x0800638c    0x1c  main.o [1]
  .rodata            const    0x080063a8    0x1c  main.o [1]
  .rodata            const    0x080063c4    0x1c  main.o [1]
  .rodata            const    0x080063e0    0x1c  main.o [1]
  .rodata            const    0x080063fc    0x1c  main.o [1]
  .rodata            const    0x08006418    0x1c  main.o [1]
  .rodata            const    0x08006434    0x1c  main.o [1]
  .rodata            const    0x08006450    0x1c  main.o [1]
  .rodata            const    0x0800646c    0x1c  main.o [1]
  .rodata            const    0x08006488    0x1c  main.o [1]
  .rodata            const    0x080064a4    0x1c  main.o [1]
  .rodata            const    0x080064c0    0x1c  main.o [1]
  .rodata            const    0x080064dc    0x1c  main.o [1]
  .rodata            const    0x080064f8    0x1c  main.o [1]
  .rodata            const    0x08006514    0x1c  main.o [1]
  .rodata            const    0x08006530    0x1c  main.o [1]
  .rodata            const    0x0800654c    0x1c  main.o [1]
  .rodata            const    0x08006568    0x1c  main.o [1]
  .rodata            const    0x08006584    0x1c  main.o [1]
  .rodata            const    0x080065a0    0x1c  main.o [1]
  .rodata            const    0x080065bc    0x1c  main.o [1]
  .rodata            const    0x080065d8    0x1c  main.o [1]
  .rodata            const    0x080065f4    0x1c  main.o [1]
  .rodata            const    0x08006610    0x1c  main.o [1]
  .rodata            const    0x0800662c    0x1c  main.o [1]
  .rodata            const    0x08006648    0x1c  main.o [1]
  .rodata            const    0x08006664    0x1c  main.o [1]
  .rodata            const    0x08006680    0x1c  main.o [1]
  .rodata            const    0x0800669c    0x1c  main.o [1]
  .rodata            const    0x080066b8    0x1c  main.o [1]
  .rodata            const    0x080066d4    0x1c  main.o [1]
  .rodata            const    0x080066f0    0x1c  MicroMenu.o [1]
  .text              ro code  0x0800670c    0x1a  cmain.o [5]
  .text              ro code  0x08006726     0x4  low_level_init.o [3]
  .text              ro code  0x0800672a     0x8  exit.o [3]
  .text              ro code  0x08006732     0x2  startup_stm32f042x6.o [1]
  .text              ro code  0x08006734     0xa  cexit.o [5]
  .text              ro code  0x0800673e     0x2  startup_stm32f042x6.o [1]
  .text              ro code  0x08006740    0x14  exit.o [6]
  .rodata            const    0x08006754    0x14  battery.o [1]
  .rodata            const    0x08006768    0x14  main.o [1]
  .rodata            const    0x0800677c    0x14  main.o [1]
  .rodata            const    0x08006790    0x14  main.o [1]
  .rodata            const    0x080067a4    0x14  main.o [1]
  .rodata            const    0x080067b8    0x14  main.o [1]
  .rodata            const    0x080067cc    0x14  main.o [1]
  .rodata            const    0x080067e0    0x14  main.o [1]
  .rodata            const    0x080067f4    0x14  sync.o [1]
  .rodata            const    0x08006808    0x10  IR.o [1]
  .rodata            const    0x08006818    0x10  IR.o [1]
  .rodata            const    0x08006828    0x10  IR.o [1]
  .rodata            const    0x08006838    0x10  IR.o [1]
  .rodata            const    0x08006848    0x10  main.o [1]
  .rodata            const    0x08006858    0x10  main.o [1]
  .rodata            const    0x08006868    0x10  main.o [1]
  .rodata            const    0x08006878    0x10  main.o [1]
  .rodata            const    0x08006888    0x10  main.o [1]
  .rodata            const    0x08006898    0x10  main.o [1]
  .rodata            const    0x080068a8    0x10  main.o [1]
  .rodata            const    0x080068b8    0x10  main.o [1]
  .rodata            const    0x080068c8    0x10  main.o [1]
  .rodata            const    0x080068d8    0x10  main.o [1]
  .rodata            const    0x080068e8    0x10  ssdGraph.o [1]
  .rodata            const    0x080068f8    0x10  ssdGraph.o [1]
  .rodata            const    0x08006908    0x10  system.o [1]
  .rodata            const    0x08006918    0x10  system.o [1]
  .rodata            const    0x08006928     0xc  battery.o [1]
  .rodata            const    0x08006934     0xc  main.o [1]
  .rodata            const    0x08006940     0xc  main.o [1]
  .rodata            const    0x0800694c     0xc  main.o [1]
  .rodata            const    0x08006958     0xc  main.o [1]
  .rodata            const    0x08006964     0xc  main.o [1]
  .rodata            const    0x08006970     0xc  MicroMenu.o [1]
  .rodata            const    0x0800697c     0xc  system.o [1]
  .rodata            const    0x08006988     0xc  system.o [1]
  .rodata            const    0x08006994     0xc  system.o [1]
  .text              ro code  0x080069a0     0xc  cstartup_M.o [5]
  .rodata            const    0x080069ac     0x8  IR.o [1]
  .rodata            const    0x080069b4     0x8  main.o [1]
  .rodata            const    0x080069bc     0x8  main.o [1]
  .rodata            const    0x080069c4     0x8  main.o [1]
  .rodata            const    0x080069cc     0x8  main.o [1]
  .rodata            const    0x080069d4     0x8  MicroMenu.o [1]
  .rodata            const    0x080069dc     0x8  MicroMenu.o [1]
  .rodata            const    0x080069e4     0x8  MicroMenu.o [1]
  .rodata            const    0x080069ec     0x8  ssdGraph.o [1]
  .rodata            const    0x080069f4     0x8  system.o [1]
  .rodata            const    0x080069fc     0x8  system.o [1]
  .rodata            const    0x08006a04     0x8  ug2864.o [1]
  .rodata            const    0x08006a0c     0x8  ug2864.o [1]
  .rodata            const    0x08006a14     0x8  ug2864.o [1]
  .rodata            const    0x08006a1c     0x8  ug2864.o [1]
  .rodata            const    0x08006a24     0x8  ug2864.o [1]
  .rodata            const    0x08006a2c     0x8  xprintflarge_nomb.o [3]
  Initializer bytes  const    0x08006a34     0x8  <for P2-1>
  .rodata            const    0x08006a3c     0x4  fix16.o [1]
  .rodata            const    0x08006a40     0x4  fix16.o [1]
  .rodata            const    0x08006a44     0x4  fix16_trig.o [1]
  .rodata            const    0x08006a48     0x4  fix16_trig.o [1]
  .rodata            const    0x08006a4c     0x4  fix16_trig.o [1]
  .rodata            const    0x08006a50     0x4  lis3.o [1]
  .rodata            const    0x08006a54     0x4  ssdGraph.o [1]
  .text              ro code  0x08006a58     0x2  startup_stm32f042x6.o [1]
  .text              ro code  0x08006a5a     0x2  startup_stm32f042x6.o [1]
  .text              ro code  0x08006a5c     0x2  startup_stm32f042x6.o [1]
  .text              ro code  0x08006a5e     0x2  startup_stm32f042x6.o [1]
  .text              ro code  0x08006a60     0x2  startup_stm32f042x6.o [1]
  .text              ro code  0x08006a62     0x2  startup_stm32f042x6.o [1]
  .text              ro code  0x08006a64     0x2  startup_stm32f042x6.o [1]
  .text              ro code  0x08006a66     0x2  startup_stm32f042x6.o [1]
  .text              ro code  0x08006a68     0x2  startup_stm32f042x6.o [1]
  .text              ro code  0x08006a6a     0x2  startup_stm32f042x6.o [1]
  .text              ro code  0x08006a6c     0x2  startup_stm32f042x6.o [1]
  .text              ro code  0x08006a6e     0x2  startup_stm32f042x6.o [1]
  .text              ro code  0x08006a70     0x2  startup_stm32f042x6.o [1]
  .text              ro code  0x08006a72     0x2  startup_stm32f042x6.o [1]
  .text              ro code  0x08006a74     0x2  startup_stm32f042x6.o [1]
  .text              ro code  0x08006a76     0x2  startup_stm32f042x6.o [1]
  .text              ro code  0x08006a78     0x2  startup_stm32f042x6.o [1]
  .text              ro code  0x08006a7a     0x2  startup_stm32f042x6.o [1]
  .text              ro code  0x08006a7c     0x2  startup_stm32f042x6.o [1]
  .text              ro code  0x08006a7e     0x2  startup_stm32f042x6.o [1]
  .text              ro code  0x08006a80     0x2  startup_stm32f042x6.o [1]
  .text              ro code  0x08006a82     0x2  startup_stm32f042x6.o [1]
  .text              ro code  0x08006a84     0x2  startup_stm32f042x6.o [1]
  .text              ro code  0x08006a86     0x2  startup_stm32f042x6.o [1]
  .rodata            const    0x08006a88     0x0  zero_init3.o [5]
  .rodata            const    0x08006a88     0x0  copy_init3.o [5]
                            - 0x08006a88  0x69c8

"P2", part 1 of 3:                           0x8
  P2-1                        0x20000000     0x8  <Init block>
    .data            inited   0x20000000     0x4  gpio.o [1]
    .data            inited   0x20000004     0x4  MicroMenu.o [1]
                            - 0x20000008     0x8

"P2", part 2 of 3:                         0x400
  CSTACK                      0x20000008   0x400  <Block>
    CSTACK           uninit   0x20000008   0x400  <Block tail>
                            - 0x20000408   0x400

"P2", part 3 of 3:                         0xc08
  .bss               zero     0x20000408   0x404  ug2864.o [1]
  .bss               zero     0x2000080c   0x358  MicroMenu.o [1]
  .bss               zero     0x20000b64   0x268  system.o [1]
  .bss               zero     0x20000dcc   0x16c  system.o [1]
  .bss               zero     0x20000f38    0x5c  filter.o [1]
  .bss               zero     0x20000f94    0x18  filter.o [1]
  .bss               zero     0x20000fac    0x18  lis3.o [1]
  .bss               zero     0x20000fc4    0x14  IR.o [1]
  .bss               zero     0x20000fd8    0x14  lis3.o [1]
  .bss               zero     0x20000fec     0x8  buttons.o [1]
  .bss               zero     0x20000ff4     0x8  power.o [1]
  .bss               zero     0x20000ffc     0x4  adc.o [1]
  .bss               zero     0x20001000     0x4  filter.o [1]
  .bss               zero     0x20001004     0x4  main.o [1]
  .bss               zero     0x20001008     0x4  system.o [1]
  .bss               zero     0x2000100c     0x2  filter.o [1]
  .bss               zero     0x2000100e     0x1  battery.o [1]
                            - 0x2000100f   0xc07


*******************************************************************************
*** INIT TABLE
***

          Address     Size
          -------     ----
Zero (__iar_zero_init3)
    1 destination range, total size 0xc07:
          0x20000408  0xc07

Copy (__iar_copy_init3)
    1 source range, total size 0x8:
          0x08006a34    0x8
    1 destination range, total size 0x8:
          0x20000000    0x8



*******************************************************************************
*** MODULE SUMMARY
***

    Module                 ro code  ro data  rw data
    ------                 -------  -------  -------
C:\Users\4eef\Projects\Chronograph+\SW\Chrono-Terminal-V1.0\firmware\PROJ_DIR\Debug\Obj: [1]
    IR.o                     2 640       72       20
    MicroMenu.o              1 524       68      860
    adc.o                      504                 4
    battery.o                  448       32        1
    buttons.o                  820                 8
    clock.o                    160
    delay.o                     96
    filter.o                   500               122
    fix16.o                    452        8
    fix16_trig.o               200       12
    gpio.o                     544      196        4
    i2c.o                      994
    lis3.o                   1 164        4       44
    main.o                     996    1 344        4
    power.o                    472                 8
    ssdFonts.o                        1 944
    ssdGraph.o                           44
    startup_stm32f042x6.o      308
    sync.o                     356       20
    system.o                 1 820       86      984
    system_stm32f0xx.o         148
    ug2864.o                 2 884       48    1 028
    ------------------------------------------------
    Total:                  17 030    3 878    3 087

command line: [2]
    ------------------------------------------------
    Total:

dl6M_tln.a: [3]
    abs.o                        8
    div.o                       32
    exit.o                       8
    low_level_init.o             4
    sprintf.o                   56
    strcat.o                    28
    xprintflarge_nomb.o      3 338        8
    xsprout.o                   10
    ------------------------------------------------
    Total:                   3 484        8

m6M_tl.a: [4]
    DblAddSub.o                424
    DblCmpLe.o                  50
    DblDiv.o                   194
    DblMul.o                   388
    DblToI32.o                  46
    FltAddSub.o                288
    FltCmpGe.o                  40
    FltCmpLe.o                  38
    FltDiv.o                   170
    FltMul.o                   176
    FltToS32.o                  58
    I32ToDbl.o                  32
    I32ToFlt.o                  50
    xfdtest.o                   34
    ------------------------------------------------
    Total:                   1 988

rt6M_tl.a: [5]
    ABImemcpy.o                 92
    ABImemset.o                 80
    I32DivModFast.o            224
    I64DivMod.o                106
    I64DivZer.o                  2
    I64Mul.o                    50
    IntDivZer.o                  2
    cexit.o                     10
    cmain.o                     26
    copy_init3.o                48
    cstartup_M.o                12
    data_init.o                 40
    memchr.o                    24
    strchr.o                    20
    strcpy.o                    16
    strlen.o                    16
    zero_init3.o                60
    ------------------------------------------------
    Total:                     828

shb_l.a: [6]
    exit.o                      20
    ------------------------------------------------
    Total:                      20

    Linker created                       36    1 024
----------------------------------------------------
    Grand Total:            23 350    3 922    4 111


*******************************************************************************
*** ENTRY LIST
***

Entry                      Address   Size  Type      Object
-----                      -------   ----  ----      ------
.iar.init_table$$Base   0x08006314          --   Gb  - Linker created -
.iar.init_table$$Limit  0x08006338          --   Gb  - Linker created -
?main                   0x0800670d         Code  Gb  cmain.o [5]
ADC1_IRQHandler         0x08003fa9   0x82  Code  Gb  adc.o [1]
CSTACK$$Base            0x20000008          --   Gb  - Linker created -
CSTACK$$Limit           0x20000408          --   Gb  - Linker created -
CurrentMenuItem         0x20000004    0x4  Data  Lc  MicroMenu.o [1]
EXTI4_15_IRQHandler     0x08003565   0x22  Code  Gb  power.o [1]
I2C1_IRQHandler         0x0800247d    0x2  Code  Gb  i2c.o [1]
I2CRx                   0x080021cd   0xec  Code  Gb  i2c.o [1]
I2CRxInit               0x08002135   0x98  Code  Gb  i2c.o [1]
I2CTx                   0x08002371   0xec  Code  Gb  i2c.o [1]
I2CTxInit               0x080022b9   0x96  Code  Gb  i2c.o [1]
IRRXData                0x20000fc4   0x14  Data  Gb  IR.o [1]
LoadInt                 0x08000681   0x68  Code  Lc  xprintflarge_nomb.o [3]
Menu_EnterCurrentItem   0x08003465   0x26  Code  Gb  MicroMenu.o [1]
Menu_GetCurrentMenu     0x08003373    0x6  Code  Gb  MicroMenu.o [1]
Menu_Navigate           0x08003389   0xdc  Code  Gb  MicroMenu.o [1]
Menu_infoWndRun         0x08003095   0x2c  Code  Gb  MicroMenu.o [1]
Menu_navDisp            0x08002f9b   0x6e  Code  Gb  MicroMenu.o [1]
Menu_navMenu            0x08003009   0x8c  Code  Gb  MicroMenu.o [1]
Menu_navPwrOff          0x08002f67   0x34  Code  Gb  MicroMenu.o [1]
Menu_parWndRun          0x08003279   0xbc  Code  Gb  MicroMenu.o [1]
Menu_putMessage         0x08003345   0x2e  Code  Gb  MicroMenu.o [1]
Menu_putParWnd          0x0800321d   0x4c  Code  Gb  MicroMenu.o [1]
Menu_putTxtParSelWnd    0x080030c1   0x4e  Code  Gb  MicroMenu.o [1]
Menu_pwrOnOff           0x08002f45   0x22  Code  Gb  MicroMenu.o [1]
Menu_run                0x08002ed1   0x74  Code  Gb  MicroMenu.o [1]
Menu_txtEditWndRun      0x080031f1   0x2c  Code  Gb  MicroMenu.o [1]
Menu_txtParSelWndRun    0x08003119   0xd2  Code  Gb  MicroMenu.o [1]
NULL_MENU               0x080066f0   0x1c  Data  Gb  MicroMenu.o [1]
NVIC_DisableIRQ         0x08003e77    0xe  Code  Lc  adc.o [1]
NVIC_DisableIRQ         0x0800248f    0xe  Code  Lc  IR.o [1]
NVIC_DisableIRQ         0x080034d3    0xe  Code  Lc  power.o [1]
NVIC_EnableIRQ          0x08003e69    0xe  Code  Lc  adc.o [1]
NVIC_EnableIRQ          0x08002481    0xe  Code  Lc  IR.o [1]
NVIC_EnableIRQ          0x080034c5    0xe  Code  Lc  power.o [1]
NVIC_SetPriority        0x08003e85   0x84  Code  Lc  adc.o [1]
NVIC_SetPriority        0x0800249d   0x84  Code  Lc  IR.o [1]
NVIC_SetPriority        0x080034e1   0x84  Code  Lc  power.o [1]
PI_DIV_4                0x08006a44    0x4  Data  Lc  fix16_trig.o [1]
Region$$Table$$Base     0x08006314          --   Gb  - Linker created -
Region$$Table$$Limit    0x08006338          --   Gb  - Linker created -
SystemInit              0x080061b1   0x68  Code  Gb  system_stm32f0xx.o [1]
THREE_PI_DIV_4          0x08006a48    0x4  Data  Lc  fix16_trig.o [1]
TIM2_IRQHandler         0x08002c15  0x28a  Code  Gb  IR.o [1]
_GenldLargeNoMb         0x08000afd  0x29a  Code  Lc  xprintflarge_nomb.o [3]
_LdtobLargeNoMb         0x08000815  0x2b0  Code  Lc  xprintflarge_nomb.o [3]
_LitobLargeNoMb         0x080006e9  0x12a  Code  Lc  xprintflarge_nomb.o [3]
_PrintfLargeNoMb        0x080000c1  0x5c0  Code  Gb  xprintflarge_nomb.o [3]
_PutcharsLargeNoMb      0x08000d97   0x30  Code  Lc  xprintflarge_nomb.o [3]
_SProut                 0x08001253    0xa  Code  Gb  xsprout.o [3]
__ICFEDIT_region_RAM_end__ {Abs}
                        0x200017ff         Data  Gb  command line/config [2]
__ICFEDIT_region_RAM_start__ {Abs}
                        0x20000000         Data  Gb  command line/config [2]
__aeabi_cdcmple         0x08000fad         Code  Gb  DblCmpLe.o [4]
__aeabi_cfcmple         0x0800500d         Code  Gb  FltCmpLe.o [4]
__aeabi_cfrcmple        0x08005035         Code  Gb  FltCmpGe.o [4]
__aeabi_d2uiz           0x08001225         Code  Gb  DblToI32.o [4]
__aeabi_ddiv            0x08001163         Code  Gb  DblDiv.o [4]
__aeabi_dmul            0x08000fdf         Code  Gb  DblMul.o [4]
__aeabi_dsub            0x08001337         Code  Gb  DblAddSub.o [4]
__aeabi_f2iz            0x08004e09         Code  Gb  FltToS32.o [4]
__aeabi_fadd            0x08004e43         Code  Gb  FltAddSub.o [4]
__aeabi_fdiv            0x08004f63         Code  Gb  FltDiv.o [4]
__aeabi_fmul            0x08004d57         Code  Gb  FltMul.o [4]
__aeabi_fsub            0x08004eb3         Code  Gb  FltAddSub.o [4]
__aeabi_i2f             0x08004d25         Code  Gb  I32ToFlt.o [4]
__aeabi_idiv            0x08000ef9         Code  Gb  I32DivModFast.o [5]
__aeabi_idiv0           0x08001449         Code  Gb  IntDivZer.o [5]
__aeabi_idivmod         0x08000ef9         Code  Gb  I32DivModFast.o [5]
__aeabi_ldiv0           0x08001445         Code  Gb  I64DivZer.o [5]
__aeabi_lmul            0x08004cf1         Code  Gb  I64Mul.o [5]
__aeabi_memcpy          0x08000e71         Code  Gb  ABImemcpy.o [5]
__aeabi_memset          0x08001fed         Code  Gb  ABImemset.o [5]
__aeabi_ui2d            0x0800125d         Code  Gb  I32ToDbl.o [4]
__aeabi_uidiv           0x08000eff         Code  Gb  I32DivModFast.o [5]
__aeabi_uidivmod        0x08000eff         Code  Gb  I32DivModFast.o [5]
__aeabi_uldivmod        0x08000e07         Code  Gb  I64DivMod.o [5]
__cmain                 0x0800670d         Code  Gb  cmain.o [5]
__exit                  0x08006741   0x14  Code  Gb  exit.o [6]
__iar_FDtest            0x0800505d   0x22  Code  Gb  xfdtest.o [4]
__iar_Memchr            0x08000def   0x18  Code  Gb  memchr.o [5]
__iar_Memset4_word      0x0800200d         Code  Gb  ABImemset.o [5]
__iar_Memset_word       0x08001ff9         Code  Gb  ABImemset.o [5]
__iar_Strchr            0x08000dcb   0x14  Code  Gb  strchr.o [5]
__iar_copy_init3        0x080062bd   0x30  Code  Gb  copy_init3.o [5]
__iar_d2uiz             0x08001229         Code  Gb  DblToI32.o [4]
__iar_data_init3        0x080062ed   0x28  Code  Gb  data_init.o [5]
__iar_program_start     0x080069a1         Code  Gb  cstartup_M.o [5]
__iar_ui2d              0x08001261         Code  Gb  I32ToDbl.o [4]
__iar_ui2f              0x08004d3d         Code  Gb  I32ToFlt.o [4]
__iar_zero_init3        0x08006281   0x3c  Code  Gb  zero_init3.o [5]
__low_level_init        0x08006727    0x4  Code  Gb  low_level_init.o [3]
__vector_table          0x08000000         Data  Gb  startup_stm32f042x6.o [1]
_call_main              0x08006719         Code  Gb  cmain.o [5]
_exit                   0x08006735         Code  Gb  cexit.o [5]
_main                   0x08006723         Code  Gb  cmain.o [5]
about                   0x0800638c   0x1c  Data  Gb  main.o [1]
abs                     0x08001fe5    0x8  Code  Gb  abs.o [3]
accGainCal              0x080045b5  0x122  Code  Gb  lis3.o [1]
accel                   0x20000fac   0x18  Data  Gb  lis3.o [1]
adcData                 0x20000ffc    0x4  Data  Gb  adc.o [1]
adcDeinit               0x08003f09   0x24  Code  Gb  adc.o [1]
adcInit                 0x08003f2d   0x7c  Code  Gb  adc.o [1]
battCalc                0x08005a65  0x1c0  Code  Gb  battery.o [1]
battCalc::percFlag      0x2000100e    0x1  Data  Lc  battery.o [1]
btnCntsClr              0x08005f2d   0x1a  Code  Gb  buttons.o [1]
buttons                 0x20000fec    0x8  Data  Gb  buttons.o [1]
chrSetsRst              0x0800369d   0x6a  Code  Gb  system.o [1]
chrgSym                 0x080069ec    0x8  Data  Gb  ssdGraph.o [1]
clz                     0x080048fd   0x2c  Code  Lc  fix16.o [1]
currMenuItem            0x20001004    0x4  Data  Gb  main.o [1]
deInitIR                0x08002b6d   0x4a  Code  Gb  IR.o [1]
delay_us                0x0800203d   0x60  Code  Gb  delay.o [1]
div                     0x08001425   0x20  Code  Gb  div.o [3]
drawChrScr              0x08003aad  0x1da  Code  Gb  system.o [1]
drawDisplay             0x08005935   0xbc  Code  Gb  main.o [1]
drawHybrScr             0x080038b5  0x1ce  Code  Gb  system.o [1]
drawIncScr              0x08003c99   0xe4  Code  Gb  system.o [1]
drawMenu                0x08003707  0x186  Code  Gb  system.o [1]
exit                    0x0800672b    0x8  Code  Gb  exit.o [3]
fix16_add               0x08004871   0x24  Code  Gb  fix16.o [1]
fix16_atan              0x08004adb   0x10  Code  Gb  fix16_trig.o [1]
fix16_atan2             0x08004a35   0xa6  Code  Gb  fix16_trig.o [1]
fix16_div               0x08004929  0x104  Code  Gb  fix16.o [1]
fix16_min               0x08006a3c    0x4  Data  Lc  fix16.o [1]
fix16_mul               0x08004895   0x68  Code  Gb  fix16.o [1]
fix16_one               0x08006a4c    0x4  Data  Lc  fix16_trig.o [1]
fix16_one               0x08006a50    0x4  Data  Lc  lis3.o [1]
fix16_overflow          0x08006a40    0x4  Data  Lc  fix16.o [1]
font12x16               0x08005f58  0x198  Data  Gb  ssdFonts.o [1]
font6x8                 0x08005080  0x600  Data  Gb  ssdFonts.o [1]
getNavEvent             0x08005c25  0x2f8  Code  Gb  buttons.o [1]
gppin_init              0x0800409b  0x1cc  Code  Gb  gpio.o [1]
hndlIRData              0x08002531  0x52c  Code  Gb  IR.o [1]
initClocks              0x08003dc9   0xa0  Code  Gb  clock.o [1]
initGpios               0x08004061   0x3a  Code  Gb  gpio.o [1]
initI2C1                0x0800209d   0x98  Code  Gb  i2c.o [1]
initIRConfig            0x08002a79   0xea  Code  Gb  IR.o [1]
initPeriphs             0x08003681   0x1c  Code  Gb  power.o [1]
kalman                  0x20000f38   0x5c  Data  Gb  filter.o [1]
kalmanAccCorr           0x08004b21  0x186  Code  Gb  filter.o [1]
lis3AxisCal             0x20000fd8   0x14  Data  Gb  lis3.o [1]
lis3_getXYZ             0x08004327   0x40  Code  Gb  lis3.o [1]
lis3_read               0x080042e9   0x3e  Code  Gb  lis3.o [1]
lis3_write              0x080042bd   0x2c  Code  Gb  lis3.o [1]
lis3init                0x08004281   0x3c  Code  Gb  lis3.o [1]
lpf                     0x08004ca7   0x2e  Code  Gb  filter.o [1]
lpf::Dacc               0x20001000    0x4  Data  Lc  filter.o [1]
lpf::Dout               0x2000100c    0x2  Data  Lc  filter.o [1]
lpfAccPrim              0x08004afd   0x24  Code  Gb  filter.o [1]
lpfPrim                 0x20000f94   0x18  Data  Gb  filter.o [1]
main                    0x08005681  0x128  Code  Gb  main.o [1]
mchron                  0x080063e0   0x1c  Data  Gb  main.o [1]
mcommon                 0x080063c4   0x1c  Data  Gb  main.o [1]
meas                    0x20000b64  0x268  Data  Gb  system.o [1]
menu                    0x2000080c  0x358  Data  Gb  MicroMenu.o [1]
menuFolder              0x080068e8   0x10  Data  Gb  ssdGraph.o [1]
menuScroll              0x08006a54    0x4  Data  Gb  ssdGraph.o [1]
mincline                0x080063fc   0x1c  Data  Gb  main.o [1]
mode                    0x08006338   0x1c  Data  Gb  main.o [1]
modeEdit                0x080058b9   0x46  Code  Gb  main.o [1]
parEditInit             0x080057b5   0xd4  Code  Gb  main.o [1]
pellets                 0x20000dcc  0x16c  Data  Gb  system.o [1]
pinNum                  0x20000000    0x4  Data  Gb  gpio.o [1]
pinsMode                0x080060f0   0xc0  Data  Gb  gpio.o [1]
power                   0x20000ff4    0x8  Data  Gb  power.o [1]
powerOff                0x08003603   0x32  Code  Gb  power.o [1]
powerOn                 0x08003635   0x12  Code  Gb  power.o [1]
q16TiltCalc             0x08004367   0x48  Code  Gb  lis3.o [1]
scbind                  0x080064dc   0x1c  Data  Gb  main.o [1]
scdist                  0x080064c0   0x1c  Data  Gb  main.o [1]
schrono                 0x08006434   0x1c  Data  Gb  main.o [1]
sclipc                  0x08006418   0x1c  Data  Gb  main.o [1]
service                 0x080063a8   0x1c  Data  Gb  main.o [1]
setts                   0x08006370   0x1c  Data  Gb  main.o [1]
sibrdr                  0x080064f8   0x1c  Data  Gb  main.o [1]
sigacal                 0x08006530   0x1c  Data  Gb  main.o [1]
sincline                0x08006450   0x1c  Data  Gb  main.o [1]
siofcal                 0x08006514   0x1c  Data  Gb  main.o [1]
spdbp1                  0x0800654c   0x1c  Data  Gb  main.o [1]
spdbp10                 0x08006648   0x1c  Data  Gb  main.o [1]
spdbp11                 0x08006664   0x1c  Data  Gb  main.o [1]
spdbp12                 0x08006680   0x1c  Data  Gb  main.o [1]
spdbp13                 0x0800669c   0x1c  Data  Gb  main.o [1]
spdbp14                 0x080066b8   0x1c  Data  Gb  main.o [1]
spdbp15                 0x080066d4   0x1c  Data  Gb  main.o [1]
spdbp2                  0x08006568   0x1c  Data  Gb  main.o [1]
spdbp3                  0x08006584   0x1c  Data  Gb  main.o [1]
spdbp4                  0x080065a0   0x1c  Data  Gb  main.o [1]
spdbp5                  0x080065bc   0x1c  Data  Gb  main.o [1]
spdbp6                  0x080065d8   0x1c  Data  Gb  main.o [1]
spdbp7                  0x080065f4   0x1c  Data  Gb  main.o [1]
spdbp8                  0x08006610   0x1c  Data  Gb  main.o [1]
spdbp9                  0x0800662c   0x1c  Data  Gb  main.o [1]
speldb                  0x0800646c   0x1c  Data  Gb  main.o [1]
spofft                  0x08006488   0x1c  Data  Gb  main.o [1]
sprintf                 0x08001f91   0x38  Code  Gb  sprintf.o [3]
ssdBatt                 0x080068f8   0x10  Data  Gb  ssdGraph.o [1]
ssdVideoBff             0x20000408  0x404  Data  Gb  ug2864.o [1]
ssd_clearVidBff         0x08001db5   0x16  Code  Gb  ug2864.o [1]
ssd_clrAreaBff          0x08001dd1   0x68  Code  Gb  ug2864.o [1]
ssd_putBatt             0x08001a81  0x100  Code  Gb  ug2864.o [1]
ssd_putChar12x16        0x08001b81   0xf4  Code  Gb  ug2864.o [1]
ssd_putChar6x8          0x08001c99   0x5a  Code  Gb  ug2864.o [1]
ssd_putMessage          0x080015b1   0xd0  Code  Gb  ug2864.o [1]
ssd_putParWnd           0x080014d9   0xd8  Code  Gb  ug2864.o [1]
ssd_putPitchBar         0x08001911  0x16c  Code  Gb  ug2864.o [1]
ssd_putRollBar          0x080016c1  0x24c  Code  Gb  ug2864.o [1]
ssd_putString12x16      0x08001c75   0x24  Code  Gb  ug2864.o [1]
ssd_putString6x8        0x08001cf3   0x24  Code  Gb  ug2864.o [1]
ssd_putTxtParSelWnd     0x0800144d   0x8c  Code  Gb  ug2864.o [1]
ssd_setpix              0x08001d17   0x9e  Code  Gb  ug2864.o [1]
sswrst                  0x080064a4   0x1c  Data  Gb  main.o [1]
stats                   0x08006354   0x1c  Data  Gb  main.o [1]
stopModeConfig          0x08003587   0x7c  Code  Gb  power.o [1]
strcat                  0x08001fc9   0x1c  Code  Gb  strcat.o [3]
strcpy                  0x08003db9         Code  Gb  strcpy.o [5]
strlen                  0x08000ddf   0x10  Code  Gb  strlen.o [5]
sync                    0x08004767   0xce  Code  Gb  sync.o [1]
syncInit                0x0800470d   0x5a  Code  Gb  sync.o [1]
sysPars                 0x20001008    0x4  Data  Gb  system.o [1]
trxAccData              0x080043bd  0x1ea  Code  Gb  lis3.o [1]
ug2864_com              0x08001f23   0x2c  Code  Gb  ug2864.o [1]
ug2864_refresh          0x08001f4f   0x20  Code  Gb  ug2864.o [1]
ug2864init              0x08001e71   0xb2  Code  Gb  ug2864.o [1]
ug2864off               0x08001e45   0x16  Code  Gb  ug2864.o [1]
ug2864on                0x08001e5b   0x16  Code  Gb  ug2864.o [1]


[1] = C:\Users\4eef\Projects\Chronograph+\SW\Chrono-Terminal-V1.0\firmware\PROJ_DIR\Debug\Obj
[2] = command line
[3] = dl6M_tln.a
[4] = m6M_tl.a
[5] = rt6M_tl.a
[6] = shb_l.a

  23 350 bytes of readonly  code memory
   3 922 bytes of readonly  data memory
   4 111 bytes of readwrite data memory

Errors: none
Warnings: none
