###############################################################################
#
# IAR ELF Linker V7.80.2.11947/W32 for ARM                18/Nov/2017  20:54:06
# Copyright 2007-2016 IAR Systems AB.
#
#    Output file  =  
#        C:\Users\4eef\Projects\Chronograph+\SW\Chrono-Terminal-V1.0\firmware\PROJ_DIR\Debug\Exe\Chrono-Terminal-V1.0.out
#    Map file     =  
#        C:\Users\4eef\Projects\Chronograph+\SW\Chrono-Terminal-V1.0\firmware\PROJ_DIR\Debug\List\Chrono-Terminal-V1.0.map
#    Command line =  
#        C:\Users\4eef\Projects\Chronograph+\SW\Chrono-Terminal-V1.0\firmware\PROJ_DIR\Debug\Obj\adc.o
#        C:\Users\4eef\Projects\Chronograph+\SW\Chrono-Terminal-V1.0\firmware\PROJ_DIR\Debug\Obj\battery.o
#        C:\Users\4eef\Projects\Chronograph+\SW\Chrono-Terminal-V1.0\firmware\PROJ_DIR\Debug\Obj\buttons.o
#        C:\Users\4eef\Projects\Chronograph+\SW\Chrono-Terminal-V1.0\firmware\PROJ_DIR\Debug\Obj\clock.o
#        C:\Users\4eef\Projects\Chronograph+\SW\Chrono-Terminal-V1.0\firmware\PROJ_DIR\Debug\Obj\delay.o
#        C:\Users\4eef\Projects\Chronograph+\SW\Chrono-Terminal-V1.0\firmware\PROJ_DIR\Debug\Obj\filter.o
#        C:\Users\4eef\Projects\Chronograph+\SW\Chrono-Terminal-V1.0\firmware\PROJ_DIR\Debug\Obj\fix16.o
#        C:\Users\4eef\Projects\Chronograph+\SW\Chrono-Terminal-V1.0\firmware\PROJ_DIR\Debug\Obj\fix16_exp.o
#        C:\Users\4eef\Projects\Chronograph+\SW\Chrono-Terminal-V1.0\firmware\PROJ_DIR\Debug\Obj\fix16_sqrt.o
#        C:\Users\4eef\Projects\Chronograph+\SW\Chrono-Terminal-V1.0\firmware\PROJ_DIR\Debug\Obj\fix16_trig.o
#        C:\Users\4eef\Projects\Chronograph+\SW\Chrono-Terminal-V1.0\firmware\PROJ_DIR\Debug\Obj\fract32.o
#        C:\Users\4eef\Projects\Chronograph+\SW\Chrono-Terminal-V1.0\firmware\PROJ_DIR\Debug\Obj\gpio.o
#        C:\Users\4eef\Projects\Chronograph+\SW\Chrono-Terminal-V1.0\firmware\PROJ_DIR\Debug\Obj\i2c.o
#        C:\Users\4eef\Projects\Chronograph+\SW\Chrono-Terminal-V1.0\firmware\PROJ_DIR\Debug\Obj\IR.o
#        C:\Users\4eef\Projects\Chronograph+\SW\Chrono-Terminal-V1.0\firmware\PROJ_DIR\Debug\Obj\lis3.o
#        C:\Users\4eef\Projects\Chronograph+\SW\Chrono-Terminal-V1.0\firmware\PROJ_DIR\Debug\Obj\main.o
#        C:\Users\4eef\Projects\Chronograph+\SW\Chrono-Terminal-V1.0\firmware\PROJ_DIR\Debug\Obj\MicroMenu.o
#        C:\Users\4eef\Projects\Chronograph+\SW\Chrono-Terminal-V1.0\firmware\PROJ_DIR\Debug\Obj\power.o
#        C:\Users\4eef\Projects\Chronograph+\SW\Chrono-Terminal-V1.0\firmware\PROJ_DIR\Debug\Obj\ssdFonts.o
#        C:\Users\4eef\Projects\Chronograph+\SW\Chrono-Terminal-V1.0\firmware\PROJ_DIR\Debug\Obj\ssdGraph.o
#        C:\Users\4eef\Projects\Chronograph+\SW\Chrono-Terminal-V1.0\firmware\PROJ_DIR\Debug\Obj\startup_stm32f042x6.o
#        C:\Users\4eef\Projects\Chronograph+\SW\Chrono-Terminal-V1.0\firmware\PROJ_DIR\Debug\Obj\sync.o
#        C:\Users\4eef\Projects\Chronograph+\SW\Chrono-Terminal-V1.0\firmware\PROJ_DIR\Debug\Obj\system.o
#        C:\Users\4eef\Projects\Chronograph+\SW\Chrono-Terminal-V1.0\firmware\PROJ_DIR\Debug\Obj\system_stm32f0xx.o
#        C:\Users\4eef\Projects\Chronograph+\SW\Chrono-Terminal-V1.0\firmware\PROJ_DIR\Debug\Obj\ug2864.o
#        C:\Users\4eef\Projects\Chronograph+\SW\Chrono-Terminal-V1.0\firmware\PROJ_DIR\Debug\Obj\uint32.o
#        -o
#        C:\Users\4eef\Projects\Chronograph+\SW\Chrono-Terminal-V1.0\firmware\PROJ_DIR\Debug\Exe\Chrono-Terminal-V1.0.out
#        --redirect _Printf=_PrintfLargeNoMb --map
#        C:\Users\4eef\Projects\Chronograph+\SW\Chrono-Terminal-V1.0\firmware\PROJ_DIR\Debug\List\Chrono-Terminal-V1.0.map
#        --config "C:\Program Files (x86)\IAR Systems\Embedded Workbench
#        7.5\arm\config\linker\ST\stm32f042x6.icf" --semihosting --entry
#        __iar_program_start --vfe
#
###############################################################################

*******************************************************************************
*** RUNTIME MODEL ATTRIBUTES
***

CppFlavor       = *
__SystemLibrary = DLib


*******************************************************************************
*** PLACEMENT SUMMARY
***

"A0":  place at 0x08000000 { ro section .intvec };
"P1":  place in [from 0x08000000 to 0x08007fff] { ro };
"P2":  place in [from 0x20000000 to 0x200017ff] { rw, block CSTACK, block HEAP };
initialize by copy { rw };

  Section            Kind        Address    Size  Object
  -------            ----        -------    ----  ------
"A0":                                       0xc0
  .intvec            ro code  0x08000000    0xc0  startup_stm32f042x6.o [1]
                            - 0x080000c0    0xc0

"P1":                                     0x705a
  .text              ro code  0x080000c0   0xd0a  xprintflarge_nomb.o [3]
  .text              ro code  0x08000dca    0x14  strchr.o [5]
  .text              ro code  0x08000dde    0x10  strlen.o [5]
  .text              ro code  0x08000dee    0x18  memchr.o [5]
  .text              ro code  0x08000e06    0x6a  I64DivMod.o [5]
  .text              ro code  0x08000e70    0x5c  ABImemcpy.o [5]
  .text              ro code  0x08000ecc    0xe0  I32DivModFast.o [5]
  .text              ro code  0x08000fac    0x32  DblCmpLe.o [4]
  .text              ro code  0x08000fde   0x184  DblMul.o [4]
  .text              ro code  0x08001162    0xc2  DblDiv.o [4]
  .text              ro code  0x08001224    0x2e  DblToI32.o [4]
  .text              ro code  0x08001252     0xa  xsprout.o [3]
  .text              ro code  0x0800125c    0x20  I32ToDbl.o [4]
  .text              ro code  0x0800127c   0x1a8  DblAddSub.o [4]
  .text              ro code  0x08001424    0x20  div.o [3]
  .text              ro code  0x08001444     0x2  I64DivZer.o [5]
  .rodata            const    0x08001446     0x2  system.o [1]
  .text              ro code  0x08001448     0x2  IntDivZer.o [5]
  .rodata            const    0x0800144a     0x2  ug2864.o [1]
  .text              ro code  0x0800144c   0xc18  ug2864.o [1]
  .text              ro code  0x08002064    0x38  sprintf.o [3]
  .text              ro code  0x0800209c    0x1c  strcat.o [3]
  .text              ro code  0x080020b8     0x8  abs.o [3]
  .text              ro code  0x080020c0    0x50  ABImemset.o [5]
  .text              ro code  0x08002110    0x60  delay.o [1]
  .text              ro code  0x08002170   0x3e2  i2c.o [1]
  .rodata            const    0x08002552     0x2  ug2864.o [1]
  .text              ro code  0x08002554   0xa50  IR.o [1]
  .text              ro code  0x08002fa4   0x99c  MicroMenu.o [1]
  .text              ro code  0x08003940   0x1d8  power.o [1]
  .text              ro code  0x08003b18   0x71c  system.o [1]
  .text              ro code  0x08004234    0x10  strcpy.o [5]
  .text              ro code  0x08004244    0xa0  clock.o [1]
  .text              ro code  0x080042e4   0x1f8  adc.o [1]
  .text              ro code  0x080044dc   0x220  gpio.o [1]
  .text              ro code  0x080046fc   0x48c  lis3.o [1]
  .text              ro code  0x08004b88   0x164  sync.o [1]
  .text              ro code  0x08004cec   0x1c4  fix16.o [1]
  .text              ro code  0x08004eb0    0xc8  fix16_trig.o [1]
  .text              ro code  0x08004f78   0x1f4  filter.o [1]
  .text              ro code  0x0800516c    0x32  I64Mul.o [5]
  .rodata            const    0x0800519e     0x2  ug2864.o [1]
  .text              ro code  0x080051a0    0x32  I32ToFlt.o [4]
  .text              ro code  0x080051d2    0xb0  FltMul.o [4]
  .rodata            const    0x08005282     0x2  ug2864.o [1]
  .text              ro code  0x08005284    0x3a  FltToS32.o [4]
  .text              ro code  0x080052be   0x120  FltAddSub.o [4]
  .text              ro code  0x080053de    0xaa  FltDiv.o [4]
  .text              ro code  0x08005488    0x26  FltCmpLe.o [4]
  .rodata            const    0x080054ae     0x2  ug2864.o [1]
  .text              ro code  0x080054b0    0x28  FltCmpGe.o [4]
  .text              ro code  0x080054d8    0x22  xfdtest.o [4]
  .rodata            const    0x080054fa     0x2  ug2864.o [1]
  .rodata            const    0x080054fc   0x600  ssdFonts.o [1]
  .text              ro code  0x08005afc   0x5cc  main.o [1]
  .text              ro code  0x080060c8   0x1c0  battery.o [1]
  .text              ro code  0x08006288   0x334  buttons.o [1]
  .rodata            const    0x080065bc   0x198  ssdFonts.o [1]
  .rodata            const    0x08006754    0xc0  gpio.o [1]
  .text              ro code  0x08006814    0x94  system_stm32f0xx.o [1]
  .text              ro code  0x080068a8    0x3c  startup_stm32f042x6.o [1]
  .text              ro code  0x080068e4    0x3c  zero_init3.o [5]
  .text              ro code  0x08006920    0x30  copy_init3.o [5]
  .text              ro code  0x08006950    0x28  data_init.o [5]
  .iar.init_table    const    0x08006978    0x24  - Linker created -
  .rodata            const    0x0800699c    0x1c  main.o [1]
  .rodata            const    0x080069b8    0x1c  main.o [1]
  .rodata            const    0x080069d4    0x1c  main.o [1]
  .rodata            const    0x080069f0    0x1c  main.o [1]
  .rodata            const    0x08006a0c    0x1c  main.o [1]
  .rodata            const    0x08006a28    0x1c  main.o [1]
  .rodata            const    0x08006a44    0x1c  main.o [1]
  .rodata            const    0x08006a60    0x1c  main.o [1]
  .rodata            const    0x08006a7c    0x1c  main.o [1]
  .rodata            const    0x08006a98    0x1c  main.o [1]
  .rodata            const    0x08006ab4    0x1c  main.o [1]
  .rodata            const    0x08006ad0    0x1c  main.o [1]
  .rodata            const    0x08006aec    0x1c  main.o [1]
  .rodata            const    0x08006b08    0x1c  main.o [1]
  .rodata            const    0x08006b24    0x1c  main.o [1]
  .rodata            const    0x08006b40    0x1c  main.o [1]
  .rodata            const    0x08006b5c    0x1c  main.o [1]
  .rodata            const    0x08006b78    0x1c  main.o [1]
  .rodata            const    0x08006b94    0x1c  main.o [1]
  .rodata            const    0x08006bb0    0x1c  main.o [1]
  .rodata            const    0x08006bcc    0x1c  main.o [1]
  .rodata            const    0x08006be8    0x1c  main.o [1]
  .rodata            const    0x08006c04    0x1c  main.o [1]
  .rodata            const    0x08006c20    0x1c  main.o [1]
  .rodata            const    0x08006c3c    0x1c  main.o [1]
  .rodata            const    0x08006c58    0x1c  main.o [1]
  .rodata            const    0x08006c74    0x1c  main.o [1]
  .rodata            const    0x08006c90    0x1c  main.o [1]
  .rodata            const    0x08006cac    0x1c  main.o [1]
  .rodata            const    0x08006cc8    0x1c  main.o [1]
  .rodata            const    0x08006ce4    0x1c  main.o [1]
  .rodata            const    0x08006d00    0x1c  main.o [1]
  .rodata            const    0x08006d1c    0x1c  main.o [1]
  .rodata            const    0x08006d38    0x1c  main.o [1]
  .rodata            const    0x08006d54    0x1c  MicroMenu.o [1]
  .text              ro code  0x08006d70    0x1a  cmain.o [5]
  .text              ro code  0x08006d8a     0x4  low_level_init.o [3]
  .text              ro code  0x08006d8e     0x8  exit.o [3]
  .rodata            const    0x08006d96     0x2  ug2864.o [1]
  .text              ro code  0x08006d98     0xa  cexit.o [5]
  .rodata            const    0x08006da2     0x2  ug2864.o [1]
  .text              ro code  0x08006da4    0x14  exit.o [6]
  .rodata            const    0x08006db8    0x14  battery.o [1]
  .rodata            const    0x08006dcc    0x14  main.o [1]
  .rodata            const    0x08006de0    0x14  main.o [1]
  .rodata            const    0x08006df4    0x14  main.o [1]
  .rodata            const    0x08006e08    0x14  main.o [1]
  .rodata            const    0x08006e1c    0x14  main.o [1]
  .rodata            const    0x08006e30    0x14  main.o [1]
  .rodata            const    0x08006e44    0x14  main.o [1]
  .rodata            const    0x08006e58    0x14  sync.o [1]
  .rodata            const    0x08006e6c    0x10  IR.o [1]
  .rodata            const    0x08006e7c    0x10  IR.o [1]
  .rodata            const    0x08006e8c    0x10  IR.o [1]
  .rodata            const    0x08006e9c    0x10  IR.o [1]
  .rodata            const    0x08006eac    0x10  main.o [1]
  .rodata            const    0x08006ebc    0x10  main.o [1]
  .rodata            const    0x08006ecc    0x10  main.o [1]
  .rodata            const    0x08006edc    0x10  main.o [1]
  .rodata            const    0x08006eec    0x10  main.o [1]
  .rodata            const    0x08006efc    0x10  main.o [1]
  .rodata            const    0x08006f0c    0x10  main.o [1]
  .rodata            const    0x08006f1c    0x10  main.o [1]
  .rodata            const    0x08006f2c    0x10  main.o [1]
  .rodata            const    0x08006f3c    0x10  main.o [1]
  .rodata            const    0x08006f4c    0x10  main.o [1]
  .rodata            const    0x08006f5c    0x10  MicroMenu.o [1]
  .rodata            const    0x08006f6c    0x10  ssdGraph.o [1]
  .rodata            const    0x08006f7c    0x10  ssdGraph.o [1]
  .rodata            const    0x08006f8c    0x10  system.o [1]
  .rodata            const    0x08006f9c    0x10  system.o [1]
  .rodata            const    0x08006fac     0xc  battery.o [1]
  .rodata            const    0x08006fb8     0xc  main.o [1]
  .rodata            const    0x08006fc4     0xc  main.o [1]
  .rodata            const    0x08006fd0     0xc  main.o [1]
  .rodata            const    0x08006fdc     0xc  main.o [1]
  .rodata            const    0x08006fe8     0xc  main.o [1]
  .rodata            const    0x08006ff4     0xc  MicroMenu.o [1]
  .rodata            const    0x08007000     0xc  MicroMenu.o [1]
  .rodata            const    0x0800700c     0xc  system.o [1]
  .rodata            const    0x08007018     0xc  system.o [1]
  .rodata            const    0x08007024     0xc  system.o [1]
  .text              ro code  0x08007030     0xc  cstartup_M.o [5]
  .rodata            const    0x0800703c     0x8  IR.o [1]
  .rodata            const    0x08007044     0x8  main.o [1]
  .rodata            const    0x0800704c     0x8  main.o [1]
  .rodata            const    0x08007054     0x8  main.o [1]
  .rodata            const    0x0800705c     0x8  main.o [1]
  .rodata            const    0x08007064     0x8  MicroMenu.o [1]
  .rodata            const    0x0800706c     0x8  MicroMenu.o [1]
  .rodata            const    0x08007074     0x8  ssdGraph.o [1]
  .rodata            const    0x0800707c     0x8  system.o [1]
  .rodata            const    0x08007084     0x8  system.o [1]
  .rodata            const    0x0800708c     0x8  ug2864.o [1]
  .rodata            const    0x08007094     0x8  ug2864.o [1]
  .rodata            const    0x0800709c     0x8  ug2864.o [1]
  .rodata            const    0x080070a4     0x8  ug2864.o [1]
  .rodata            const    0x080070ac     0x8  ug2864.o [1]
  .rodata            const    0x080070b4     0x8  xprintflarge_nomb.o [3]
  Initializer bytes  const    0x080070bc     0x8  <for P2-1>
  .rodata            const    0x080070c4     0x4  fix16.o [1]
  .rodata            const    0x080070c8     0x4  fix16.o [1]
  .rodata            const    0x080070cc     0x4  fix16_trig.o [1]
  .rodata            const    0x080070d0     0x4  fix16_trig.o [1]
  .rodata            const    0x080070d4     0x4  fix16_trig.o [1]
  .rodata            const    0x080070d8     0x4  lis3.o [1]
  .rodata            const    0x080070dc     0x4  ssdGraph.o [1]
  .rodata            const    0x080070e0     0x2  ug2864.o [1]
  .text              ro code  0x080070e2     0x2  startup_stm32f042x6.o [1]
  .text              ro code  0x080070e4     0x2  startup_stm32f042x6.o [1]
  .text              ro code  0x080070e6     0x2  startup_stm32f042x6.o [1]
  .text              ro code  0x080070e8     0x2  startup_stm32f042x6.o [1]
  .text              ro code  0x080070ea     0x2  startup_stm32f042x6.o [1]
  .text              ro code  0x080070ec     0x2  startup_stm32f042x6.o [1]
  .text              ro code  0x080070ee     0x2  startup_stm32f042x6.o [1]
  .text              ro code  0x080070f0     0x2  startup_stm32f042x6.o [1]
  .text              ro code  0x080070f2     0x2  startup_stm32f042x6.o [1]
  .text              ro code  0x080070f4     0x2  startup_stm32f042x6.o [1]
  .text              ro code  0x080070f6     0x2  startup_stm32f042x6.o [1]
  .text              ro code  0x080070f8     0x2  startup_stm32f042x6.o [1]
  .text              ro code  0x080070fa     0x2  startup_stm32f042x6.o [1]
  .text              ro code  0x080070fc     0x2  startup_stm32f042x6.o [1]
  .text              ro code  0x080070fe     0x2  startup_stm32f042x6.o [1]
  .text              ro code  0x08007100     0x2  startup_stm32f042x6.o [1]
  .text              ro code  0x08007102     0x2  startup_stm32f042x6.o [1]
  .text              ro code  0x08007104     0x2  startup_stm32f042x6.o [1]
  .text              ro code  0x08007106     0x2  startup_stm32f042x6.o [1]
  .text              ro code  0x08007108     0x2  startup_stm32f042x6.o [1]
  .text              ro code  0x0800710a     0x2  startup_stm32f042x6.o [1]
  .text              ro code  0x0800710c     0x2  startup_stm32f042x6.o [1]
  .text              ro code  0x0800710e     0x2  startup_stm32f042x6.o [1]
  .text              ro code  0x08007110     0x2  startup_stm32f042x6.o [1]
  .text              ro code  0x08007112     0x2  startup_stm32f042x6.o [1]
  .text              ro code  0x08007114     0x2  startup_stm32f042x6.o [1]
  .text              ro code  0x08007116     0x2  startup_stm32f042x6.o [1]
  .text              ro code  0x08007118     0x2  startup_stm32f042x6.o [1]
  .rodata            const    0x0800711a     0x0  zero_init3.o [5]
  .rodata            const    0x0800711a     0x0  copy_init3.o [5]
                            - 0x0800711a  0x705a

"P2", part 1 of 3:                           0x8
  P2-1                        0x20000000     0x8  <Init block>
    .data            inited   0x20000000     0x4  gpio.o [1]
    .data            inited   0x20000004     0x4  MicroMenu.o [1]
                            - 0x20000008     0x8

"P2", part 2 of 3:                         0x400
  CSTACK                      0x20000008   0x400  <Block>
    CSTACK           uninit   0x20000008   0x400  <Block tail>
                            - 0x20000408   0x400

"P2", part 3 of 3:                         0xc2c
  .bss               zero     0x20000408   0x404  ug2864.o [1]
  .bss               zero     0x2000080c   0x36c  MicroMenu.o [1]
  .bss               zero     0x20000b78   0x268  system.o [1]
  .bss               zero     0x20000de0   0x17c  system.o [1]
  .bss               zero     0x20000f5c    0x5c  filter.o [1]
  .bss               zero     0x20000fb8    0x18  filter.o [1]
  .bss               zero     0x20000fd0    0x18  lis3.o [1]
  .bss               zero     0x20000fe8    0x14  IR.o [1]
  .bss               zero     0x20000ffc    0x14  lis3.o [1]
  .bss               zero     0x20001010     0x8  buttons.o [1]
  .bss               zero     0x20001018     0x8  power.o [1]
  .bss               zero     0x20001020     0x4  adc.o [1]
  .bss               zero     0x20001024     0x4  filter.o [1]
  .bss               zero     0x20001028     0x4  main.o [1]
  .bss               zero     0x2000102c     0x4  system.o [1]
  .bss               zero     0x20001030     0x2  filter.o [1]
  .bss               zero     0x20001032     0x1  battery.o [1]
                            - 0x20001033   0xc2b


*******************************************************************************
*** INIT TABLE
***

          Address     Size
          -------     ----
Zero (__iar_zero_init3)
    1 destination range, total size 0xc2b:
          0x20000408  0xc2b

Copy (__iar_copy_init3)
    1 source range, total size 0x8:
          0x080070bc    0x8
    1 destination range, total size 0x8:
          0x20000000    0x8



*******************************************************************************
*** MODULE SUMMARY
***

    Module                 ro code  ro data  rw data
    ------                 -------  -------  -------
C:\Users\4eef\Projects\Chronograph+\SW\Chrono-Terminal-V1.0\firmware\PROJ_DIR\Debug\Obj: [1]
    IR.o                     2 640       72       20
    MicroMenu.o              2 460       88      880
    adc.o                      504                 4
    battery.o                  448       32        1
    buttons.o                  820                 8
    clock.o                    160
    delay.o                     96
    filter.o                   500               122
    fix16.o                    452        8
    fix16_trig.o               200       12
    gpio.o                     544      196        4
    i2c.o                      994
    lis3.o                   1 164        4       44
    main.o                   1 484    1 360        4
    power.o                    472                 8
    ssdFonts.o                        1 944
    ssdGraph.o                           44
    startup_stm32f042x6.o      308
    sync.o                     356       20
    system.o                 1 820       86    1 000
    system_stm32f0xx.o         148
    ug2864.o                 3 096       58    1 028
    ------------------------------------------------
    Total:                  18 666    3 924    3 123

command line: [2]
    ------------------------------------------------
    Total:

dl6M_tln.a: [3]
    abs.o                        8
    div.o                       32
    exit.o                       8
    low_level_init.o             4
    sprintf.o                   56
    strcat.o                    28
    xprintflarge_nomb.o      3 338        8
    xsprout.o                   10
    ------------------------------------------------
    Total:                   3 484        8

m6M_tl.a: [4]
    DblAddSub.o                424
    DblCmpLe.o                  50
    DblDiv.o                   194
    DblMul.o                   388
    DblToI32.o                  46
    FltAddSub.o                288
    FltCmpGe.o                  40
    FltCmpLe.o                  38
    FltDiv.o                   170
    FltMul.o                   176
    FltToS32.o                  58
    I32ToDbl.o                  32
    I32ToFlt.o                  50
    xfdtest.o                   34
    ------------------------------------------------
    Total:                   1 988

rt6M_tl.a: [5]
    ABImemcpy.o                 92
    ABImemset.o                 80
    I32DivModFast.o            224
    I64DivMod.o                106
    I64DivZer.o                  2
    I64Mul.o                    50
    IntDivZer.o                  2
    cexit.o                     10
    cmain.o                     26
    copy_init3.o                48
    cstartup_M.o                12
    data_init.o                 40
    memchr.o                    24
    strchr.o                    20
    strcpy.o                    16
    strlen.o                    16
    zero_init3.o                60
    ------------------------------------------------
    Total:                     828

shb_l.a: [6]
    exit.o                      20
    ------------------------------------------------
    Total:                      20

    Linker created                       36    1 024
----------------------------------------------------
    Grand Total:            24 986    3 968    4 147


*******************************************************************************
*** ENTRY LIST
***

Entry                      Address   Size  Type      Object
-----                      -------   ----  ----      ------
.iar.init_table$$Base   0x08006978          --   Gb  - Linker created -
.iar.init_table$$Limit  0x0800699c          --   Gb  - Linker created -
?main                   0x08006d71         Code  Gb  cmain.o [5]
ADC1_IRQHandler         0x08004425   0x82  Code  Gb  adc.o [1]
CSTACK$$Base            0x20000008          --   Gb  - Linker created -
CSTACK$$Limit           0x20000408          --   Gb  - Linker created -
CurrentMenuItem         0x20000004    0x4  Data  Lc  MicroMenu.o [1]
EXTI4_15_IRQHandler     0x080039e1   0x22  Code  Gb  power.o [1]
I2C1_IRQHandler         0x08002551    0x2  Code  Gb  i2c.o [1]
I2CRx                   0x080022a1   0xec  Code  Gb  i2c.o [1]
I2CRxInit               0x08002209   0x98  Code  Gb  i2c.o [1]
I2CTx                   0x08002445   0xec  Code  Gb  i2c.o [1]
I2CTxInit               0x0800238d   0x96  Code  Gb  i2c.o [1]
IRRXData                0x20000fe8   0x14  Data  Gb  IR.o [1]
LoadInt                 0x08000681   0x68  Code  Lc  xprintflarge_nomb.o [3]
Menu_EnterCurrentItem   0x080038d5   0x26  Code  Gb  MicroMenu.o [1]
Menu_GetCurrentMenu     0x080037db    0x6  Code  Gb  MicroMenu.o [1]
Menu_Navigate           0x080037f1   0xdc  Code  Gb  MicroMenu.o [1]
Menu_infoWndRun         0x08003169   0x2c  Code  Gb  MicroMenu.o [1]
Menu_navDisp            0x0800306f   0x6e  Code  Gb  MicroMenu.o [1]
Menu_navMenu            0x080030dd   0x8c  Code  Gb  MicroMenu.o [1]
Menu_navPwrOff          0x0800303b   0x34  Code  Gb  MicroMenu.o [1]
Menu_parWndRun          0x080036f1   0xbc  Code  Gb  MicroMenu.o [1]
Menu_putMessage         0x080037ad   0x2e  Code  Gb  MicroMenu.o [1]
Menu_putParWnd          0x080036a5   0x4c  Code  Gb  MicroMenu.o [1]
Menu_putTxtEditWnd      0x080032c5   0x4e  Code  Gb  MicroMenu.o [1]
Menu_putTxtParSelWnd    0x08003195   0x4e  Code  Gb  MicroMenu.o [1]
Menu_pwrOnOff           0x08003019   0x22  Code  Gb  MicroMenu.o [1]
Menu_run                0x08002fa5   0x74  Code  Gb  MicroMenu.o [1]
Menu_txtEditWndRun      0x0800335d  0x338  Code  Gb  MicroMenu.o [1]
Menu_txtParSelWndRun    0x080031ed   0xd2  Code  Gb  MicroMenu.o [1]
NULL_MENU               0x08006d54   0x1c  Data  Gb  MicroMenu.o [1]
NVIC_DisableIRQ         0x080042f3    0xe  Code  Lc  adc.o [1]
NVIC_DisableIRQ         0x08002563    0xe  Code  Lc  IR.o [1]
NVIC_DisableIRQ         0x0800394f    0xe  Code  Lc  power.o [1]
NVIC_EnableIRQ          0x080042e5    0xe  Code  Lc  adc.o [1]
NVIC_EnableIRQ          0x08002555    0xe  Code  Lc  IR.o [1]
NVIC_EnableIRQ          0x08003941    0xe  Code  Lc  power.o [1]
NVIC_SetPriority        0x08004301   0x84  Code  Lc  adc.o [1]
NVIC_SetPriority        0x08002571   0x84  Code  Lc  IR.o [1]
NVIC_SetPriority        0x0800395d   0x84  Code  Lc  power.o [1]
PI_DIV_4                0x080070cc    0x4  Data  Lc  fix16_trig.o [1]
Region$$Table$$Base     0x08006978          --   Gb  - Linker created -
Region$$Table$$Limit    0x0800699c          --   Gb  - Linker created -
SystemInit              0x08006815   0x68  Code  Gb  system_stm32f0xx.o [1]
THREE_PI_DIV_4          0x080070d0    0x4  Data  Lc  fix16_trig.o [1]
TIM2_IRQHandler         0x08002ce9  0x28a  Code  Gb  IR.o [1]
_GenldLargeNoMb         0x08000afd  0x29a  Code  Lc  xprintflarge_nomb.o [3]
_LdtobLargeNoMb         0x08000815  0x2b0  Code  Lc  xprintflarge_nomb.o [3]
_LitobLargeNoMb         0x080006e9  0x12a  Code  Lc  xprintflarge_nomb.o [3]
_PrintfLargeNoMb        0x080000c1  0x5c0  Code  Gb  xprintflarge_nomb.o [3]
_PutcharsLargeNoMb      0x08000d97   0x30  Code  Lc  xprintflarge_nomb.o [3]
_SProut                 0x08001253    0xa  Code  Gb  xsprout.o [3]
__ICFEDIT_region_RAM_end__ {Abs}
                        0x200017ff         Data  Gb  command line/config [2]
__ICFEDIT_region_RAM_start__ {Abs}
                        0x20000000         Data  Gb  command line/config [2]
__aeabi_cdcmple         0x08000fad         Code  Gb  DblCmpLe.o [4]
__aeabi_cfcmple         0x08005489         Code  Gb  FltCmpLe.o [4]
__aeabi_cfrcmple        0x080054b1         Code  Gb  FltCmpGe.o [4]
__aeabi_d2uiz           0x08001225         Code  Gb  DblToI32.o [4]
__aeabi_ddiv            0x08001163         Code  Gb  DblDiv.o [4]
__aeabi_dmul            0x08000fdf         Code  Gb  DblMul.o [4]
__aeabi_dsub            0x08001337         Code  Gb  DblAddSub.o [4]
__aeabi_f2iz            0x08005285         Code  Gb  FltToS32.o [4]
__aeabi_fadd            0x080052bf         Code  Gb  FltAddSub.o [4]
__aeabi_fdiv            0x080053df         Code  Gb  FltDiv.o [4]
__aeabi_fmul            0x080051d3         Code  Gb  FltMul.o [4]
__aeabi_fsub            0x0800532f         Code  Gb  FltAddSub.o [4]
__aeabi_i2f             0x080051a1         Code  Gb  I32ToFlt.o [4]
__aeabi_idiv            0x08000ef9         Code  Gb  I32DivModFast.o [5]
__aeabi_idiv0           0x08001449         Code  Gb  IntDivZer.o [5]
__aeabi_idivmod         0x08000ef9         Code  Gb  I32DivModFast.o [5]
__aeabi_ldiv0           0x08001445         Code  Gb  I64DivZer.o [5]
__aeabi_lmul            0x0800516d         Code  Gb  I64Mul.o [5]
__aeabi_memcpy          0x08000e71         Code  Gb  ABImemcpy.o [5]
__aeabi_memset          0x080020c1         Code  Gb  ABImemset.o [5]
__aeabi_ui2d            0x0800125d         Code  Gb  I32ToDbl.o [4]
__aeabi_uidiv           0x08000eff         Code  Gb  I32DivModFast.o [5]
__aeabi_uidivmod        0x08000eff         Code  Gb  I32DivModFast.o [5]
__aeabi_uldivmod        0x08000e07         Code  Gb  I64DivMod.o [5]
__cmain                 0x08006d71         Code  Gb  cmain.o [5]
__exit                  0x08006da5   0x14  Code  Gb  exit.o [6]
__iar_FDtest            0x080054d9   0x22  Code  Gb  xfdtest.o [4]
__iar_Memchr            0x08000def   0x18  Code  Gb  memchr.o [5]
__iar_Memset4_word      0x080020e1         Code  Gb  ABImemset.o [5]
__iar_Memset_word       0x080020cd         Code  Gb  ABImemset.o [5]
__iar_Strchr            0x08000dcb   0x14  Code  Gb  strchr.o [5]
__iar_copy_init3        0x08006921   0x30  Code  Gb  copy_init3.o [5]
__iar_d2uiz             0x08001229         Code  Gb  DblToI32.o [4]
__iar_data_init3        0x08006951   0x28  Code  Gb  data_init.o [5]
__iar_program_start     0x08007031         Code  Gb  cstartup_M.o [5]
__iar_ui2d              0x08001261         Code  Gb  I32ToDbl.o [4]
__iar_ui2f              0x080051b9         Code  Gb  I32ToFlt.o [4]
__iar_zero_init3        0x080068e5   0x3c  Code  Gb  zero_init3.o [5]
__low_level_init        0x08006d8b    0x4  Code  Gb  low_level_init.o [3]
__vector_table          0x08000000         Data  Gb  startup_stm32f042x6.o [1]
_call_main              0x08006d7d         Code  Gb  cmain.o [5]
_exit                   0x08006d99         Code  Gb  cexit.o [5]
_main                   0x08006d87         Code  Gb  cmain.o [5]
about                   0x080069f0   0x1c  Data  Gb  main.o [1]
abs                     0x080020b9    0x8  Code  Gb  abs.o [3]
accGainCal              0x08004a31  0x122  Code  Gb  lis3.o [1]
accel                   0x20000fd0   0x18  Data  Gb  lis3.o [1]
adcData                 0x20001020    0x4  Data  Gb  adc.o [1]
adcDeinit               0x08004385   0x24  Code  Gb  adc.o [1]
adcInit                 0x080043a9   0x7c  Code  Gb  adc.o [1]
battCalc                0x080060c9  0x1c0  Code  Gb  battery.o [1]
battCalc::percFlag      0x20001032    0x1  Data  Lc  battery.o [1]
btnCntsClr              0x08006591   0x1a  Code  Gb  buttons.o [1]
buttons                 0x20001010    0x8  Data  Gb  buttons.o [1]
chrSetsRst              0x08003b19   0x6a  Code  Gb  system.o [1]
chrgSym                 0x08007074    0x8  Data  Gb  ssdGraph.o [1]
clz                     0x08004d79   0x2c  Code  Lc  fix16.o [1]
currMenuItem            0x20001028    0x4  Data  Gb  main.o [1]
deInitIR                0x08002c41   0x4a  Code  Gb  IR.o [1]
delay_us                0x08002111   0x60  Code  Gb  delay.o [1]
div                     0x08001425   0x20  Code  Gb  div.o [3]
drawChrScr              0x08003f29  0x1da  Code  Gb  system.o [1]
drawDisplay             0x08005f85   0xc0  Code  Gb  main.o [1]
drawHybrScr             0x08003d31  0x1ce  Code  Gb  system.o [1]
drawIncScr              0x08004115   0xe4  Code  Gb  system.o [1]
drawMenu                0x08003b83  0x186  Code  Gb  system.o [1]
exit                    0x08006d8f    0x8  Code  Gb  exit.o [3]
fix16_add               0x08004ced   0x24  Code  Gb  fix16.o [1]
fix16_atan              0x08004f57   0x10  Code  Gb  fix16_trig.o [1]
fix16_atan2             0x08004eb1   0xa6  Code  Gb  fix16_trig.o [1]
fix16_div               0x08004da5  0x104  Code  Gb  fix16.o [1]
fix16_min               0x080070c4    0x4  Data  Lc  fix16.o [1]
fix16_mul               0x08004d11   0x68  Code  Gb  fix16.o [1]
fix16_one               0x080070d4    0x4  Data  Lc  fix16_trig.o [1]
fix16_one               0x080070d8    0x4  Data  Lc  lis3.o [1]
fix16_overflow          0x080070c8    0x4  Data  Lc  fix16.o [1]
font12x16               0x080065bc  0x198  Data  Gb  ssdFonts.o [1]
font6x8                 0x080054fc  0x600  Data  Gb  ssdFonts.o [1]
getNavEvent             0x08006289  0x2f8  Code  Gb  buttons.o [1]
gppin_init              0x08004517  0x1cc  Code  Gb  gpio.o [1]
hndlIRData              0x08002605  0x52c  Code  Gb  IR.o [1]
initClocks              0x08004245   0xa0  Code  Gb  clock.o [1]
initGpios               0x080044dd   0x3a  Code  Gb  gpio.o [1]
initI2C1                0x08002171   0x98  Code  Gb  i2c.o [1]
initIRConfig            0x08002b4d   0xea  Code  Gb  IR.o [1]
initPeriphs             0x08003afd   0x1c  Code  Gb  power.o [1]
kalman                  0x20000f5c   0x5c  Data  Gb  filter.o [1]
kalmanAccCorr           0x08004f9d  0x186  Code  Gb  filter.o [1]
lis3AxisCal             0x20000ffc   0x14  Data  Gb  lis3.o [1]
lis3_getXYZ             0x080047a3   0x40  Code  Gb  lis3.o [1]
lis3_read               0x08004765   0x3e  Code  Gb  lis3.o [1]
lis3_write              0x08004739   0x2c  Code  Gb  lis3.o [1]
lis3init                0x080046fd   0x3c  Code  Gb  lis3.o [1]
lpf                     0x08005123   0x2e  Code  Gb  filter.o [1]
lpf::Dacc               0x20001024    0x4  Data  Lc  filter.o [1]
lpf::Dout               0x20001030    0x2  Data  Lc  filter.o [1]
lpfAccPrim              0x08004f79   0x24  Code  Gb  filter.o [1]
lpfPrim                 0x20000fb8   0x18  Data  Gb  filter.o [1]
main                    0x08005afd  0x128  Code  Gb  main.o [1]
mchron                  0x08006a44   0x1c  Data  Gb  main.o [1]
mcommon                 0x08006a28   0x1c  Data  Gb  main.o [1]
meas                    0x20000b78  0x268  Data  Gb  system.o [1]
menu                    0x2000080c  0x36c  Data  Gb  MicroMenu.o [1]
menuFolder              0x08006f6c   0x10  Data  Gb  ssdGraph.o [1]
menuScroll              0x080070dc    0x4  Data  Gb  ssdGraph.o [1]
mincline                0x08006a60   0x1c  Data  Gb  main.o [1]
mode                    0x0800699c   0x1c  Data  Gb  main.o [1]
modeEdit                0x08005f01   0x46  Code  Gb  main.o [1]
parEditInit             0x08005e05   0xd4  Code  Gb  main.o [1]
pellets                 0x20000de0  0x17c  Data  Gb  system.o [1]
pinNum                  0x20000000    0x4  Data  Gb  gpio.o [1]
pinsMode                0x08006754   0xc0  Data  Gb  gpio.o [1]
power                   0x20001018    0x8  Data  Gb  power.o [1]
powerOff                0x08003a7f   0x32  Code  Gb  power.o [1]
powerOn                 0x08003ab1   0x12  Code  Gb  power.o [1]
q16TiltCalc             0x080047e3   0x48  Code  Gb  lis3.o [1]
scbind                  0x08006b40   0x1c  Data  Gb  main.o [1]
scdist                  0x08006b24   0x1c  Data  Gb  main.o [1]
schrono                 0x08006a98   0x1c  Data  Gb  main.o [1]
sclipc                  0x08006a7c   0x1c  Data  Gb  main.o [1]
service                 0x08006a0c   0x1c  Data  Gb  main.o [1]
setts                   0x080069d4   0x1c  Data  Gb  main.o [1]
sibrdr                  0x08006b5c   0x1c  Data  Gb  main.o [1]
sigacal                 0x08006b94   0x1c  Data  Gb  main.o [1]
sincline                0x08006ab4   0x1c  Data  Gb  main.o [1]
siofcal                 0x08006b78   0x1c  Data  Gb  main.o [1]
spdbp1                  0x08006bb0   0x1c  Data  Gb  main.o [1]
spdbp10                 0x08006cac   0x1c  Data  Gb  main.o [1]
spdbp11                 0x08006cc8   0x1c  Data  Gb  main.o [1]
spdbp12                 0x08006ce4   0x1c  Data  Gb  main.o [1]
spdbp13                 0x08006d00   0x1c  Data  Gb  main.o [1]
spdbp14                 0x08006d1c   0x1c  Data  Gb  main.o [1]
spdbp15                 0x08006d38   0x1c  Data  Gb  main.o [1]
spdbp2                  0x08006bcc   0x1c  Data  Gb  main.o [1]
spdbp3                  0x08006be8   0x1c  Data  Gb  main.o [1]
spdbp4                  0x08006c04   0x1c  Data  Gb  main.o [1]
spdbp5                  0x08006c20   0x1c  Data  Gb  main.o [1]
spdbp6                  0x08006c3c   0x1c  Data  Gb  main.o [1]
spdbp7                  0x08006c58   0x1c  Data  Gb  main.o [1]
spdbp8                  0x08006c74   0x1c  Data  Gb  main.o [1]
spdbp9                  0x08006c90   0x1c  Data  Gb  main.o [1]
speldb                  0x08006ad0   0x1c  Data  Gb  main.o [1]
spofft                  0x08006aec   0x1c  Data  Gb  main.o [1]
sprintf                 0x08002065   0x38  Code  Gb  sprintf.o [3]
ssdBatt                 0x08006f7c   0x10  Data  Gb  ssdGraph.o [1]
ssdVideoBff             0x20000408  0x404  Data  Gb  ug2864.o [1]
ssd_clearVidBff         0x08001e89   0x16  Code  Gb  ug2864.o [1]
ssd_clrAreaBff          0x08001ea5   0x68  Code  Gb  ug2864.o [1]
ssd_putBatt             0x08001b55  0x100  Code  Gb  ug2864.o [1]
ssd_putChar12x16        0x08001c55   0xf4  Code  Gb  ug2864.o [1]
ssd_putChar6x8          0x08001d6d   0x5a  Code  Gb  ug2864.o [1]
ssd_putMessage          0x0800166d   0xd0  Code  Gb  ug2864.o [1]
ssd_putParWnd           0x08001587   0xd8  Code  Gb  ug2864.o [1]
ssd_putPitchBar         0x080019e5  0x16c  Code  Gb  ug2864.o [1]
ssd_putRollBar          0x08001795  0x24c  Code  Gb  ug2864.o [1]
ssd_putString12x16      0x08001d49   0x24  Code  Gb  ug2864.o [1]
ssd_putString6x8        0x08001dc7   0x24  Code  Gb  ug2864.o [1]
ssd_putTxtEditWnd       0x0800144d   0xae  Code  Gb  ug2864.o [1]
ssd_putTxtParSelWnd     0x080014fb   0x8c  Code  Gb  ug2864.o [1]
ssd_setpix              0x08001deb   0x9e  Code  Gb  ug2864.o [1]
sswrst                  0x08006b08   0x1c  Data  Gb  main.o [1]
stats                   0x080069b8   0x1c  Data  Gb  main.o [1]
stopModeConfig          0x08003a03   0x7c  Code  Gb  power.o [1]
strcat                  0x0800209d   0x1c  Code  Gb  strcat.o [3]
strcpy                  0x08004235         Code  Gb  strcpy.o [5]
strlen                  0x08000ddf   0x10  Code  Gb  strlen.o [5]
sync                    0x08004be3   0xce  Code  Gb  sync.o [1]
syncInit                0x08004b89   0x5a  Code  Gb  sync.o [1]
sysPars                 0x2000102c    0x4  Data  Gb  system.o [1]
trxAccData              0x08004839  0x1ea  Code  Gb  lis3.o [1]
txtEditInit             0x08005c69  0x156  Code  Gb  main.o [1]
ug2864_com              0x08001ff7   0x2c  Code  Gb  ug2864.o [1]
ug2864_refresh          0x08002023   0x20  Code  Gb  ug2864.o [1]
ug2864init              0x08001f45   0xb2  Code  Gb  ug2864.o [1]
ug2864off               0x08001f19   0x16  Code  Gb  ug2864.o [1]
ug2864on                0x08001f2f   0x16  Code  Gb  ug2864.o [1]


[1] = C:\Users\4eef\Projects\Chronograph+\SW\Chrono-Terminal-V1.0\firmware\PROJ_DIR\Debug\Obj
[2] = command line
[3] = dl6M_tln.a
[4] = m6M_tl.a
[5] = rt6M_tl.a
[6] = shb_l.a

  24 986 bytes of readonly  code memory
   3 968 bytes of readonly  data memory
   4 147 bytes of readwrite data memory

Errors: none
Warnings: none
