###############################################################################
#
# IAR ELF Linker V7.80.2.11947/W32 for ARM                02/Mar/2017  22:37:17
# Copyright 2007-2016 IAR Systems AB.
#
#    Output file  =  
#        C:\Users\4eef\Projects\Chronograph+\SW\Chrono-Terminal-V1.0\firmware\PROJ_DIR\Debug\Exe\Chrono-Terminal-V1.0.out
#    Map file     =  
#        C:\Users\4eef\Projects\Chronograph+\SW\Chrono-Terminal-V1.0\firmware\PROJ_DIR\Debug\List\Chrono-Terminal-V1.0.map
#    Command line =  
#        C:\Users\4eef\Projects\Chronograph+\SW\Chrono-Terminal-V1.0\firmware\PROJ_DIR\Debug\Obj\adc.o
#        C:\Users\4eef\Projects\Chronograph+\SW\Chrono-Terminal-V1.0\firmware\PROJ_DIR\Debug\Obj\battery.o
#        C:\Users\4eef\Projects\Chronograph+\SW\Chrono-Terminal-V1.0\firmware\PROJ_DIR\Debug\Obj\buttons.o
#        C:\Users\4eef\Projects\Chronograph+\SW\Chrono-Terminal-V1.0\firmware\PROJ_DIR\Debug\Obj\clock.o
#        C:\Users\4eef\Projects\Chronograph+\SW\Chrono-Terminal-V1.0\firmware\PROJ_DIR\Debug\Obj\delay.o
#        C:\Users\4eef\Projects\Chronograph+\SW\Chrono-Terminal-V1.0\firmware\PROJ_DIR\Debug\Obj\filter.o
#        C:\Users\4eef\Projects\Chronograph+\SW\Chrono-Terminal-V1.0\firmware\PROJ_DIR\Debug\Obj\gpio.o
#        C:\Users\4eef\Projects\Chronograph+\SW\Chrono-Terminal-V1.0\firmware\PROJ_DIR\Debug\Obj\i2c.o
#        C:\Users\4eef\Projects\Chronograph+\SW\Chrono-Terminal-V1.0\firmware\PROJ_DIR\Debug\Obj\IR.o
#        C:\Users\4eef\Projects\Chronograph+\SW\Chrono-Terminal-V1.0\firmware\PROJ_DIR\Debug\Obj\lis3.o
#        C:\Users\4eef\Projects\Chronograph+\SW\Chrono-Terminal-V1.0\firmware\PROJ_DIR\Debug\Obj\main.o
#        C:\Users\4eef\Projects\Chronograph+\SW\Chrono-Terminal-V1.0\firmware\PROJ_DIR\Debug\Obj\MicroMenu.o
#        C:\Users\4eef\Projects\Chronograph+\SW\Chrono-Terminal-V1.0\firmware\PROJ_DIR\Debug\Obj\power.o
#        C:\Users\4eef\Projects\Chronograph+\SW\Chrono-Terminal-V1.0\firmware\PROJ_DIR\Debug\Obj\ssdFonts.o
#        C:\Users\4eef\Projects\Chronograph+\SW\Chrono-Terminal-V1.0\firmware\PROJ_DIR\Debug\Obj\ssdGraph.o
#        C:\Users\4eef\Projects\Chronograph+\SW\Chrono-Terminal-V1.0\firmware\PROJ_DIR\Debug\Obj\startup_stm32f042x6.o
#        C:\Users\4eef\Projects\Chronograph+\SW\Chrono-Terminal-V1.0\firmware\PROJ_DIR\Debug\Obj\sync.o
#        C:\Users\4eef\Projects\Chronograph+\SW\Chrono-Terminal-V1.0\firmware\PROJ_DIR\Debug\Obj\system.o
#        C:\Users\4eef\Projects\Chronograph+\SW\Chrono-Terminal-V1.0\firmware\PROJ_DIR\Debug\Obj\system_stm32f0xx.o
#        C:\Users\4eef\Projects\Chronograph+\SW\Chrono-Terminal-V1.0\firmware\PROJ_DIR\Debug\Obj\ug2864.o
#        -o
#        C:\Users\4eef\Projects\Chronograph+\SW\Chrono-Terminal-V1.0\firmware\PROJ_DIR\Debug\Exe\Chrono-Terminal-V1.0.out
#        --redirect _Printf=_PrintfLargeNoMb --map
#        C:\Users\4eef\Projects\Chronograph+\SW\Chrono-Terminal-V1.0\firmware\PROJ_DIR\Debug\List\Chrono-Terminal-V1.0.map
#        --config "C:\Program Files (x86)\IAR Systems\Embedded Workbench
#        7.5\arm\config\linker\ST\stm32f042x6.icf" --semihosting --entry
#        __iar_program_start --vfe
#
###############################################################################

*******************************************************************************
*** RUNTIME MODEL ATTRIBUTES
***

CppFlavor       = *
__SystemLibrary = DLib


*******************************************************************************
*** PLACEMENT SUMMARY
***

"A0":  place at 0x08000000 { ro section .intvec };
"P1":  place in [from 0x08000000 to 0x08007fff] { ro };
"P2":  place in [from 0x20000000 to 0x200017ff] { rw, block CSTACK, block HEAP };
initialize by copy { rw };

  Section            Kind        Address    Size  Object
  -------            ----        -------    ----  ------
"A0":                                       0xc0
  .intvec            ro code  0x08000000    0xc0  startup_stm32f042x6.o [1]
                            - 0x080000c0    0xc0

"P1":                                     0x667c
  .text              ro code  0x080000c0  0x16b4  main.o [1]
  .text              ro code  0x08001774    0x10  strcpy.o [5]
  .text              ro code  0x08001784    0x38  sprintf.o [3]
  .text              ro code  0x080017bc   0x104  MicroMenu.o [1]
  .text              ro code  0x080018c0   0x1d8  power.o [1]
  .text              ro code  0x08001a98   0x164  sync.o [1]
  .text              ro code  0x08001bfc   0x194  battery.o [1]
  .text              ro code  0x08001d90   0x33c  buttons.o [1]
  .text              ro code  0x080020cc    0xe0  I32DivModFast.o [5]
  .text              ro code  0x080021ac    0x50  ABImemset.o [5]
  .text              ro code  0x080021fc   0xa84  ug2864.o [1]
  .text              ro code  0x08002c80    0x10  strlen.o [5]
  .text              ro code  0x08002c90   0x230  lis3.o [1]
  .text              ro code  0x08002ec0    0xb0  FltMul.o [4]
  .text              ro code  0x08002f70   0x120  FltAddSub.o [4]
  .text              ro code  0x08003090    0x20  FltCmpEq.o [4]
  .text              ro code  0x080030b0    0xaa  FltDiv.o [4]
  .text              ro code  0x0800315a     0xa  xsprout.o [3]
  .text              ro code  0x08003164    0x32  FltToDbl.o [4]
  .rodata            const    0x08003196     0x2  main.o [1]
  .text              ro code  0x08003198    0x9c  atan.o [4]
  .text              ro code  0x08003234   0x184  DblMul.o [4]
  .text              ro code  0x080033b8    0x62  DblToFlt.o [4]
  .rodata            const    0x0800341a     0x2  ug2864.o [1]
  .text              ro code  0x0800341c    0x34  I32ToDbl.o [4]
  .text              ro code  0x08003450    0xc2  DblDiv.o [4]
  .rodata            const    0x08003512     0x2  ug2864.o [1]
  .text              ro code  0x08003514   0x1f4  filter.o [1]
  .text              ro code  0x08003708   0xd0a  xprintflarge_nomb.o [3]
  .text              ro code  0x08004412     0x2  startup_stm32f042x6.o [1]
  .text              ro code  0x08004414    0x94  clock.o [1]
  .text              ro code  0x080044a8   0x4d8  IR.o [1]
  .text              ro code  0x08004980   0x1f8  adc.o [1]
  .text              ro code  0x08004b78   0x220  gpio.o [1]
  .text              ro code  0x08004d98   0x3da  i2c.o [1]
  .text              ro code  0x08005172     0x2  startup_stm32f042x6.o [1]
  .text              ro code  0x08005174     0x2  IntDivZer.o [5]
  .text              ro code  0x08005176     0x2  startup_stm32f042x6.o [1]
  .text              ro code  0x08005178    0x3a  FltToS32.o [4]
  .text              ro code  0x080051b2     0x2  startup_stm32f042x6.o [1]
  .text              ro code  0x080051b4    0x32  I32ToFlt.o [4]
  .text              ro code  0x080051e6     0x2  startup_stm32f042x6.o [1]
  .text              ro code  0x080051e8    0x28  FltCmpGe.o [4]
  .text              ro code  0x08005210    0x60  delay.o [1]
  .text              ro code  0x08005270    0x32  DblCmpLe.o [4]
  .text              ro code  0x080052a2    0x32  DblCmpGe.o [4]
  .text              ro code  0x080052d4    0x3c  startup_stm32f042x6.o [1]
  .text              ro code  0x08005310   0x1e0  xatan.o [4]
  .text              ro code  0x080054f0    0x26  FltCmpLe.o [4]
  .text              ro code  0x08005516    0x22  xfdtest.o [4]
  .text              ro code  0x08005538    0x14  strchr.o [5]
  .text              ro code  0x0800554c    0x18  memchr.o [5]
  .text              ro code  0x08005564    0x6a  I64DivMod.o [5]
  .text              ro code  0x080055ce     0x2  startup_stm32f042x6.o [1]
  .text              ro code  0x080055d0    0x5c  ABImemcpy.o [5]
  .text              ro code  0x0800562c    0x2e  DblToI32.o [4]
  .text              ro code  0x0800565a   0x1b4  DblAddSub.o [4]
  .text              ro code  0x0800580e    0x20  div.o [3]
  .text              ro code  0x0800582e     0x2  startup_stm32f042x6.o [1]
  .text              ro code  0x08005830     0x2  I64DivZer.o [5]
  .text              ro code  0x08005832     0x2  startup_stm32f042x6.o [1]
  .rodata            const    0x08005834   0x600  ssdFonts.o [1]
  .rodata            const    0x08005e34   0x180  ssdFonts.o [1]
  .rodata            const    0x08005fb4    0xc0  gpio.o [1]
  .text              ro code  0x08006074    0x94  system_stm32f0xx.o [1]
  .text              ro code  0x08006108    0x3c  zero_init3.o [5]
  .text              ro code  0x08006144    0x30  copy_init3.o [5]
  .rodata            const    0x08006174    0x2c  main.o [1]
  .rodata            const    0x080061a0    0x2c  main.o [1]
  .rodata            const    0x080061cc    0x2c  main.o [1]
  .rodata            const    0x080061f8    0x28  main.o [1]
  .rodata            const    0x08006220    0x28  main.o [1]
  .rodata            const    0x08006248    0x28  main.o [1]
  .rodata            const    0x08006270    0x28  main.o [1]
  .rodata            const    0x08006298    0x28  main.o [1]
  .rodata            const    0x080062c0    0x28  main.o [1]
  .rodata            const    0x080062e8    0x28  main.o [1]
  .text              ro code  0x08006310    0x28  data_init.o [5]
  .rodata            const    0x08006338    0x24  main.o [1]
  .rodata            const    0x0800635c    0x24  main.o [1]
  .rodata            const    0x08006380    0x24  main.o [1]
  .rodata            const    0x080063a4    0x24  main.o [1]
  .rodata            const    0x080063c8    0x24  main.o [1]
  .iar.init_table    const    0x080063ec    0x24  - Linker created -
  .rodata            const    0x08006410    0x20  main.o [1]
  .rodata            const    0x08006430    0x20  main.o [1]
  .rodata            const    0x08006450    0x20  main.o [1]
  .rodata            const    0x08006470    0x20  main.o [1]
  .text              ro code  0x08006490    0x1a  cmain.o [5]
  .text              ro code  0x080064aa     0x4  low_level_init.o [3]
  .text              ro code  0x080064ae     0x8  exit.o [3]
  .text              ro code  0x080064b6     0x2  startup_stm32f042x6.o [1]
  .text              ro code  0x080064b8     0xa  cexit.o [5]
  .text              ro code  0x080064c2     0x2  startup_stm32f042x6.o [1]
  .text              ro code  0x080064c4    0x14  exit.o [6]
  .rodata            const    0x080064d8    0x18  main.o [1]
  .rodata            const    0x080064f0    0x18  MicroMenu.o [1]
  .rodata            const    0x08006508    0x14  battery.o [1]
  .rodata            const    0x0800651c    0x14  main.o [1]
  .rodata            const    0x08006530    0x14  main.o [1]
  .rodata            const    0x08006544    0x14  main.o [1]
  .rodata            const    0x08006558    0x14  main.o [1]
  .rodata            const    0x0800656c    0x14  main.o [1]
  .rodata            const    0x08006580    0x14  main.o [1]
  .rodata            const    0x08006594    0x14  main.o [1]
  .rodata            const    0x080065a8    0x14  main.o [1]
  .rodata            const    0x080065bc    0x14  main.o [1]
  .rodata            const    0x080065d0    0x14  sync.o [1]
  .rodata            const    0x080065e4    0x10  main.o [1]
  .rodata            const    0x080065f4    0x10  main.o [1]
  .rodata            const    0x08006604    0x10  main.o [1]
  .rodata            const    0x08006614    0x10  main.o [1]
  .rodata            const    0x08006624    0x10  ssdGraph.o [1]
  .rodata            const    0x08006634    0x10  ssdGraph.o [1]
  .rodata            const    0x08006644     0xc  battery.o [1]
  .rodata            const    0x08006650     0xc  main.o [1]
  .rodata            const    0x0800665c     0xc  main.o [1]
  .rodata            const    0x08006668     0xc  main.o [1]
  .rodata            const    0x08006674     0xc  main.o [1]
  .rodata            const    0x08006680     0xc  main.o [1]
  .rodata            const    0x0800668c     0xc  main.o [1]
  .text              ro code  0x08006698     0xc  cstartup_M.o [5]
  .rodata            const    0x080066a4     0x8  main.o [1]
  .rodata            const    0x080066ac     0x8  main.o [1]
  .rodata            const    0x080066b4     0x8  main.o [1]
  .rodata            const    0x080066bc     0x8  main.o [1]
  .rodata            const    0x080066c4     0x8  main.o [1]
  .rodata            const    0x080066cc     0x8  main.o [1]
  .rodata            const    0x080066d4     0x8  main.o [1]
  .rodata            const    0x080066dc     0x8  main.o [1]
  .rodata            const    0x080066e4     0x8  main.o [1]
  .rodata            const    0x080066ec     0x8  ssdGraph.o [1]
  .rodata            const    0x080066f4     0x8  ug2864.o [1]
  .rodata            const    0x080066fc     0x8  ug2864.o [1]
  .rodata            const    0x08006704     0x8  xprintflarge_nomb.o [3]
  Initializer bytes  const    0x0800670c     0x8  <for P2-1>
  .rodata            const    0x08006714     0x4  ssdGraph.o [1]
  .text              ro code  0x08006718     0x2  startup_stm32f042x6.o [1]
  .text              ro code  0x0800671a     0x2  startup_stm32f042x6.o [1]
  .text              ro code  0x0800671c     0x2  startup_stm32f042x6.o [1]
  .text              ro code  0x0800671e     0x2  startup_stm32f042x6.o [1]
  .text              ro code  0x08006720     0x2  startup_stm32f042x6.o [1]
  .text              ro code  0x08006722     0x2  startup_stm32f042x6.o [1]
  .text              ro code  0x08006724     0x2  startup_stm32f042x6.o [1]
  .text              ro code  0x08006726     0x2  startup_stm32f042x6.o [1]
  .text              ro code  0x08006728     0x2  startup_stm32f042x6.o [1]
  .text              ro code  0x0800672a     0x2  startup_stm32f042x6.o [1]
  .text              ro code  0x0800672c     0x2  startup_stm32f042x6.o [1]
  .text              ro code  0x0800672e     0x2  startup_stm32f042x6.o [1]
  .text              ro code  0x08006730     0x2  startup_stm32f042x6.o [1]
  .text              ro code  0x08006732     0x2  startup_stm32f042x6.o [1]
  .text              ro code  0x08006734     0x2  startup_stm32f042x6.o [1]
  .text              ro code  0x08006736     0x2  startup_stm32f042x6.o [1]
  .text              ro code  0x08006738     0x2  startup_stm32f042x6.o [1]
  .text              ro code  0x0800673a     0x2  startup_stm32f042x6.o [1]
  .rodata            const    0x0800673c     0x0  zero_init3.o [5]
  .rodata            const    0x0800673c     0x0  copy_init3.o [5]
                            - 0x0800673c  0x667c

"P2", part 1 of 3:                           0x8
  P2-1                        0x20000000     0x8  <Init block>
    .data            inited   0x20000000     0x4  gpio.o [1]
    .data            inited   0x20000004     0x4  MicroMenu.o [1]
                            - 0x20000008     0x8

"P2", part 2 of 3:                         0x400
  CSTACK                      0x20000008   0x400  <Block>
    CSTACK           uninit   0x20000008   0x400  <Block tail>
                            - 0x20000408   0x400

"P2", part 3 of 3:                         0x9d4
  .bss               zero     0x20000408   0x404  ug2864.o [1]
  .bss               zero     0x2000080c   0x264  system.o [1]
  .bss               zero     0x20000a70   0x16c  system.o [1]
  .bss               zero     0x20000bdc   0x128  MicroMenu.o [1]
  .bss               zero     0x20000d04    0x5c  filter.o [1]
  .bss               zero     0x20000d60    0x18  filter.o [1]
  .bss               zero     0x20000d78    0x18  lis3.o [1]
  .bss               zero     0x20000d90    0x14  IR.o [1]
  .bss               zero     0x20000da4    0x14  lis3.o [1]
  .bss               zero     0x20000db8     0x8  buttons.o [1]
  .bss               zero     0x20000dc0     0x8  power.o [1]
  .bss               zero     0x20000dc8     0x4  adc.o [1]
  .bss               zero     0x20000dcc     0x4  filter.o [1]
  .bss               zero     0x20000dd0     0x4  main.o [1]
  .bss               zero     0x20000dd4     0x4  system.o [1]
  .bss               zero     0x20000dd8     0x2  filter.o [1]
  .bss               zero     0x20000dda     0x1  battery.o [1]
                            - 0x20000ddb   0x9d3


*******************************************************************************
*** INIT TABLE
***

          Address     Size
          -------     ----
Zero (__iar_zero_init3)
    1 destination range, total size 0x9d3:
          0x20000408  0x9d3

Copy (__iar_copy_init3)
    1 source range, total size 0x8:
          0x0800670c    0x8
    1 destination range, total size 0x8:
          0x20000000    0x8



*******************************************************************************
*** MODULE SUMMARY
***

    Module                 ro code  ro data  rw data
    ------                 -------  -------  -------
C:\Users\4eef\Projects\Chronograph+\SW\Chrono-Terminal-V1.0\firmware\PROJ_DIR\Debug\Obj: [1]
    IR.o                     1 240                20
    MicroMenu.o                260       28      300
    adc.o                      504                 4
    battery.o                  404       32        1
    buttons.o                  828                 8
    clock.o                    148
    delay.o                     96
    filter.o                   500               122
    gpio.o                     544      196        4
    i2c.o                      986
    lis3.o                     560                44
    main.o                   5 812    1 134        4
    power.o                    472                 8
    ssdFonts.o                        1 920
    ssdGraph.o                           44
    startup_stm32f042x6.o      308
    sync.o                     356       20
    system.o                                     980
    system_stm32f0xx.o         148
    ug2864.o                 2 692       20    1 028
    ------------------------------------------------
    Total:                  15 858    3 394    2 523

command line: [2]
    ------------------------------------------------
    Total:

dl6M_tln.a: [3]
    div.o                       32
    exit.o                       8
    low_level_init.o             4
    sprintf.o                   56
    xprintflarge_nomb.o      3 338        8
    xsprout.o                   10
    ------------------------------------------------
    Total:                   3 448        8

m6M_tl.a: [4]
    DblAddSub.o                436
    DblCmpGe.o                  50
    DblCmpLe.o                  50
    DblDiv.o                   194
    DblMul.o                   388
    DblToFlt.o                  98
    DblToI32.o                  46
    FltAddSub.o                288
    FltCmpEq.o                  32
    FltCmpGe.o                  40
    FltCmpLe.o                  38
    FltDiv.o                   170
    FltMul.o                   176
    FltToDbl.o                  50
    FltToS32.o                  58
    I32ToDbl.o                  52
    I32ToFlt.o                  50
    atan.o                     156
    xatan.o                    480
    xfdtest.o                   34
    ------------------------------------------------
    Total:                   2 886

rt6M_tl.a: [5]
    ABImemcpy.o                 92
    ABImemset.o                 80
    I32DivModFast.o            224
    I64DivMod.o                106
    I64DivZer.o                  2
    IntDivZer.o                  2
    cexit.o                     10
    cmain.o                     26
    copy_init3.o                48
    cstartup_M.o                12
    data_init.o                 40
    memchr.o                    24
    strchr.o                    20
    strcpy.o                    16
    strlen.o                    16
    zero_init3.o                60
    ------------------------------------------------
    Total:                     778

shb_l.a: [6]
    exit.o                      20
    ------------------------------------------------
    Total:                      20

    Linker created                       36    1 024
----------------------------------------------------
    Grand Total:            22 990    3 438    3 547


*******************************************************************************
*** ENTRY LIST
***

Entry                      Address   Size  Type      Object
-----                      -------   ----  ----      ------
.iar.init_table$$Base   0x080063ec          --   Gb  - Linker created -
.iar.init_table$$Limit  0x08006410          --   Gb  - Linker created -
?main                   0x08006491         Code  Gb  cmain.o [5]
ADC1_IRQHandler         0x08004ac1   0x82  Code  Gb  adc.o [1]
CSTACK$$Base            0x20000008          --   Gb  - Linker created -
CSTACK$$Limit           0x20000408          --   Gb  - Linker created -
CurrentMenuItem         0x20000dd0    0x4  Data  Gb  main.o [1]
CurrentMenuItem         0x20000004    0x4  Data  Lc  MicroMenu.o [1]
EXTI4_15_IRQHandler     0x08001961   0x22  Code  Gb  power.o [1]
I2C1_IRQHandler         0x08005171    0x2  Code  Gb  i2c.o [1]
I2CRx                   0x08004ec1   0xec  Code  Gb  i2c.o [1]
I2CRxInit               0x08004e29   0x98  Code  Gb  i2c.o [1]
I2CTx                   0x08005065   0xec  Code  Gb  i2c.o [1]
I2CTxInit               0x08004fad   0x96  Code  Gb  i2c.o [1]
IRRXData                0x20000d90   0x14  Data  Gb  IR.o [1]
LoadInt                 0x08003cc9   0x68  Code  Lc  xprintflarge_nomb.o [3]
Menu_EnterCurrentItem   0x08001881   0x26  Code  Gb  MicroMenu.o [1]
Menu_GetCurrentMenu     0x080017bd    0x6  Code  Gb  MicroMenu.o [1]
Menu_Navigate           0x080017c3   0xbe  Code  Gb  MicroMenu.o [1]
NULL_MENU               0x080064f0   0x18  Data  Gb  MicroMenu.o [1]
NVIC_DisableIRQ         0x0800498f    0xe  Code  Lc  adc.o [1]
NVIC_DisableIRQ         0x080044b7    0xe  Code  Lc  IR.o [1]
NVIC_DisableIRQ         0x080018cf    0xe  Code  Lc  power.o [1]
NVIC_EnableIRQ          0x08004981    0xe  Code  Lc  adc.o [1]
NVIC_EnableIRQ          0x080044a9    0xe  Code  Lc  IR.o [1]
NVIC_EnableIRQ          0x080018c1    0xe  Code  Lc  power.o [1]
NVIC_SetPriority        0x0800499d   0x84  Code  Lc  adc.o [1]
NVIC_SetPriority        0x080044c5   0x84  Code  Lc  IR.o [1]
NVIC_SetPriority        0x080018dd   0x84  Code  Lc  power.o [1]
Region$$Table$$Base     0x080063ec          --   Gb  - Linker created -
Region$$Table$$Limit    0x08006410          --   Gb  - Linker created -
SystemInit              0x08006075   0x68  Code  Gb  system_stm32f0xx.o [1]
TIM2_IRQHandler         0x080046c5  0x28a  Code  Gb  IR.o [1]
_GenldLargeNoMb         0x08004145  0x29a  Code  Lc  xprintflarge_nomb.o [3]
_LdtobLargeNoMb         0x08003e5d  0x2b0  Code  Lc  xprintflarge_nomb.o [3]
_LitobLargeNoMb         0x08003d31  0x12a  Code  Lc  xprintflarge_nomb.o [3]
_PrintfLargeNoMb        0x08003709  0x5c0  Code  Gb  xprintflarge_nomb.o [3]
_PutcharsLargeNoMb      0x080043df   0x30  Code  Lc  xprintflarge_nomb.o [3]
_SProut                 0x0800315b    0xa  Code  Gb  xsprout.o [3]
__ICFEDIT_region_RAM_end__ {Abs}
                        0x200017ff         Data  Gb  command line/config [2]
__ICFEDIT_region_RAM_start__ {Abs}
                        0x20000000         Data  Gb  command line/config [2]
__aeabi_cdcmple         0x08005271         Code  Gb  DblCmpLe.o [4]
__aeabi_cdrcmple        0x080052a3         Code  Gb  DblCmpGe.o [4]
__aeabi_cfcmpeq         0x08003091         Code  Gb  FltCmpEq.o [4]
__aeabi_cfcmple         0x080054f1         Code  Gb  FltCmpLe.o [4]
__aeabi_cfrcmple        0x080051e9         Code  Gb  FltCmpGe.o [4]
__aeabi_d2f             0x080033b9         Code  Gb  DblToFlt.o [4]
__aeabi_d2uiz           0x0800562d         Code  Gb  DblToI32.o [4]
__aeabi_dadd            0x0800565b         Code  Gb  DblAddSub.o [4]
__aeabi_ddiv            0x08003451         Code  Gb  DblDiv.o [4]
__aeabi_dmul            0x08003235         Code  Gb  DblMul.o [4]
__aeabi_dsub            0x08005721         Code  Gb  DblAddSub.o [4]
__aeabi_f2d             0x08003165         Code  Gb  FltToDbl.o [4]
__aeabi_f2iz            0x08005179         Code  Gb  FltToS32.o [4]
__aeabi_fadd            0x08002f71         Code  Gb  FltAddSub.o [4]
__aeabi_fdiv            0x080030b1         Code  Gb  FltDiv.o [4]
__aeabi_fmul            0x08002ec1         Code  Gb  FltMul.o [4]
__aeabi_fsub            0x08002fe1         Code  Gb  FltAddSub.o [4]
__aeabi_i2d             0x0800341d         Code  Gb  I32ToDbl.o [4]
__aeabi_i2f             0x080051b5         Code  Gb  I32ToFlt.o [4]
__aeabi_idiv            0x080020f9         Code  Gb  I32DivModFast.o [5]
__aeabi_idiv0           0x08005175         Code  Gb  IntDivZer.o [5]
__aeabi_idivmod         0x080020f9         Code  Gb  I32DivModFast.o [5]
__aeabi_ldiv0           0x08005831         Code  Gb  I64DivZer.o [5]
__aeabi_memcpy          0x080055d1         Code  Gb  ABImemcpy.o [5]
__aeabi_memset          0x080021ad         Code  Gb  ABImemset.o [5]
__aeabi_ui2d            0x08003431         Code  Gb  I32ToDbl.o [4]
__aeabi_uidiv           0x080020ff         Code  Gb  I32DivModFast.o [5]
__aeabi_uidivmod        0x080020ff         Code  Gb  I32DivModFast.o [5]
__aeabi_uldivmod        0x08005565         Code  Gb  I64DivMod.o [5]
__cmain                 0x08006491         Code  Gb  cmain.o [5]
__exit                  0x080064c5   0x14  Code  Gb  exit.o [6]
__iar_Atan              0x08005311  0x148  Code  Gb  xatan.o [4]
__iar_FDtest            0x08005517   0x22  Code  Gb  xfdtest.o [4]
__iar_Memchr            0x0800554d   0x18  Code  Gb  memchr.o [5]
__iar_Memset4_word      0x080021cd         Code  Gb  ABImemset.o [5]
__iar_Memset_word       0x080021b9         Code  Gb  ABImemset.o [5]
__iar_Strchr            0x08005539   0x14  Code  Gb  strchr.o [5]
__iar_copy_init3        0x08006145   0x30  Code  Gb  copy_init3.o [5]
__iar_d2uiz             0x08005631         Code  Gb  DblToI32.o [4]
__iar_data_init3        0x08006311   0x28  Code  Gb  data_init.o [5]
__iar_program_start     0x08006699         Code  Gb  cstartup_M.o [5]
__iar_ui2d              0x08003435         Code  Gb  I32ToDbl.o [4]
__iar_ui2f              0x080051cd         Code  Gb  I32ToFlt.o [4]
__iar_zero_init3        0x08006109   0x3c  Code  Gb  zero_init3.o [5]
__low_level_init        0x080064ab    0x4  Code  Gb  low_level_init.o [3]
__vector_table          0x08000000         Data  Gb  startup_stm32f042x6.o [1]
_call_main              0x0800649d         Code  Gb  cmain.o [5]
_exit                   0x080064b9         Code  Gb  cexit.o [5]
_main                   0x080064a7         Code  Gb  cmain.o [5]
a                       0x080054b0   0x40  Data  Lc  xatan.o [4]
about                   0x08006430   0x20  Data  Gb  main.o [1]
accGainCal              0x08002d77  0x12e  Code  Gb  lis3.o [1]
accel                   0x20000d78   0x18  Data  Gb  lis3.o [1]
adcData                 0x20000dc8    0x4  Data  Gb  adc.o [1]
adcDeinit               0x08004a21   0x24  Code  Gb  adc.o [1]
adcInit                 0x08004a45   0x7c  Code  Gb  adc.o [1]
atan                    0x08003199   0x9c  Code  Gb  atan.o [4]
battCalc                0x08001bfd  0x194  Code  Gb  battery.o [1]
battCalc::percFlag      0x20000dda    0x1  Data  Lc  battery.o [1]
btnCntsClr              0x080020a1   0x1a  Code  Gb  buttons.o [1]
buttons                 0x20000db8    0x8  Data  Gb  buttons.o [1]
chrgSym                 0x080066ec    0x8  Data  Gb  ssdGraph.o [1]
deInitIR                0x08004633   0x4a  Code  Gb  IR.o [1]
delay_us                0x08005211   0x60  Code  Gb  delay.o [1]
display                 0x08006410   0x20  Data  Gb  main.o [1]
div                     0x0800580f   0x20  Code  Gb  div.o [3]
drawMainScreen          0x08001429  0x304  Code  Gb  main.o [1]
drawMenu                0x08001315   0xba  Code  Gb  main.o [1]
exit                    0x080064af    0x8  Code  Gb  exit.o [3]
font12x16               0x08005e34  0x180  Data  Gb  ssdFonts.o [1]
font6x8                 0x08005834  0x600  Data  Gb  ssdFonts.o [1]
getButtonState          0x08001d91  0x300  Code  Gb  buttons.o [1]
gppin_init              0x08004bb3  0x1cc  Code  Gb  gpio.o [1]
initClocks              0x08004415   0x94  Code  Gb  clock.o [1]
initGpios               0x08004b79   0x3a  Code  Gb  gpio.o [1]
initI2C1                0x08004d99   0x90  Code  Gb  i2c.o [1]
initIRConfig            0x08004549   0xea  Code  Gb  IR.o [1]
initPeriphs             0x08001a7d   0x1c  Code  Gb  power.o [1]
kalman                  0x20000d04   0x5c  Data  Gb  filter.o [1]
kalmanAccCorr           0x08003539  0x186  Code  Gb  filter.o [1]
lis3AxisCal             0x20000da4   0x14  Data  Gb  lis3.o [1]
lis3_getXYZ             0x08002d37   0x40  Code  Gb  lis3.o [1]
lis3_read               0x08002cf9   0x3e  Code  Gb  lis3.o [1]
lis3_write              0x08002ccd   0x2c  Code  Gb  lis3.o [1]
lis3init                0x08002c91   0x3c  Code  Gb  lis3.o [1]
lpf                     0x080036bf   0x2e  Code  Gb  filter.o [1]
lpf::Dacc               0x20000dcc    0x4  Data  Lc  filter.o [1]
lpf::Dout               0x20000dd8    0x2  Data  Lc  filter.o [1]
lpfAccPrim              0x08003515   0x24  Code  Gb  filter.o [1]
lpfPrim                 0x20000d60   0x18  Data  Gb  filter.o [1]
main                    0x080000c1  0xdc8  Code  Gb  main.o [1]
mchron                  0x080063a4   0x24  Data  Gb  main.o [1]
mcommon                 0x08006450   0x20  Data  Gb  main.o [1]
meas                    0x2000080c  0x264  Data  Gb  system.o [1]
menu                    0x20000bdc  0x128  Data  Gb  MicroMenu.o [1]
menuFolder              0x08006624   0x10  Data  Gb  ssdGraph.o [1]
menuScroll              0x08006714    0x4  Data  Gb  ssdGraph.o [1]
mincline                0x08006220   0x28  Data  Gb  main.o [1]
mode                    0x08006338   0x24  Data  Gb  main.o [1]
modeEdit                0x08001029   0x72  Code  Gb  main.o [1]
parEdit                 0x08000fc9   0x48  Code  Gb  main.o [1]
parEditRedir            0x08000ec5   0xf6  Code  Gb  main.o [1]
pellets                 0x20000a70  0x16c  Data  Gb  system.o [1]
pinNum                  0x20000000    0x4  Data  Gb  gpio.o [1]
pinsMode                0x08005fb4   0xc0  Data  Gb  gpio.o [1]
power                   0x20000dc0    0x8  Data  Gb  power.o [1]
powerOff                0x080019ff   0x32  Code  Gb  power.o [1]
powerOn                 0x08001a31   0x12  Code  Gb  power.o [1]
s16fNorm                0x0800110d   0x3c  Code  Gb  main.o [1]
scbind                  0x08006470   0x20  Data  Gb  main.o [1]
scdist                  0x080062e8   0x28  Data  Gb  main.o [1]
schrono                 0x080063c8   0x24  Data  Gb  main.o [1]
sclipc                  0x08006248   0x28  Data  Gb  main.o [1]
service                 0x080061f8   0x28  Data  Gb  main.o [1]
setts                   0x08006380   0x24  Data  Gb  main.o [1]
sibrdr                  0x08006174   0x2c  Data  Gb  main.o [1]
sigacal                 0x080061cc   0x2c  Data  Gb  main.o [1]
sincline                0x08006270   0x28  Data  Gb  main.o [1]
siofcal                 0x080061a0   0x2c  Data  Gb  main.o [1]
spofft                  0x08006298   0x28  Data  Gb  main.o [1]
sprintf                 0x08001785   0x38  Code  Gb  sprintf.o [3]
ssdBatt                 0x08006634   0x10  Data  Gb  ssdGraph.o [1]
ssdVideoBff             0x20000408  0x404  Data  Gb  ug2864.o [1]
ssd_putBatt             0x080027b9  0x100  Code  Gb  ug2864.o [1]
ssd_putChar12x16        0x080028c5   0xf4  Code  Gb  ug2864.o [1]
ssd_putChar6x8          0x080029dd   0x5a  Code  Gb  ug2864.o [1]
ssd_putMenuFolder       0x08002769   0x50  Code  Gb  ug2864.o [1]
ssd_putMenuScroll       0x08002579   0xae  Code  Gb  ug2864.o [1]
ssd_putMsgBox           0x080022c5   0x8a  Code  Gb  ug2864.o [1]
ssd_putParBox           0x080021fd   0xc0  Code  Gb  ug2864.o [1]
ssd_putPitchBar         0x08002627  0x13e  Code  Gb  ug2864.o [1]
ssd_putRollBar          0x0800234f  0x220  Code  Gb  ug2864.o [1]
ssd_putString12x16      0x080029b9   0x24  Code  Gb  ug2864.o [1]
ssd_putString6x8        0x08002a3d   0x24  Code  Gb  ug2864.o [1]
ssd_setpix              0x08002a61   0xc8  Code  Gb  ug2864.o [1]
sswrst                  0x080062c0   0x28  Data  Gb  main.o [1]
stats                   0x0800635c   0x24  Data  Gb  main.o [1]
stopModeConfig          0x08001983   0x7c  Code  Gb  power.o [1]
strcpy                  0x08001775         Code  Gb  strcpy.o [5]
strlen                  0x08002c81   0x10  Code  Gb  strlen.o [5]
sync                    0x08001af3   0xc4  Code  Gb  sync.o [1]
syncInit                0x08001a99   0x5a  Code  Gb  sync.o [1]
sysPars                 0x20000dd4    0x4  Data  Gb  system.o [1]
tiltAngCalc             0x080010a5   0x5e  Code  Gb  main.o [1]
trxAccData              0x08001189  0x172  Code  Gb  main.o [1]
ug2864_com              0x08002c0f   0x2c  Code  Gb  ug2864.o [1]
ug2864_refresh          0x08002c45   0x20  Code  Gb  ug2864.o [1]
ug2864init              0x08002b5d   0xb2  Code  Gb  ug2864.o [1]
ug2864off               0x08002b31   0x16  Code  Gb  ug2864.o [1]
ug2864on                0x08002b47   0x16  Code  Gb  ug2864.o [1]


[1] = C:\Users\4eef\Projects\Chronograph+\SW\Chrono-Terminal-V1.0\firmware\PROJ_DIR\Debug\Obj
[2] = command line
[3] = dl6M_tln.a
[4] = m6M_tl.a
[5] = rt6M_tl.a
[6] = shb_l.a

  22 990 bytes of readonly  code memory
   3 438 bytes of readonly  data memory
   3 547 bytes of readwrite data memory

Errors: none
Warnings: none
