###############################################################################
#
# IAR ELF Linker V7.80.2.11947/W32 for ARM                06/Jan/2017  01:44:10
# Copyright 2007-2016 IAR Systems AB.
#
#    Output file  =  
#        C:\Users\4eef\Projects\Chronograph+\SW\Chrono-Terminal-V1.0\firmware\PROJ_DIR\Debug\Exe\Chrono-Terminal-V1.0.out
#    Map file     =  
#        C:\Users\4eef\Projects\Chronograph+\SW\Chrono-Terminal-V1.0\firmware\PROJ_DIR\Debug\List\Chrono-Terminal-V1.0.map
#    Command line =  
#        C:\Users\4eef\Projects\Chronograph+\SW\Chrono-Terminal-V1.0\firmware\PROJ_DIR\Debug\Obj\clock.o
#        C:\Users\4eef\Projects\Chronograph+\SW\Chrono-Terminal-V1.0\firmware\PROJ_DIR\Debug\Obj\delay.o
#        C:\Users\4eef\Projects\Chronograph+\SW\Chrono-Terminal-V1.0\firmware\PROJ_DIR\Debug\Obj\filter.o
#        C:\Users\4eef\Projects\Chronograph+\SW\Chrono-Terminal-V1.0\firmware\PROJ_DIR\Debug\Obj\gpio.o
#        C:\Users\4eef\Projects\Chronograph+\SW\Chrono-Terminal-V1.0\firmware\PROJ_DIR\Debug\Obj\i2c.o
#        C:\Users\4eef\Projects\Chronograph+\SW\Chrono-Terminal-V1.0\firmware\PROJ_DIR\Debug\Obj\IR.o
#        C:\Users\4eef\Projects\Chronograph+\SW\Chrono-Terminal-V1.0\firmware\PROJ_DIR\Debug\Obj\lis3.o
#        C:\Users\4eef\Projects\Chronograph+\SW\Chrono-Terminal-V1.0\firmware\PROJ_DIR\Debug\Obj\main.o
#        C:\Users\4eef\Projects\Chronograph+\SW\Chrono-Terminal-V1.0\firmware\PROJ_DIR\Debug\Obj\MicroMenu.o
#        C:\Users\4eef\Projects\Chronograph+\SW\Chrono-Terminal-V1.0\firmware\PROJ_DIR\Debug\Obj\ssdFonts.o
#        C:\Users\4eef\Projects\Chronograph+\SW\Chrono-Terminal-V1.0\firmware\PROJ_DIR\Debug\Obj\ssdGraph.o
#        C:\Users\4eef\Projects\Chronograph+\SW\Chrono-Terminal-V1.0\firmware\PROJ_DIR\Debug\Obj\startup_stm32f042x6.o
#        C:\Users\4eef\Projects\Chronograph+\SW\Chrono-Terminal-V1.0\firmware\PROJ_DIR\Debug\Obj\stm32f0xx_hal.o
#        C:\Users\4eef\Projects\Chronograph+\SW\Chrono-Terminal-V1.0\firmware\PROJ_DIR\Debug\Obj\stm32f0xx_hal_adc.o
#        C:\Users\4eef\Projects\Chronograph+\SW\Chrono-Terminal-V1.0\firmware\PROJ_DIR\Debug\Obj\stm32f0xx_hal_adc_ex.o
#        C:\Users\4eef\Projects\Chronograph+\SW\Chrono-Terminal-V1.0\firmware\PROJ_DIR\Debug\Obj\stm32f0xx_hal_can.o
#        C:\Users\4eef\Projects\Chronograph+\SW\Chrono-Terminal-V1.0\firmware\PROJ_DIR\Debug\Obj\stm32f0xx_hal_cec.o
#        C:\Users\4eef\Projects\Chronograph+\SW\Chrono-Terminal-V1.0\firmware\PROJ_DIR\Debug\Obj\stm32f0xx_hal_comp.o
#        C:\Users\4eef\Projects\Chronograph+\SW\Chrono-Terminal-V1.0\firmware\PROJ_DIR\Debug\Obj\stm32f0xx_hal_cortex.o
#        C:\Users\4eef\Projects\Chronograph+\SW\Chrono-Terminal-V1.0\firmware\PROJ_DIR\Debug\Obj\stm32f0xx_hal_crc.o
#        C:\Users\4eef\Projects\Chronograph+\SW\Chrono-Terminal-V1.0\firmware\PROJ_DIR\Debug\Obj\stm32f0xx_hal_crc_ex.o
#        C:\Users\4eef\Projects\Chronograph+\SW\Chrono-Terminal-V1.0\firmware\PROJ_DIR\Debug\Obj\stm32f0xx_hal_dac.o
#        C:\Users\4eef\Projects\Chronograph+\SW\Chrono-Terminal-V1.0\firmware\PROJ_DIR\Debug\Obj\stm32f0xx_hal_dac_ex.o
#        C:\Users\4eef\Projects\Chronograph+\SW\Chrono-Terminal-V1.0\firmware\PROJ_DIR\Debug\Obj\stm32f0xx_hal_dma.o
#        C:\Users\4eef\Projects\Chronograph+\SW\Chrono-Terminal-V1.0\firmware\PROJ_DIR\Debug\Obj\stm32f0xx_hal_flash.o
#        C:\Users\4eef\Projects\Chronograph+\SW\Chrono-Terminal-V1.0\firmware\PROJ_DIR\Debug\Obj\stm32f0xx_hal_flash_ex.o
#        C:\Users\4eef\Projects\Chronograph+\SW\Chrono-Terminal-V1.0\firmware\PROJ_DIR\Debug\Obj\stm32f0xx_hal_gpio.o
#        C:\Users\4eef\Projects\Chronograph+\SW\Chrono-Terminal-V1.0\firmware\PROJ_DIR\Debug\Obj\stm32f0xx_hal_i2c.o
#        C:\Users\4eef\Projects\Chronograph+\SW\Chrono-Terminal-V1.0\firmware\PROJ_DIR\Debug\Obj\stm32f0xx_hal_i2c_ex.o
#        C:\Users\4eef\Projects\Chronograph+\SW\Chrono-Terminal-V1.0\firmware\PROJ_DIR\Debug\Obj\stm32f0xx_hal_i2s.o
#        C:\Users\4eef\Projects\Chronograph+\SW\Chrono-Terminal-V1.0\firmware\PROJ_DIR\Debug\Obj\stm32f0xx_hal_irda.o
#        C:\Users\4eef\Projects\Chronograph+\SW\Chrono-Terminal-V1.0\firmware\PROJ_DIR\Debug\Obj\stm32f0xx_hal_iwdg.o
#        C:\Users\4eef\Projects\Chronograph+\SW\Chrono-Terminal-V1.0\firmware\PROJ_DIR\Debug\Obj\stm32f0xx_hal_msp.o
#        C:\Users\4eef\Projects\Chronograph+\SW\Chrono-Terminal-V1.0\firmware\PROJ_DIR\Debug\Obj\stm32f0xx_hal_pcd.o
#        C:\Users\4eef\Projects\Chronograph+\SW\Chrono-Terminal-V1.0\firmware\PROJ_DIR\Debug\Obj\stm32f0xx_hal_pcd_ex.o
#        C:\Users\4eef\Projects\Chronograph+\SW\Chrono-Terminal-V1.0\firmware\PROJ_DIR\Debug\Obj\stm32f0xx_hal_pwr.o
#        C:\Users\4eef\Projects\Chronograph+\SW\Chrono-Terminal-V1.0\firmware\PROJ_DIR\Debug\Obj\stm32f0xx_hal_pwr_ex.o
#        C:\Users\4eef\Projects\Chronograph+\SW\Chrono-Terminal-V1.0\firmware\PROJ_DIR\Debug\Obj\stm32f0xx_hal_rcc.o
#        C:\Users\4eef\Projects\Chronograph+\SW\Chrono-Terminal-V1.0\firmware\PROJ_DIR\Debug\Obj\stm32f0xx_hal_rcc_ex.o
#        C:\Users\4eef\Projects\Chronograph+\SW\Chrono-Terminal-V1.0\firmware\PROJ_DIR\Debug\Obj\stm32f0xx_hal_rtc.o
#        C:\Users\4eef\Projects\Chronograph+\SW\Chrono-Terminal-V1.0\firmware\PROJ_DIR\Debug\Obj\stm32f0xx_hal_rtc_ex.o
#        C:\Users\4eef\Projects\Chronograph+\SW\Chrono-Terminal-V1.0\firmware\PROJ_DIR\Debug\Obj\stm32f0xx_hal_smartcard.o
#        C:\Users\4eef\Projects\Chronograph+\SW\Chrono-Terminal-V1.0\firmware\PROJ_DIR\Debug\Obj\stm32f0xx_hal_smartcard_ex.o
#        C:\Users\4eef\Projects\Chronograph+\SW\Chrono-Terminal-V1.0\firmware\PROJ_DIR\Debug\Obj\stm32f0xx_hal_smbus.o
#        C:\Users\4eef\Projects\Chronograph+\SW\Chrono-Terminal-V1.0\firmware\PROJ_DIR\Debug\Obj\stm32f0xx_hal_spi.o
#        C:\Users\4eef\Projects\Chronograph+\SW\Chrono-Terminal-V1.0\firmware\PROJ_DIR\Debug\Obj\stm32f0xx_hal_spi_ex.o
#        C:\Users\4eef\Projects\Chronograph+\SW\Chrono-Terminal-V1.0\firmware\PROJ_DIR\Debug\Obj\stm32f0xx_hal_tim.o
#        C:\Users\4eef\Projects\Chronograph+\SW\Chrono-Terminal-V1.0\firmware\PROJ_DIR\Debug\Obj\stm32f0xx_hal_tim_ex.o
#        C:\Users\4eef\Projects\Chronograph+\SW\Chrono-Terminal-V1.0\firmware\PROJ_DIR\Debug\Obj\stm32f0xx_hal_tsc.o
#        C:\Users\4eef\Projects\Chronograph+\SW\Chrono-Terminal-V1.0\firmware\PROJ_DIR\Debug\Obj\stm32f0xx_hal_uart.o
#        C:\Users\4eef\Projects\Chronograph+\SW\Chrono-Terminal-V1.0\firmware\PROJ_DIR\Debug\Obj\stm32f0xx_hal_uart_ex.o
#        C:\Users\4eef\Projects\Chronograph+\SW\Chrono-Terminal-V1.0\firmware\PROJ_DIR\Debug\Obj\stm32f0xx_hal_usart.o
#        C:\Users\4eef\Projects\Chronograph+\SW\Chrono-Terminal-V1.0\firmware\PROJ_DIR\Debug\Obj\stm32f0xx_hal_wwdg.o
#        C:\Users\4eef\Projects\Chronograph+\SW\Chrono-Terminal-V1.0\firmware\PROJ_DIR\Debug\Obj\stm32f0xx_it.o
#        C:\Users\4eef\Projects\Chronograph+\SW\Chrono-Terminal-V1.0\firmware\PROJ_DIR\Debug\Obj\stm32f0xx_ll_adc.o
#        C:\Users\4eef\Projects\Chronograph+\SW\Chrono-Terminal-V1.0\firmware\PROJ_DIR\Debug\Obj\stm32f0xx_ll_comp.o
#        C:\Users\4eef\Projects\Chronograph+\SW\Chrono-Terminal-V1.0\firmware\PROJ_DIR\Debug\Obj\stm32f0xx_ll_crc.o
#        C:\Users\4eef\Projects\Chronograph+\SW\Chrono-Terminal-V1.0\firmware\PROJ_DIR\Debug\Obj\stm32f0xx_ll_crs.o
#        C:\Users\4eef\Projects\Chronograph+\SW\Chrono-Terminal-V1.0\firmware\PROJ_DIR\Debug\Obj\stm32f0xx_ll_dac.o
#        C:\Users\4eef\Projects\Chronograph+\SW\Chrono-Terminal-V1.0\firmware\PROJ_DIR\Debug\Obj\stm32f0xx_ll_dma.o
#        C:\Users\4eef\Projects\Chronograph+\SW\Chrono-Terminal-V1.0\firmware\PROJ_DIR\Debug\Obj\stm32f0xx_ll_exti.o
#        C:\Users\4eef\Projects\Chronograph+\SW\Chrono-Terminal-V1.0\firmware\PROJ_DIR\Debug\Obj\stm32f0xx_ll_gpio.o
#        C:\Users\4eef\Projects\Chronograph+\SW\Chrono-Terminal-V1.0\firmware\PROJ_DIR\Debug\Obj\stm32f0xx_ll_i2c.o
#        C:\Users\4eef\Projects\Chronograph+\SW\Chrono-Terminal-V1.0\firmware\PROJ_DIR\Debug\Obj\stm32f0xx_ll_pwr.o
#        C:\Users\4eef\Projects\Chronograph+\SW\Chrono-Terminal-V1.0\firmware\PROJ_DIR\Debug\Obj\stm32f0xx_ll_rcc.o
#        C:\Users\4eef\Projects\Chronograph+\SW\Chrono-Terminal-V1.0\firmware\PROJ_DIR\Debug\Obj\stm32f0xx_ll_rtc.o
#        C:\Users\4eef\Projects\Chronograph+\SW\Chrono-Terminal-V1.0\firmware\PROJ_DIR\Debug\Obj\stm32f0xx_ll_spi.o
#        C:\Users\4eef\Projects\Chronograph+\SW\Chrono-Terminal-V1.0\firmware\PROJ_DIR\Debug\Obj\stm32f0xx_ll_tim.o
#        C:\Users\4eef\Projects\Chronograph+\SW\Chrono-Terminal-V1.0\firmware\PROJ_DIR\Debug\Obj\stm32f0xx_ll_usart.o
#        C:\Users\4eef\Projects\Chronograph+\SW\Chrono-Terminal-V1.0\firmware\PROJ_DIR\Debug\Obj\stm32f0xx_ll_utils.o
#        C:\Users\4eef\Projects\Chronograph+\SW\Chrono-Terminal-V1.0\firmware\PROJ_DIR\Debug\Obj\system_stm32f0xx.o
#        C:\Users\4eef\Projects\Chronograph+\SW\Chrono-Terminal-V1.0\firmware\PROJ_DIR\Debug\Obj\ug2864.o
#        -o
#        C:\Users\4eef\Projects\Chronograph+\SW\Chrono-Terminal-V1.0\firmware\PROJ_DIR\Debug\Exe\Chrono-Terminal-V1.0.out
#        --redirect _Printf=_PrintfLargeNoMb --map
#        C:\Users\4eef\Projects\Chronograph+\SW\Chrono-Terminal-V1.0\firmware\PROJ_DIR\Debug\List\Chrono-Terminal-V1.0.map
#        --config "C:\Program Files (x86)\IAR Systems\Embedded Workbench
#        7.5\arm\config\linker\ST\stm32f042x6.icf" --semihosting --entry
#        __iar_program_start --vfe
#
###############################################################################

*******************************************************************************
*** MESSAGES
***

Error[Li005]: no definition for "HAL_TIM_IC_Init" [referenced from C:\Users\4ee
          f\Projects\Chronograph+\SW\Chrono-Terminal-V1.0\firmware\PROJ_DIR\Deb
          ug\Obj\IR.o]
Error[Li005]: no definition for "HAL_TIMEx_MasterConfigSynchronization"
          [referenced from C:\Users\4eef\Projects\Chronograph+\SW\Chrono-Termin
          al-V1.0\firmware\PROJ_DIR\Debug\Obj\IR.o]
Error[Li005]: no definition for "HAL_TIM_IC_ConfigChannel" [referenced from C:\
          Users\4eef\Projects\Chronograph+\SW\Chrono-Terminal-V1.0\firmware\PRO
          J_DIR\Debug\Obj\IR.o]


*******************************************************************************
*** RUNTIME MODEL ATTRIBUTES
***

CppFlavor       = *
__SystemLibrary = DLib


*******************************************************************************
*** PLACEMENT SUMMARY
***

"A0":  place at 0x08000000 { ro section .intvec };
"P1":  place in [from 0x08000000 to 0x08007fff] { ro };
"P2":  place in [from 0x20000000 to 0x200017ff] { rw, block CSTACK, block HEAP };
initialize by copy { rw };

  Section            Kind        Address    Size  Object
  -------            ----        -------    ----  ------
"A0":                                       0xc0
  .intvec            ro code  0x08000000    0xc0  startup_stm32f042x6.o [1]
                            - 0x080000c0    0xc0

"P1":                                     0x690e
  .text              ro code  0x080000c0  0x12e0  stm32f0xx_hal_i2c.o [1]
  .text              ro code  0x080013a0   0x15c  stm32f0xx_hal_msp.o [1]
  .text              ro code  0x080014fc     0xc  stm32f0xx_hal.o [1]
  .text              ro code  0x08001508   0x3c4  stm32f0xx_hal_dma.o [1]
  .text              ro code  0x080018cc     0x2  stm32f0xx_hal_i2c.o [1]
  .text              ro code  0x080018ce     0x2  stm32f0xx_hal_i2c.o [1]
  .text              ro code  0x080018d0     0x2  stm32f0xx_hal_i2c.o [1]
  .text              ro code  0x080018d2     0x2  stm32f0xx_hal_i2c.o [1]
  .text              ro code  0x080018d4     0x2  stm32f0xx_hal_i2c.o [1]
  .text              ro code  0x080018d6     0x2  stm32f0xx_hal_i2c.o [1]
  .text              ro code  0x080018d8     0x2  stm32f0xx_hal_i2c.o [1]
  .text              ro code  0x080018da     0x2  stm32f0xx_hal_i2c.o [1]
  .text              ro code  0x080018dc     0x2  stm32f0xx_hal_i2c.o [1]
  .text              ro code  0x080018de     0x2  stm32f0xx_hal_i2c.o [1]
  .text              ro code  0x080018e0   0x136  stm32f0xx_hal_cortex.o [1]
  .text              ro code  0x08001a16     0xa  xsprout.o [3]
  .text              ro code  0x08001a20   0x1ec  stm32f0xx_hal_gpio.o [1]
  .text              ro code  0x08001c0c    0x98  clock.o [1]
  .text              ro code  0x08001ca4   0x810  stm32f0xx_hal_rcc.o [1]
  .text              ro code  0x080024b4   0x170  stm32f0xx_hal_rcc_ex.o [1]
  .text              ro code  0x08002624    0xe0  I32DivModFast.o [5]
  .text              ro code  0x08002704    0x24  stm32f0xx_hal.o [1]
  .text              ro code  0x08002728    0x5c  ABImemcpy.o [5]
  .text              ro code  0x08002784     0x2  IntDivZer.o [5]
  .rodata            const    0x08002786     0x2  main.o [1]
  .text              ro code  0x08002788   0xd0a  xprintflarge_nomb.o [3]
  .text              ro code  0x08003492    0x14  strchr.o [5]
  .text              ro code  0x080034a6    0x10  strlen.o [5]
  .text              ro code  0x080034b6    0x18  memchr.o [5]
  .text              ro code  0x080034ce    0x6a  I64DivMod.o [5]
  .text              ro code  0x08003538    0x32  DblCmpLe.o [4]
  .text              ro code  0x0800356a   0x184  DblMul.o [4]
  .text              ro code  0x080036ee    0xc2  DblDiv.o [4]
  .text              ro code  0x080037b0    0x2e  DblToI32.o [4]
  .rodata            const    0x080037de     0x2  ug2864.o [1]
  .text              ro code  0x080037e0    0x34  I32ToDbl.o [4]
  .text              ro code  0x08003814   0x1b4  DblAddSub.o [4]
  .text              ro code  0x080039c8    0x20  div.o [3]
  .text              ro code  0x080039e8     0x2  I64DivZer.o [5]
  .rodata            const    0x080039ea     0x2  ug2864.o [1]
  .text              ro code  0x080039ec   0xa28  ug2864.o [1]
  .text              ro code  0x08004414    0x10  strcpy.o [5]
  .text              ro code  0x08004424    0xb0  FltMul.o [4]
  .text              ro code  0x080044d4    0x3a  FltToS32.o [4]
  .text              ro code  0x0800450e     0x2  startup_stm32f042x6.o [1]
  .text              ro code  0x08004510    0x32  I32ToFlt.o [4]
  .text              ro code  0x08004542     0x2  startup_stm32f042x6.o [1]
  .text              ro code  0x08004544    0x28  FltCmpGe.o [4]
  .text              ro code  0x0800456c    0x60  delay.o [1]
  .text              ro code  0x080045cc    0x50  ABImemset.o [5]
  .text              ro code  0x0800461c   0x7cc  main.o [1]
  .text              ro code  0x08004de8    0x20  stm32f0xx_hal.o [1]
  .text              ro code  0x08004e08   0x220  gpio.o [1]
  .text              ro code  0x08005028    0x98  i2c.o [1]
  .text              ro code  0x080050c0   0x148  lis3.o [1]
  .text              ro code  0x08005208    0xb4  IR.o [1]
  .text              ro code  0x080052bc    0xdc  MicroMenu.o [1]
  .text              ro code  0x08005398    0x38  sprintf.o [3]
  .text              ro code  0x080053d0   0x116  FltAddSub.o [4]
  .text              ro code  0x080054e6     0x2  startup_stm32f042x6.o [1]
  .text              ro code  0x080054e8    0x20  FltCmpEq.o [4]
  .text              ro code  0x08005508    0xaa  FltDiv.o [4]
  .text              ro code  0x080055b2     0x2  startup_stm32f042x6.o [1]
  .text              ro code  0x080055b4    0x32  FltToDbl.o [4]
  .text              ro code  0x080055e6     0x2  startup_stm32f042x6.o [1]
  .text              ro code  0x080055e8    0x9c  atan.o [4]
  .text              ro code  0x08005684    0x62  DblToFlt.o [4]
  .text              ro code  0x080056e6     0x2  startup_stm32f042x6.o [1]
  .text              ro code  0x080056e8    0xa4  filter.o [1]
  .text              ro code  0x0800578c    0x6c  stm32f0xx_hal_i2c_ex.o [1]
  .text              ro code  0x080057f8    0x32  DblCmpGe.o [4]
  .text              ro code  0x0800582a    0x3c  zero_init3.o [5]
  .text              ro code  0x08005866     0x2  startup_stm32f042x6.o [1]
  .text              ro code  0x08005868   0x1e0  xatan.o [4]
  .rodata            const    0x08005a48   0x600  ssdFonts.o [1]
  .rodata            const    0x08006048   0x180  ssdFonts.o [1]
  .rodata            const    0x080061c8    0xa8  gpio.o [1]
  .text              ro code  0x08006270    0x94  system_stm32f0xx.o [1]
  .text              ro code  0x08006304    0x4e  stm32f0xx_it.o [1]
  .text              ro code  0x08006352     0x2  startup_stm32f042x6.o [1]
  .text              ro code  0x08006354    0x10  stm32f0xx_hal.o [1]
  .text              ro code  0x08006364    0x3c  startup_stm32f042x6.o [1]
  .text              ro code  0x080063a0    0x30  copy_init3.o [5]
  .rodata            const    0x080063d0    0x2c  main.o [1]
  .rodata            const    0x080063fc    0x28  main.o [1]
  .rodata            const    0x08006424    0x28  main.o [1]
  .rodata            const    0x0800644c    0x28  main.o [1]
  .rodata            const    0x08006474    0x28  main.o [1]
  .rodata            const    0x0800649c    0x28  main.o [1]
  .rodata            const    0x080064c4    0x28  main.o [1]
  .rodata            const    0x080064ec    0x28  main.o [1]
  .text              ro code  0x08006514    0x28  data_init.o [5]
  .rodata            const    0x0800653c    0x24  main.o [1]
  .rodata            const    0x08006560    0x24  main.o [1]
  .rodata            const    0x08006584    0x24  main.o [1]
  .rodata            const    0x080065a8    0x24  main.o [1]
  .rodata            const    0x080065cc    0x24  main.o [1]
  .rodata            const    0x080065f0    0x24  main.o [1]
  .rodata            const    0x08006614    0x24  main.o [1]
  .rodata            const    0x08006638    0x24  main.o [1]
  .rodata            const    0x0800665c    0x24  main.o [1]
  .rodata            const    0x08006680    0x24  main.o [1]
  .rodata            const    0x080066a4    0x24  main.o [1]
  .rodata            const    0x080066c8    0x24  main.o [1]
  .rodata            const    0x080066ec    0x24  main.o [1]
  .rodata            const    0x08006710    0x24  main.o [1]
  .iar.init_table    const    0x08006734    0x24  - Linker created -
  .rodata            const    0x08006758    0x20  main.o [1]
  .rodata            const    0x08006778    0x20  main.o [1]
  .rodata            const    0x08006798    0x20  main.o [1]
  .rodata            const    0x080067b8    0x20  main.o [1]
  .rodata            const    0x080067d8    0x20  main.o [1]
  .rodata            const    0x080067f8    0x20  main.o [1]
  .rodata            const    0x08006818    0x20  main.o [1]
  .rodata            const    0x08006838    0x20  main.o [1]
  .text              ro code  0x08006858    0x1a  cmain.o [5]
  .text              ro code  0x08006872     0x4  low_level_init.o [3]
  .text              ro code  0x08006876     0x8  exit.o [3]
  .text              ro code  0x0800687e     0x2  startup_stm32f042x6.o [1]
  .text              ro code  0x08006880     0xa  cexit.o [5]
  .text              ro code  0x0800688a     0x2  startup_stm32f042x6.o [1]
  .text              ro code  0x0800688c    0x14  exit.o [6]
  .rodata            const    0x080068a0    0x18  main.o [1]
  .rodata            const    0x080068b8    0x18  MicroMenu.o [1]
  .rodata            const    0x080068d0    0x14  main.o [1]
  Initializer bytes  const    0x080068e4    0x14  <for P2-1> (used: 0x0)
  .rodata            const    0x080068f8    0x10  main.o [1]
  .rodata            const    0x08006908    0x10  ssdGraph.o [1]
  .rodata            const    0x08006918    0x10  ssdGraph.o [1]
  .rodata            const    0x08006928    0x10  stm32f0xx_hal_rcc.o [1]
  .rodata            const    0x08006938    0x10  stm32f0xx_hal_rcc.o [1]
  .rodata            const    0x08006948    0x10  system_stm32f0xx.o [1]
  .rodata            const    0x08006958     0xc  main.o [1]
  .text              ro code  0x08006964     0xc  cstartup_M.o [5]
  .rodata            const    0x08006970     0x8  main.o [1]
  .rodata            const    0x08006978     0x8  main.o [1]
  .rodata            const    0x08006980     0x8  main.o [1]
  .rodata            const    0x08006988     0x8  main.o [1]
  .rodata            const    0x08006990     0x8  ug2864.o [1]
  .rodata            const    0x08006998     0x8  ug2864.o [1]
  .rodata            const    0x080069a0     0x8  xprintflarge_nomb.o [3]
  .rodata            const    0x080069a8     0x4  ssdGraph.o [1]
  .text              ro code  0x080069ac     0x2  startup_stm32f042x6.o [1]
  .text              ro code  0x080069ae     0x2  startup_stm32f042x6.o [1]
  .text              ro code  0x080069b0     0x2  startup_stm32f042x6.o [1]
  .text              ro code  0x080069b2     0x2  startup_stm32f042x6.o [1]
  .text              ro code  0x080069b4     0x2  startup_stm32f042x6.o [1]
  .text              ro code  0x080069b6     0x2  startup_stm32f042x6.o [1]
  .text              ro code  0x080069b8     0x2  startup_stm32f042x6.o [1]
  .text              ro code  0x080069ba     0x2  startup_stm32f042x6.o [1]
  .text              ro code  0x080069bc     0x2  startup_stm32f042x6.o [1]
  .text              ro code  0x080069be     0x2  startup_stm32f042x6.o [1]
  .text              ro code  0x080069c0     0x2  startup_stm32f042x6.o [1]
  .text              ro code  0x080069c2     0x2  startup_stm32f042x6.o [1]
  .text              ro code  0x080069c4     0x2  startup_stm32f042x6.o [1]
  .text              ro code  0x080069c6     0x2  startup_stm32f042x6.o [1]
  .text              ro code  0x080069c8     0x2  startup_stm32f042x6.o [1]
  .text              ro code  0x080069ca     0x2  startup_stm32f042x6.o [1]
  .text              ro code  0x080069cc     0x2  startup_stm32f042x6.o [1]
  .rodata            const    0x080069ce     0x0  zero_init3.o [5]
  .rodata            const    0x080069ce     0x0  copy_init3.o [5]
                            - 0x080069ce  0x690e

"P2", part 1 of 3:                          0x14
  P2-1                        0x20000000    0x14  <Init block>
    .data            inited   0x20000000     0x4  gpio.o [1]
    .data            inited   0x20000004     0x8  main.o [1]
    .data            inited   0x2000000c     0x4  MicroMenu.o [1]
    .data            inited   0x20000010     0x4  system_stm32f0xx.o [1]
                            - 0x20000014    0x14

"P2", part 2 of 3:                         0x400
  CSTACK                      0x20000018   0x400  <Block>
    CSTACK           uninit   0x20000018   0x400  <Block tail>
                            - 0x20000418   0x400

"P2", part 3 of 3:                         0x6a0
  .bss               zero     0x20000418   0x404  ug2864.o [1]
  .bss               zero     0x2000081c   0x114  MicroMenu.o [1]
  .bss               zero     0x20000930    0x4c  i2c.o [1]
  .bss               zero     0x2000097c    0x40  IR.o [1]
  .bss               zero     0x200009bc    0x3c  i2c.o [1]
  .bss               zero     0x200009f8    0x3c  i2c.o [1]
  .bss               zero     0x20000a34    0x30  main.o [1]
  .bss               zero     0x20000a64    0x1c  filter.o [1]
  .bss               zero     0x20000a80    0x18  lis3.o [1]
  .bss               zero     0x20000a98     0x4  filter.o [1]
  .bss               zero     0x20000a9c     0x4  filter.o [1]
  .bss               zero     0x20000aa0     0x4  filter.o [1]
  .bss               zero     0x20000aa4     0x4  main.o [1]
  .bss               zero     0x20000aa8     0x4  main.o [1]
  .bss               zero     0x20000aac     0x4  stm32f0xx_hal.o [1]
  .bss               zero     0x20000ab0     0x2  filter.o [1]
  .bss               zero     0x20000ab2     0x2  filter.o [1]
  .bss               zero     0x20000ab4     0x2  filter.o [1]
                            - 0x20000ab6   0x69e


*******************************************************************************
*** INIT TABLE
***

          Address     Size
          -------     ----
Zero (__iar_zero_init3)
    1 destination range, total size 0x69e:
          0x20000418  0x69e

Copy (__iar_copy_init3)
    1 source range, total size 0x14:
          0x080068e4   0x14
    1 destination range, total size 0x14:
          0x20000000   0x14



*******************************************************************************
*** MODULE SUMMARY
***

    Module                  ro code  ro data  rw data
    ------                  -------  -------  -------
C:\Users\4eef\Projects\Chronograph+\SW\Chrono-Terminal-V1.0\firmware\PROJ_DIR\Debug\Obj: [1]
    IR.o                        180                64
    MicroMenu.o                 220       28      280
    clock.o                     152
    delay.o                      96
    filter.o                    164                46
    gpio.o                      544      172        4
    i2c.o                       152               196
    lis3.o                      328                24
    main.o                    1 996    1 198       64
    ssdFonts.o                         1 920
    ssdGraph.o                            36
    startup_stm32f042x6.o       306
    stm32f0xx_hal.o              96                 4
    stm32f0xx_hal_cortex.o      310
    stm32f0xx_hal_dma.o         964
    stm32f0xx_hal_gpio.o        492
    stm32f0xx_hal_i2c.o       4 852
    stm32f0xx_hal_i2c_ex.o      108
    stm32f0xx_hal_msp.o         348
    stm32f0xx_hal_rcc.o       2 064       32
    stm32f0xx_hal_rcc_ex.o      368
    stm32f0xx_it.o               78
    system_stm32f0xx.o          148       20        4
    ug2864.o                  2 600       20    1 028
    -------------------------------------------------
    Total:                   16 566    3 426    1 714

command line: [2]
    -------------------------------------------------
    Total:

dl6M_tln.a: [3]
    div.o                        32
    exit.o                        8
    low_level_init.o              4
    sprintf.o                    56
    xprintflarge_nomb.o       3 338        8
    xsprout.o                    10
    -------------------------------------------------
    Total:                    3 448        8

m6M_tl.a: [4]
    DblAddSub.o                 436
    DblCmpGe.o                   50
    DblCmpLe.o                   50
    DblDiv.o                    194
    DblMul.o                    388
    DblToFlt.o                   98
    DblToI32.o                   46
    FltAddSub.o                 278
    FltCmpEq.o                   32
    FltCmpGe.o                   40
    FltDiv.o                    170
    FltMul.o                    176
    FltToDbl.o                   50
    FltToS32.o                   58
    I32ToDbl.o                   52
    I32ToFlt.o                   50
    atan.o                      156
    xatan.o                     480
    -------------------------------------------------
    Total:                    2 804

rt6M_tl.a: [5]
    ABImemcpy.o                  92
    ABImemset.o                  80
    I32DivModFast.o             224
    I64DivMod.o                 106
    I64DivZer.o                   2
    IntDivZer.o                   2
    cexit.o                      10
    cmain.o                      26
    copy_init3.o                 48
    cstartup_M.o                 12
    data_init.o                  40
    memchr.o                     24
    strchr.o                     20
    strcpy.o                     16
    strlen.o                     16
    zero_init3.o                 60
    -------------------------------------------------
    Total:                      778

shb_l.a: [6]
    exit.o                       20
    -------------------------------------------------
    Total:                       20

    Linker created                        36    1 024
-----------------------------------------------------
    Grand Total:             23 616    3 470    2 738


*******************************************************************************
*** ENTRY LIST
***

Entry                      Address   Size  Type      Object
-----                      -------   ----  ----      ------
.iar.init_table$$Base   0x08006734          --   Gb  - Linker created -
.iar.init_table$$Limit  0x08006758          --   Gb  - Linker created -
?main                   0x08006859         Code  Gb  cmain.o [5]
AHBPrescTable           0x08006948   0x10  Data  Gb  system_stm32f0xx.o [1]
CSTACK$$Base            0x20000018          --   Gb  - Linker created -
CSTACK$$Limit           0x20000418          --   Gb  - Linker created -
CurrentMenuItem         0x20000aa4    0x4  Data  Gb  main.o [1]
CurrentMenuItem         0x2000000c    0x4  Data  Lc  MicroMenu.o [1]
DMA1_Channel2_3_IRQHandler
                        0x08006311   0x10  Code  Gb  stm32f0xx_it.o [1]
DMA_SetConfig           0x080018ad   0x20  Code  Lc  stm32f0xx_hal_dma.o [1]
Error_Handler           0x08001ca1    0x4  Code  Gb  clock.o [1]
HAL_DMA_Abort_IT        0x080015d5   0x8a  Code  Gb  stm32f0xx_hal_dma.o [1]
HAL_DMA_IRQHandler      0x08001679  0x21a  Code  Gb  stm32f0xx_hal_dma.o [1]
HAL_DMA_Init            0x08001509   0x5e  Code  Gb  stm32f0xx_hal_dma.o [1]
HAL_DMA_Start_IT        0x08001567   0x6e  Code  Gb  stm32f0xx_hal_dma.o [1]
HAL_GPIO_Init           0x08001a21  0x1cc  Code  Gb  stm32f0xx_hal_gpio.o [1]
HAL_GetTick             0x080014fd    0xc  Code  Wk  stm32f0xx_hal.o [1]
HAL_I2CEx_ConfigAnalogFilter
                        0x0800578d   0x66  Code  Gb  stm32f0xx_hal_i2c_ex.o [1]
HAL_I2C_AbortCpltCallback
                        0x080018dd    0x2  Code  Wk  stm32f0xx_hal_i2c.o [1]
HAL_I2C_AddrCallback    0x080018cd    0x2  Code  Wk  stm32f0xx_hal_i2c.o [1]
HAL_I2C_ER_IRQHandler   0x080005df   0x68  Code  Gb  stm32f0xx_hal_i2c.o [1]
HAL_I2C_EV_IRQHandler   0x080005c1   0x1e  Code  Gb  stm32f0xx_hal_i2c.o [1]
HAL_I2C_ErrorCallback   0x080018df    0x2  Code  Wk  stm32f0xx_hal_i2c.o [1]
HAL_I2C_GetState        0x08000647    0x6  Code  Gb  stm32f0xx_hal_i2c.o [1]
HAL_I2C_Init            0x080000c1   0xc6  Code  Gb  stm32f0xx_hal_i2c.o [1]
HAL_I2C_ListenCpltCallback
                        0x080018db    0x2  Code  Wk  stm32f0xx_hal_i2c.o [1]
HAL_I2C_MasterRxCpltCallback
                        0x080018d1    0x2  Code  Wk  stm32f0xx_hal_i2c.o [1]
HAL_I2C_MasterTxCpltCallback
                        0x080018cf    0x2  Code  Wk  stm32f0xx_hal_i2c.o [1]
HAL_I2C_Master_Receive  0x08000319  0x184  Code  Gb  stm32f0xx_hal_i2c.o [1]
HAL_I2C_Master_Transmit
                        0x08000187  0x184  Code  Gb  stm32f0xx_hal_i2c.o [1]
HAL_I2C_Master_Transmit_DMA
                        0x080004a1  0x10a  Code  Gb  stm32f0xx_hal_i2c.o [1]
HAL_I2C_MemRxCpltCallback
                        0x080018d9    0x2  Code  Wk  stm32f0xx_hal_i2c.o [1]
HAL_I2C_MemTxCpltCallback
                        0x080018d7    0x2  Code  Wk  stm32f0xx_hal_i2c.o [1]
HAL_I2C_MspInit         0x080013ef   0xea  Code  Gb  stm32f0xx_hal_msp.o [1]
HAL_I2C_SlaveRxCpltCallback
                        0x080018d5    0x2  Code  Wk  stm32f0xx_hal_i2c.o [1]
HAL_I2C_SlaveTxCpltCallback
                        0x080018d3    0x2  Code  Wk  stm32f0xx_hal_i2c.o [1]
HAL_IncTick             0x08006355   0x10  Code  Wk  stm32f0xx_hal.o [1]
HAL_Init                0x08004de9   0x1c  Code  Gb  stm32f0xx_hal.o [1]
HAL_InitTick            0x08002705   0x24  Code  Wk  stm32f0xx_hal.o [1]
HAL_MspInit             0x080013a1   0x4e  Code  Gb  stm32f0xx_hal_msp.o [1]
HAL_NVIC_EnableIRQ      0x080019b9    0xe  Code  Gb  stm32f0xx_hal_cortex.o [1]
HAL_NVIC_SetPriority    0x080019a5   0x14  Code  Gb  stm32f0xx_hal_cortex.o [1]
HAL_RCCEx_PeriphCLKConfig
                        0x080024b5  0x14e  Code  Gb  stm32f0xx_hal_rcc_ex.o [1]
HAL_RCC_ClockConfig     0x08002221  0x192  Code  Gb  stm32f0xx_hal_rcc.o [1]
HAL_RCC_GetHCLKFreq     0x08002481    0x6  Code  Gb  stm32f0xx_hal_rcc.o [1]
HAL_RCC_GetSysClockFreq
                        0x080023cd   0xb4  Code  Gb  stm32f0xx_hal_rcc.o [1]
HAL_RCC_OscConfig       0x08001ca5  0x566  Code  Gb  stm32f0xx_hal_rcc.o [1]
HAL_SYSTICK_CLKSourceConfig
                        0x080019d3   0x22  Code  Gb  stm32f0xx_hal_cortex.o [1]
HAL_SYSTICK_Callback    0x08001a15    0x2  Code  Wk  stm32f0xx_hal_cortex.o [1]
HAL_SYSTICK_Config      0x080019c7    0xc  Code  Gb  stm32f0xx_hal_cortex.o [1]
HAL_SYSTICK_IRQHandler  0x08001a0d    0x8  Code  Gb  stm32f0xx_hal_cortex.o [1]
I2C1_IRQHandler         0x08006321   0x22  Code  Gb  stm32f0xx_it.o [1]
I2C_DMAAbort            0x08000fff   0x3e  Code  Lc  stm32f0xx_hal_i2c.o [1]
I2C_DMAError            0x08000fe1   0x1e  Code  Lc  stm32f0xx_hal_i2c.o [1]
I2C_DMAMasterTransmitCplt
                        0x08000f7b   0x54  Code  Lc  stm32f0xx_hal_i2c.o [1]
I2C_Disable_IRQ         0x08001315   0x8c  Code  Lc  stm32f0xx_hal_i2c.o [1]
I2C_Enable_IRQ          0x0800126f   0x96  Code  Lc  stm32f0xx_hal_i2c.o [1]
I2C_Flush_TXDR          0x08000f55   0x26  Code  Lc  stm32f0xx_hal_i2c.o [1]
I2C_ITAddrCplt          0x08000a5f   0xe6  Code  Lc  stm32f0xx_hal_i2c.o [1]
I2C_ITError             0x08000e55   0xfa  Code  Lc  stm32f0xx_hal_i2c.o [1]
I2C_ITListenCplt        0x08000de9   0x64  Code  Lc  stm32f0xx_hal_i2c.o [1]
I2C_ITMasterCplt        0x08000bf9   0xd8  Code  Lc  stm32f0xx_hal_i2c.o [1]
I2C_ITMasterSequentialCplt
                        0x08000b45   0x5a  Code  Lc  stm32f0xx_hal_i2c.o [1]
I2C_ITSlaveCplt         0x08000cd1  0x118  Code  Lc  stm32f0xx_hal_i2c.o [1]
I2C_ITSlaveSequentialCplt
                        0x08000b9f   0x5a  Code  Lc  stm32f0xx_hal_i2c.o [1]
I2C_IsAcknowledgeFailed
                        0x080011c1   0x80  Code  Lc  stm32f0xx_hal_i2c.o [1]
I2C_Master_ISR_DMA      0x080008ed   0xf4  Code  Lc  stm32f0xx_hal_i2c.o [1]
I2C_Master_ISR_IT       0x0800064d  0x16a  Code  Lc  stm32f0xx_hal_i2c.o [1]
I2C_Slave_ISR_DMA       0x080009e1   0x7e  Code  Lc  stm32f0xx_hal_i2c.o [1]
I2C_Slave_ISR_IT        0x080007b7  0x130  Code  Lc  stm32f0xx_hal_i2c.o [1]
I2C_TransferConfig      0x08001241   0x2e  Code  Lc  stm32f0xx_hal_i2c.o [1]
I2C_WaitOnFlagUntilTimeout
                        0x0800103d   0x52  Code  Lc  stm32f0xx_hal_i2c.o [1]
I2C_WaitOnRXNEFlagUntilTimeout
                        0x0800113b   0x80  Code  Lc  stm32f0xx_hal_i2c.o [1]
I2C_WaitOnSTOPFlagUntilTimeout
                        0x080010e9   0x52  Code  Lc  stm32f0xx_hal_i2c.o [1]
I2C_WaitOnTXISFlagUntilTimeout
                        0x0800108f   0x5a  Code  Lc  stm32f0xx_hal_i2c.o [1]
LoadInt                 0x08002d49   0x68  Code  Lc  xprintflarge_nomb.o [3]
MX_DMA_Init             0x08005081   0x2e  Code  Gb  i2c.o [1]
MX_I2C1_Init            0x08005029   0x58  Code  Gb  i2c.o [1]
MX_TIM2_Init            0x08005211   0x70  Code  Lc  IR.o [1]
Menu_GetCurrentMenu     0x080052bd    0x6  Code  Gb  MicroMenu.o [1]
Menu_Navigate           0x080052c3   0xbe  Code  Gb  MicroMenu.o [1]
NULL_MENU               0x080068b8   0x18  Data  Gb  MicroMenu.o [1]
NVIC_EnableIRQ          0x080018e1    0xe  Code  Lc  stm32f0xx_hal_cortex.o [1]
NVIC_SetPriority        0x080018ef   0x84  Code  Lc  stm32f0xx_hal_cortex.o [1]
Region$$Table$$Base     0x08006734          --   Gb  - Linker created -
Region$$Table$$Limit    0x08006758          --   Gb  - Linker created -
SysTick_Config          0x08001973   0x32  Code  Lc  stm32f0xx_hal_cortex.o [1]
SysTick_Handler         0x08006305    0xc  Code  Gb  stm32f0xx_it.o [1]
SystemClock_Config      0x08001c0d   0x8e  Code  Gb  clock.o [1]
SystemCoreClock         0x20000010    0x4  Data  Gb  system_stm32f0xx.o [1]
SystemInit              0x08006271   0x68  Code  Gb  system_stm32f0xx.o [1]
TIM2_IRQHandler         0x08005281   0x2e  Code  Gb  IR.o [1]
USB_IRQHandler          0x08006351    0x2  Code  Gb  stm32f0xx_it.o [1]
_GenldLargeNoMb         0x080031c5  0x29a  Code  Lc  xprintflarge_nomb.o [3]
_LdtobLargeNoMb         0x08002edd  0x2b0  Code  Lc  xprintflarge_nomb.o [3]
_LitobLargeNoMb         0x08002db1  0x12a  Code  Lc  xprintflarge_nomb.o [3]
_PrintfLargeNoMb        0x08002789  0x5c0  Code  Gb  xprintflarge_nomb.o [3]
_PutcharsLargeNoMb      0x0800345f   0x30  Code  Lc  xprintflarge_nomb.o [3]
_SProut                 0x08001a17    0xa  Code  Gb  xsprout.o [3]
__ICFEDIT_region_RAM_end__ {Abs}
                        0x200017ff         Data  Gb  command line/config [2]
__ICFEDIT_region_RAM_start__ {Abs}
                        0x20000000         Data  Gb  command line/config [2]
__aeabi_cdcmple         0x08003539         Code  Gb  DblCmpLe.o [4]
__aeabi_cdrcmple        0x080057f9         Code  Gb  DblCmpGe.o [4]
__aeabi_cfcmpeq         0x080054e9         Code  Gb  FltCmpEq.o [4]
__aeabi_cfrcmple        0x08004545         Code  Gb  FltCmpGe.o [4]
__aeabi_d2f             0x08005685         Code  Gb  DblToFlt.o [4]
__aeabi_d2uiz           0x080037b1         Code  Gb  DblToI32.o [4]
__aeabi_dadd            0x08003815         Code  Gb  DblAddSub.o [4]
__aeabi_ddiv            0x080036ef         Code  Gb  DblDiv.o [4]
__aeabi_dmul            0x0800356b         Code  Gb  DblMul.o [4]
__aeabi_dsub            0x080038db         Code  Gb  DblAddSub.o [4]
__aeabi_f2d             0x080055b5         Code  Gb  FltToDbl.o [4]
__aeabi_f2iz            0x080044d5         Code  Gb  FltToS32.o [4]
__aeabi_fadd            0x080053d1         Code  Gb  FltAddSub.o [4]
__aeabi_fdiv            0x08005509         Code  Gb  FltDiv.o [4]
__aeabi_fmul            0x08004425         Code  Gb  FltMul.o [4]
__aeabi_i2d             0x080037e1         Code  Gb  I32ToDbl.o [4]
__aeabi_i2f             0x08004511         Code  Gb  I32ToFlt.o [4]
__aeabi_idiv            0x08002651         Code  Gb  I32DivModFast.o [5]
__aeabi_idiv0           0x08002785         Code  Gb  IntDivZer.o [5]
__aeabi_idivmod         0x08002651         Code  Gb  I32DivModFast.o [5]
__aeabi_ldiv0           0x080039e9         Code  Gb  I64DivZer.o [5]
__aeabi_memcpy          0x08002729         Code  Gb  ABImemcpy.o [5]
__aeabi_memcpy4         0x08002751         Code  Wk  ABImemcpy.o [5]
__aeabi_memset          0x080045cd         Code  Gb  ABImemset.o [5]
__aeabi_ui2d            0x080037f5         Code  Gb  I32ToDbl.o [4]
__aeabi_uidiv           0x08002657         Code  Gb  I32DivModFast.o [5]
__aeabi_uidivmod        0x08002657         Code  Gb  I32DivModFast.o [5]
__aeabi_uldivmod        0x080034cf         Code  Gb  I64DivMod.o [5]
__cmain                 0x08006859         Code  Gb  cmain.o [5]
__exit                  0x0800688d   0x14  Code  Gb  exit.o [6]
__iar_Atan              0x08005869  0x148  Code  Gb  xatan.o [4]
__iar_Memchr            0x080034b7   0x18  Code  Gb  memchr.o [5]
__iar_Memset4_word      0x080045ed         Code  Gb  ABImemset.o [5]
__iar_Memset_word       0x080045d9         Code  Gb  ABImemset.o [5]
__iar_Strchr            0x08003493   0x14  Code  Gb  strchr.o [5]
__iar_copy_init3        0x080063a1   0x30  Code  Gb  copy_init3.o [5]
__iar_d2uiz             0x080037b5         Code  Gb  DblToI32.o [4]
__iar_data_init3        0x08006515   0x28  Code  Gb  data_init.o [5]
__iar_program_start     0x08006965         Code  Gb  cstartup_M.o [5]
__iar_ui2d              0x080037f9         Code  Gb  I32ToDbl.o [4]
__iar_ui2f              0x08004529         Code  Gb  I32ToFlt.o [4]
__iar_zero_init3        0x0800582b   0x3c  Code  Gb  zero_init3.o [5]
__low_level_init        0x08006873    0x4  Code  Gb  low_level_init.o [3]
__vector_table          0x08000000         Data  Gb  startup_stm32f042x6.o [1]
_call_main              0x08006865         Code  Gb  cmain.o [5]
_exit                   0x08006881         Code  Gb  cexit.o [5]
_main                   0x0800686f         Code  Gb  cmain.o [5]
a                       0x08005a08   0x40  Data  Lc  xatan.o [4]
about                   0x08006778   0x20  Data  Gb  main.o [1]
accel                   0x20000a80   0x18  Data  Gb  lis3.o [1]
atan                    0x080055e9   0x9c  Code  Gb  atan.o [4]
delay_us                0x0800456d   0x60  Code  Gb  delay.o [1]
display                 0x08006758   0x20  Data  Gb  main.o [1]
div                     0x080039c9   0x20  Code  Gb  div.o [3]
drawMainScreen          0x08004b51  0x260  Code  Gb  main.o [1]
drawMenu                0x08004a55   0xce  Code  Gb  main.o [1]
exit                    0x08006877    0x8  Code  Gb  exit.o [3]
font12x16               0x08006048  0x180  Data  Gb  ssdFonts.o [1]
font6x8                 0x08005a48  0x600  Data  Gb  ssdFonts.o [1]
gppin_init              0x08004e43  0x1cc  Code  Gb  gpio.o [1]
hdma_i2c1_rx            0x200009bc   0x3c  Data  Gb  i2c.o [1]
hdma_i2c1_tx            0x200009f8   0x3c  Data  Gb  i2c.o [1]
hi2c1                   0x20000930   0x4c  Data  Gb  i2c.o [1]
htim2                   0x2000097c   0x40  Data  Gb  IR.o [1]
initGpios               0x08004e09   0x3a  Code  Gb  gpio.o [1]
initIRConfig            0x08005209    0x8  Code  Gb  IR.o [1]
kalman                  0x20000a64   0x1c  Data  Gb  filter.o [1]
lis3_getXYZ             0x08005185   0x74  Code  Gb  lis3.o [1]
lis3_read               0x08005135   0x50  Code  Gb  lis3.o [1]
lis3_write              0x08005103   0x32  Code  Gb  lis3.o [1]
lis3init                0x080050c1   0x42  Code  Gb  lis3.o [1]
lpfx                    0x080056e9   0x2e  Code  Gb  filter.o [1]
lpfx::Dacc              0x20000a98    0x4  Data  Lc  filter.o [1]
lpfx::Dout              0x20000ab0    0x2  Data  Lc  filter.o [1]
lpfy                    0x08005717   0x2e  Code  Gb  filter.o [1]
lpfy::Dacc              0x20000a9c    0x4  Data  Lc  filter.o [1]
lpfy::Dout              0x20000ab2    0x2  Data  Lc  filter.o [1]
lpfz                    0x08005745   0x2e  Code  Gb  filter.o [1]
lpfz::Dacc              0x20000aa0    0x4  Data  Lc  filter.o [1]
lpfz::Dout              0x20000ab4    0x2  Data  Lc  filter.o [1]
main                    0x0800461d  0x15c  Code  Gb  main.o [1]
mchron                  0x08006584   0x24  Data  Gb  main.o [1]
meas                    0x20000a34   0x30  Data  Gb  main.o [1]
menu                    0x2000081c  0x114  Data  Gb  MicroMenu.o [1]
menuFolder              0x08006908   0x10  Data  Gb  ssdGraph.o [1]
menuScroll              0x080069a8    0x4  Data  Gb  ssdGraph.o [1]
mgeneral                0x08006798   0x20  Data  Gb  main.o [1]
mincline                0x08006424   0x28  Data  Gb  main.o [1]
mode                    0x080063fc   0x28  Data  Gb  main.o [1]
modeEdit                0x0800480f   0x90  Code  Gb  main.o [1]
parEdit                 0x080047c7   0x48  Code  Gb  main.o [1]
parEditRedir            0x08004779   0x4e  Code  Gb  main.o [1]
pellets                 0x20000004    0x8  Data  Gb  main.o [1]
pinNum                  0x20000000    0x4  Data  Gb  gpio.o [1]
pinsMode                0x080061c8   0xa8  Data  Gb  gpio.o [1]
s16fNorm                0x08004961   0x3c  Code  Gb  main.o [1]
scbind                  0x08006818   0x20  Data  Gb  main.o [1]
scdist                  0x080064c4   0x28  Data  Gb  main.o [1]
schrono                 0x080065cc   0x24  Data  Gb  main.o [1]
scir                    0x08006638   0x24  Data  Gb  main.o [1]
sdatime                 0x080065f0   0x24  Data  Gb  main.o [1]
sdcntr                  0x080066a4   0x24  Data  Gb  main.o [1]
sdfreq                  0x080066c8   0x24  Data  Gb  main.o [1]
sdisplay                0x080067b8   0x20  Data  Gb  main.o [1]
service                 0x080064ec   0x28  Data  Gb  main.o [1]
setts                   0x08006560   0x24  Data  Gb  main.o [1]
sibrdr                  0x080063d0   0x2c  Data  Gb  main.o [1]
sical                   0x08006680   0x24  Data  Gb  main.o [1]
sifilt                  0x0800665c   0x24  Data  Gb  main.o [1]
sincline                0x0800644c   0x28  Data  Gb  main.o [1]
smag                    0x080065a8   0x24  Data  Gb  main.o [1]
smcapacity              0x08006614   0x24  Data  Gb  main.o [1]
smoff                   0x080067f8   0x20  Data  Gb  main.o [1]
smon                    0x080067d8   0x20  Data  Gb  main.o [1]
spdoff                  0x080066ec   0x24  Data  Gb  main.o [1]
sppd                    0x08006710   0x24  Data  Gb  main.o [1]
sprintf                 0x08005399   0x38  Code  Gb  sprintf.o [3]
spslp                   0x08006838   0x20  Data  Gb  main.o [1]
spsupply                0x0800649c   0x28  Data  Gb  main.o [1]
ssdBatt                 0x08006918   0x10  Data  Gb  ssdGraph.o [1]
ssdVideoBff             0x20000418  0x404  Data  Gb  ug2864.o [1]
ssd_putBatt             0x08003fa1   0xb0  Code  Gb  ug2864.o [1]
ssd_putChar12x16        0x0800405d   0xf4  Code  Gb  ug2864.o [1]
ssd_putChar6x8          0x08004175   0x5a  Code  Gb  ug2864.o [1]
ssd_putMenuFolder       0x08003f51   0x50  Code  Gb  ug2864.o [1]
ssd_putMenuScroll       0x08003d61   0xae  Code  Gb  ug2864.o [1]
ssd_putMsgBox           0x08003aad   0x8a  Code  Gb  ug2864.o [1]
ssd_putParBox           0x080039ed   0xb8  Code  Gb  ug2864.o [1]
ssd_putPitchBar         0x08003e0f  0x13e  Code  Gb  ug2864.o [1]
ssd_putRollBar          0x08003b37  0x220  Code  Gb  ug2864.o [1]
ssd_putString12x16      0x08004151   0x24  Code  Gb  ug2864.o [1]
ssd_putString6x8        0x080041d5   0x24  Code  Gb  ug2864.o [1]
ssd_setpix              0x080041f9   0xc8  Code  Gb  ug2864.o [1]
stats                   0x0800653c   0x24  Data  Gb  main.o [1]
strcpy                  0x08004415         Code  Gb  strcpy.o [5]
strlen                  0x080034a7   0x10  Code  Gb  strlen.o [5]
swusrc                  0x08006474   0x28  Data  Gb  main.o [1]
sysSettings             0x20000aa8    0x4  Data  Gb  main.o [1]
tiltAngCalc             0x080048f9   0x5e  Code  Gb  main.o [1]
trxAccData              0x080049a5   0xb0  Code  Gb  main.o [1]
ug2864_com              0x08004395   0x36  Code  Gb  ug2864.o [1]
ug2864_refresh          0x080043d1   0x1e  Code  Gb  ug2864.o [1]
ug2864init              0x080042c5   0xd0  Code  Gb  ug2864.o [1]
uwTick                  0x20000aac    0x4  Data  Gb  stm32f0xx_hal.o [1]


[1] = C:\Users\4eef\Projects\Chronograph+\SW\Chrono-Terminal-V1.0\firmware\PROJ_DIR\Debug\Obj
[2] = command line
[3] = dl6M_tln.a
[4] = m6M_tl.a
[5] = rt6M_tl.a
[6] = shb_l.a

  23 616 bytes of readonly  code memory
   3 470 bytes of readonly  data memory
   2 738 bytes of readwrite data memory

Errors: 3
Warnings: none
