###############################################################################
#
# IAR ELF Linker V7.70.1.11437/W32 for ARM                01/Nov/2018  17:54:28
# Copyright 2007-2016 IAR Systems AB.
#
#    Output file  =  
#        C:\Users\baidachenko.v.ABK-D113\Projects\chronograph-plus\SW\Chrono-Terminal-V1.0\firmware\PROJ_DIR\Debug\Exe\Chrono-Terminal-V1.0.out
#    Map file     =  
#        C:\Users\baidachenko.v.ABK-D113\Projects\chronograph-plus\SW\Chrono-Terminal-V1.0\firmware\PROJ_DIR\Debug\List\Chrono-Terminal-V1.0.map
#    Command line =  
#        C:\Users\baidachenko.v.ABK-D113\Projects\chronograph-plus\SW\Chrono-Terminal-V1.0\firmware\PROJ_DIR\Debug\Obj\adc.o
#        C:\Users\baidachenko.v.ABK-D113\Projects\chronograph-plus\SW\Chrono-Terminal-V1.0\firmware\PROJ_DIR\Debug\Obj\battery.o
#        C:\Users\baidachenko.v.ABK-D113\Projects\chronograph-plus\SW\Chrono-Terminal-V1.0\firmware\PROJ_DIR\Debug\Obj\buttons.o
#        C:\Users\baidachenko.v.ABK-D113\Projects\chronograph-plus\SW\Chrono-Terminal-V1.0\firmware\PROJ_DIR\Debug\Obj\clock.o
#        C:\Users\baidachenko.v.ABK-D113\Projects\chronograph-plus\SW\Chrono-Terminal-V1.0\firmware\PROJ_DIR\Debug\Obj\delay.o
#        C:\Users\baidachenko.v.ABK-D113\Projects\chronograph-plus\SW\Chrono-Terminal-V1.0\firmware\PROJ_DIR\Debug\Obj\filter.o
#        C:\Users\baidachenko.v.ABK-D113\Projects\chronograph-plus\SW\Chrono-Terminal-V1.0\firmware\PROJ_DIR\Debug\Obj\fix16.o
#        C:\Users\baidachenko.v.ABK-D113\Projects\chronograph-plus\SW\Chrono-Terminal-V1.0\firmware\PROJ_DIR\Debug\Obj\fix16_exp.o
#        C:\Users\baidachenko.v.ABK-D113\Projects\chronograph-plus\SW\Chrono-Terminal-V1.0\firmware\PROJ_DIR\Debug\Obj\fix16_sqrt.o
#        C:\Users\baidachenko.v.ABK-D113\Projects\chronograph-plus\SW\Chrono-Terminal-V1.0\firmware\PROJ_DIR\Debug\Obj\fix16_trig.o
#        C:\Users\baidachenko.v.ABK-D113\Projects\chronograph-plus\SW\Chrono-Terminal-V1.0\firmware\PROJ_DIR\Debug\Obj\fract32.o
#        C:\Users\baidachenko.v.ABK-D113\Projects\chronograph-plus\SW\Chrono-Terminal-V1.0\firmware\PROJ_DIR\Debug\Obj\gpio.o
#        C:\Users\baidachenko.v.ABK-D113\Projects\chronograph-plus\SW\Chrono-Terminal-V1.0\firmware\PROJ_DIR\Debug\Obj\i2c.o
#        C:\Users\baidachenko.v.ABK-D113\Projects\chronograph-plus\SW\Chrono-Terminal-V1.0\firmware\PROJ_DIR\Debug\Obj\IR.o
#        C:\Users\baidachenko.v.ABK-D113\Projects\chronograph-plus\SW\Chrono-Terminal-V1.0\firmware\PROJ_DIR\Debug\Obj\lis3.o
#        C:\Users\baidachenko.v.ABK-D113\Projects\chronograph-plus\SW\Chrono-Terminal-V1.0\firmware\PROJ_DIR\Debug\Obj\main.o
#        C:\Users\baidachenko.v.ABK-D113\Projects\chronograph-plus\SW\Chrono-Terminal-V1.0\firmware\PROJ_DIR\Debug\Obj\menuFunctions.o
#        C:\Users\baidachenko.v.ABK-D113\Projects\chronograph-plus\SW\Chrono-Terminal-V1.0\firmware\PROJ_DIR\Debug\Obj\MicroMenu.o
#        C:\Users\baidachenko.v.ABK-D113\Projects\chronograph-plus\SW\Chrono-Terminal-V1.0\firmware\PROJ_DIR\Debug\Obj\power.o
#        C:\Users\baidachenko.v.ABK-D113\Projects\chronograph-plus\SW\Chrono-Terminal-V1.0\firmware\PROJ_DIR\Debug\Obj\ssdFonts.o
#        C:\Users\baidachenko.v.ABK-D113\Projects\chronograph-plus\SW\Chrono-Terminal-V1.0\firmware\PROJ_DIR\Debug\Obj\ssdGraph.o
#        C:\Users\baidachenko.v.ABK-D113\Projects\chronograph-plus\SW\Chrono-Terminal-V1.0\firmware\PROJ_DIR\Debug\Obj\startup_stm32f042x6.o
#        C:\Users\baidachenko.v.ABK-D113\Projects\chronograph-plus\SW\Chrono-Terminal-V1.0\firmware\PROJ_DIR\Debug\Obj\sync.o
#        C:\Users\baidachenko.v.ABK-D113\Projects\chronograph-plus\SW\Chrono-Terminal-V1.0\firmware\PROJ_DIR\Debug\Obj\system.o
#        C:\Users\baidachenko.v.ABK-D113\Projects\chronograph-plus\SW\Chrono-Terminal-V1.0\firmware\PROJ_DIR\Debug\Obj\system_stm32f0xx.o
#        C:\Users\baidachenko.v.ABK-D113\Projects\chronograph-plus\SW\Chrono-Terminal-V1.0\firmware\PROJ_DIR\Debug\Obj\ug2864.o
#        C:\Users\baidachenko.v.ABK-D113\Projects\chronograph-plus\SW\Chrono-Terminal-V1.0\firmware\PROJ_DIR\Debug\Obj\uint32.o
#        --redirect _Printf=_PrintfLargeNoMb -o
#        C:\Users\baidachenko.v.ABK-D113\Projects\chronograph-plus\SW\Chrono-Terminal-V1.0\firmware\PROJ_DIR\Debug\Exe\Chrono-Terminal-V1.0.out
#        --map
#        C:\Users\baidachenko.v.ABK-D113\Projects\chronograph-plus\SW\Chrono-Terminal-V1.0\firmware\PROJ_DIR\Debug\List\Chrono-Terminal-V1.0.map
#        --config "C:\Program Files (x86)\IAR Systems\Embedded Workbench
#        7.5\arm\config\linker\ST\stm32f042x6.icf" --semihosting --entry
#        __iar_program_start --vfe
#
###############################################################################

*******************************************************************************
*** RUNTIME MODEL ATTRIBUTES
***

CppFlavor       = *
__SystemLibrary = DLib


*******************************************************************************
*** PLACEMENT SUMMARY
***

"A0":  place at 0x08000000 { ro section .intvec };
"P1":  place in [from 0x08000000 to 0x08007fff] { ro };
"P2":  place in [from 0x20000000 to 0x200017ff] { rw, block CSTACK, block HEAP };
initialize by copy { rw };

  Section            Kind        Address    Size  Object
  -------            ----        -------    ----  ------
"A0":                                       0xc0
  .intvec            ro code  0x08000000    0xc0  startup_stm32f042x6.o [1]
                            - 0x080000c0    0xc0

"P1":                                     0x75d0
  .text              ro code  0x080000c0   0xe48  MicroMenu.o [1]
  .text              ro code  0x08000f08    0x50  ABImemset.o [5]
  .text              ro code  0x08000f58    0x10  strcpy.o [5]
  .text              ro code  0x08000f68    0x10  strlen.o [5]
  .text              ro code  0x08000f78   0xd9c  ug2864.o [1]
  .text              ro code  0x08001d14    0xe0  I32DivModFast.o [5]
  .text              ro code  0x08001df4    0x38  sprintf.o [3]
  .text              ro code  0x08001e2c    0x1c  strcat.o [3]
  .text              ro code  0x08001e48     0x8  abs.o [3]
  .text              ro code  0x08001e50    0x60  delay.o [1]
  .text              ro code  0x08001eb0   0x3e2  i2c.o [1]
  .text              ro code  0x08002292     0xa  xsprout.o [3]
  .text              ro code  0x0800229c     0x2  IntDivZer.o [5]
  .rodata            const    0x0800229e     0x2  main.o [1]
  .text              ro code  0x080022a0   0xcf2  xprintflarge_nomb.o [3]
  .text              ro code  0x08002f92    0x14  strchr.o [5]
  .text              ro code  0x08002fa6    0x18  memchr.o [5]
  .text              ro code  0x08002fbe    0x6a  I64DivMod.o [5]
  .text              ro code  0x08003028    0x5c  ABImemcpy.o [5]
  .text              ro code  0x08003084    0x32  DblCmpLe.o [4]
  .text              ro code  0x080030b6   0x184  DblMul.o [4]
  .text              ro code  0x0800323a    0xc2  DblDiv.o [4]
  .text              ro code  0x080032fc    0x2e  DblToI32.o [4]
  .rodata            const    0x0800332a     0x2  system.o [1]
  .text              ro code  0x0800332c    0x20  I32ToDbl.o [4]
  .text              ro code  0x0800334c   0x1a8  DblAddSub.o [4]
  .text              ro code  0x080034f4    0x20  div.o [3]
  .text              ro code  0x08003514     0x2  I64DivZer.o [5]
  .rodata            const    0x08003516     0x2  ug2864.o [1]
  .text              ro code  0x08003518   0xa2c  IR.o [1]
  .text              ro code  0x08003f44   0x684  system.o [1]
  .rodata            const    0x080045c8   0x600  ssdFonts.o [1]
  .text              ro code  0x08004bc8   0x35c  lis3.o [1]
  .text              ro code  0x08004f24   0x1c4  fix16.o [1]
  .text              ro code  0x080050e8    0xc8  fix16_trig.o [1]
  .text              ro code  0x080051b0   0x1f4  filter.o [1]
  .text              ro code  0x080053a4    0x32  I64Mul.o [5]
  .rodata            const    0x080053d6     0x2  ug2864.o [1]
  .text              ro code  0x080053d8    0x32  I32ToFlt.o [4]
  .text              ro code  0x0800540a    0xb0  FltMul.o [4]
  .rodata            const    0x080054ba     0x2  ug2864.o [1]
  .text              ro code  0x080054bc    0x3a  FltToS32.o [4]
  .text              ro code  0x080054f6   0x120  FltAddSub.o [4]
  .text              ro code  0x08005616    0xaa  FltDiv.o [4]
  .text              ro code  0x080056c0    0x26  FltCmpLe.o [4]
  .rodata            const    0x080056e6     0x2  ug2864.o [1]
  .text              ro code  0x080056e8    0x28  FltCmpGe.o [4]
  .text              ro code  0x08005710    0x22  xfdtest.o [4]
  .rodata            const    0x08005732     0x2  ug2864.o [1]
  .text              ro code  0x08005734   0x334  buttons.o [1]
  .text              ro code  0x08005a68   0x2d4  main.o [1]
  .text              ro code  0x08005d3c   0x1e0  power.o [1]
  .text              ro code  0x08005f1c   0x1f8  adc.o [1]
  .text              ro code  0x08006114   0x160  sync.o [1]
  .text              ro code  0x08006274   0x1c0  battery.o [1]
  .text              ro code  0x08006434    0xa0  clock.o [1]
  .text              ro code  0x080064d4   0x220  gpio.o [1]
  .rodata            const    0x080066f4   0x198  ssdFonts.o [1]
  .rodata            const    0x0800688c    0xd4  menuFunctions.o [1]
  .rodata            const    0x08006960    0xc0  gpio.o [1]
  .text              ro code  0x08006a20    0xac  menuFunctions.o [1]
  .text              ro code  0x08006acc    0x94  system_stm32f0xx.o [1]
  .rodata            const    0x08006b60    0x48  menuFunctions.o [1]
  .text              ro code  0x08006ba8    0x3c  startup_stm32f042x6.o [1]
  .text              ro code  0x08006be4    0x3c  zero_init3.o [5]
  .text              ro code  0x08006c20    0x30  copy_init3.o [5]
  .text              ro code  0x08006c50    0x28  data_init.o [5]
  .iar.init_table    const    0x08006c78    0x24  - Linker created -
  .rodata            const    0x08006c9c    0x1c  main.o [1]
  .rodata            const    0x08006cb8    0x1c  main.o [1]
  .rodata            const    0x08006cd4    0x1c  main.o [1]
  .rodata            const    0x08006cf0    0x1c  main.o [1]
  .rodata            const    0x08006d0c    0x1c  main.o [1]
  .rodata            const    0x08006d28    0x1c  main.o [1]
  .rodata            const    0x08006d44    0x1c  main.o [1]
  .rodata            const    0x08006d60    0x1c  main.o [1]
  .rodata            const    0x08006d7c    0x1c  main.o [1]
  .rodata            const    0x08006d98    0x1c  main.o [1]
  .rodata            const    0x08006db4    0x1c  main.o [1]
  .rodata            const    0x08006dd0    0x1c  main.o [1]
  .rodata            const    0x08006dec    0x1c  main.o [1]
  .rodata            const    0x08006e08    0x1c  main.o [1]
  .rodata            const    0x08006e24    0x1c  main.o [1]
  .rodata            const    0x08006e40    0x1c  main.o [1]
  .rodata            const    0x08006e5c    0x1c  main.o [1]
  .rodata            const    0x08006e78    0x1c  main.o [1]
  .rodata            const    0x08006e94    0x1c  main.o [1]
  .rodata            const    0x08006eb0    0x1c  main.o [1]
  .rodata            const    0x08006ecc    0x1c  main.o [1]
  .rodata            const    0x08006ee8    0x1c  main.o [1]
  .rodata            const    0x08006f04    0x1c  main.o [1]
  .rodata            const    0x08006f20    0x1c  main.o [1]
  .rodata            const    0x08006f3c    0x1c  main.o [1]
  .rodata            const    0x08006f58    0x1c  main.o [1]
  .rodata            const    0x08006f74    0x1c  main.o [1]
  .rodata            const    0x08006f90    0x1c  main.o [1]
  .rodata            const    0x08006fac    0x1c  main.o [1]
  .rodata            const    0x08006fc8    0x1c  main.o [1]
  .rodata            const    0x08006fe4    0x1c  main.o [1]
  .rodata            const    0x08007000    0x1c  MicroMenu.o [1]
  .text              ro code  0x0800701c    0x1a  cmain.o [5]
  .text              ro code  0x08007036     0x4  low_level_init.o [3]
  .text              ro code  0x0800703a     0x8  exit.o [3]
  .rodata            const    0x08007042     0x2  ug2864.o [1]
  .text              ro code  0x08007044     0xa  cexit.o [5]
  .rodata            const    0x0800704e     0x2  ug2864.o [1]
  .text              ro code  0x08007050    0x14  exit.o [6]
  .rodata            const    0x08007064    0x18  main.o [1]
  .rodata            const    0x0800707c    0x18  main.o [1]
  .rodata            const    0x08007094    0x18  main.o [1]
  .rodata            const    0x080070ac    0x18  main.o [1]
  .rodata            const    0x080070c4    0x18  main.o [1]
  .rodata            const    0x080070dc    0x18  main.o [1]
  .rodata            const    0x080070f4    0x18  main.o [1]
  .rodata            const    0x0800710c    0x18  main.o [1]
  .rodata            const    0x08007124    0x18  main.o [1]
  .rodata            const    0x0800713c    0x18  main.o [1]
  .rodata            const    0x08007154    0x18  main.o [1]
  .rodata            const    0x0800716c    0x18  main.o [1]
  .rodata            const    0x08007184    0x18  main.o [1]
  .rodata            const    0x0800719c    0x18  main.o [1]
  .rodata            const    0x080071b4    0x18  main.o [1]
  .rodata            const    0x080071cc    0x18  main.o [1]
  .rodata            const    0x080071e4    0x18  main.o [1]
  .rodata            const    0x080071fc    0x18  main.o [1]
  .rodata            const    0x08007214    0x18  main.o [1]
  .rodata            const    0x0800722c    0x18  main.o [1]
  .rodata            const    0x08007244    0x18  main.o [1]
  .rodata            const    0x0800725c    0x18  main.o [1]
  .rodata            const    0x08007274    0x18  main.o [1]
  .rodata            const    0x0800728c    0x18  main.o [1]
  .rodata            const    0x080072a4    0x18  main.o [1]
  .rodata            const    0x080072bc    0x18  main.o [1]
  .rodata            const    0x080072d4    0x18  main.o [1]
  .rodata            const    0x080072ec    0x18  MicroMenu.o [1]
  .rodata            const    0x08007304    0x14  battery.o [1]
  .rodata            const    0x08007318    0x14  main.o [1]
  .rodata            const    0x0800732c    0x14  main.o [1]
  .rodata            const    0x08007340    0x14  main.o [1]
  .rodata            const    0x08007354    0x14  main.o [1]
  .rodata            const    0x08007368    0x14  main.o [1]
  .rodata            const    0x0800737c    0x14  main.o [1]
  .rodata            const    0x08007390    0x14  MicroMenu.o [1]
  .rodata            const    0x080073a4    0x14  MicroMenu.o [1]
  .rodata            const    0x080073b8    0x14  MicroMenu.o [1]
  .rodata            const    0x080073cc    0x14  sync.o [1]
  .rodata            const    0x080073e0    0x10  IR.o [1]
  .rodata            const    0x080073f0    0x10  IR.o [1]
  .rodata            const    0x08007400    0x10  IR.o [1]
  .rodata            const    0x08007410    0x10  IR.o [1]
  .rodata            const    0x08007420    0x10  main.o [1]
  .rodata            const    0x08007430    0x10  main.o [1]
  .rodata            const    0x08007440    0x10  main.o [1]
  .rodata            const    0x08007450    0x10  main.o [1]
  .rodata            const    0x08007460    0x10  main.o [1]
  .rodata            const    0x08007470    0x10  main.o [1]
  .rodata            const    0x08007480    0x10  menuFunctions.o [1]
  .rodata            const    0x08007490    0x10  menuFunctions.o [1]
  .rodata            const    0x080074a0    0x10  MicroMenu.o [1]
  .rodata            const    0x080074b0    0x10  MicroMenu.o [1]
  .rodata            const    0x080074c0    0x10  MicroMenu.o [1]
  .rodata            const    0x080074d0    0x10  MicroMenu.o [1]
  .rodata            const    0x080074e0    0x10  MicroMenu.o [1]
  .rodata            const    0x080074f0    0x10  ssdGraph.o [1]
  .rodata            const    0x08007500    0x10  ssdGraph.o [1]
  .rodata            const    0x08007510     0xc  battery.o [1]
  .rodata            const    0x0800751c     0xc  main.o [1]
  .rodata            const    0x08007528     0xc  main.o [1]
  .rodata            const    0x08007534     0xc  main.o [1]
  .rodata            const    0x08007540     0xc  main.o [1]
  .rodata            const    0x0800754c     0xc  MicroMenu.o [1]
  .rodata            const    0x08007558     0xc  MicroMenu.o [1]
  .rodata            const    0x08007564     0xc  MicroMenu.o [1]
  .rodata            const    0x08007570     0xc  system.o [1]
  .rodata            const    0x0800757c     0xc  system.o [1]
  .rodata            const    0x08007588     0xc  system.o [1]
  .text              ro code  0x08007594     0xc  cstartup_M.o [5]
  .rodata            const    0x080075a0     0x8  IR.o [1]
  .rodata            const    0x080075a8     0x8  main.o [1]
  .rodata            const    0x080075b0     0x8  main.o [1]
  .rodata            const    0x080075b8     0x8  main.o [1]
  .rodata            const    0x080075c0     0x8  MicroMenu.o [1]
  .rodata            const    0x080075c8     0x8  MicroMenu.o [1]
  .rodata            const    0x080075d0     0x8  ssdGraph.o [1]
  .rodata            const    0x080075d8     0x8  system.o [1]
  .rodata            const    0x080075e0     0x8  system.o [1]
  .rodata            const    0x080075e8     0x8  ug2864.o [1]
  .rodata            const    0x080075f0     0x8  ug2864.o [1]
  .rodata            const    0x080075f8     0x8  ug2864.o [1]
  .rodata            const    0x08007600     0x8  ug2864.o [1]
  .rodata            const    0x08007608     0x8  ug2864.o [1]
  .rodata            const    0x08007610     0x8  ug2864.o [1]
  .rodata            const    0x08007618     0x8  xprintflarge_nomb.o [3]
  Initializer bytes  const    0x08007620     0x8  <for P2-1>
  .rodata            const    0x08007628     0x4  fix16.o [1]
  .rodata            const    0x0800762c     0x4  fix16.o [1]
  .rodata            const    0x08007630     0x4  fix16_trig.o [1]
  .rodata            const    0x08007634     0x4  fix16_trig.o [1]
  .rodata            const    0x08007638     0x4  fix16_trig.o [1]
  .rodata            const    0x0800763c     0x4  lis3.o [1]
  .rodata            const    0x08007640     0x4  main.o [1]
  .rodata            const    0x08007644     0x4  main.o [1]
  .rodata            const    0x08007648     0x4  main.o [1]
  .rodata            const    0x0800764c     0x4  main.o [1]
  .rodata            const    0x08007650     0x4  ssdGraph.o [1]
  .rodata            const    0x08007654     0x2  ug2864.o [1]
  .rodata            const    0x08007656     0x2  ug2864.o [1]
  .text              ro code  0x08007658     0x2  startup_stm32f042x6.o [1]
  .text              ro code  0x0800765a     0x2  startup_stm32f042x6.o [1]
  .text              ro code  0x0800765c     0x2  startup_stm32f042x6.o [1]
  .text              ro code  0x0800765e     0x2  startup_stm32f042x6.o [1]
  .text              ro code  0x08007660     0x2  startup_stm32f042x6.o [1]
  .text              ro code  0x08007662     0x2  startup_stm32f042x6.o [1]
  .text              ro code  0x08007664     0x2  startup_stm32f042x6.o [1]
  .text              ro code  0x08007666     0x2  startup_stm32f042x6.o [1]
  .text              ro code  0x08007668     0x2  startup_stm32f042x6.o [1]
  .text              ro code  0x0800766a     0x2  startup_stm32f042x6.o [1]
  .text              ro code  0x0800766c     0x2  startup_stm32f042x6.o [1]
  .text              ro code  0x0800766e     0x2  startup_stm32f042x6.o [1]
  .text              ro code  0x08007670     0x2  startup_stm32f042x6.o [1]
  .text              ro code  0x08007672     0x2  startup_stm32f042x6.o [1]
  .text              ro code  0x08007674     0x2  startup_stm32f042x6.o [1]
  .text              ro code  0x08007676     0x2  startup_stm32f042x6.o [1]
  .text              ro code  0x08007678     0x2  startup_stm32f042x6.o [1]
  .text              ro code  0x0800767a     0x2  startup_stm32f042x6.o [1]
  .text              ro code  0x0800767c     0x2  startup_stm32f042x6.o [1]
  .text              ro code  0x0800767e     0x2  startup_stm32f042x6.o [1]
  .text              ro code  0x08007680     0x2  startup_stm32f042x6.o [1]
  .text              ro code  0x08007682     0x2  startup_stm32f042x6.o [1]
  .text              ro code  0x08007684     0x2  startup_stm32f042x6.o [1]
  .text              ro code  0x08007686     0x2  startup_stm32f042x6.o [1]
  .text              ro code  0x08007688     0x2  startup_stm32f042x6.o [1]
  .text              ro code  0x0800768a     0x2  startup_stm32f042x6.o [1]
  .text              ro code  0x0800768c     0x2  startup_stm32f042x6.o [1]
  .text              ro code  0x0800768e     0x2  startup_stm32f042x6.o [1]
  .rodata            const    0x08007690     0x0  zero_init3.o [5]
  .rodata            const    0x08007690     0x0  copy_init3.o [5]
                            - 0x08007690  0x75d0

"P2", part 1 of 3:                           0x8
  P2-1                        0x20000000     0x8  <Init block>
    .data            inited   0x20000000     0x4  gpio.o [1]
    .data            inited   0x20000004     0x4  MicroMenu.o [1]
                            - 0x20000008     0x8

"P2", part 2 of 3:                         0x400
  CSTACK                      0x20000008   0x400  <Block>
    CSTACK           uninit   0x20000008   0x400  <Block tail>
                            - 0x20000408   0x400

"P2", part 3 of 3:                         0xe78
  .bss               zero     0x20000408   0x588  MicroMenu.o [1]
  .bss               zero     0x20000990   0x404  ug2864.o [1]
  .bss               zero     0x20000d94   0x22c  system.o [1]
  .bss               zero     0x20000fc0   0x178  system.o [1]
  .bss               zero     0x20001138    0x5c  filter.o [1]
  .bss               zero     0x20001194    0x3c  system.o [1]
  .bss               zero     0x200011d0    0x1c  system.o [1]
  .bss               zero     0x200011ec    0x18  filter.o [1]
  .bss               zero     0x20001204    0x18  lis3.o [1]
  .bss               zero     0x2000121c    0x18  system.o [1]
  .bss               zero     0x20001234    0x14  IR.o [1]
  .bss               zero     0x20001248    0x14  lis3.o [1]
  .bss               zero     0x2000125c     0x8  buttons.o [1]
  .bss               zero     0x20001264     0x8  power.o [1]
  .bss               zero     0x2000126c     0x8  system.o [1]
  .bss               zero     0x20001274     0x4  adc.o [1]
  .bss               zero     0x20001278     0x4  filter.o [1]
  .bss               zero     0x2000127c     0x2  filter.o [1]
  .bss               zero     0x2000127e     0x1  battery.o [1]
                            - 0x2000127f   0xe77


*******************************************************************************
*** INIT TABLE
***

          Address     Size
          -------     ----
Zero (__iar_zero_init3)
    1 destination range, total size 0xe77:
          0x20000408  0xe77

Copy (__iar_copy_init3)
    1 source range, total size 0x8:
          0x08007620    0x8
    1 destination range, total size 0x8:
          0x20000000    0x8



*******************************************************************************
*** MODULE SUMMARY
***

    Module                 ro code  ro data  rw data
    ------                 -------  -------  -------
C:\Users\baidachenko.v.ABK-D113\Projects\chronograph-plus\SW\Chrono-Terminal-V1.0\firmware\PROJ_DIR\Debug\Obj: [1]
    IR.o                     2 604       72       20
    MicroMenu.o              3 656      248    1 420
    adc.o                      504                 4
    battery.o                  448       32        1
    buttons.o                  820                 8
    clock.o                    160
    delay.o                     96
    filter.o                   500               122
    fix16.o                    452        8
    fix16_trig.o               200       12
    gpio.o                     544      196        4
    i2c.o                      994
    lis3.o                     860        4       44
    main.o                     724    1 822
    menuFunctions.o            172      316
    power.o                    480                 8
    ssdFonts.o                        1 944
    ssdGraph.o                           44
    startup_stm32f042x6.o      308
    sync.o                     352       20
    system.o                 1 668       54    1 052
    system_stm32f0xx.o         148
    ug2864.o                 3 484       66    1 028
    ------------------------------------------------
    Total:                  19 174    4 838    3 711

command line: [2]
    ------------------------------------------------
    Total:

dl6M_tln.a: [3]
    abs.o                        8
    div.o                       32
    exit.o                       8
    low_level_init.o             4
    sprintf.o                   56
    strcat.o                    28
    xprintflarge_nomb.o      3 314        8
    xsprout.o                   10
    ------------------------------------------------
    Total:                   3 460        8

m6M_tl.a: [4]
    DblAddSub.o                424
    DblCmpLe.o                  50
    DblDiv.o                   194
    DblMul.o                   388
    DblToI32.o                  46
    FltAddSub.o                288
    FltCmpGe.o                  40
    FltCmpLe.o                  38
    FltDiv.o                   170
    FltMul.o                   176
    FltToS32.o                  58
    I32ToDbl.o                  32
    I32ToFlt.o                  50
    xfdtest.o                   34
    ------------------------------------------------
    Total:                   1 988

rt6M_tl.a: [5]
    ABImemcpy.o                 92
    ABImemset.o                 80
    I32DivModFast.o            224
    I64DivMod.o                106
    I64DivZer.o                  2
    I64Mul.o                    50
    IntDivZer.o                  2
    cexit.o                     10
    cmain.o                     26
    copy_init3.o                48
    cstartup_M.o                12
    data_init.o                 40
    memchr.o                    24
    strchr.o                    20
    strcpy.o                    16
    strlen.o                    16
    zero_init3.o                60
    ------------------------------------------------
    Total:                     828

shb_l.a: [6]
    exit.o                      20
    ------------------------------------------------
    Total:                      20

    Linker created                       36    1 024
----------------------------------------------------
    Grand Total:            25 470    4 882    4 735


*******************************************************************************
*** ENTRY LIST
***

Entry                      Address   Size  Type      Object
-----                      -------   ----  ----      ------
.iar.init_table$$Base   0x08006c78          --   Gb  - Linker created -
.iar.init_table$$Limit  0x08006c9c          --   Gb  - Linker created -
?main                   0x0800701d         Code  Gb  cmain.o [5]
ADC1_IRQHandler         0x0800605d   0x82  Code  Gb  adc.o [1]
CSTACK$$Base            0x20000008          --   Gb  - Linker created -
CSTACK$$Limit           0x20000408          --   Gb  - Linker created -
EXTI4_15_IRQHandler     0x08005ddd   0x22  Code  Gb  power.o [1]
I2C1_IRQHandler         0x08002291    0x2  Code  Gb  i2c.o [1]
I2CRx                   0x08001fe1   0xec  Code  Gb  i2c.o [1]
I2CRxInit               0x08001f49   0x98  Code  Gb  i2c.o [1]
I2CTx                   0x08002185   0xec  Code  Gb  i2c.o [1]
I2CTxInit               0x080020cd   0x96  Code  Gb  i2c.o [1]
LoadInt                 0x0800284b   0x68  Code  Lc  xprintflarge_nomb.o [3]
Menu_exeConfirm         0x0800033d   0x38  Code  Gb  MicroMenu.o [1]
Menu_getCurrItem        0x08000db3    0x6  Code  Gb  MicroMenu.o [1]
Menu_infoWndRun         0x080006a5   0x84  Code  Gb  MicroMenu.o [1]
Menu_infoWndTxtSplit    0x080004f9  0x112  Code  Gb  MicroMenu.o [1]
Menu_msgClr             0x08000d69    0xe  Code  Gb  MicroMenu.o [1]
Menu_msgRun             0x08000d3b   0x2e  Code  Gb  MicroMenu.o [1]
Menu_navDisp            0x0800018b   0xbc  Code  Gb  MicroMenu.o [1]
Menu_navMenu            0x08000247   0xd8  Code  Gb  MicroMenu.o [1]
Menu_navPwrOff          0x08000141   0x14  Code  Gb  MicroMenu.o [1]
Menu_navigate           0x08000ddd   0xe8  Code  Gb  MicroMenu.o [1]
Menu_parWndRun          0x08000c7f   0xbc  Code  Gb  MicroMenu.o [1]
Menu_putConfirm         0x0800031f   0x18  Code  Gb  MicroMenu.o [1]
Menu_putInfoWnd         0x08000615   0x90  Code  Gb  MicroMenu.o [1]
Menu_putMsg             0x08000d77   0x3c  Code  Gb  MicroMenu.o [1]
Menu_putParWnd          0x08000c31   0x4e  Code  Gb  MicroMenu.o [1]
Menu_putTxtEditWnd      0x08000865   0x48  Code  Gb  MicroMenu.o [1]
Menu_putTxtParSelWnd    0x08000735   0x44  Code  Gb  MicroMenu.o [1]
Menu_pwrSw              0x08000155   0x36  Code  Gb  MicroMenu.o [1]
Menu_run                0x080000c1   0x80  Code  Gb  MicroMenu.o [1]
Menu_setParEdit         0x08000395  0x15c  Code  Gb  MicroMenu.o [1]
Menu_txtEditWndRun      0x080008f1  0x330  Code  Gb  MicroMenu.o [1]
Menu_txtParSelWndRun    0x08000791   0xc4  Code  Gb  MicroMenu.o [1]
NULL_MENU               0x08007000   0x1c  Data  Gb  MicroMenu.o [1]
NULL_PRM                0x080072ec   0x18  Data  Gb  MicroMenu.o [1]
NVIC_DisableIRQ         0x08005f2b    0xe  Code  Lc  adc.o [1]
NVIC_DisableIRQ         0x08003527    0xe  Code  Lc  IR.o [1]
NVIC_DisableIRQ         0x08005d4b    0xe  Code  Lc  power.o [1]
NVIC_EnableIRQ          0x08005f1d    0xe  Code  Lc  adc.o [1]
NVIC_EnableIRQ          0x08003519    0xe  Code  Lc  IR.o [1]
NVIC_EnableIRQ          0x08005d3d    0xe  Code  Lc  power.o [1]
NVIC_SetPriority        0x08005f39   0x84  Code  Lc  adc.o [1]
NVIC_SetPriority        0x08003535   0x84  Code  Lc  IR.o [1]
NVIC_SetPriority        0x08005d59   0x84  Code  Lc  power.o [1]
PI_DIV_4                0x08007630    0x4  Data  Lc  fix16_trig.o [1]
Region$$Table$$Base     0x08006c78          --   Gb  - Linker created -
Region$$Table$$Limit    0x08006c9c          --   Gb  - Linker created -
SystemInit              0x08006acd   0x68  Code  Gb  system_stm32f0xx.o [1]
THREE_PI_DIV_4          0x08007634    0x4  Data  Lc  fix16_trig.o [1]
TIM2_IRQHandler         0x08003c89  0x28a  Code  Gb  IR.o [1]
_GenldLargeNoMb         0x08002cc5  0x29a  Code  Lc  xprintflarge_nomb.o [3]
_LdtobLargeNoMb         0x080029dd  0x2b0  Code  Lc  xprintflarge_nomb.o [3]
_LitobLargeNoMb         0x080028b3  0x12a  Code  Lc  xprintflarge_nomb.o [3]
_PrintfLargeNoMb        0x080022a1  0x5aa  Code  Gb  xprintflarge_nomb.o [3]
_PutcharsLargeNoMb      0x08002f5f   0x30  Code  Lc  xprintflarge_nomb.o [3]
_SProut                 0x08002293    0xa  Code  Gb  xsprout.o [3]
__ICFEDIT_region_RAM_end__ {Abs}
                        0x200017ff         Data  Gb  command line/config [2]
__ICFEDIT_region_RAM_start__ {Abs}
                        0x20000000         Data  Gb  command line/config [2]
__aeabi_cdcmple         0x08003085         Code  Gb  DblCmpLe.o [4]
__aeabi_cfcmple         0x080056c1         Code  Gb  FltCmpLe.o [4]
__aeabi_cfrcmple        0x080056e9         Code  Gb  FltCmpGe.o [4]
__aeabi_d2uiz           0x080032fd         Code  Gb  DblToI32.o [4]
__aeabi_ddiv            0x0800323b         Code  Gb  DblDiv.o [4]
__aeabi_dmul            0x080030b7         Code  Gb  DblMul.o [4]
__aeabi_dsub            0x08003407         Code  Gb  DblAddSub.o [4]
__aeabi_f2iz            0x080054bd         Code  Gb  FltToS32.o [4]
__aeabi_fadd            0x080054f7         Code  Gb  FltAddSub.o [4]
__aeabi_fdiv            0x08005617         Code  Gb  FltDiv.o [4]
__aeabi_fmul            0x0800540b         Code  Gb  FltMul.o [4]
__aeabi_fsub            0x08005567         Code  Gb  FltAddSub.o [4]
__aeabi_i2f             0x080053d9         Code  Gb  I32ToFlt.o [4]
__aeabi_idiv            0x08001d41         Code  Gb  I32DivModFast.o [5]
__aeabi_idiv0           0x0800229d         Code  Gb  IntDivZer.o [5]
__aeabi_idivmod         0x08001d41         Code  Gb  I32DivModFast.o [5]
__aeabi_ldiv0           0x08003515         Code  Gb  I64DivZer.o [5]
__aeabi_lmul            0x080053a5         Code  Gb  I64Mul.o [5]
__aeabi_memcpy          0x08003029         Code  Gb  ABImemcpy.o [5]
__aeabi_memset          0x08000f09         Code  Gb  ABImemset.o [5]
__aeabi_ui2d            0x0800332d         Code  Gb  I32ToDbl.o [4]
__aeabi_uidiv           0x08001d47         Code  Gb  I32DivModFast.o [5]
__aeabi_uidivmod        0x08001d47         Code  Gb  I32DivModFast.o [5]
__aeabi_uldivmod        0x08002fbf         Code  Gb  I64DivMod.o [5]
__cmain                 0x0800701d         Code  Gb  cmain.o [5]
__exit                  0x08007051   0x14  Code  Gb  exit.o [6]
__iar_FDtest            0x08005711   0x22  Code  Gb  xfdtest.o [4]
__iar_Memchr            0x08002fa7   0x18  Code  Gb  memchr.o [5]
__iar_Memset4_word      0x08000f29         Code  Gb  ABImemset.o [5]
__iar_Memset_word       0x08000f15         Code  Gb  ABImemset.o [5]
__iar_Strchr            0x08002f93   0x14  Code  Gb  strchr.o [5]
__iar_copy_init3        0x08006c21   0x30  Code  Gb  copy_init3.o [5]
__iar_d2uiz             0x08003301         Code  Gb  DblToI32.o [4]
__iar_data_init3        0x08006c51   0x28  Code  Gb  data_init.o [5]
__iar_program_start     0x08007595         Code  Gb  cstartup_M.o [5]
__iar_ui2d              0x08003331         Code  Gb  I32ToDbl.o [4]
__iar_ui2f              0x080053f1         Code  Gb  I32ToFlt.o [4]
__iar_zero_init3        0x08006be5   0x3c  Code  Gb  zero_init3.o [5]
__low_level_init        0x08007037    0x4  Code  Gb  low_level_init.o [3]
__vector_table          0x08000000         Data  Gb  startup_stm32f042x6.o [1]
_call_main              0x08007029         Code  Gb  cmain.o [5]
_exit                   0x08007045         Code  Gb  cexit.o [5]
_main                   0x08007033         Code  Gb  cmain.o [5]
aboutParser             0x08006a2d    0x2  Code  Gb  menuFunctions.o [1]
abs                     0x08001e49    0x8  Code  Gb  abs.o [3]
accel                   0x20001204   0x18  Data  Gb  lis3.o [1]
adcData                 0x20001274    0x4  Data  Gb  adc.o [1]
adcDeinit               0x08005fbd   0x24  Code  Gb  adc.o [1]
adcInit                 0x08005fe1   0x7c  Code  Gb  adc.o [1]
battCalc                0x08006275  0x1c0  Code  Gb  battery.o [1]
battCalc::percFlag      0x2000127e    0x1  Data  Lc  battery.o [1]
battery                 0x200011d0   0x1c  Data  Gb  system.o [1]
btnCntsClr              0x08005a3d   0x1a  Code  Gb  buttons.o [1]
buttons                 0x2000125c    0x8  Data  Gb  buttons.o [1]
chrBindFunc             0x08006a31    0x2  Code  Gb  menuFunctions.o [1]
chrSetsRst              0x08006a37   0x34  Code  Gb  menuFunctions.o [1]
chrgSym                 0x080075d0    0x8  Data  Gb  ssdGraph.o [1]
chron                   0x20000d94  0x22c  Data  Gb  system.o [1]
clipReload              0x08006a6b   0x38  Code  Gb  menuFunctions.o [1]
clz                     0x08004fb1   0x2c  Code  Lc  fix16.o [1]
currMenuItem            0x20000004    0x4  Data  Gb  MicroMenu.o [1]
deInitIR                0x08003bdd   0x4a  Code  Gb  IR.o [1]
delay_us                0x08001e51   0x60  Code  Gb  delay.o [1]
div                     0x080034f5   0x20  Code  Gb  div.o [3]
drawChrScr              0x080042cd  0x1da  Code  Gb  system.o [1]
drawDisplay             0x08005bf5   0xbc  Code  Gb  main.o [1]
drawHybrScr             0x080040d1  0x1ce  Code  Gb  system.o [1]
drawIncScr              0x080044b5   0xe4  Code  Gb  system.o [1]
drawMenu                0x08003f45  0x184  Code  Gb  system.o [1]
exit                    0x0800703b    0x8  Code  Gb  exit.o [3]
fix16_add               0x08004f25   0x24  Code  Gb  fix16.o [1]
fix16_atan              0x0800518f   0x10  Code  Gb  fix16_trig.o [1]
fix16_atan2             0x080050e9   0xa6  Code  Gb  fix16_trig.o [1]
fix16_div               0x08004fdd  0x104  Code  Gb  fix16.o [1]
fix16_min               0x08007628    0x4  Data  Lc  fix16.o [1]
fix16_mul               0x08004f49   0x68  Code  Gb  fix16.o [1]
fix16_one               0x08007638    0x4  Data  Lc  fix16_trig.o [1]
fix16_one               0x0800763c    0x4  Data  Lc  lis3.o [1]
fix16_overflow          0x0800762c    0x4  Data  Lc  fix16.o [1]
font12x16               0x080066f4  0x198  Data  Gb  ssdFonts.o [1]
font6x8                 0x080045c8  0x600  Data  Gb  ssdFonts.o [1]
gainCalFunc             0x08006a35    0x2  Code  Gb  menuFunctions.o [1]
getNavEvent             0x08005735  0x2f8  Code  Gb  buttons.o [1]
gppin_init              0x0800650f  0x1cc  Code  Gb  gpio.o [1]
hndlIRData              0x080035c9  0x4fe  Code  Gb  IR.o [1]
initClocks              0x08006435   0xa0  Code  Gb  clock.o [1]
initGpios               0x080064d5   0x3a  Code  Gb  gpio.o [1]
initI2C1                0x08001eb1   0x98  Code  Gb  i2c.o [1]
initIRConfig            0x08003aed   0xea  Code  Gb  IR.o [1]
initPeriphs             0x08005f01   0x1c  Code  Gb  power.o [1]
irRxData                0x20001234   0x14  Data  Gb  IR.o [1]
kalman                  0x20001138   0x5c  Data  Gb  filter.o [1]
kalmanAccCorr           0x080051d5  0x186  Code  Gb  filter.o [1]
lis3AxisCal             0x20001248   0x14  Data  Gb  lis3.o [1]
lis3_getXYZ             0x08004c6f   0x40  Code  Gb  lis3.o [1]
lis3_read               0x08004c31   0x3e  Code  Gb  lis3.o [1]
lis3_write              0x08004c05   0x2c  Code  Gb  lis3.o [1]
lis3init                0x08004bc9   0x3c  Code  Gb  lis3.o [1]
lpf                     0x0800535b   0x2e  Code  Gb  filter.o [1]
lpf::Dacc               0x20001278    0x4  Data  Lc  filter.o [1]
lpf::Dout               0x2000127c    0x2  Data  Lc  filter.o [1]
lpfAccPrim              0x080051b1   0x24  Code  Gb  filter.o [1]
lpfPrim                 0x200011ec   0x18  Data  Gb  filter.o [1]
main                    0x08005a69  0x16e  Code  Gb  main.o [1]
meas                    0x2000126c    0x8  Data  Gb  system.o [1]
menu                    0x20000408  0x588  Data  Gb  MicroMenu.o [1]
menuFolder              0x080074f0   0x10  Data  Gb  ssdGraph.o [1]
menuScroll              0x08007650    0x4  Data  Gb  ssdGraph.o [1]
offsCalFunc             0x08006a33    0x2  Code  Gb  menuFunctions.o [1]
pabout                  0x0800707c   0x18  Data  Gb  main.o [1]
pcc                     0x080070f4   0x18  Data  Gb  main.o [1]
pchrbnd                 0x08007124   0x18  Data  Gb  main.o [1]
pdb10edit               0x08007214   0x18  Data  Gb  main.o [1]
pdb11edit               0x0800722c   0x18  Data  Gb  main.o [1]
pdb12edit               0x08007244   0x18  Data  Gb  main.o [1]
pdb13edit               0x0800725c   0x18  Data  Gb  main.o [1]
pdb14edit               0x08007274   0x18  Data  Gb  main.o [1]
pdb15edit               0x0800728c   0x18  Data  Gb  main.o [1]
pdb1edit                0x0800713c   0x18  Data  Gb  main.o [1]
pdb2edit                0x08007154   0x18  Data  Gb  main.o [1]
pdb3edit                0x0800716c   0x18  Data  Gb  main.o [1]
pdb4edit                0x08007184   0x18  Data  Gb  main.o [1]
pdb5edit                0x0800719c   0x18  Data  Gb  main.o [1]
pdb6edit                0x080071b4   0x18  Data  Gb  main.o [1]
pdb7edit                0x080071cc   0x18  Data  Gb  main.o [1]
pdb8edit                0x080071e4   0x18  Data  Gb  main.o [1]
pdb9edit                0x080071fc   0x18  Data  Gb  main.o [1]
pellets                 0x20000fc0  0x178  Data  Gb  system.o [1]
pigc                    0x080072d4   0x18  Data  Gb  main.o [1]
pinNum                  0x20000000    0x4  Data  Gb  gpio.o [1]
pinsMode                0x08006960   0xc0  Data  Gb  gpio.o [1]
pioc                    0x080072bc   0x18  Data  Gb  main.o [1]
pmode                   0x080070ac   0x18  Data  Gb  main.o [1]
power                   0x20001264    0x8  Data  Gb  power.o [1]
powerOff                0x08005e8d   0x32  Code  Gb  power.o [1]
powerOn                 0x08005e7b   0x12  Code  Gb  power.o [1]
powerTimRst             0x08005ebf    0x8  Code  Gb  power.o [1]
ppot                    0x080070c4   0x18  Data  Gb  main.o [1]
prgb                    0x080072a4   0x18  Data  Gb  main.o [1]
psd                     0x0800710c   0x18  Data  Gb  main.o [1]
psinfo                  0x08007094   0x18  Data  Gb  main.o [1]
pstats                  0x08007064   0x18  Data  Gb  main.o [1]
pswres                  0x080070dc   0x18  Data  Gb  main.o [1]
q16TiltCalc             0x08004caf   0x48  Code  Gb  lis3.o [1]
rabout                  0x08006cd4   0x1c  Data  Gb  main.o [1]
rservice                0x08006cf0   0x1c  Data  Gb  main.o [1]
rsetts                  0x08006cb8   0x1c  Data  Gb  main.o [1]
rstats                  0x08006c9c   0x1c  Data  Gb  main.o [1]
scbind                  0x08006dec   0x1c  Data  Gb  main.o [1]
scclipc                 0x08006d98   0x1c  Data  Gb  main.o [1]
scdist                  0x08006dd0   0x1c  Data  Gb  main.o [1]
schrono                 0x08006d28   0x1c  Data  Gb  main.o [1]
scpeldb                 0x08006db4   0x1c  Data  Gb  main.o [1]
sibrdr                  0x08006fac   0x1c  Data  Gb  main.o [1]
sigacal                 0x08006fe4   0x1c  Data  Gb  main.o [1]
sincline                0x08006d44   0x1c  Data  Gb  main.o [1]
siofcal                 0x08006fc8   0x1c  Data  Gb  main.o [1]
smode                   0x08006d0c   0x1c  Data  Gb  main.o [1]
spdbp1                  0x08006e08   0x1c  Data  Gb  main.o [1]
spdbp10                 0x08006f04   0x1c  Data  Gb  main.o [1]
spdbp11                 0x08006f20   0x1c  Data  Gb  main.o [1]
spdbp12                 0x08006f3c   0x1c  Data  Gb  main.o [1]
spdbp13                 0x08006f58   0x1c  Data  Gb  main.o [1]
spdbp14                 0x08006f74   0x1c  Data  Gb  main.o [1]
spdbp15                 0x08006f90   0x1c  Data  Gb  main.o [1]
spdbp2                  0x08006e24   0x1c  Data  Gb  main.o [1]
spdbp3                  0x08006e40   0x1c  Data  Gb  main.o [1]
spdbp4                  0x08006e5c   0x1c  Data  Gb  main.o [1]
spdbp5                  0x08006e78   0x1c  Data  Gb  main.o [1]
spdbp6                  0x08006e94   0x1c  Data  Gb  main.o [1]
spdbp7                  0x08006eb0   0x1c  Data  Gb  main.o [1]
spdbp8                  0x08006ecc   0x1c  Data  Gb  main.o [1]
spdbp9                  0x08006ee8   0x1c  Data  Gb  main.o [1]
spofft                  0x08006d60   0x1c  Data  Gb  main.o [1]
sprintf                 0x08001df5   0x38  Code  Gb  sprintf.o [3]
ssdBatt                 0x08007500   0x10  Data  Gb  ssdGraph.o [1]
ssdVideoBff             0x20000990  0x404  Data  Gb  ug2864.o [1]
ssd_clearVidBff         0x08001b39   0x16  Code  Gb  ug2864.o [1]
ssd_clrAreaBff          0x08001b55   0x68  Code  Gb  ug2864.o [1]
ssd_putBatt             0x08001805  0x100  Code  Gb  ug2864.o [1]
ssd_putChar12x16        0x08001905   0xf4  Code  Gb  ug2864.o [1]
ssd_putChar6x8          0x08001a1d   0x5a  Code  Gb  ug2864.o [1]
ssd_putInfoTxtWnd       0x08000f79  0x15a  Code  Gb  ug2864.o [1]
ssd_putMessage          0x08001339   0xb8  Code  Gb  ug2864.o [1]
ssd_putParWnd           0x0800121d   0xfc  Code  Gb  ug2864.o [1]
ssd_putPitchBar         0x08001695  0x16c  Code  Gb  ug2864.o [1]
ssd_putRollBar          0x08001441  0x24c  Code  Gb  ug2864.o [1]
ssd_putString12x16      0x080019f9   0x24  Code  Gb  ug2864.o [1]
ssd_putString6x8        0x08001a77   0x24  Code  Gb  ug2864.o [1]
ssd_putTxtEditWnd       0x080010d3   0xae  Code  Gb  ug2864.o [1]
ssd_putTxtParSelWnd     0x08001181   0x8c  Code  Gb  ug2864.o [1]
ssd_setpix              0x08001a9b   0x9e  Code  Gb  ug2864.o [1]
stats                   0x2000121c   0x18  Data  Gb  system.o [1]
statsParser             0x08006a21    0xc  Code  Gb  menuFunctions.o [1]
statsTxt                0x0800688c   0xd4  Data  Gb  menuFunctions.o [1]
stopModeConfig          0x08005dff   0x7c  Code  Gb  power.o [1]
strcat                  0x08001e2d   0x1c  Code  Gb  strcat.o [3]
strcpy                  0x08000f59         Code  Gb  strcpy.o [5]
strlen                  0x08000f69   0x10  Code  Gb  strlen.o [5]
swResFunc               0x08006a2f    0x2  Code  Gb  menuFunctions.o [1]
swrst                   0x08006d7c   0x1c  Data  Gb  main.o [1]
sync                    0x0800616f   0xce  Code  Gb  sync.o [1]
syncInit                0x08006115   0x5a  Code  Gb  sync.o [1]
sysPars                 0x20001194   0x3c  Data  Gb  system.o [1]
trxAccData              0x08004d05  0x1ea  Code  Gb  lis3.o [1]
ug2864_com              0x08001ca7   0x2c  Code  Gb  ug2864.o [1]
ug2864_refresh          0x08001cd3   0x20  Code  Gb  ug2864.o [1]
ug2864init              0x08001bf5   0xb2  Code  Gb  ug2864.o [1]
ug2864off               0x08001bc9   0x16  Code  Gb  ug2864.o [1]
ug2864on                0x08001bdf   0x16  Code  Gb  ug2864.o [1]


[1] = C:\Users\baidachenko.v.ABK-D113\Projects\chronograph-plus\SW\Chrono-Terminal-V1.0\firmware\PROJ_DIR\Debug\Obj
[2] = command line
[3] = dl6M_tln.a
[4] = m6M_tl.a
[5] = rt6M_tl.a
[6] = shb_l.a

  25 470 bytes of readonly  code memory
   4 882 bytes of readonly  data memory
   4 735 bytes of readwrite data memory

Errors: none
Warnings: none
