###############################################################################
#
# IAR ELF Linker V7.70.1.11437/W32 for ARM                19/Oct/2018  11:32:03
# Copyright 2007-2016 IAR Systems AB.
#
#    Output file  =  
#        C:\Users\baidachenko.v.ABK-D113\chronograph-plus\SW\Chrono-Terminal-V1.0\firmware\PROJ_DIR\Debug\Exe\Chrono-Terminal-V1.0.out
#    Map file     =  
#        C:\Users\baidachenko.v.ABK-D113\chronograph-plus\SW\Chrono-Terminal-V1.0\firmware\PROJ_DIR\Debug\List\Chrono-Terminal-V1.0.map
#    Command line =  
#        C:\Users\baidachenko.v.ABK-D113\chronograph-plus\SW\Chrono-Terminal-V1.0\firmware\PROJ_DIR\Debug\Obj\adc.o
#        C:\Users\baidachenko.v.ABK-D113\chronograph-plus\SW\Chrono-Terminal-V1.0\firmware\PROJ_DIR\Debug\Obj\battery.o
#        C:\Users\baidachenko.v.ABK-D113\chronograph-plus\SW\Chrono-Terminal-V1.0\firmware\PROJ_DIR\Debug\Obj\buttons.o
#        C:\Users\baidachenko.v.ABK-D113\chronograph-plus\SW\Chrono-Terminal-V1.0\firmware\PROJ_DIR\Debug\Obj\clock.o
#        C:\Users\baidachenko.v.ABK-D113\chronograph-plus\SW\Chrono-Terminal-V1.0\firmware\PROJ_DIR\Debug\Obj\delay.o
#        C:\Users\baidachenko.v.ABK-D113\chronograph-plus\SW\Chrono-Terminal-V1.0\firmware\PROJ_DIR\Debug\Obj\filter.o
#        C:\Users\baidachenko.v.ABK-D113\chronograph-plus\SW\Chrono-Terminal-V1.0\firmware\PROJ_DIR\Debug\Obj\fix16.o
#        C:\Users\baidachenko.v.ABK-D113\chronograph-plus\SW\Chrono-Terminal-V1.0\firmware\PROJ_DIR\Debug\Obj\fix16_exp.o
#        C:\Users\baidachenko.v.ABK-D113\chronograph-plus\SW\Chrono-Terminal-V1.0\firmware\PROJ_DIR\Debug\Obj\fix16_sqrt.o
#        C:\Users\baidachenko.v.ABK-D113\chronograph-plus\SW\Chrono-Terminal-V1.0\firmware\PROJ_DIR\Debug\Obj\fix16_trig.o
#        C:\Users\baidachenko.v.ABK-D113\chronograph-plus\SW\Chrono-Terminal-V1.0\firmware\PROJ_DIR\Debug\Obj\fract32.o
#        C:\Users\baidachenko.v.ABK-D113\chronograph-plus\SW\Chrono-Terminal-V1.0\firmware\PROJ_DIR\Debug\Obj\gpio.o
#        C:\Users\baidachenko.v.ABK-D113\chronograph-plus\SW\Chrono-Terminal-V1.0\firmware\PROJ_DIR\Debug\Obj\i2c.o
#        C:\Users\baidachenko.v.ABK-D113\chronograph-plus\SW\Chrono-Terminal-V1.0\firmware\PROJ_DIR\Debug\Obj\IR.o
#        C:\Users\baidachenko.v.ABK-D113\chronograph-plus\SW\Chrono-Terminal-V1.0\firmware\PROJ_DIR\Debug\Obj\lis3.o
#        C:\Users\baidachenko.v.ABK-D113\chronograph-plus\SW\Chrono-Terminal-V1.0\firmware\PROJ_DIR\Debug\Obj\main.o
#        C:\Users\baidachenko.v.ABK-D113\chronograph-plus\SW\Chrono-Terminal-V1.0\firmware\PROJ_DIR\Debug\Obj\MicroMenu.o
#        C:\Users\baidachenko.v.ABK-D113\chronograph-plus\SW\Chrono-Terminal-V1.0\firmware\PROJ_DIR\Debug\Obj\power.o
#        C:\Users\baidachenko.v.ABK-D113\chronograph-plus\SW\Chrono-Terminal-V1.0\firmware\PROJ_DIR\Debug\Obj\ssdFonts.o
#        C:\Users\baidachenko.v.ABK-D113\chronograph-plus\SW\Chrono-Terminal-V1.0\firmware\PROJ_DIR\Debug\Obj\ssdGraph.o
#        C:\Users\baidachenko.v.ABK-D113\chronograph-plus\SW\Chrono-Terminal-V1.0\firmware\PROJ_DIR\Debug\Obj\startup_stm32f042x6.o
#        C:\Users\baidachenko.v.ABK-D113\chronograph-plus\SW\Chrono-Terminal-V1.0\firmware\PROJ_DIR\Debug\Obj\sync.o
#        C:\Users\baidachenko.v.ABK-D113\chronograph-plus\SW\Chrono-Terminal-V1.0\firmware\PROJ_DIR\Debug\Obj\system.o
#        C:\Users\baidachenko.v.ABK-D113\chronograph-plus\SW\Chrono-Terminal-V1.0\firmware\PROJ_DIR\Debug\Obj\system_stm32f0xx.o
#        C:\Users\baidachenko.v.ABK-D113\chronograph-plus\SW\Chrono-Terminal-V1.0\firmware\PROJ_DIR\Debug\Obj\ug2864.o
#        C:\Users\baidachenko.v.ABK-D113\chronograph-plus\SW\Chrono-Terminal-V1.0\firmware\PROJ_DIR\Debug\Obj\uint32.o
#        --redirect _Printf=_PrintfLargeNoMb -o
#        C:\Users\baidachenko.v.ABK-D113\chronograph-plus\SW\Chrono-Terminal-V1.0\firmware\PROJ_DIR\Debug\Exe\Chrono-Terminal-V1.0.out
#        --map
#        C:\Users\baidachenko.v.ABK-D113\chronograph-plus\SW\Chrono-Terminal-V1.0\firmware\PROJ_DIR\Debug\List\Chrono-Terminal-V1.0.map
#        --config "C:\Program Files (x86)\IAR Systems\Embedded Workbench
#        7.5\arm\config\linker\ST\stm32f042x6.icf" --semihosting --entry
#        __iar_program_start --vfe
#
###############################################################################

*******************************************************************************
*** RUNTIME MODEL ATTRIBUTES
***

CppFlavor       = *
__SystemLibrary = DLib


*******************************************************************************
*** PLACEMENT SUMMARY
***

"A0":  place at 0x08000000 { ro section .intvec };
"P1":  place in [from 0x08000000 to 0x08007fff] { ro };
"P2":  place in [from 0x20000000 to 0x200017ff] { rw, block CSTACK, block HEAP };
initialize by copy { rw };

  Section            Kind        Address    Size  Object
  -------            ----        -------    ----  ------
"A0":                                       0xc0
  .intvec            ro code  0x08000000    0xc0  startup_stm32f042x6.o [1]
                            - 0x080000c0    0xc0

"P1":                                     0x6e98
  .text              ro code  0x080000c0   0xcf2  xprintflarge_nomb.o [3]
  .text              ro code  0x08000db2    0x14  strchr.o [5]
  .text              ro code  0x08000dc6    0x10  strlen.o [5]
  .text              ro code  0x08000dd6    0x18  memchr.o [5]
  .text              ro code  0x08000dee    0x6a  I64DivMod.o [5]
  .text              ro code  0x08000e58    0x5c  ABImemcpy.o [5]
  .text              ro code  0x08000eb4    0xe0  I32DivModFast.o [5]
  .text              ro code  0x08000f94    0x32  DblCmpLe.o [4]
  .text              ro code  0x08000fc6   0x184  DblMul.o [4]
  .text              ro code  0x0800114a    0xc2  DblDiv.o [4]
  .text              ro code  0x0800120c    0x2e  DblToI32.o [4]
  .text              ro code  0x0800123a     0xa  xsprout.o [3]
  .text              ro code  0x08001244    0x20  I32ToDbl.o [4]
  .text              ro code  0x08001264   0x1a8  DblAddSub.o [4]
  .text              ro code  0x0800140c    0x20  div.o [3]
  .text              ro code  0x0800142c     0x2  I64DivZer.o [5]
  .rodata            const    0x0800142e     0x2  main.o [1]
  .text              ro code  0x08001430     0x2  IntDivZer.o [5]
  .rodata            const    0x08001432     0x2  system.o [1]
  .text              ro code  0x08001434   0xc3c  ug2864.o [1]
  .text              ro code  0x08002070    0x38  sprintf.o [3]
  .text              ro code  0x080020a8    0x1c  strcat.o [3]
  .text              ro code  0x080020c4     0x8  abs.o [3]
  .text              ro code  0x080020cc    0x50  ABImemset.o [5]
  .text              ro code  0x0800211c    0x60  delay.o [1]
  .text              ro code  0x0800217c   0x3e2  i2c.o [1]
  .rodata            const    0x0800255e     0x2  ug2864.o [1]
  .text              ro code  0x08002560   0xae4  MicroMenu.o [1]
  .text              ro code  0x08003044    0x10  strcpy.o [5]
  .text              ro code  0x08003054   0xa2c  IR.o [1]
  .text              ro code  0x08003a80   0x70c  system.o [1]
  .rodata            const    0x0800418c   0x600  ssdFonts.o [1]
  .text              ro code  0x0800478c   0x35c  lis3.o [1]
  .text              ro code  0x08004ae8   0x1c4  fix16.o [1]
  .text              ro code  0x08004cac    0xc8  fix16_trig.o [1]
  .text              ro code  0x08004d74   0x1f4  filter.o [1]
  .text              ro code  0x08004f68    0x32  I64Mul.o [5]
  .rodata            const    0x08004f9a     0x2  ug2864.o [1]
  .text              ro code  0x08004f9c    0x32  I32ToFlt.o [4]
  .text              ro code  0x08004fce    0xb0  FltMul.o [4]
  .rodata            const    0x0800507e     0x2  ug2864.o [1]
  .text              ro code  0x08005080    0x3a  FltToS32.o [4]
  .text              ro code  0x080050ba   0x120  FltAddSub.o [4]
  .text              ro code  0x080051da    0xaa  FltDiv.o [4]
  .text              ro code  0x08005284    0x26  FltCmpLe.o [4]
  .rodata            const    0x080052aa     0x2  ug2864.o [1]
  .text              ro code  0x080052ac    0x28  FltCmpGe.o [4]
  .text              ro code  0x080052d4    0x22  xfdtest.o [4]
  .rodata            const    0x080052f6     0x2  ug2864.o [1]
  .text              ro code  0x080052f8   0x334  buttons.o [1]
  .text              ro code  0x0800562c   0x2ac  main.o [1]
  .text              ro code  0x080058d8   0x1e8  power.o [1]
  .text              ro code  0x08005ac0   0x1f8  adc.o [1]
  .text              ro code  0x08005cb8   0x160  sync.o [1]
  .text              ro code  0x08005e18   0x1c0  battery.o [1]
  .text              ro code  0x08005fd8    0xa0  clock.o [1]
  .text              ro code  0x08006078   0x220  gpio.o [1]
  .rodata            const    0x08006298   0x198  ssdFonts.o [1]
  .rodata            const    0x08006430    0xc0  gpio.o [1]
  .text              ro code  0x080064f0    0x94  system_stm32f0xx.o [1]
  .text              ro code  0x08006584    0x3c  startup_stm32f042x6.o [1]
  .text              ro code  0x080065c0    0x3c  zero_init3.o [5]
  .text              ro code  0x080065fc    0x30  copy_init3.o [5]
  .text              ro code  0x0800662c    0x28  data_init.o [5]
  .iar.init_table    const    0x08006654    0x24  - Linker created -
  .rodata            const    0x08006678    0x1c  main.o [1]
  .rodata            const    0x08006694    0x1c  main.o [1]
  .rodata            const    0x080066b0    0x1c  main.o [1]
  .rodata            const    0x080066cc    0x1c  main.o [1]
  .rodata            const    0x080066e8    0x1c  main.o [1]
  .rodata            const    0x08006704    0x1c  main.o [1]
  .rodata            const    0x08006720    0x1c  main.o [1]
  .rodata            const    0x0800673c    0x1c  main.o [1]
  .rodata            const    0x08006758    0x1c  main.o [1]
  .rodata            const    0x08006774    0x1c  main.o [1]
  .rodata            const    0x08006790    0x1c  main.o [1]
  .rodata            const    0x080067ac    0x1c  main.o [1]
  .rodata            const    0x080067c8    0x1c  main.o [1]
  .rodata            const    0x080067e4    0x1c  main.o [1]
  .rodata            const    0x08006800    0x1c  main.o [1]
  .rodata            const    0x0800681c    0x1c  main.o [1]
  .rodata            const    0x08006838    0x1c  main.o [1]
  .rodata            const    0x08006854    0x1c  main.o [1]
  .rodata            const    0x08006870    0x1c  main.o [1]
  .rodata            const    0x0800688c    0x1c  main.o [1]
  .rodata            const    0x080068a8    0x1c  main.o [1]
  .rodata            const    0x080068c4    0x1c  main.o [1]
  .rodata            const    0x080068e0    0x1c  main.o [1]
  .rodata            const    0x080068fc    0x1c  main.o [1]
  .rodata            const    0x08006918    0x1c  main.o [1]
  .rodata            const    0x08006934    0x1c  main.o [1]
  .rodata            const    0x08006950    0x1c  main.o [1]
  .rodata            const    0x0800696c    0x1c  main.o [1]
  .rodata            const    0x08006988    0x1c  main.o [1]
  .rodata            const    0x080069a4    0x1c  main.o [1]
  .rodata            const    0x080069c0    0x1c  main.o [1]
  .rodata            const    0x080069dc    0x1c  MicroMenu.o [1]
  .text              ro code  0x080069f8    0x1a  cmain.o [5]
  .text              ro code  0x08006a12     0x4  low_level_init.o [3]
  .text              ro code  0x08006a16     0x8  exit.o [3]
  .rodata            const    0x08006a1e     0x2  ug2864.o [1]
  .text              ro code  0x08006a20     0xa  cexit.o [5]
  .rodata            const    0x08006a2a     0x2  ug2864.o [1]
  .text              ro code  0x08006a2c    0x14  exit.o [6]
  .rodata            const    0x08006a40    0x18  main.o [1]
  .rodata            const    0x08006a58    0x18  main.o [1]
  .rodata            const    0x08006a70    0x18  main.o [1]
  .rodata            const    0x08006a88    0x18  main.o [1]
  .rodata            const    0x08006aa0    0x18  main.o [1]
  .rodata            const    0x08006ab8    0x18  main.o [1]
  .rodata            const    0x08006ad0    0x18  main.o [1]
  .rodata            const    0x08006ae8    0x18  main.o [1]
  .rodata            const    0x08006b00    0x18  main.o [1]
  .rodata            const    0x08006b18    0x18  main.o [1]
  .rodata            const    0x08006b30    0x18  main.o [1]
  .rodata            const    0x08006b48    0x18  main.o [1]
  .rodata            const    0x08006b60    0x18  main.o [1]
  .rodata            const    0x08006b78    0x18  main.o [1]
  .rodata            const    0x08006b90    0x18  main.o [1]
  .rodata            const    0x08006ba8    0x18  main.o [1]
  .rodata            const    0x08006bc0    0x18  main.o [1]
  .rodata            const    0x08006bd8    0x18  main.o [1]
  .rodata            const    0x08006bf0    0x18  main.o [1]
  .rodata            const    0x08006c08    0x18  main.o [1]
  .rodata            const    0x08006c20    0x18  MicroMenu.o [1]
  .rodata            const    0x08006c38    0x14  battery.o [1]
  .rodata            const    0x08006c4c    0x14  main.o [1]
  .rodata            const    0x08006c60    0x14  main.o [1]
  .rodata            const    0x08006c74    0x14  main.o [1]
  .rodata            const    0x08006c88    0x14  main.o [1]
  .rodata            const    0x08006c9c    0x14  main.o [1]
  .rodata            const    0x08006cb0    0x14  main.o [1]
  .rodata            const    0x08006cc4    0x14  sync.o [1]
  .rodata            const    0x08006cd8    0x10  IR.o [1]
  .rodata            const    0x08006ce8    0x10  IR.o [1]
  .rodata            const    0x08006cf8    0x10  IR.o [1]
  .rodata            const    0x08006d08    0x10  IR.o [1]
  .rodata            const    0x08006d18    0x10  main.o [1]
  .rodata            const    0x08006d28    0x10  main.o [1]
  .rodata            const    0x08006d38    0x10  main.o [1]
  .rodata            const    0x08006d48    0x10  main.o [1]
  .rodata            const    0x08006d58    0x10  main.o [1]
  .rodata            const    0x08006d68    0x10  main.o [1]
  .rodata            const    0x08006d78    0x10  MicroMenu.o [1]
  .rodata            const    0x08006d88    0x10  ssdGraph.o [1]
  .rodata            const    0x08006d98    0x10  ssdGraph.o [1]
  .rodata            const    0x08006da8    0x10  system.o [1]
  .rodata            const    0x08006db8    0x10  system.o [1]
  .rodata            const    0x08006dc8     0xc  battery.o [1]
  .rodata            const    0x08006dd4     0xc  main.o [1]
  .rodata            const    0x08006de0     0xc  main.o [1]
  .rodata            const    0x08006dec     0xc  main.o [1]
  .rodata            const    0x08006df8     0xc  main.o [1]
  .rodata            const    0x08006e04     0xc  MicroMenu.o [1]
  .rodata            const    0x08006e10     0xc  MicroMenu.o [1]
  .rodata            const    0x08006e1c     0xc  MicroMenu.o [1]
  .rodata            const    0x08006e28     0xc  system.o [1]
  .rodata            const    0x08006e34     0xc  system.o [1]
  .rodata            const    0x08006e40     0xc  system.o [1]
  .text              ro code  0x08006e4c     0xc  cstartup_M.o [5]
  .rodata            const    0x08006e58     0x8  IR.o [1]
  .rodata            const    0x08006e60     0x8  main.o [1]
  .rodata            const    0x08006e68     0x8  main.o [1]
  .rodata            const    0x08006e70     0x8  main.o [1]
  .rodata            const    0x08006e78     0x8  MicroMenu.o [1]
  .rodata            const    0x08006e80     0x8  MicroMenu.o [1]
  .rodata            const    0x08006e88     0x8  MicroMenu.o [1]
  .rodata            const    0x08006e90     0x8  MicroMenu.o [1]
  .rodata            const    0x08006e98     0x8  ssdGraph.o [1]
  .rodata            const    0x08006ea0     0x8  system.o [1]
  .rodata            const    0x08006ea8     0x8  system.o [1]
  .rodata            const    0x08006eb0     0x8  ug2864.o [1]
  .rodata            const    0x08006eb8     0x8  ug2864.o [1]
  .rodata            const    0x08006ec0     0x8  ug2864.o [1]
  .rodata            const    0x08006ec8     0x8  ug2864.o [1]
  .rodata            const    0x08006ed0     0x8  ug2864.o [1]
  .rodata            const    0x08006ed8     0x8  ug2864.o [1]
  .rodata            const    0x08006ee0     0x8  xprintflarge_nomb.o [3]
  Initializer bytes  const    0x08006ee8     0x8  <for P2-1>
  .rodata            const    0x08006ef0     0x4  fix16.o [1]
  .rodata            const    0x08006ef4     0x4  fix16.o [1]
  .rodata            const    0x08006ef8     0x4  fix16_trig.o [1]
  .rodata            const    0x08006efc     0x4  fix16_trig.o [1]
  .rodata            const    0x08006f00     0x4  fix16_trig.o [1]
  .rodata            const    0x08006f04     0x4  lis3.o [1]
  .rodata            const    0x08006f08     0x4  main.o [1]
  .rodata            const    0x08006f0c     0x4  main.o [1]
  .rodata            const    0x08006f10     0x4  main.o [1]
  .rodata            const    0x08006f14     0x4  main.o [1]
  .rodata            const    0x08006f18     0x4  ssdGraph.o [1]
  .rodata            const    0x08006f1c     0x2  ug2864.o [1]
  .rodata            const    0x08006f1e     0x2  ug2864.o [1]
  .text              ro code  0x08006f20     0x2  startup_stm32f042x6.o [1]
  .text              ro code  0x08006f22     0x2  startup_stm32f042x6.o [1]
  .text              ro code  0x08006f24     0x2  startup_stm32f042x6.o [1]
  .text              ro code  0x08006f26     0x2  startup_stm32f042x6.o [1]
  .text              ro code  0x08006f28     0x2  startup_stm32f042x6.o [1]
  .text              ro code  0x08006f2a     0x2  startup_stm32f042x6.o [1]
  .text              ro code  0x08006f2c     0x2  startup_stm32f042x6.o [1]
  .text              ro code  0x08006f2e     0x2  startup_stm32f042x6.o [1]
  .text              ro code  0x08006f30     0x2  startup_stm32f042x6.o [1]
  .text              ro code  0x08006f32     0x2  startup_stm32f042x6.o [1]
  .text              ro code  0x08006f34     0x2  startup_stm32f042x6.o [1]
  .text              ro code  0x08006f36     0x2  startup_stm32f042x6.o [1]
  .text              ro code  0x08006f38     0x2  startup_stm32f042x6.o [1]
  .text              ro code  0x08006f3a     0x2  startup_stm32f042x6.o [1]
  .text              ro code  0x08006f3c     0x2  startup_stm32f042x6.o [1]
  .text              ro code  0x08006f3e     0x2  startup_stm32f042x6.o [1]
  .text              ro code  0x08006f40     0x2  startup_stm32f042x6.o [1]
  .text              ro code  0x08006f42     0x2  startup_stm32f042x6.o [1]
  .text              ro code  0x08006f44     0x2  startup_stm32f042x6.o [1]
  .text              ro code  0x08006f46     0x2  startup_stm32f042x6.o [1]
  .text              ro code  0x08006f48     0x2  startup_stm32f042x6.o [1]
  .text              ro code  0x08006f4a     0x2  startup_stm32f042x6.o [1]
  .text              ro code  0x08006f4c     0x2  startup_stm32f042x6.o [1]
  .text              ro code  0x08006f4e     0x2  startup_stm32f042x6.o [1]
  .text              ro code  0x08006f50     0x2  startup_stm32f042x6.o [1]
  .text              ro code  0x08006f52     0x2  startup_stm32f042x6.o [1]
  .text              ro code  0x08006f54     0x2  startup_stm32f042x6.o [1]
  .text              ro code  0x08006f56     0x2  startup_stm32f042x6.o [1]
  .rodata            const    0x08006f58     0x0  zero_init3.o [5]
  .rodata            const    0x08006f58     0x0  copy_init3.o [5]
                            - 0x08006f58  0x6e98

"P2", part 1 of 3:                           0x8
  P2-1                        0x20000000     0x8  <Init block>
    .data            inited   0x20000000     0x4  gpio.o [1]
    .data            inited   0x20000004     0x4  MicroMenu.o [1]
                            - 0x20000008     0x8

"P2", part 2 of 3:                         0x400
  CSTACK                      0x20000008   0x400  <Block>
    CSTACK           uninit   0x20000008   0x400  <Block tail>
                            - 0x20000408   0x400

"P2", part 3 of 3:                         0xc54
  .bss               zero     0x20000408   0x404  ug2864.o [1]
  .bss               zero     0x2000080c   0x360  MicroMenu.o [1]
  .bss               zero     0x20000b6c   0x22c  system.o [1]
  .bss               zero     0x20000d98   0x178  system.o [1]
  .bss               zero     0x20000f10    0x5c  filter.o [1]
  .bss               zero     0x20000f6c    0x3c  system.o [1]
  .bss               zero     0x20000fa8    0x1c  system.o [1]
  .bss               zero     0x20000fc4    0x18  filter.o [1]
  .bss               zero     0x20000fdc    0x18  lis3.o [1]
  .bss               zero     0x20000ff4    0x18  system.o [1]
  .bss               zero     0x2000100c    0x14  IR.o [1]
  .bss               zero     0x20001020    0x14  lis3.o [1]
  .bss               zero     0x20001034     0x8  buttons.o [1]
  .bss               zero     0x2000103c     0x8  power.o [1]
  .bss               zero     0x20001044     0x8  system.o [1]
  .bss               zero     0x2000104c     0x4  adc.o [1]
  .bss               zero     0x20001050     0x4  filter.o [1]
  .bss               zero     0x20001054     0x4  main.o [1]
  .bss               zero     0x20001058     0x2  filter.o [1]
  .bss               zero     0x2000105a     0x1  battery.o [1]
                            - 0x2000105b   0xc53


*******************************************************************************
*** INIT TABLE
***

          Address     Size
          -------     ----
Zero (__iar_zero_init3)
    1 destination range, total size 0xc53:
          0x20000408  0xc53

Copy (__iar_copy_init3)
    1 source range, total size 0x8:
          0x08006ee8    0x8
    1 destination range, total size 0x8:
          0x20000000    0x8



*******************************************************************************
*** MODULE SUMMARY
***

    Module                 ro code  ro data  rw data
    ------                 -------  -------  -------
C:\Users\baidachenko.v.ABK-D113\chronograph-plus\SW\Chrono-Terminal-V1.0\firmware\PROJ_DIR\Debug\Obj: [1]
    IR.o                     2 604       72       20
    MicroMenu.o              2 788      140      868
    adc.o                      504                 4
    battery.o                  448       32        1
    buttons.o                  820                 8
    clock.o                    160
    delay.o                     96
    filter.o                   500               122
    fix16.o                    452        8
    fix16_trig.o               200       12
    gpio.o                     544      196        4
    i2c.o                      994
    lis3.o                     860        4       44
    main.o                     684    1 654        4
    power.o                    488                 8
    ssdFonts.o                        1 944
    ssdGraph.o                           44
    startup_stm32f042x6.o      308
    sync.o                     352       20
    system.o                 1 804       86    1 052
    system_stm32f0xx.o         148
    ug2864.o                 3 132       66    1 028
    ------------------------------------------------
    Total:                  17 886    4 278    3 163

command line: [2]
    ------------------------------------------------
    Total:

dl6M_tln.a: [3]
    abs.o                        8
    div.o                       32
    exit.o                       8
    low_level_init.o             4
    sprintf.o                   56
    strcat.o                    28
    xprintflarge_nomb.o      3 314        8
    xsprout.o                   10
    ------------------------------------------------
    Total:                   3 460        8

m6M_tl.a: [4]
    DblAddSub.o                424
    DblCmpLe.o                  50
    DblDiv.o                   194
    DblMul.o                   388
    DblToI32.o                  46
    FltAddSub.o                288
    FltCmpGe.o                  40
    FltCmpLe.o                  38
    FltDiv.o                   170
    FltMul.o                   176
    FltToS32.o                  58
    I32ToDbl.o                  32
    I32ToFlt.o                  50
    xfdtest.o                   34
    ------------------------------------------------
    Total:                   1 988

rt6M_tl.a: [5]
    ABImemcpy.o                 92
    ABImemset.o                 80
    I32DivModFast.o            224
    I64DivMod.o                106
    I64DivZer.o                  2
    I64Mul.o                    50
    IntDivZer.o                  2
    cexit.o                     10
    cmain.o                     26
    copy_init3.o                48
    cstartup_M.o                12
    data_init.o                 40
    memchr.o                    24
    strchr.o                    20
    strcpy.o                    16
    strlen.o                    16
    zero_init3.o                60
    ------------------------------------------------
    Total:                     828

shb_l.a: [6]
    exit.o                      20
    ------------------------------------------------
    Total:                      20

    Linker created                       36    1 024
----------------------------------------------------
    Grand Total:            24 182    4 322    4 187


*******************************************************************************
*** ENTRY LIST
***

Entry                      Address   Size  Type      Object
-----                      -------   ----  ----      ------
.iar.init_table$$Base   0x08006654          --   Gb  - Linker created -
.iar.init_table$$Limit  0x08006678          --   Gb  - Linker created -
?main                   0x080069f9         Code  Gb  cmain.o [5]
ADC1_IRQHandler         0x08005c01   0x82  Code  Gb  adc.o [1]
CSTACK$$Base            0x20000008          --   Gb  - Linker created -
CSTACK$$Limit           0x20000408          --   Gb  - Linker created -
CurrentMenuItem         0x20000004    0x4  Data  Lc  MicroMenu.o [1]
EXTI4_15_IRQHandler     0x08005979   0x22  Code  Gb  power.o [1]
I2C1_IRQHandler         0x0800255d    0x2  Code  Gb  i2c.o [1]
I2CRx                   0x080022ad   0xec  Code  Gb  i2c.o [1]
I2CRxInit               0x08002215   0x98  Code  Gb  i2c.o [1]
I2CTx                   0x08002451   0xec  Code  Gb  i2c.o [1]
I2CTxInit               0x08002399   0x96  Code  Gb  i2c.o [1]
LoadInt                 0x0800066b   0x68  Code  Lc  xprintflarge_nomb.o [3]
Menu_GetCurrentMenu     0x08002f09    0x6  Code  Gb  MicroMenu.o [1]
Menu_Navigate           0x08002f19   0xdc  Code  Gb  MicroMenu.o [1]
Menu_infoWndRun         0x080028d1   0x2c  Code  Gb  MicroMenu.o [1]
Menu_navDisp            0x08002647   0x78  Code  Gb  MicroMenu.o [1]
Menu_navMenu            0x080026bf   0xd8  Code  Gb  MicroMenu.o [1]
Menu_navPwrOff          0x08002613   0x34  Code  Gb  MicroMenu.o [1]
Menu_parWndRun          0x08002e1f   0xbc  Code  Gb  MicroMenu.o [1]
Menu_putMessage         0x08002edb   0x2e  Code  Gb  MicroMenu.o [1]
Menu_putParWnd          0x08002dd5   0x4a  Code  Gb  MicroMenu.o [1]
Menu_putTxtEditWnd      0x08002a0d   0x44  Code  Gb  MicroMenu.o [1]
Menu_putTxtParSelWnd    0x080028fd   0x40  Code  Gb  MicroMenu.o [1]
Menu_pwrSw              0x080025dd   0x36  Code  Gb  MicroMenu.o [1]
Menu_run                0x08002561   0x7c  Code  Gb  MicroMenu.o [1]
Menu_setParEdit         0x080027a9  0x128  Code  Gb  MicroMenu.o [1]
Menu_txtEditWndRun      0x08002a95  0x330  Code  Gb  MicroMenu.o [1]
Menu_txtParSelWndRun    0x08002949   0xc4  Code  Gb  MicroMenu.o [1]
NULL_MENU               0x080069dc   0x1c  Data  Gb  MicroMenu.o [1]
NULL_PRM                0x08006c20   0x18  Data  Gb  MicroMenu.o [1]
NVIC_DisableIRQ         0x08005acf    0xe  Code  Lc  adc.o [1]
NVIC_DisableIRQ         0x08003063    0xe  Code  Lc  IR.o [1]
NVIC_DisableIRQ         0x080058e7    0xe  Code  Lc  power.o [1]
NVIC_EnableIRQ          0x08005ac1    0xe  Code  Lc  adc.o [1]
NVIC_EnableIRQ          0x08003055    0xe  Code  Lc  IR.o [1]
NVIC_EnableIRQ          0x080058d9    0xe  Code  Lc  power.o [1]
NVIC_SetPriority        0x08005add   0x84  Code  Lc  adc.o [1]
NVIC_SetPriority        0x08003071   0x84  Code  Lc  IR.o [1]
NVIC_SetPriority        0x080058f5   0x84  Code  Lc  power.o [1]
PI_DIV_4                0x08006ef8    0x4  Data  Lc  fix16_trig.o [1]
Region$$Table$$Base     0x08006654          --   Gb  - Linker created -
Region$$Table$$Limit    0x08006678          --   Gb  - Linker created -
SystemInit              0x080064f1   0x68  Code  Gb  system_stm32f0xx.o [1]
THREE_PI_DIV_4          0x08006efc    0x4  Data  Lc  fix16_trig.o [1]
TIM2_IRQHandler         0x080037c5  0x28a  Code  Gb  IR.o [1]
_GenldLargeNoMb         0x08000ae5  0x29a  Code  Lc  xprintflarge_nomb.o [3]
_LdtobLargeNoMb         0x080007fd  0x2b0  Code  Lc  xprintflarge_nomb.o [3]
_LitobLargeNoMb         0x080006d3  0x12a  Code  Lc  xprintflarge_nomb.o [3]
_PrintfLargeNoMb        0x080000c1  0x5aa  Code  Gb  xprintflarge_nomb.o [3]
_PutcharsLargeNoMb      0x08000d7f   0x30  Code  Lc  xprintflarge_nomb.o [3]
_SProut                 0x0800123b    0xa  Code  Gb  xsprout.o [3]
__ICFEDIT_region_RAM_end__ {Abs}
                        0x200017ff         Data  Gb  command line/config [2]
__ICFEDIT_region_RAM_start__ {Abs}
                        0x20000000         Data  Gb  command line/config [2]
__aeabi_cdcmple         0x08000f95         Code  Gb  DblCmpLe.o [4]
__aeabi_cfcmple         0x08005285         Code  Gb  FltCmpLe.o [4]
__aeabi_cfrcmple        0x080052ad         Code  Gb  FltCmpGe.o [4]
__aeabi_d2uiz           0x0800120d         Code  Gb  DblToI32.o [4]
__aeabi_ddiv            0x0800114b         Code  Gb  DblDiv.o [4]
__aeabi_dmul            0x08000fc7         Code  Gb  DblMul.o [4]
__aeabi_dsub            0x0800131f         Code  Gb  DblAddSub.o [4]
__aeabi_f2iz            0x08005081         Code  Gb  FltToS32.o [4]
__aeabi_fadd            0x080050bb         Code  Gb  FltAddSub.o [4]
__aeabi_fdiv            0x080051db         Code  Gb  FltDiv.o [4]
__aeabi_fmul            0x08004fcf         Code  Gb  FltMul.o [4]
__aeabi_fsub            0x0800512b         Code  Gb  FltAddSub.o [4]
__aeabi_i2f             0x08004f9d         Code  Gb  I32ToFlt.o [4]
__aeabi_idiv            0x08000ee1         Code  Gb  I32DivModFast.o [5]
__aeabi_idiv0           0x08001431         Code  Gb  IntDivZer.o [5]
__aeabi_idivmod         0x08000ee1         Code  Gb  I32DivModFast.o [5]
__aeabi_ldiv0           0x0800142d         Code  Gb  I64DivZer.o [5]
__aeabi_lmul            0x08004f69         Code  Gb  I64Mul.o [5]
__aeabi_memcpy          0x08000e59         Code  Gb  ABImemcpy.o [5]
__aeabi_memset          0x080020cd         Code  Gb  ABImemset.o [5]
__aeabi_ui2d            0x08001245         Code  Gb  I32ToDbl.o [4]
__aeabi_uidiv           0x08000ee7         Code  Gb  I32DivModFast.o [5]
__aeabi_uidivmod        0x08000ee7         Code  Gb  I32DivModFast.o [5]
__aeabi_uldivmod        0x08000def         Code  Gb  I64DivMod.o [5]
__cmain                 0x080069f9         Code  Gb  cmain.o [5]
__exit                  0x08006a2d   0x14  Code  Gb  exit.o [6]
__iar_FDtest            0x080052d5   0x22  Code  Gb  xfdtest.o [4]
__iar_Memchr            0x08000dd7   0x18  Code  Gb  memchr.o [5]
__iar_Memset4_word      0x080020ed         Code  Gb  ABImemset.o [5]
__iar_Memset_word       0x080020d9         Code  Gb  ABImemset.o [5]
__iar_Strchr            0x08000db3   0x14  Code  Gb  strchr.o [5]
__iar_copy_init3        0x080065fd   0x30  Code  Gb  copy_init3.o [5]
__iar_d2uiz             0x08001211         Code  Gb  DblToI32.o [4]
__iar_data_init3        0x0800662d   0x28  Code  Gb  data_init.o [5]
__iar_program_start     0x08006e4d         Code  Gb  cstartup_M.o [5]
__iar_ui2d              0x08001249         Code  Gb  I32ToDbl.o [4]
__iar_ui2f              0x08004fb5         Code  Gb  I32ToFlt.o [4]
__iar_zero_init3        0x080065c1   0x3c  Code  Gb  zero_init3.o [5]
__low_level_init        0x08006a13    0x4  Code  Gb  low_level_init.o [3]
__vector_table          0x08000000         Data  Gb  startup_stm32f042x6.o [1]
_call_main              0x08006a05         Code  Gb  cmain.o [5]
_exit                   0x08006a21         Code  Gb  cexit.o [5]
_main                   0x08006a0f         Code  Gb  cmain.o [5]
about                   0x080066b0   0x1c  Data  Gb  main.o [1]
abs                     0x080020c5    0x8  Code  Gb  abs.o [3]
accel                   0x20000fdc   0x18  Data  Gb  lis3.o [1]
adcData                 0x2000104c    0x4  Data  Gb  adc.o [1]
adcDeinit               0x08005b61   0x24  Code  Gb  adc.o [1]
adcInit                 0x08005b85   0x7c  Code  Gb  adc.o [1]
battCalc                0x08005e19  0x1c0  Code  Gb  battery.o [1]
battCalc::percFlag      0x2000105a    0x1  Data  Lc  battery.o [1]
battery                 0x20000fa8   0x1c  Data  Gb  system.o [1]
btnCntsClr              0x08005601   0x1a  Code  Gb  buttons.o [1]
buttons                 0x20001034    0x8  Data  Gb  buttons.o [1]
chrSetsRst              0x08003a81   0x6a  Code  Gb  system.o [1]
chrgSym                 0x08006e98    0x8  Data  Gb  ssdGraph.o [1]
chron                   0x20000b6c  0x22c  Data  Gb  system.o [1]
clz                     0x08004b75   0x2c  Code  Lc  fix16.o [1]
currMenuItem            0x20001054    0x4  Data  Gb  main.o [1]
deInitIR                0x08003719   0x4a  Code  Gb  IR.o [1]
delay_us                0x0800211d   0x60  Code  Gb  delay.o [1]
div                     0x0800140d   0x20  Code  Gb  div.o [3]
drawChrScr              0x08003e91  0x1da  Code  Gb  system.o [1]
drawDisplay             0x08005791   0xb8  Code  Gb  main.o [1]
drawHybrScr             0x08003c99  0x1ce  Code  Gb  system.o [1]
drawIncScr              0x08004079   0xe4  Code  Gb  system.o [1]
drawMenu                0x08003aeb  0x186  Code  Gb  system.o [1]
exit                    0x08006a17    0x8  Code  Gb  exit.o [3]
fix16_add               0x08004ae9   0x24  Code  Gb  fix16.o [1]
fix16_atan              0x08004d53   0x10  Code  Gb  fix16_trig.o [1]
fix16_atan2             0x08004cad   0xa6  Code  Gb  fix16_trig.o [1]
fix16_div               0x08004ba1  0x104  Code  Gb  fix16.o [1]
fix16_min               0x08006ef0    0x4  Data  Lc  fix16.o [1]
fix16_mul               0x08004b0d   0x68  Code  Gb  fix16.o [1]
fix16_one               0x08006f00    0x4  Data  Lc  fix16_trig.o [1]
fix16_one               0x08006f04    0x4  Data  Lc  lis3.o [1]
fix16_overflow          0x08006ef4    0x4  Data  Lc  fix16.o [1]
font12x16               0x08006298  0x198  Data  Gb  ssdFonts.o [1]
font6x8                 0x0800418c  0x600  Data  Gb  ssdFonts.o [1]
getNavEvent             0x080052f9  0x2f8  Code  Gb  buttons.o [1]
gppin_init              0x080060b3  0x1cc  Code  Gb  gpio.o [1]
hndlIRData              0x08003105  0x4fe  Code  Gb  IR.o [1]
initClocks              0x08005fd9   0xa0  Code  Gb  clock.o [1]
initGpios               0x08006079   0x3a  Code  Gb  gpio.o [1]
initI2C1                0x0800217d   0x98  Code  Gb  i2c.o [1]
initIRConfig            0x08003629   0xea  Code  Gb  IR.o [1]
initPeriphs             0x08005aa5   0x1c  Code  Gb  power.o [1]
irRxData                0x2000100c   0x14  Data  Gb  IR.o [1]
kalman                  0x20000f10   0x5c  Data  Gb  filter.o [1]
kalmanAccCorr           0x08004d99  0x186  Code  Gb  filter.o [1]
lis3AxisCal             0x20001020   0x14  Data  Gb  lis3.o [1]
lis3_getXYZ             0x08004833   0x40  Code  Gb  lis3.o [1]
lis3_read               0x080047f5   0x3e  Code  Gb  lis3.o [1]
lis3_write              0x080047c9   0x2c  Code  Gb  lis3.o [1]
lis3init                0x0800478d   0x3c  Code  Gb  lis3.o [1]
lpf                     0x08004f1f   0x2e  Code  Gb  filter.o [1]
lpf::Dacc               0x20001050    0x4  Data  Lc  filter.o [1]
lpf::Dout               0x20001058    0x2  Data  Lc  filter.o [1]
lpfAccPrim              0x08004d75   0x24  Code  Gb  filter.o [1]
lpfPrim                 0x20000fc4   0x18  Data  Gb  filter.o [1]
main                    0x0800562d  0x15e  Code  Gb  main.o [1]
meas                    0x20001044    0x8  Data  Gb  system.o [1]
menu                    0x2000080c  0x360  Data  Gb  MicroMenu.o [1]
menuFolder              0x08006d88   0x10  Data  Gb  ssdGraph.o [1]
menuScroll              0x08006f18    0x4  Data  Gb  ssdGraph.o [1]
pdb10edit               0x08006b90   0x18  Data  Gb  main.o [1]
pdb11edit               0x08006ba8   0x18  Data  Gb  main.o [1]
pdb12edit               0x08006bc0   0x18  Data  Gb  main.o [1]
pdb13edit               0x08006bd8   0x18  Data  Gb  main.o [1]
pdb14edit               0x08006bf0   0x18  Data  Gb  main.o [1]
pdb15edit               0x08006c08   0x18  Data  Gb  main.o [1]
pdb1edit                0x08006ab8   0x18  Data  Gb  main.o [1]
pdb2edit                0x08006ad0   0x18  Data  Gb  main.o [1]
pdb3edit                0x08006ae8   0x18  Data  Gb  main.o [1]
pdb4edit                0x08006b00   0x18  Data  Gb  main.o [1]
pdb5edit                0x08006b18   0x18  Data  Gb  main.o [1]
pdb6edit                0x08006b30   0x18  Data  Gb  main.o [1]
pdb7edit                0x08006b48   0x18  Data  Gb  main.o [1]
pdb8edit                0x08006b60   0x18  Data  Gb  main.o [1]
pdb9edit                0x08006b78   0x18  Data  Gb  main.o [1]
pellets                 0x20000d98  0x178  Data  Gb  system.o [1]
pinNum                  0x20000000    0x4  Data  Gb  gpio.o [1]
pinsMode                0x08006430   0xc0  Data  Gb  gpio.o [1]
potedit                 0x08006a70   0x18  Data  Gb  main.o [1]
power                   0x2000103c    0x8  Data  Gb  power.o [1]
powerSw                 0x08005a17   0x4a  Code  Gb  power.o [1]
powerTimRst             0x08005a61    0x8  Code  Gb  power.o [1]
q16TiltCalc             0x08004873   0x48  Code  Gb  lis3.o [1]
rgbedit                 0x08006aa0   0x18  Data  Gb  main.o [1]
scbind                  0x080067c8   0x1c  Data  Gb  main.o [1]
sccedit                 0x08006a58   0x18  Data  Gb  main.o [1]
scclipc                 0x08006774   0x1c  Data  Gb  main.o [1]
scdist                  0x080067ac   0x1c  Data  Gb  main.o [1]
schrono                 0x08006704   0x1c  Data  Gb  main.o [1]
scpeldb                 0x08006790   0x1c  Data  Gb  main.o [1]
scrmode                 0x08006a40   0x18  Data  Gb  main.o [1]
sdedit                  0x08006a88   0x18  Data  Gb  main.o [1]
service                 0x080066cc   0x1c  Data  Gb  main.o [1]
setts                   0x08006694   0x1c  Data  Gb  main.o [1]
sibrdr                  0x08006988   0x1c  Data  Gb  main.o [1]
sigacal                 0x080069c0   0x1c  Data  Gb  main.o [1]
sincline                0x08006720   0x1c  Data  Gb  main.o [1]
siofcal                 0x080069a4   0x1c  Data  Gb  main.o [1]
smode                   0x080066e8   0x1c  Data  Gb  main.o [1]
spdbp1                  0x080067e4   0x1c  Data  Gb  main.o [1]
spdbp10                 0x080068e0   0x1c  Data  Gb  main.o [1]
spdbp11                 0x080068fc   0x1c  Data  Gb  main.o [1]
spdbp12                 0x08006918   0x1c  Data  Gb  main.o [1]
spdbp13                 0x08006934   0x1c  Data  Gb  main.o [1]
spdbp14                 0x08006950   0x1c  Data  Gb  main.o [1]
spdbp15                 0x0800696c   0x1c  Data  Gb  main.o [1]
spdbp2                  0x08006800   0x1c  Data  Gb  main.o [1]
spdbp3                  0x0800681c   0x1c  Data  Gb  main.o [1]
spdbp4                  0x08006838   0x1c  Data  Gb  main.o [1]
spdbp5                  0x08006854   0x1c  Data  Gb  main.o [1]
spdbp6                  0x08006870   0x1c  Data  Gb  main.o [1]
spdbp7                  0x0800688c   0x1c  Data  Gb  main.o [1]
spdbp8                  0x080068a8   0x1c  Data  Gb  main.o [1]
spdbp9                  0x080068c4   0x1c  Data  Gb  main.o [1]
spofft                  0x0800673c   0x1c  Data  Gb  main.o [1]
sprintf                 0x08002071   0x38  Code  Gb  sprintf.o [3]
ssdBatt                 0x08006d98   0x10  Data  Gb  ssdGraph.o [1]
ssdVideoBff             0x20000408  0x404  Data  Gb  ug2864.o [1]
ssd_clearVidBff         0x08001e95   0x16  Code  Gb  ug2864.o [1]
ssd_clrAreaBff          0x08001eb1   0x68  Code  Gb  ug2864.o [1]
ssd_putBatt             0x08001b61  0x100  Code  Gb  ug2864.o [1]
ssd_putChar12x16        0x08001c61   0xf4  Code  Gb  ug2864.o [1]
ssd_putChar6x8          0x08001d79   0x5a  Code  Gb  ug2864.o [1]
ssd_putMessage          0x08001685   0xd0  Code  Gb  ug2864.o [1]
ssd_putParWnd           0x0800156f   0xfc  Code  Gb  ug2864.o [1]
ssd_putPitchBar         0x080019f1  0x16c  Code  Gb  ug2864.o [1]
ssd_putRollBar          0x080017a1  0x24c  Code  Gb  ug2864.o [1]
ssd_putString12x16      0x08001d55   0x24  Code  Gb  ug2864.o [1]
ssd_putString6x8        0x08001dd3   0x24  Code  Gb  ug2864.o [1]
ssd_putTxtEditWnd       0x08001435   0xae  Code  Gb  ug2864.o [1]
ssd_putTxtParSelWnd     0x080014e3   0x8c  Code  Gb  ug2864.o [1]
ssd_setpix              0x08001df7   0x9e  Code  Gb  ug2864.o [1]
stats                   0x20000ff4   0x18  Data  Gb  system.o [1]
stopModeConfig          0x0800599b   0x7c  Code  Gb  power.o [1]
strcat                  0x080020a9   0x1c  Code  Gb  strcat.o [3]
strcpy                  0x08003045         Code  Gb  strcpy.o [5]
strlen                  0x08000dc7   0x10  Code  Gb  strlen.o [5]
stts                    0x08006678   0x1c  Data  Gb  main.o [1]
swrst                   0x08006758   0x1c  Data  Gb  main.o [1]
sync                    0x08005d13   0xce  Code  Gb  sync.o [1]
syncInit                0x08005cb9   0x5a  Code  Gb  sync.o [1]
sysPars                 0x20000f6c   0x3c  Data  Gb  system.o [1]
trxAccData              0x080048c9  0x1ea  Code  Gb  lis3.o [1]
ug2864_com              0x08002003   0x2c  Code  Gb  ug2864.o [1]
ug2864_refresh          0x0800202f   0x20  Code  Gb  ug2864.o [1]
ug2864init              0x08001f51   0xb2  Code  Gb  ug2864.o [1]
ug2864off               0x08001f25   0x16  Code  Gb  ug2864.o [1]
ug2864on                0x08001f3b   0x16  Code  Gb  ug2864.o [1]


[1] = C:\Users\baidachenko.v.ABK-D113\chronograph-plus\SW\Chrono-Terminal-V1.0\firmware\PROJ_DIR\Debug\Obj
[2] = command line
[3] = dl6M_tln.a
[4] = m6M_tl.a
[5] = rt6M_tl.a
[6] = shb_l.a

  24 182 bytes of readonly  code memory
   4 322 bytes of readonly  data memory
   4 187 bytes of readwrite data memory

Errors: none
Warnings: none
