###############################################################################
#
# IAR ELF Linker V7.80.2.11947/W32 for ARM                09/Mar/2017  00:55:25
# Copyright 2007-2016 IAR Systems AB.
#
#    Output file  =  
#        C:\Users\4eef\Projects\Chronograph+\SW\Chrono-Terminal-V1.0\firmware\PROJ_DIR\Debug\Exe\Chrono-Terminal-V1.0.out
#    Map file     =  
#        C:\Users\4eef\Projects\Chronograph+\SW\Chrono-Terminal-V1.0\firmware\PROJ_DIR\Debug\List\Chrono-Terminal-V1.0.map
#    Command line =  
#        C:\Users\4eef\Projects\Chronograph+\SW\Chrono-Terminal-V1.0\firmware\PROJ_DIR\Debug\Obj\adc.o
#        C:\Users\4eef\Projects\Chronograph+\SW\Chrono-Terminal-V1.0\firmware\PROJ_DIR\Debug\Obj\battery.o
#        C:\Users\4eef\Projects\Chronograph+\SW\Chrono-Terminal-V1.0\firmware\PROJ_DIR\Debug\Obj\buttons.o
#        C:\Users\4eef\Projects\Chronograph+\SW\Chrono-Terminal-V1.0\firmware\PROJ_DIR\Debug\Obj\clock.o
#        C:\Users\4eef\Projects\Chronograph+\SW\Chrono-Terminal-V1.0\firmware\PROJ_DIR\Debug\Obj\delay.o
#        C:\Users\4eef\Projects\Chronograph+\SW\Chrono-Terminal-V1.0\firmware\PROJ_DIR\Debug\Obj\filter.o
#        C:\Users\4eef\Projects\Chronograph+\SW\Chrono-Terminal-V1.0\firmware\PROJ_DIR\Debug\Obj\fix16.o
#        C:\Users\4eef\Projects\Chronograph+\SW\Chrono-Terminal-V1.0\firmware\PROJ_DIR\Debug\Obj\fix16_exp.o
#        C:\Users\4eef\Projects\Chronograph+\SW\Chrono-Terminal-V1.0\firmware\PROJ_DIR\Debug\Obj\fix16_sqrt.o
#        C:\Users\4eef\Projects\Chronograph+\SW\Chrono-Terminal-V1.0\firmware\PROJ_DIR\Debug\Obj\fix16_trig.o
#        C:\Users\4eef\Projects\Chronograph+\SW\Chrono-Terminal-V1.0\firmware\PROJ_DIR\Debug\Obj\fract32.o
#        C:\Users\4eef\Projects\Chronograph+\SW\Chrono-Terminal-V1.0\firmware\PROJ_DIR\Debug\Obj\gpio.o
#        C:\Users\4eef\Projects\Chronograph+\SW\Chrono-Terminal-V1.0\firmware\PROJ_DIR\Debug\Obj\i2c.o
#        C:\Users\4eef\Projects\Chronograph+\SW\Chrono-Terminal-V1.0\firmware\PROJ_DIR\Debug\Obj\IR.o
#        C:\Users\4eef\Projects\Chronograph+\SW\Chrono-Terminal-V1.0\firmware\PROJ_DIR\Debug\Obj\lis3.o
#        C:\Users\4eef\Projects\Chronograph+\SW\Chrono-Terminal-V1.0\firmware\PROJ_DIR\Debug\Obj\main.o
#        C:\Users\4eef\Projects\Chronograph+\SW\Chrono-Terminal-V1.0\firmware\PROJ_DIR\Debug\Obj\MicroMenu.o
#        C:\Users\4eef\Projects\Chronograph+\SW\Chrono-Terminal-V1.0\firmware\PROJ_DIR\Debug\Obj\power.o
#        C:\Users\4eef\Projects\Chronograph+\SW\Chrono-Terminal-V1.0\firmware\PROJ_DIR\Debug\Obj\ssdFonts.o
#        C:\Users\4eef\Projects\Chronograph+\SW\Chrono-Terminal-V1.0\firmware\PROJ_DIR\Debug\Obj\ssdGraph.o
#        C:\Users\4eef\Projects\Chronograph+\SW\Chrono-Terminal-V1.0\firmware\PROJ_DIR\Debug\Obj\startup_stm32f042x6.o
#        C:\Users\4eef\Projects\Chronograph+\SW\Chrono-Terminal-V1.0\firmware\PROJ_DIR\Debug\Obj\sync.o
#        C:\Users\4eef\Projects\Chronograph+\SW\Chrono-Terminal-V1.0\firmware\PROJ_DIR\Debug\Obj\system.o
#        C:\Users\4eef\Projects\Chronograph+\SW\Chrono-Terminal-V1.0\firmware\PROJ_DIR\Debug\Obj\system_stm32f0xx.o
#        C:\Users\4eef\Projects\Chronograph+\SW\Chrono-Terminal-V1.0\firmware\PROJ_DIR\Debug\Obj\ug2864.o
#        C:\Users\4eef\Projects\Chronograph+\SW\Chrono-Terminal-V1.0\firmware\PROJ_DIR\Debug\Obj\uint32.o
#        -o
#        C:\Users\4eef\Projects\Chronograph+\SW\Chrono-Terminal-V1.0\firmware\PROJ_DIR\Debug\Exe\Chrono-Terminal-V1.0.out
#        --redirect _Printf=_PrintfLargeNoMb --map
#        C:\Users\4eef\Projects\Chronograph+\SW\Chrono-Terminal-V1.0\firmware\PROJ_DIR\Debug\List\Chrono-Terminal-V1.0.map
#        --config "C:\Program Files (x86)\IAR Systems\Embedded Workbench
#        7.5\arm\config\linker\ST\stm32f042x6.icf" --semihosting --entry
#        __iar_program_start --vfe
#
###############################################################################

*******************************************************************************
*** RUNTIME MODEL ATTRIBUTES
***

CppFlavor       = *
__SystemLibrary = DLib


*******************************************************************************
*** PLACEMENT SUMMARY
***

"A0":  place at 0x08000000 { ro section .intvec };
"P1":  place in [from 0x08000000 to 0x08007fff] { ro };
"P2":  place in [from 0x20000000 to 0x200017ff] { rw, block CSTACK, block HEAP };
initialize by copy { rw };

  Section            Kind        Address    Size  Object
  -------            ----        -------    ----  ------
"A0":                                       0xc0
  .intvec            ro code  0x08000000    0xc0  startup_stm32f042x6.o [1]
                            - 0x080000c0    0xc0

"P1":                                     0x5fec
  .text              ro code  0x080000c0  0x1374  main.o [1]
  .text              ro code  0x08001434    0x10  strcpy.o [5]
  .text              ro code  0x08001444    0x38  sprintf.o [3]
  .text              ro code  0x0800147c    0xdc  MicroMenu.o [1]
  .text              ro code  0x08001558   0x1d8  power.o [1]
  .text              ro code  0x08001730   0x1f8  adc.o [1]
  .text              ro code  0x08001928   0x164  sync.o [1]
  .text              ro code  0x08001a8c   0x194  battery.o [1]
  .text              ro code  0x08001c20    0xe0  I32DivModFast.o [5]
  .text              ro code  0x08001d00    0x50  ABImemset.o [5]
  .text              ro code  0x08001d50   0xa84  ug2864.o [1]
  .text              ro code  0x080027d4    0x10  strlen.o [5]
  .text              ro code  0x080027e4   0x230  lis3.o [1]
  .text              ro code  0x08002a14   0x1c4  fix16.o [1]
  .text              ro code  0x08002bd8   0x110  fix16_trig.o [1]
  .text              ro code  0x08002ce8   0x1f4  filter.o [1]
  .text              ro code  0x08002edc    0x34  I32ToDbl.o [4]
  .text              ro code  0x08002f10    0x32  I32ToFlt.o [4]
  .text              ro code  0x08002f42     0xa  xsprout.o [3]
  .text              ro code  0x08002f4c   0xd0a  xprintflarge_nomb.o [3]
  .rodata            const    0x08003c56     0x2  main.o [1]
  .text              ro code  0x08003c58    0x94  clock.o [1]
  .text              ro code  0x08003cec   0x4d8  IR.o [1]
  .text              ro code  0x080041c4   0x220  gpio.o [1]
  .text              ro code  0x080043e4   0x3da  i2c.o [1]
  .rodata            const    0x080047be     0x2  ug2864.o [1]
  .text              ro code  0x080047c0     0x2  IntDivZer.o [5]
  .text              ro code  0x080047c2    0xb0  FltMul.o [4]
  .rodata            const    0x08004872     0x2  ug2864.o [1]
  .text              ro code  0x08004874    0x3a  FltToS32.o [4]
  .text              ro code  0x080048ae     0x2  startup_stm32f042x6.o [1]
  .text              ro code  0x080048b0    0x28  FltCmpGe.o [4]
  .text              ro code  0x080048d8    0x60  delay.o [1]
  .text              ro code  0x08004938    0x32  I64Mul.o [5]
  .text              ro code  0x0800496a     0x2  startup_stm32f042x6.o [1]
  .text              ro code  0x0800496c    0xa4  fix16_sqrt.o [1]
  .text              ro code  0x08004a10   0x120  FltAddSub.o [4]
  .text              ro code  0x08004b30    0xaa  FltDiv.o [4]
  .text              ro code  0x08004bda     0x2  startup_stm32f042x6.o [1]
  .text              ro code  0x08004bdc    0x26  FltCmpLe.o [4]
  .text              ro code  0x08004c02    0x22  xfdtest.o [4]
  .text              ro code  0x08004c24    0x14  strchr.o [5]
  .text              ro code  0x08004c38    0x18  memchr.o [5]
  .text              ro code  0x08004c50    0x6a  I64DivMod.o [5]
  .text              ro code  0x08004cba     0x2  startup_stm32f042x6.o [1]
  .text              ro code  0x08004cbc    0x5c  ABImemcpy.o [5]
  .text              ro code  0x08004d18    0x32  DblCmpLe.o [4]
  .text              ro code  0x08004d4a   0x184  DblMul.o [4]
  .text              ro code  0x08004ece    0xc2  DblDiv.o [4]
  .text              ro code  0x08004f90    0x2e  DblToI32.o [4]
  .text              ro code  0x08004fbe   0x1a8  DblAddSub.o [4]
  .text              ro code  0x08005166    0x20  div.o [3]
  .text              ro code  0x08005186     0x2  startup_stm32f042x6.o [1]
  .text              ro code  0x08005188     0x2  I64DivZer.o [5]
  .text              ro code  0x0800518a     0x2  startup_stm32f042x6.o [1]
  .rodata            const    0x0800518c   0x600  ssdFonts.o [1]
  .rodata            const    0x0800578c   0x180  ssdFonts.o [1]
  .rodata            const    0x0800590c    0xa8  gpio.o [1]
  .text              ro code  0x080059b4    0x94  system_stm32f0xx.o [1]
  .text              ro code  0x08005a48    0x3c  startup_stm32f042x6.o [1]
  .text              ro code  0x08005a84    0x3c  zero_init3.o [5]
  .text              ro code  0x08005ac0    0x30  copy_init3.o [5]
  .rodata            const    0x08005af0    0x2c  main.o [1]
  .rodata            const    0x08005b1c    0x2c  main.o [1]
  .rodata            const    0x08005b48    0x2c  main.o [1]
  .rodata            const    0x08005b74    0x28  main.o [1]
  .rodata            const    0x08005b9c    0x28  main.o [1]
  .rodata            const    0x08005bc4    0x28  main.o [1]
  .rodata            const    0x08005bec    0x28  main.o [1]
  .rodata            const    0x08005c14    0x28  main.o [1]
  .rodata            const    0x08005c3c    0x28  main.o [1]
  .rodata            const    0x08005c64    0x28  main.o [1]
  .text              ro code  0x08005c8c    0x28  data_init.o [5]
  .rodata            const    0x08005cb4    0x24  main.o [1]
  .rodata            const    0x08005cd8    0x24  main.o [1]
  .rodata            const    0x08005cfc    0x24  main.o [1]
  .rodata            const    0x08005d20    0x24  main.o [1]
  .rodata            const    0x08005d44    0x24  main.o [1]
  .iar.init_table    const    0x08005d68    0x24  - Linker created -
  .rodata            const    0x08005d8c    0x20  main.o [1]
  .rodata            const    0x08005dac    0x20  main.o [1]
  .rodata            const    0x08005dcc    0x20  main.o [1]
  .rodata            const    0x08005dec    0x20  main.o [1]
  .text              ro code  0x08005e0c    0x1a  cmain.o [5]
  .text              ro code  0x08005e26     0x4  low_level_init.o [3]
  .text              ro code  0x08005e2a     0x8  exit.o [3]
  .text              ro code  0x08005e32     0x2  startup_stm32f042x6.o [1]
  .text              ro code  0x08005e34     0xa  cexit.o [5]
  .text              ro code  0x08005e3e     0x2  startup_stm32f042x6.o [1]
  .text              ro code  0x08005e40    0x14  exit.o [6]
  .rodata            const    0x08005e54    0x18  main.o [1]
  .rodata            const    0x08005e6c    0x18  MicroMenu.o [1]
  .rodata            const    0x08005e84    0x14  battery.o [1]
  .rodata            const    0x08005e98    0x14  main.o [1]
  .rodata            const    0x08005eac    0x14  main.o [1]
  .rodata            const    0x08005ec0    0x14  main.o [1]
  .rodata            const    0x08005ed4    0x14  main.o [1]
  .rodata            const    0x08005ee8    0x14  main.o [1]
  .rodata            const    0x08005efc    0x14  main.o [1]
  .rodata            const    0x08005f10    0x14  main.o [1]
  .rodata            const    0x08005f24    0x14  main.o [1]
  .rodata            const    0x08005f38    0x14  main.o [1]
  .rodata            const    0x08005f4c    0x14  sync.o [1]
  .rodata            const    0x08005f60    0x10  main.o [1]
  .rodata            const    0x08005f70    0x10  main.o [1]
  .rodata            const    0x08005f80    0x10  main.o [1]
  .rodata            const    0x08005f90    0x10  ssdGraph.o [1]
  .rodata            const    0x08005fa0    0x10  ssdGraph.o [1]
  .rodata            const    0x08005fb0     0xc  battery.o [1]
  .rodata            const    0x08005fbc     0xc  main.o [1]
  .rodata            const    0x08005fc8     0xc  main.o [1]
  .rodata            const    0x08005fd4     0xc  main.o [1]
  .rodata            const    0x08005fe0     0xc  main.o [1]
  .rodata            const    0x08005fec     0xc  main.o [1]
  .text              ro code  0x08005ff8     0xc  cstartup_M.o [5]
  .rodata            const    0x08006004     0x8  main.o [1]
  .rodata            const    0x0800600c     0x8  main.o [1]
  .rodata            const    0x08006014     0x8  main.o [1]
  .rodata            const    0x0800601c     0x8  main.o [1]
  .rodata            const    0x08006024     0x8  main.o [1]
  .rodata            const    0x0800602c     0x8  main.o [1]
  .rodata            const    0x08006034     0x8  main.o [1]
  .rodata            const    0x0800603c     0x8  main.o [1]
  .rodata            const    0x08006044     0x8  ssdGraph.o [1]
  .rodata            const    0x0800604c     0x8  ug2864.o [1]
  .rodata            const    0x08006054     0x8  ug2864.o [1]
  .rodata            const    0x0800605c     0x8  xprintflarge_nomb.o [3]
  Initializer bytes  const    0x08006064     0x8  <for P2-1>
  .rodata            const    0x0800606c     0x4  fix16.o [1]
  .rodata            const    0x08006070     0x4  fix16.o [1]
  .rodata            const    0x08006074     0x4  fix16_trig.o [1]
  .rodata            const    0x08006078     0x4  fix16_trig.o [1]
  .rodata            const    0x0800607c     0x4  fix16_trig.o [1]
  .rodata            const    0x08006080     0x4  ssdGraph.o [1]
  .text              ro code  0x08006084     0x2  startup_stm32f042x6.o [1]
  .text              ro code  0x08006086     0x2  startup_stm32f042x6.o [1]
  .text              ro code  0x08006088     0x2  startup_stm32f042x6.o [1]
  .text              ro code  0x0800608a     0x2  startup_stm32f042x6.o [1]
  .text              ro code  0x0800608c     0x2  startup_stm32f042x6.o [1]
  .text              ro code  0x0800608e     0x2  startup_stm32f042x6.o [1]
  .text              ro code  0x08006090     0x2  startup_stm32f042x6.o [1]
  .text              ro code  0x08006092     0x2  startup_stm32f042x6.o [1]
  .text              ro code  0x08006094     0x2  startup_stm32f042x6.o [1]
  .text              ro code  0x08006096     0x2  startup_stm32f042x6.o [1]
  .text              ro code  0x08006098     0x2  startup_stm32f042x6.o [1]
  .text              ro code  0x0800609a     0x2  startup_stm32f042x6.o [1]
  .text              ro code  0x0800609c     0x2  startup_stm32f042x6.o [1]
  .text              ro code  0x0800609e     0x2  startup_stm32f042x6.o [1]
  .text              ro code  0x080060a0     0x2  startup_stm32f042x6.o [1]
  .text              ro code  0x080060a2     0x2  startup_stm32f042x6.o [1]
  .text              ro code  0x080060a4     0x2  startup_stm32f042x6.o [1]
  .text              ro code  0x080060a6     0x2  startup_stm32f042x6.o [1]
  .text              ro code  0x080060a8     0x2  startup_stm32f042x6.o [1]
  .text              ro code  0x080060aa     0x2  startup_stm32f042x6.o [1]
  .rodata            const    0x080060ac     0x0  zero_init3.o [5]
  .rodata            const    0x080060ac     0x0  copy_init3.o [5]
                            - 0x080060ac  0x5fec

"P2", part 1 of 3:                           0x8
  P2-1                        0x20000000     0x8  <Init block>
    .data            inited   0x20000000     0x4  gpio.o [1]
    .data            inited   0x20000004     0x4  MicroMenu.o [1]
                            - 0x20000008     0x8

"P2", part 2 of 3:                         0x400
  CSTACK                      0x20000008   0x400  <Block>
    CSTACK           uninit   0x20000008   0x400  <Block tail>
                            - 0x20000408   0x400

"P2", part 3 of 3:                         0x9d0
  .bss               zero     0x20000408   0x404  ug2864.o [1]
  .bss               zero     0x2000080c   0x260  system.o [1]
  .bss               zero     0x20000a6c   0x16c  system.o [1]
  .bss               zero     0x20000bd8   0x128  MicroMenu.o [1]
  .bss               zero     0x20000d00    0x5c  filter.o [1]
  .bss               zero     0x20000d5c    0x18  filter.o [1]
  .bss               zero     0x20000d74    0x18  lis3.o [1]
  .bss               zero     0x20000d8c    0x14  IR.o [1]
  .bss               zero     0x20000da0    0x14  lis3.o [1]
  .bss               zero     0x20000db4     0x8  buttons.o [1]
  .bss               zero     0x20000dbc     0x8  power.o [1]
  .bss               zero     0x20000dc4     0x4  adc.o [1]
  .bss               zero     0x20000dc8     0x4  filter.o [1]
  .bss               zero     0x20000dcc     0x4  main.o [1]
  .bss               zero     0x20000dd0     0x4  system.o [1]
  .bss               zero     0x20000dd4     0x2  filter.o [1]
  .bss               zero     0x20000dd6     0x1  battery.o [1]
                            - 0x20000dd7   0x9cf


*******************************************************************************
*** INIT TABLE
***

          Address     Size
          -------     ----
Zero (__iar_zero_init3)
    1 destination range, total size 0x9cf:
          0x20000408  0x9cf

Copy (__iar_copy_init3)
    1 source range, total size 0x8:
          0x08006064    0x8
    1 destination range, total size 0x8:
          0x20000000    0x8



*******************************************************************************
*** MODULE SUMMARY
***

    Module                 ro code  ro data  rw data
    ------                 -------  -------  -------
C:\Users\4eef\Projects\Chronograph+\SW\Chrono-Terminal-V1.0\firmware\PROJ_DIR\Debug\Obj: [1]
    IR.o                     1 240                20
    MicroMenu.o                220       28      300
    adc.o                      504                 4
    battery.o                  404       32        1
    buttons.o                                      8
    clock.o                    148
    delay.o                     96
    filter.o                   500               122
    fix16.o                    452        8
    fix16_sqrt.o               164
    fix16_trig.o               272       12
    gpio.o                     544      172        4
    i2c.o                      986
    lis3.o                     560                44
    main.o                   4 980    1 098        4
    power.o                    472                 8
    ssdFonts.o                        1 920
    ssdGraph.o                           44
    startup_stm32f042x6.o      308
    sync.o                     356       20
    system.o                                     976
    system_stm32f0xx.o         148
    ug2864.o                 2 692       20    1 028
    ------------------------------------------------
    Total:                  15 046    3 354    2 519

command line: [2]
    ------------------------------------------------
    Total:

dl6M_tln.a: [3]
    div.o                       32
    exit.o                       8
    low_level_init.o             4
    sprintf.o                   56
    xprintflarge_nomb.o      3 338        8
    xsprout.o                   10
    ------------------------------------------------
    Total:                   3 448        8

m6M_tl.a: [4]
    DblAddSub.o                424
    DblCmpLe.o                  50
    DblDiv.o                   194
    DblMul.o                   388
    DblToI32.o                  46
    FltAddSub.o                288
    FltCmpGe.o                  40
    FltCmpLe.o                  38
    FltDiv.o                   170
    FltMul.o                   176
    FltToS32.o                  58
    I32ToDbl.o                  52
    I32ToFlt.o                  50
    xfdtest.o                   34
    ------------------------------------------------
    Total:                   2 008

rt6M_tl.a: [5]
    ABImemcpy.o                 92
    ABImemset.o                 80
    I32DivModFast.o            224
    I64DivMod.o                106
    I64DivZer.o                  2
    I64Mul.o                    50
    IntDivZer.o                  2
    cexit.o                     10
    cmain.o                     26
    copy_init3.o                48
    cstartup_M.o                12
    data_init.o                 40
    memchr.o                    24
    strchr.o                    20
    strcpy.o                    16
    strlen.o                    16
    zero_init3.o                60
    ------------------------------------------------
    Total:                     828

shb_l.a: [6]
    exit.o                      20
    ------------------------------------------------
    Total:                      20

    Linker created                       36    1 024
----------------------------------------------------
    Grand Total:            21 350    3 398    3 543


*******************************************************************************
*** ENTRY LIST
***

Entry                      Address   Size  Type      Object
-----                      -------   ----  ----      ------
.iar.init_table$$Base   0x08005d68          --   Gb  - Linker created -
.iar.init_table$$Limit  0x08005d8c          --   Gb  - Linker created -
?main                   0x08005e0d         Code  Gb  cmain.o [5]
ADC1_IRQHandler         0x08001871   0x82  Code  Gb  adc.o [1]
CSTACK$$Base            0x20000008          --   Gb  - Linker created -
CSTACK$$Limit           0x20000408          --   Gb  - Linker created -
CurrentMenuItem         0x20000dcc    0x4  Data  Gb  main.o [1]
CurrentMenuItem         0x20000004    0x4  Data  Lc  MicroMenu.o [1]
EXTI4_15_IRQHandler     0x080015f9   0x22  Code  Gb  power.o [1]
I2C1_IRQHandler         0x080047bd    0x2  Code  Gb  i2c.o [1]
I2CRx                   0x0800450d   0xec  Code  Gb  i2c.o [1]
I2CRxInit               0x08004475   0x98  Code  Gb  i2c.o [1]
I2CTx                   0x080046b1   0xec  Code  Gb  i2c.o [1]
I2CTxInit               0x080045f9   0x96  Code  Gb  i2c.o [1]
IRRXData                0x20000d8c   0x14  Data  Gb  IR.o [1]
LoadInt                 0x0800350d   0x68  Code  Lc  xprintflarge_nomb.o [3]
Menu_GetCurrentMenu     0x0800147d    0x6  Code  Gb  MicroMenu.o [1]
Menu_Navigate           0x08001483   0xbe  Code  Gb  MicroMenu.o [1]
NULL_MENU               0x08005e6c   0x18  Data  Gb  MicroMenu.o [1]
NVIC_DisableIRQ         0x0800173f    0xe  Code  Lc  adc.o [1]
NVIC_DisableIRQ         0x08003cfb    0xe  Code  Lc  IR.o [1]
NVIC_DisableIRQ         0x08001567    0xe  Code  Lc  power.o [1]
NVIC_EnableIRQ          0x08001731    0xe  Code  Lc  adc.o [1]
NVIC_EnableIRQ          0x08003ced    0xe  Code  Lc  IR.o [1]
NVIC_EnableIRQ          0x08001559    0xe  Code  Lc  power.o [1]
NVIC_SetPriority        0x0800174d   0x84  Code  Lc  adc.o [1]
NVIC_SetPriority        0x08003d09   0x84  Code  Lc  IR.o [1]
NVIC_SetPriority        0x08001575   0x84  Code  Lc  power.o [1]
PI_DIV_4                0x08006074    0x4  Data  Lc  fix16_trig.o [1]
Region$$Table$$Base     0x08005d68          --   Gb  - Linker created -
Region$$Table$$Limit    0x08005d8c          --   Gb  - Linker created -
SystemInit              0x080059b5   0x68  Code  Gb  system_stm32f0xx.o [1]
THREE_PI_DIV_4          0x08006078    0x4  Data  Lc  fix16_trig.o [1]
TIM2_IRQHandler         0x08003f09  0x28a  Code  Gb  IR.o [1]
_GenldLargeNoMb         0x08003989  0x29a  Code  Lc  xprintflarge_nomb.o [3]
_LdtobLargeNoMb         0x080036a1  0x2b0  Code  Lc  xprintflarge_nomb.o [3]
_LitobLargeNoMb         0x08003575  0x12a  Code  Lc  xprintflarge_nomb.o [3]
_PrintfLargeNoMb        0x08002f4d  0x5c0  Code  Gb  xprintflarge_nomb.o [3]
_PutcharsLargeNoMb      0x08003c23   0x30  Code  Lc  xprintflarge_nomb.o [3]
_SProut                 0x08002f43    0xa  Code  Gb  xsprout.o [3]
__ICFEDIT_region_RAM_end__ {Abs}
                        0x200017ff         Data  Gb  command line/config [2]
__ICFEDIT_region_RAM_start__ {Abs}
                        0x20000000         Data  Gb  command line/config [2]
__aeabi_cdcmple         0x08004d19         Code  Gb  DblCmpLe.o [4]
__aeabi_cfcmple         0x08004bdd         Code  Gb  FltCmpLe.o [4]
__aeabi_cfrcmple        0x080048b1         Code  Gb  FltCmpGe.o [4]
__aeabi_d2uiz           0x08004f91         Code  Gb  DblToI32.o [4]
__aeabi_ddiv            0x08004ecf         Code  Gb  DblDiv.o [4]
__aeabi_dmul            0x08004d4b         Code  Gb  DblMul.o [4]
__aeabi_dsub            0x08005079         Code  Gb  DblAddSub.o [4]
__aeabi_f2iz            0x08004875         Code  Gb  FltToS32.o [4]
__aeabi_fadd            0x08004a11         Code  Gb  FltAddSub.o [4]
__aeabi_fdiv            0x08004b31         Code  Gb  FltDiv.o [4]
__aeabi_fmul            0x080047c3         Code  Gb  FltMul.o [4]
__aeabi_fsub            0x08004a81         Code  Gb  FltAddSub.o [4]
__aeabi_i2d             0x08002edd         Code  Gb  I32ToDbl.o [4]
__aeabi_i2f             0x08002f11         Code  Gb  I32ToFlt.o [4]
__aeabi_idiv            0x08001c4d         Code  Gb  I32DivModFast.o [5]
__aeabi_idiv0           0x080047c1         Code  Gb  IntDivZer.o [5]
__aeabi_idivmod         0x08001c4d         Code  Gb  I32DivModFast.o [5]
__aeabi_ldiv0           0x08005189         Code  Gb  I64DivZer.o [5]
__aeabi_lmul            0x08004939         Code  Gb  I64Mul.o [5]
__aeabi_memcpy          0x08004cbd         Code  Gb  ABImemcpy.o [5]
__aeabi_memset          0x08001d01         Code  Gb  ABImemset.o [5]
__aeabi_ui2d            0x08002ef1         Code  Gb  I32ToDbl.o [4]
__aeabi_uidiv           0x08001c53         Code  Gb  I32DivModFast.o [5]
__aeabi_uidivmod        0x08001c53         Code  Gb  I32DivModFast.o [5]
__aeabi_uldivmod        0x08004c51         Code  Gb  I64DivMod.o [5]
__cmain                 0x08005e0d         Code  Gb  cmain.o [5]
__exit                  0x08005e41   0x14  Code  Gb  exit.o [6]
__iar_FDtest            0x08004c03   0x22  Code  Gb  xfdtest.o [4]
__iar_Memchr            0x08004c39   0x18  Code  Gb  memchr.o [5]
__iar_Memset4_word      0x08001d21         Code  Gb  ABImemset.o [5]
__iar_Memset_word       0x08001d0d         Code  Gb  ABImemset.o [5]
__iar_Strchr            0x08004c25   0x14  Code  Gb  strchr.o [5]
__iar_copy_init3        0x08005ac1   0x30  Code  Gb  copy_init3.o [5]
__iar_d2uiz             0x08004f95         Code  Gb  DblToI32.o [4]
__iar_data_init3        0x08005c8d   0x28  Code  Gb  data_init.o [5]
__iar_program_start     0x08005ff9         Code  Gb  cstartup_M.o [5]
__iar_ui2d              0x08002ef5         Code  Gb  I32ToDbl.o [4]
__iar_ui2f              0x08002f29         Code  Gb  I32ToFlt.o [4]
__iar_zero_init3        0x08005a85   0x3c  Code  Gb  zero_init3.o [5]
__low_level_init        0x08005e27    0x4  Code  Gb  low_level_init.o [3]
__vector_table          0x08000000         Data  Gb  startup_stm32f042x6.o [1]
_call_main              0x08005e19         Code  Gb  cmain.o [5]
_exit                   0x08005e35         Code  Gb  cexit.o [5]
_main                   0x08005e23         Code  Gb  cmain.o [5]
about                   0x08005dac   0x20  Data  Gb  main.o [1]
accGainCal              0x080028cb  0x12e  Code  Gb  lis3.o [1]
accel                   0x20000d74   0x18  Data  Gb  lis3.o [1]
adcData                 0x20000dc4    0x4  Data  Gb  adc.o [1]
adcDeinit               0x080017d1   0x24  Code  Gb  adc.o [1]
adcInit                 0x080017f5   0x7c  Code  Gb  adc.o [1]
battCalc                0x08001a8d  0x194  Code  Gb  battery.o [1]
battCalc::percFlag      0x20000dd6    0x1  Data  Lc  battery.o [1]
buttons                 0x20000db4    0x8  Data  Gb  buttons.o [1]
chrgSym                 0x08006044    0x8  Data  Gb  ssdGraph.o [1]
clz                     0x08002aa1   0x2c  Code  Lc  fix16.o [1]
deInitIR                0x08003e77   0x4a  Code  Gb  IR.o [1]
delay_us                0x080048d9   0x60  Code  Gb  delay.o [1]
display                 0x08005d8c   0x20  Data  Gb  main.o [1]
div                     0x08005167   0x20  Code  Gb  div.o [3]
drawMainScreen          0x080010b5  0x338  Code  Gb  main.o [1]
drawMenu                0x08000fb5   0xba  Code  Gb  main.o [1]
exit                    0x08005e2b    0x8  Code  Gb  exit.o [3]
fix16_add               0x08002a15   0x24  Code  Gb  fix16.o [1]
fix16_asin              0x08002bd9   0x46  Code  Gb  fix16_trig.o [1]
fix16_atan              0x08002cc5   0x10  Code  Gb  fix16_trig.o [1]
fix16_atan2             0x08002c1f   0xa6  Code  Gb  fix16_trig.o [1]
fix16_div               0x08002acd  0x104  Code  Gb  fix16.o [1]
fix16_min               0x0800606c    0x4  Data  Lc  fix16.o [1]
fix16_mul               0x08002a39   0x68  Code  Gb  fix16.o [1]
fix16_one               0x0800607c    0x4  Data  Lc  fix16_trig.o [1]
fix16_overflow          0x08006070    0x4  Data  Lc  fix16.o [1]
fix16_sqrt              0x0800496d   0xa4  Code  Gb  fix16_sqrt.o [1]
font12x16               0x0800578c  0x180  Data  Gb  ssdFonts.o [1]
font6x8                 0x0800518c  0x600  Data  Gb  ssdFonts.o [1]
gppin_init              0x080041ff  0x1cc  Code  Gb  gpio.o [1]
initClocks              0x08003c59   0x94  Code  Gb  clock.o [1]
initGpios               0x080041c5   0x3a  Code  Gb  gpio.o [1]
initI2C1                0x080043e5   0x90  Code  Gb  i2c.o [1]
initIRConfig            0x08003d8d   0xea  Code  Gb  IR.o [1]
initPeriphs             0x08001715   0x1c  Code  Gb  power.o [1]
kalman                  0x20000d00   0x5c  Data  Gb  filter.o [1]
kalmanAccCorr           0x08002d0d  0x186  Code  Gb  filter.o [1]
lis3AxisCal             0x20000da0   0x14  Data  Gb  lis3.o [1]
lis3_getXYZ             0x0800288b   0x40  Code  Gb  lis3.o [1]
lis3_read               0x0800284d   0x3e  Code  Gb  lis3.o [1]
lis3_write              0x08002821   0x2c  Code  Gb  lis3.o [1]
lis3init                0x080027e5   0x3c  Code  Gb  lis3.o [1]
lpf                     0x08002e93   0x2e  Code  Gb  filter.o [1]
lpf::Dacc               0x20000dc8    0x4  Data  Lc  filter.o [1]
lpf::Dout               0x20000dd4    0x2  Data  Lc  filter.o [1]
lpfAccPrim              0x08002ce9   0x24  Code  Gb  filter.o [1]
lpfPrim                 0x20000d5c   0x18  Data  Gb  filter.o [1]
main                    0x080000c1  0xa9c  Code  Gb  main.o [1]
mchron                  0x08005d20   0x24  Data  Gb  main.o [1]
mcommon                 0x08005dcc   0x20  Data  Gb  main.o [1]
meas                    0x2000080c  0x260  Data  Gb  system.o [1]
menu                    0x20000bd8  0x128  Data  Gb  MicroMenu.o [1]
menuFolder              0x08005f90   0x10  Data  Gb  ssdGraph.o [1]
menuScroll              0x08006080    0x4  Data  Gb  ssdGraph.o [1]
mincline                0x08005b9c   0x28  Data  Gb  main.o [1]
mode                    0x08005cb4   0x24  Data  Gb  main.o [1]
modeEdit                0x08000d01   0x72  Code  Gb  main.o [1]
parEdit                 0x08000c9d   0x48  Code  Gb  main.o [1]
parEditRedir            0x08000b99   0xf6  Code  Gb  main.o [1]
pellets                 0x20000a6c  0x16c  Data  Gb  system.o [1]
pinNum                  0x20000000    0x4  Data  Gb  gpio.o [1]
pinsMode                0x0800590c   0xa8  Data  Gb  gpio.o [1]
power                   0x20000dbc    0x8  Data  Gb  power.o [1]
powerOff                0x08001697   0x32  Code  Gb  power.o [1]
powerOn                 0x080016c9   0x12  Code  Gb  power.o [1]
q16TiltCalc             0x08000d81   0x48  Code  Gb  main.o [1]
scbind                  0x08005dec   0x20  Data  Gb  main.o [1]
scdist                  0x08005c64   0x28  Data  Gb  main.o [1]
schrono                 0x08005d44   0x24  Data  Gb  main.o [1]
sclipc                  0x08005bc4   0x28  Data  Gb  main.o [1]
service                 0x08005b74   0x28  Data  Gb  main.o [1]
setts                   0x08005cfc   0x24  Data  Gb  main.o [1]
sibrdr                  0x08005af0   0x2c  Data  Gb  main.o [1]
sigacal                 0x08005b48   0x2c  Data  Gb  main.o [1]
sincline                0x08005bec   0x28  Data  Gb  main.o [1]
siofcal                 0x08005b1c   0x2c  Data  Gb  main.o [1]
spofft                  0x08005c14   0x28  Data  Gb  main.o [1]
sprintf                 0x08001445   0x38  Code  Gb  sprintf.o [3]
ssdBatt                 0x08005fa0   0x10  Data  Gb  ssdGraph.o [1]
ssdVideoBff             0x20000408  0x404  Data  Gb  ug2864.o [1]
ssd_putBatt             0x0800230d  0x100  Code  Gb  ug2864.o [1]
ssd_putChar12x16        0x08002419   0xf4  Code  Gb  ug2864.o [1]
ssd_putChar6x8          0x08002531   0x5a  Code  Gb  ug2864.o [1]
ssd_putMenuFolder       0x080022bd   0x50  Code  Gb  ug2864.o [1]
ssd_putMenuScroll       0x080020cd   0xae  Code  Gb  ug2864.o [1]
ssd_putMsgBox           0x08001e19   0x8a  Code  Gb  ug2864.o [1]
ssd_putParBox           0x08001d51   0xc0  Code  Gb  ug2864.o [1]
ssd_putPitchBar         0x0800217b  0x13e  Code  Gb  ug2864.o [1]
ssd_putRollBar          0x08001ea3  0x220  Code  Gb  ug2864.o [1]
ssd_putString12x16      0x0800250d   0x24  Code  Gb  ug2864.o [1]
ssd_putString6x8        0x08002591   0x24  Code  Gb  ug2864.o [1]
ssd_setpix              0x080025b5   0xc8  Code  Gb  ug2864.o [1]
sswrst                  0x08005c3c   0x28  Data  Gb  main.o [1]
stats                   0x08005cd8   0x24  Data  Gb  main.o [1]
stopModeConfig          0x0800161b   0x7c  Code  Gb  power.o [1]
strcpy                  0x08001435         Code  Gb  strcpy.o [5]
strlen                  0x080027d5   0x10  Code  Gb  strlen.o [5]
sync                    0x08001983   0xc4  Code  Gb  sync.o [1]
syncInit                0x08001929   0x5a  Code  Gb  sync.o [1]
sysPars                 0x20000dd0    0x4  Data  Gb  system.o [1]
trxAccData              0x08000e11  0x18a  Code  Gb  main.o [1]
ug2864_com              0x08002763   0x2c  Code  Gb  ug2864.o [1]
ug2864_refresh          0x08002799   0x20  Code  Gb  ug2864.o [1]
ug2864init              0x080026b1   0xb2  Code  Gb  ug2864.o [1]
ug2864off               0x08002685   0x16  Code  Gb  ug2864.o [1]
ug2864on                0x0800269b   0x16  Code  Gb  ug2864.o [1]


[1] = C:\Users\4eef\Projects\Chronograph+\SW\Chrono-Terminal-V1.0\firmware\PROJ_DIR\Debug\Obj
[2] = command line
[3] = dl6M_tln.a
[4] = m6M_tl.a
[5] = rt6M_tl.a
[6] = shb_l.a

  21 350 bytes of readonly  code memory
   3 398 bytes of readonly  data memory
   3 543 bytes of readwrite data memory

Errors: none
Warnings: none
