###############################################################################
#
# IAR ELF Linker V7.80.2.11947/W32 for ARM                25/Feb/2017  17:54:44
# Copyright 2007-2016 IAR Systems AB.
#
#    Output file  =  
#        C:\Users\4eef\Projects\Chronograph+\SW\Chrono-Terminal-V1.0\firmware\PROJ_DIR\Debug\Exe\Chrono-Terminal-V1.0.out
#    Map file     =  
#        C:\Users\4eef\Projects\Chronograph+\SW\Chrono-Terminal-V1.0\firmware\PROJ_DIR\Debug\List\Chrono-Terminal-V1.0.map
#    Command line =  
#        C:\Users\4eef\Projects\Chronograph+\SW\Chrono-Terminal-V1.0\firmware\PROJ_DIR\Debug\Obj\adc.o
#        C:\Users\4eef\Projects\Chronograph+\SW\Chrono-Terminal-V1.0\firmware\PROJ_DIR\Debug\Obj\battery.o
#        C:\Users\4eef\Projects\Chronograph+\SW\Chrono-Terminal-V1.0\firmware\PROJ_DIR\Debug\Obj\buttons.o
#        C:\Users\4eef\Projects\Chronograph+\SW\Chrono-Terminal-V1.0\firmware\PROJ_DIR\Debug\Obj\clock.o
#        C:\Users\4eef\Projects\Chronograph+\SW\Chrono-Terminal-V1.0\firmware\PROJ_DIR\Debug\Obj\delay.o
#        C:\Users\4eef\Projects\Chronograph+\SW\Chrono-Terminal-V1.0\firmware\PROJ_DIR\Debug\Obj\filter.o
#        C:\Users\4eef\Projects\Chronograph+\SW\Chrono-Terminal-V1.0\firmware\PROJ_DIR\Debug\Obj\gpio.o
#        C:\Users\4eef\Projects\Chronograph+\SW\Chrono-Terminal-V1.0\firmware\PROJ_DIR\Debug\Obj\i2c.o
#        C:\Users\4eef\Projects\Chronograph+\SW\Chrono-Terminal-V1.0\firmware\PROJ_DIR\Debug\Obj\IR.o
#        C:\Users\4eef\Projects\Chronograph+\SW\Chrono-Terminal-V1.0\firmware\PROJ_DIR\Debug\Obj\lis3.o
#        C:\Users\4eef\Projects\Chronograph+\SW\Chrono-Terminal-V1.0\firmware\PROJ_DIR\Debug\Obj\main.o
#        C:\Users\4eef\Projects\Chronograph+\SW\Chrono-Terminal-V1.0\firmware\PROJ_DIR\Debug\Obj\MicroMenu.o
#        C:\Users\4eef\Projects\Chronograph+\SW\Chrono-Terminal-V1.0\firmware\PROJ_DIR\Debug\Obj\power.o
#        C:\Users\4eef\Projects\Chronograph+\SW\Chrono-Terminal-V1.0\firmware\PROJ_DIR\Debug\Obj\ssdFonts.o
#        C:\Users\4eef\Projects\Chronograph+\SW\Chrono-Terminal-V1.0\firmware\PROJ_DIR\Debug\Obj\ssdGraph.o
#        C:\Users\4eef\Projects\Chronograph+\SW\Chrono-Terminal-V1.0\firmware\PROJ_DIR\Debug\Obj\startup_stm32f042x6.o
#        C:\Users\4eef\Projects\Chronograph+\SW\Chrono-Terminal-V1.0\firmware\PROJ_DIR\Debug\Obj\sync.o
#        C:\Users\4eef\Projects\Chronograph+\SW\Chrono-Terminal-V1.0\firmware\PROJ_DIR\Debug\Obj\system.o
#        C:\Users\4eef\Projects\Chronograph+\SW\Chrono-Terminal-V1.0\firmware\PROJ_DIR\Debug\Obj\system_stm32f0xx.o
#        C:\Users\4eef\Projects\Chronograph+\SW\Chrono-Terminal-V1.0\firmware\PROJ_DIR\Debug\Obj\ug2864.o
#        -o
#        C:\Users\4eef\Projects\Chronograph+\SW\Chrono-Terminal-V1.0\firmware\PROJ_DIR\Debug\Exe\Chrono-Terminal-V1.0.out
#        --redirect _Printf=_PrintfLargeNoMb --map
#        C:\Users\4eef\Projects\Chronograph+\SW\Chrono-Terminal-V1.0\firmware\PROJ_DIR\Debug\List\Chrono-Terminal-V1.0.map
#        --config "C:\Program Files (x86)\IAR Systems\Embedded Workbench
#        7.5\arm\config\linker\ST\stm32f042x6.icf" --semihosting --entry
#        __iar_program_start --vfe
#
###############################################################################

*******************************************************************************
*** RUNTIME MODEL ATTRIBUTES
***

CppFlavor       = *
__SystemLibrary = DLib


*******************************************************************************
*** PLACEMENT SUMMARY
***

"A0":  place at 0x08000000 { ro section .intvec };
"P1":  place in [from 0x08000000 to 0x08007fff] { ro };
"P2":  place in [from 0x20000000 to 0x200017ff] { rw, block CSTACK, block HEAP };
initialize by copy { rw };

  Section             Kind        Address    Size  Object
  -------             ----        -------    ----  ------
"A0":                                        0xc0
  .intvec             ro code  0x08000000    0xc0  startup_stm32f042x6.o [1]
                             - 0x080000c0    0xc0

"P1":                                      0x69c6
  .text               ro code  0x080000c0  0x1708  main.o [1]
  .text               ro code  0x080017c8    0x10  strcpy.o [5]
  .text               ro code  0x080017d8    0x38  sprintf.o [3]
  .text               ro code  0x08001810   0x104  MicroMenu.o [1]
  .text               ro code  0x08001914   0x1d8  power.o [1]
  .text               ro code  0x08001aec   0x164  sync.o [1]
  .text               ro code  0x08001c50   0x194  battery.o [1]
  .text               ro code  0x08001de4   0x33c  buttons.o [1]
  .text               ro code  0x08002120    0xe0  I32DivModFast.o [5]
  .text               ro code  0x08002200    0x50  ABImemset.o [5]
  .text               ro code  0x08002250   0xa84  ug2864.o [1]
  .text               ro code  0x08002cd4   0x388  lis3.o [1]
  .text               ro code  0x0800305c    0x10  strlen.o [5]
  .text               ro code  0x0800306c    0xb0  FltMul.o [4]
  .text               ro code  0x0800311c   0x116  FltAddSub.o [4]
  .text               ro code  0x08003232     0xa  xsprout.o [3]
  .text               ro code  0x0800323c    0x20  FltCmpEq.o [4]
  .text               ro code  0x0800325c    0xaa  FltDiv.o [4]
  .rodata             const    0x08003306     0x2  main.o [1]
  .text               ro code  0x08003308    0x32  FltToDbl.o [4]
  .rodata             const    0x0800333a     0x2  ug2864.o [1]
  .text               ro code  0x0800333c    0x9c  atan.o [4]
  .text               ro code  0x080033d8   0x184  DblMul.o [4]
  .text               ro code  0x0800355c    0x62  DblToFlt.o [4]
  .rodata             const    0x080035be     0x2  ug2864.o [1]
  .text               ro code  0x080035c0    0x34  I32ToDbl.o [4]
  .text               ro code  0x080035f4    0xc2  DblDiv.o [4]
  .text               ro code  0x080036b6     0x2  startup_stm32f042x6.o [1]
  .text               ro code  0x080036b8   0x1fc  filter.o [1]
  .text               ro code  0x080038b4   0xd0a  xprintflarge_nomb.o [3]
  .text               ro code  0x080045be     0x2  startup_stm32f042x6.o [1]
  .text               ro code  0x080045c0    0x94  clock.o [1]
  .text               ro code  0x08004654   0x4d8  IR.o [1]
  .text               ro code  0x08004b2c   0x1f8  adc.o [1]
  .text               ro code  0x08004d24   0x220  gpio.o [1]
  .text               ro code  0x08004f44   0x3da  i2c.o [1]
  .text               ro code  0x0800531e     0x2  startup_stm32f042x6.o [1]
  .text               ro code  0x08005320     0x2  IntDivZer.o [5]
  .text               ro code  0x08005322     0x2  startup_stm32f042x6.o [1]
  .text               ro code  0x08005324    0x3a  FltToS32.o [4]
  .text               ro code  0x0800535e     0x2  startup_stm32f042x6.o [1]
  .text               ro code  0x08005360    0x32  I32ToFlt.o [4]
  .text               ro code  0x08005392     0x2  startup_stm32f042x6.o [1]
  .text               ro code  0x08005394    0x28  FltCmpGe.o [4]
  .text               ro code  0x080053bc    0x60  delay.o [1]
  .text               ro code  0x0800541c    0x32  DblCmpLe.o [4]
  .text               ro code  0x0800544e    0x32  DblCmpGe.o [4]
  .text               ro code  0x08005480   0x1e0  xatan.o [4]
  .text               ro code  0x08005660    0x52  DblToI32.o [4]
  .text               ro code  0x080056b2   0x1b4  DblAddSub.o [4]
  .text               ro code  0x08005866     0x2  startup_stm32f042x6.o [1]
  .text               ro code  0x08005868    0xec  asin.o [4]
  .text               ro code  0x08005954    0x30  xdtest.o [4]
  .text               ro code  0x08005984    0x14  strchr.o [5]
  .text               ro code  0x08005998    0x18  memchr.o [5]
  .text               ro code  0x080059b0    0x6a  I64DivMod.o [5]
  .text               ro code  0x08005a1a     0x2  startup_stm32f042x6.o [1]
  .text               ro code  0x08005a1c    0x5c  ABImemcpy.o [5]
  .text               ro code  0x08005a78    0x20  div.o [3]
  .text               ro code  0x08005a98    0xbe  sqrt.o [4]
  .text               ro code  0x08005b56     0x2  startup_stm32f042x6.o [1]
  .text               ro code  0x08005b58    0x10  errno.o [3]
  .text               ro code  0x08005b68     0x2  I64DivZer.o [5]
  .text               ro code  0x08005b6a     0x2  startup_stm32f042x6.o [1]
  .text               ro code  0x08005b6c     0xc  iarEdom.o [5]
  .text               ro code  0x08005b78     0x2  xtls.o [3]
  .text               ro code  0x08005b7a     0x2  startup_stm32f042x6.o [1]
  .rodata             const    0x08005b7c   0x600  ssdFonts.o [1]
  .rodata             const    0x0800617c   0x180  ssdFonts.o [1]
  .rodata             const    0x080062fc    0xc0  gpio.o [1]
  .text               ro code  0x080063bc    0x94  system_stm32f0xx.o [1]
  .text               ro code  0x08006450    0x3c  startup_stm32f042x6.o [1]
  .text               ro code  0x0800648c    0x3c  zero_init3.o [5]
  .text               ro code  0x080064c8    0x30  copy_init3.o [5]
  .rodata             const    0x080064f8    0x2c  main.o [1]
  .rodata             const    0x08006524    0x28  main.o [1]
  .rodata             const    0x0800654c    0x28  main.o [1]
  .rodata             const    0x08006574    0x28  main.o [1]
  .rodata             const    0x0800659c    0x28  main.o [1]
  .rodata             const    0x080065c4    0x28  main.o [1]
  .rodata             const    0x080065ec    0x28  main.o [1]
  .rodata             const    0x08006614    0x28  main.o [1]
  .text               ro code  0x0800663c    0x28  data_init.o [5]
  .rodata             const    0x08006664    0x24  main.o [1]
  .rodata             const    0x08006688    0x24  main.o [1]
  .rodata             const    0x080066ac    0x24  main.o [1]
  .rodata             const    0x080066d0    0x24  main.o [1]
  .rodata             const    0x080066f4    0x24  main.o [1]
  .rodata             const    0x08006718    0x24  main.o [1]
  .iar.init_table     const    0x0800673c    0x24  - Linker created -
  .rodata             const    0x08006760    0x20  main.o [1]
  .rodata             const    0x08006780    0x20  main.o [1]
  .rodata             const    0x080067a0    0x20  main.o [1]
  .rodata             const    0x080067c0    0x20  main.o [1]
  .text               ro code  0x080067e0    0x1a  cmain.o [5]
  .text               ro code  0x080067fa     0x4  low_level_init.o [3]
  .text               ro code  0x080067fe     0x8  exit.o [3]
  .text               ro code  0x08006806     0x2  startup_stm32f042x6.o [1]
  .text               ro code  0x08006808     0xa  cexit.o [5]
  .text               ro code  0x08006812     0x2  startup_stm32f042x6.o [1]
  .text               ro code  0x08006814    0x14  exit.o [6]
  .rodata             const    0x08006828    0x18  main.o [1]
  .rodata             const    0x08006840    0x18  MicroMenu.o [1]
  .rodata             const    0x08006858    0x14  battery.o [1]
  .rodata             const    0x0800686c    0x14  lis3.o [1]
  .rodata             const    0x08006880    0x14  main.o [1]
  .rodata             const    0x08006894    0x14  main.o [1]
  .rodata             const    0x080068a8    0x14  main.o [1]
  .rodata             const    0x080068bc    0x14  sync.o [1]
  .rodata             const    0x080068d0    0x10  main.o [1]
  .rodata             const    0x080068e0    0x10  main.o [1]
  .rodata             const    0x080068f0    0x10  main.o [1]
  .rodata             const    0x08006900    0x10  main.o [1]
  .rodata             const    0x08006910    0x10  main.o [1]
  .rodata             const    0x08006920    0x10  main.o [1]
  .rodata             const    0x08006930    0x10  main.o [1]
  .rodata             const    0x08006940    0x10  main.o [1]
  .rodata             const    0x08006950    0x10  main.o [1]
  .rodata             const    0x08006960    0x10  main.o [1]
  .rodata             const    0x08006970    0x10  ssdGraph.o [1]
  .rodata             const    0x08006980    0x10  ssdGraph.o [1]
  .rodata             const    0x08006990     0xc  battery.o [1]
  .rodata             const    0x0800699c     0xc  main.o [1]
  .rodata             const    0x080069a8     0xc  main.o [1]
  .rodata             const    0x080069b4     0xc  main.o [1]
  .rodata             const    0x080069c0     0xc  main.o [1]
  .rodata             const    0x080069cc     0xc  main.o [1]
  .rodata             const    0x080069d8     0xc  main.o [1]
  .text               ro code  0x080069e4     0xc  cstartup_M.o [5]
  Initializer bytes   const    0x080069f0     0xc  <for P2-1>
  .rodata             const    0x080069fc     0x8  main.o [1]
  .rodata             const    0x08006a04     0x8  main.o [1]
  .rodata             const    0x08006a0c     0x8  main.o [1]
  .rodata             const    0x08006a14     0x8  main.o [1]
  .rodata             const    0x08006a1c     0x8  main.o [1]
  .rodata             const    0x08006a24     0x8  main.o [1]
  .rodata             const    0x08006a2c     0x8  main.o [1]
  .rodata             const    0x08006a34     0x8  main.o [1]
  .rodata             const    0x08006a3c     0x8  main.o [1]
  .rodata             const    0x08006a44     0x8  ssdGraph.o [1]
  .rodata             const    0x08006a4c     0x8  ug2864.o [1]
  .rodata             const    0x08006a54     0x8  ug2864.o [1]
  .rodata             const    0x08006a5c     0x8  xprintflarge_nomb.o [3]
  .rodata             const    0x08006a64     0x4  ssdGraph.o [1]
  .text               ro code  0x08006a68     0x2  startup_stm32f042x6.o [1]
  .text               ro code  0x08006a6a     0x2  startup_stm32f042x6.o [1]
  .text               ro code  0x08006a6c     0x2  startup_stm32f042x6.o [1]
  .text               ro code  0x08006a6e     0x2  startup_stm32f042x6.o [1]
  .text               ro code  0x08006a70     0x2  startup_stm32f042x6.o [1]
  .text               ro code  0x08006a72     0x2  startup_stm32f042x6.o [1]
  .text               ro code  0x08006a74     0x2  startup_stm32f042x6.o [1]
  .text               ro code  0x08006a76     0x2  startup_stm32f042x6.o [1]
  .text               ro code  0x08006a78     0x2  startup_stm32f042x6.o [1]
  .text               ro code  0x08006a7a     0x2  startup_stm32f042x6.o [1]
  .text               ro code  0x08006a7c     0x2  startup_stm32f042x6.o [1]
  .text               ro code  0x08006a7e     0x2  startup_stm32f042x6.o [1]
  .text               ro code  0x08006a80     0x2  startup_stm32f042x6.o [1]
  .text               ro code  0x08006a82     0x2  startup_stm32f042x6.o [1]
  .text               ro code  0x08006a84     0x2  startup_stm32f042x6.o [1]
  .rodata             const    0x08006a86     0x0  zero_init3.o [5]
  .rodata             const    0x08006a86     0x0  copy_init3.o [5]
                             - 0x08006a86  0x69c6

"P2", part 1 of 3:                            0xc
  P2-1                         0x20000000     0xc  <Init block>
    .data             inited   0x20000000     0x4  gpio.o [1]
    .data             inited   0x20000004     0x4  MicroMenu.o [1]
    __DLIB_PERTHREAD  inited   0x20000008     0x4  errno.o [3]
                             - 0x2000000c     0xc

"P2", part 2 of 3:                          0x400
  CSTACK                       0x20000010   0x400  <Block>
    CSTACK            uninit   0x20000010   0x400  <Block tail>
                             - 0x20000410   0x400

"P2", part 3 of 3:                          0x9f4
  .bss                zero     0x20000410   0x404  ug2864.o [1]
  .bss                zero     0x20000814   0x264  system.o [1]
  .bss                zero     0x20000a78   0x16c  system.o [1]
  .bss                zero     0x20000be4   0x128  MicroMenu.o [1]
  .bss                zero     0x20000d0c    0x24  lis3.o [1]
  .bss                zero     0x20000d30    0x80  filter.o [1]
  .bss                zero     0x20000db0    0x1c  lis3.o [1]
  .bss                zero     0x20000dcc    0x14  IR.o [1]
  .bss                zero     0x20000de0     0x8  buttons.o [1]
  .bss                zero     0x20000de8     0x8  power.o [1]
  .bss                zero     0x20000df0     0x4  adc.o [1]
  .bss                zero     0x20000df4     0x4  filter.o [1]
  .bss                zero     0x20000df8     0x4  main.o [1]
  .bss                zero     0x20000dfc     0x4  system.o [1]
  .bss                zero     0x20000e00     0x2  filter.o [1]
  .bss                zero     0x20000e02     0x1  battery.o [1]
                             - 0x20000e03   0x9f3


*******************************************************************************
*** INIT TABLE
***

          Address     Size
          -------     ----
Zero (__iar_zero_init3)
    1 destination range, total size 0x9f3:
          0x20000410  0x9f3

Copy (__iar_copy_init3)
    1 source range, total size 0xc:
          0x080069f0    0xc
    1 destination range, total size 0xc:
          0x20000000    0xc



*******************************************************************************
*** MODULE SUMMARY
***

    Module                 ro code  ro data  rw data
    ------                 -------  -------  -------
C:\Users\4eef\Projects\Chronograph+\SW\Chrono-Terminal-V1.0\firmware\PROJ_DIR\Debug\Obj: [1]
    IR.o                     1 240                20
    MicroMenu.o                260       28      300
    adc.o                      504                 4
    battery.o                  404       32        1
    buttons.o                  828                 8
    clock.o                    148
    delay.o                     96
    filter.o                   508               134
    gpio.o                     544      196        4
    i2c.o                      986
    lis3.o                     904       20       64
    main.o                   5 896    1 058        4
    power.o                    472                 8
    ssdFonts.o                        1 920
    ssdGraph.o                           44
    startup_stm32f042x6.o      308
    sync.o                     356       20
    system.o                                     980
    system_stm32f0xx.o         148
    ug2864.o                 2 692       20    1 028
    ------------------------------------------------
    Total:                  16 294    3 338    2 555

command line: [2]
    ------------------------------------------------
    Total:

dl6M_tln.a: [3]
    div.o                       32
    errno.o                     16        4        4
    exit.o                       8
    low_level_init.o             4
    sprintf.o                   56
    xprintflarge_nomb.o      3 338        8
    xsprout.o                   10
    xtls.o                       2
    ------------------------------------------------
    Total:                   3 466       12        4

m6M_tl.a: [4]
    DblAddSub.o                436
    DblCmpGe.o                  50
    DblCmpLe.o                  50
    DblDiv.o                   194
    DblMul.o                   388
    DblToFlt.o                  98
    DblToI32.o                  82
    FltAddSub.o                278
    FltCmpEq.o                  32
    FltCmpGe.o                  40
    FltDiv.o                   170
    FltMul.o                   176
    FltToDbl.o                  50
    FltToS32.o                  58
    I32ToDbl.o                  52
    I32ToFlt.o                  50
    asin.o                     236
    atan.o                     156
    sqrt.o                     190
    xatan.o                    480
    xdtest.o                    48
    ------------------------------------------------
    Total:                   3 314

rt6M_tl.a: [5]
    ABImemcpy.o                 92
    ABImemset.o                 80
    I32DivModFast.o            224
    I64DivMod.o                106
    I64DivZer.o                  2
    IntDivZer.o                  2
    cexit.o                     10
    cmain.o                     26
    copy_init3.o                48
    cstartup_M.o                12
    data_init.o                 40
    iarEdom.o                   12
    memchr.o                    24
    strchr.o                    20
    strcpy.o                    16
    strlen.o                    16
    zero_init3.o                60
    ------------------------------------------------
    Total:                     790

shb_l.a: [6]
    exit.o                      20
    ------------------------------------------------
    Total:                      20

    Linker created                       36    1 024
----------------------------------------------------
    Grand Total:            23 884    3 386    3 583


*******************************************************************************
*** ENTRY LIST
***

Entry                      Address   Size  Type      Object
-----                      -------   ----  ----      ------
.iar.init_table$$Base   0x0800673c          --   Gb  - Linker created -
.iar.init_table$$Limit  0x08006760          --   Gb  - Linker created -
?main                   0x080067e1         Code  Gb  cmain.o [5]
ADC1_IRQHandler         0x08004c6d   0x82  Code  Gb  adc.o [1]
CSTACK$$Base            0x20000010          --   Gb  - Linker created -
CSTACK$$Limit           0x20000410          --   Gb  - Linker created -
CurrentMenuItem         0x20000df8    0x4  Data  Gb  main.o [1]
CurrentMenuItem         0x20000004    0x4  Data  Lc  MicroMenu.o [1]
EXTI4_15_IRQHandler     0x080019b5   0x22  Code  Gb  power.o [1]
I2C1_IRQHandler         0x0800531d    0x2  Code  Gb  i2c.o [1]
I2CRx                   0x0800506d   0xec  Code  Gb  i2c.o [1]
I2CRxInit               0x08004fd5   0x98  Code  Gb  i2c.o [1]
I2CTx                   0x08005211   0xec  Code  Gb  i2c.o [1]
I2CTxInit               0x08005159   0x96  Code  Gb  i2c.o [1]
IRRXData                0x20000dcc   0x14  Data  Gb  IR.o [1]
LoadInt                 0x08003e75   0x68  Code  Lc  xprintflarge_nomb.o [3]
Menu_EnterCurrentItem   0x080018d5   0x26  Code  Gb  MicroMenu.o [1]
Menu_GetCurrentMenu     0x08001811    0x6  Code  Gb  MicroMenu.o [1]
Menu_Navigate           0x08001817   0xbe  Code  Gb  MicroMenu.o [1]
NULL_MENU               0x08006840   0x18  Data  Gb  MicroMenu.o [1]
NVIC_DisableIRQ         0x08004b3b    0xe  Code  Lc  adc.o [1]
NVIC_DisableIRQ         0x08004663    0xe  Code  Lc  IR.o [1]
NVIC_DisableIRQ         0x08001923    0xe  Code  Lc  power.o [1]
NVIC_EnableIRQ          0x08004b2d    0xe  Code  Lc  adc.o [1]
NVIC_EnableIRQ          0x08004655    0xe  Code  Lc  IR.o [1]
NVIC_EnableIRQ          0x08001915    0xe  Code  Lc  power.o [1]
NVIC_SetPriority        0x08004b49   0x84  Code  Lc  adc.o [1]
NVIC_SetPriority        0x08004671   0x84  Code  Lc  IR.o [1]
NVIC_SetPriority        0x08001931   0x84  Code  Lc  power.o [1]
Region$$Table$$Base     0x0800673c          --   Gb  - Linker created -
Region$$Table$$Limit    0x08006760          --   Gb  - Linker created -
SystemInit              0x080063bd   0x68  Code  Gb  system_stm32f0xx.o [1]
TIM2_IRQHandler         0x08004871  0x28a  Code  Gb  IR.o [1]
_GenldLargeNoMb         0x080042f1  0x29a  Code  Lc  xprintflarge_nomb.o [3]
_LdtobLargeNoMb         0x08004009  0x2b0  Code  Lc  xprintflarge_nomb.o [3]
_LitobLargeNoMb         0x08003edd  0x12a  Code  Lc  xprintflarge_nomb.o [3]
_PrintfLargeNoMb        0x080038b5  0x5c0  Code  Gb  xprintflarge_nomb.o [3]
_PutcharsLargeNoMb      0x0800458b   0x30  Code  Lc  xprintflarge_nomb.o [3]
_SProut                 0x08003233    0xa  Code  Gb  xsprout.o [3]
__ICFEDIT_region_RAM_end__ {Abs}
                        0x200017ff         Data  Gb  command line/config [2]
__ICFEDIT_region_RAM_start__ {Abs}
                        0x20000000         Data  Gb  command line/config [2]
__aeabi_cdcmple         0x0800541d         Code  Gb  DblCmpLe.o [4]
__aeabi_cdrcmple        0x0800544f         Code  Gb  DblCmpGe.o [4]
__aeabi_cfcmpeq         0x0800323d         Code  Gb  FltCmpEq.o [4]
__aeabi_cfrcmple        0x08005395         Code  Gb  FltCmpGe.o [4]
__aeabi_d2f             0x0800355d         Code  Gb  DblToFlt.o [4]
__aeabi_d2iz            0x08005661         Code  Gb  DblToI32.o [4]
__aeabi_d2uiz           0x08005685         Code  Gb  DblToI32.o [4]
__aeabi_dadd            0x080056b3         Code  Gb  DblAddSub.o [4]
__aeabi_ddiv            0x080035f5         Code  Gb  DblDiv.o [4]
__aeabi_dmul            0x080033d9         Code  Gb  DblMul.o [4]
__aeabi_dsub            0x08005779         Code  Gb  DblAddSub.o [4]
__aeabi_errno_addr      0x08005b59    0xa  Code  Gb  errno.o [3]
__aeabi_f2d             0x08003309         Code  Gb  FltToDbl.o [4]
__aeabi_f2iz            0x08005325         Code  Gb  FltToS32.o [4]
__aeabi_fadd            0x0800311d         Code  Gb  FltAddSub.o [4]
__aeabi_fdiv            0x0800325d         Code  Gb  FltDiv.o [4]
__aeabi_fmul            0x0800306d         Code  Gb  FltMul.o [4]
__aeabi_i2d             0x080035c1         Code  Gb  I32ToDbl.o [4]
__aeabi_i2f             0x08005361         Code  Gb  I32ToFlt.o [4]
__aeabi_idiv            0x0800214d         Code  Gb  I32DivModFast.o [5]
__aeabi_idiv0           0x08005321         Code  Gb  IntDivZer.o [5]
__aeabi_idivmod         0x0800214d         Code  Gb  I32DivModFast.o [5]
__aeabi_ldiv0           0x08005b69         Code  Gb  I64DivZer.o [5]
__aeabi_memcpy          0x08005a1d         Code  Gb  ABImemcpy.o [5]
__aeabi_memset          0x08002201         Code  Gb  ABImemset.o [5]
__aeabi_ui2d            0x080035d5         Code  Gb  I32ToDbl.o [4]
__aeabi_uidiv           0x08002153         Code  Gb  I32DivModFast.o [5]
__aeabi_uidivmod        0x08002153         Code  Gb  I32DivModFast.o [5]
__aeabi_uldivmod        0x080059b1         Code  Gb  I64DivMod.o [5]
__cmain                 0x080067e1         Code  Gb  cmain.o [5]
__exit                  0x08006815   0x14  Code  Gb  exit.o [6]
__iar_Atan              0x08005481  0x148  Code  Gb  xatan.o [4]
__iar_Dtest             0x08005955   0x30  Code  Gb  xdtest.o [4]
__iar_Errno             0x20000008    0x4  Data  Gb  errno.o [3]
__iar_Memchr            0x08005999   0x18  Code  Gb  memchr.o [5]
__iar_Memset4_word      0x08002221         Code  Gb  ABImemset.o [5]
__iar_Memset_word       0x0800220d         Code  Gb  ABImemset.o [5]
__iar_Strchr            0x08005985   0x14  Code  Gb  strchr.o [5]
__iar_copy_init3        0x080064c9   0x30  Code  Gb  copy_init3.o [5]
__iar_d2uiz             0x08005689         Code  Gb  DblToI32.o [4]
__iar_data_init3        0x0800663d   0x28  Code  Gb  data_init.o [5]
__iar_dlib_perthread_access
                        0x08005b79    0x2  Code  Gb  xtls.o [3]
__iar_edom              0x08005b6d         Code  Gb  iarEdom.o [5]
__iar_program_start     0x080069e5         Code  Gb  cstartup_M.o [5]
__iar_sqrt              0x08005a99         Code  Gb  sqrt.o [4]
__iar_ui2d              0x080035d9         Code  Gb  I32ToDbl.o [4]
__iar_ui2f              0x08005379         Code  Gb  I32ToFlt.o [4]
__iar_zero_init3        0x0800648d   0x3c  Code  Gb  zero_init3.o [5]
__low_level_init        0x080067fb    0x4  Code  Gb  low_level_init.o [3]
__vector_table          0x08000000         Data  Gb  startup_stm32f042x6.o [1]
_call_main              0x080067ed         Code  Gb  cmain.o [5]
_exit                   0x08006809         Code  Gb  cexit.o [5]
_main                   0x080067f7         Code  Gb  cmain.o [5]
a                       0x08005620   0x40  Data  Lc  xatan.o [4]
about                   0x08006780   0x20  Data  Gb  main.o [1]
accAxisCal              0x08002e05  0x22e  Code  Gb  lis3.o [1]
accel                   0x20000db0   0x1c  Data  Gb  lis3.o [1]
adcData                 0x20000df0    0x4  Data  Gb  adc.o [1]
adcDeinit               0x08004bcd   0x24  Code  Gb  adc.o [1]
adcInit                 0x08004bf1   0x7c  Code  Gb  adc.o [1]
asin                    0x08005869   0xec  Code  Gb  asin.o [4]
atan                    0x0800333d   0x9c  Code  Gb  atan.o [4]
battCalc                0x08001c51  0x194  Code  Gb  battery.o [1]
battCalc::percFlag      0x20000e02    0x1  Data  Lc  battery.o [1]
btnCntsClr              0x080020f5   0x1a  Code  Gb  buttons.o [1]
buttons                 0x20000de0    0x8  Data  Gb  buttons.o [1]
chrgSym                 0x08006a44    0x8  Data  Gb  ssdGraph.o [1]
deInitIR                0x080047df   0x4a  Code  Gb  IR.o [1]
delay_us                0x080053bd   0x60  Code  Gb  delay.o [1]
display                 0x08006760   0x20  Data  Gb  main.o [1]
div                     0x08005a79   0x20  Code  Gb  div.o [3]
drawMainScreen          0x0800147d  0x304  Code  Gb  main.o [1]
drawMenu                0x08001371   0xba  Code  Gb  main.o [1]
exit                    0x080067ff    0x8  Code  Gb  exit.o [3]
font12x16               0x0800617c  0x180  Data  Gb  ssdFonts.o [1]
font6x8                 0x08005b7c  0x600  Data  Gb  ssdFonts.o [1]
getButtonState          0x08001de5  0x300  Code  Gb  buttons.o [1]
gppin_init              0x08004d5f  0x1cc  Code  Gb  gpio.o [1]
initClocks              0x080045c1   0x94  Code  Gb  clock.o [1]
initGpios               0x08004d25   0x3a  Code  Gb  gpio.o [1]
initI2C1                0x08004f45   0x90  Code  Gb  i2c.o [1]
initIRConfig            0x080046f5   0xea  Code  Gb  IR.o [1]
initPeriphs             0x08001ad1   0x1c  Code  Gb  power.o [1]
kalman                  0x20000d30   0x80  Data  Gb  filter.o [1]
kalmanAccCorr           0x080036b9  0x1ac  Code  Gb  filter.o [1]
lis3AxisCal             0x20000d0c   0x24  Data  Gb  lis3.o [1]
lis3_getXYZ             0x08002d7b   0x82  Code  Gb  lis3.o [1]
lis3_read               0x08002d3d   0x3e  Code  Gb  lis3.o [1]
lis3_write              0x08002d11   0x2c  Code  Gb  lis3.o [1]
lis3init                0x08002cd5   0x3c  Code  Gb  lis3.o [1]
lpf                     0x08003865   0x2e  Code  Gb  filter.o [1]
lpf::Dacc               0x20000df4    0x4  Data  Lc  filter.o [1]
lpf::Dout               0x20000e00    0x2  Data  Lc  filter.o [1]
main                    0x080000c1  0xe38  Code  Gb  main.o [1]
mchron                  0x080066d0   0x24  Data  Gb  main.o [1]
mcommon                 0x080067a0   0x20  Data  Gb  main.o [1]
meas                    0x20000814  0x264  Data  Gb  system.o [1]
menu                    0x20000be4  0x128  Data  Gb  MicroMenu.o [1]
menuFolder              0x08006970   0x10  Data  Gb  ssdGraph.o [1]
menuScroll              0x08006a64    0x4  Data  Gb  ssdGraph.o [1]
mincline                0x0800654c   0x28  Data  Gb  main.o [1]
mode                    0x08006664   0x24  Data  Gb  main.o [1]
modeEdit                0x080010a9   0x72  Code  Gb  main.o [1]
parEdit                 0x08001049   0x48  Code  Gb  main.o [1]
parEditRedir            0x08000f39  0x104  Code  Gb  main.o [1]
pellets                 0x20000a78  0x16c  Data  Gb  system.o [1]
pinNum                  0x20000000    0x4  Data  Gb  gpio.o [1]
pinsMode                0x080062fc   0xc0  Data  Gb  gpio.o [1]
power                   0x20000de8    0x8  Data  Gb  power.o [1]
powerOff                0x08001a53   0x32  Code  Gb  power.o [1]
powerOn                 0x08001a85   0x12  Code  Gb  power.o [1]
s16fNorm                0x0800118d   0x3c  Code  Gb  main.o [1]
scbind                  0x080067c0   0x20  Data  Gb  main.o [1]
scdist                  0x08006614   0x28  Data  Gb  main.o [1]
schrono                 0x080066f4   0x24  Data  Gb  main.o [1]
sclipc                  0x08006574   0x28  Data  Gb  main.o [1]
service                 0x08006524   0x28  Data  Gb  main.o [1]
setts                   0x080066ac   0x24  Data  Gb  main.o [1]
sibrdr                  0x080064f8   0x2c  Data  Gb  main.o [1]
sical                   0x08006718   0x24  Data  Gb  main.o [1]
sincline                0x0800659c   0x28  Data  Gb  main.o [1]
spofft                  0x080065c4   0x28  Data  Gb  main.o [1]
sprintf                 0x080017d9   0x38  Code  Gb  sprintf.o [3]
sqrt                    0x08005a99         Code  Gb  sqrt.o [4]
sqrtl                   0x08005a99         Code  Gb  sqrt.o [4]
ssdBatt                 0x08006980   0x10  Data  Gb  ssdGraph.o [1]
ssdVideoBff             0x20000410  0x404  Data  Gb  ug2864.o [1]
ssd_putBatt             0x0800280d  0x100  Code  Gb  ug2864.o [1]
ssd_putChar12x16        0x08002919   0xf4  Code  Gb  ug2864.o [1]
ssd_putChar6x8          0x08002a31   0x5a  Code  Gb  ug2864.o [1]
ssd_putMenuFolder       0x080027bd   0x50  Code  Gb  ug2864.o [1]
ssd_putMenuScroll       0x080025cd   0xae  Code  Gb  ug2864.o [1]
ssd_putMsgBox           0x08002319   0x8a  Code  Gb  ug2864.o [1]
ssd_putParBox           0x08002251   0xc0  Code  Gb  ug2864.o [1]
ssd_putPitchBar         0x0800267b  0x13e  Code  Gb  ug2864.o [1]
ssd_putRollBar          0x080023a3  0x220  Code  Gb  ug2864.o [1]
ssd_putString12x16      0x08002a0d   0x24  Code  Gb  ug2864.o [1]
ssd_putString6x8        0x08002a91   0x24  Code  Gb  ug2864.o [1]
ssd_setpix              0x08002ab5   0xc8  Code  Gb  ug2864.o [1]
stats                   0x08006688   0x24  Data  Gb  main.o [1]
stopModeConfig          0x080019d7   0x7c  Code  Gb  power.o [1]
strcpy                  0x080017c9         Code  Gb  strcpy.o [5]
strlen                  0x0800305d   0x10  Code  Gb  strlen.o [5]
swusrc                  0x080065ec   0x28  Data  Gb  main.o [1]
sync                    0x08001b47   0xc4  Code  Gb  sync.o [1]
syncInit                0x08001aed   0x5a  Code  Gb  sync.o [1]
sysPars                 0x20000dfc    0x4  Data  Gb  system.o [1]
tiltAngCalc             0x08001121   0x5e  Code  Gb  main.o [1]
trxAccData              0x0800120d  0x148  Code  Gb  main.o [1]
ug2864_com              0x08002c63   0x2c  Code  Gb  ug2864.o [1]
ug2864_refresh          0x08002c99   0x20  Code  Gb  ug2864.o [1]
ug2864init              0x08002bb1   0xb2  Code  Gb  ug2864.o [1]
ug2864off               0x08002b85   0x16  Code  Gb  ug2864.o [1]
ug2864on                0x08002b9b   0x16  Code  Gb  ug2864.o [1]


[1] = C:\Users\4eef\Projects\Chronograph+\SW\Chrono-Terminal-V1.0\firmware\PROJ_DIR\Debug\Obj
[2] = command line
[3] = dl6M_tln.a
[4] = m6M_tl.a
[5] = rt6M_tl.a
[6] = shb_l.a

  23 884 bytes of readonly  code memory
   3 386 bytes of readonly  data memory
   3 583 bytes of readwrite data memory

Errors: none
Warnings: none
