###############################################################################
#
# IAR ELF Linker V7.80.2.11947/W32 for ARM                18/Jan/2017  23:26:15
# Copyright 2007-2016 IAR Systems AB.
#
#    Output file  =  
#        C:\Users\4eef\Projects\Chronograph+\SW\Chrono-Terminal-V1.0\firmware\PROJ_DIR\Debug\Exe\Chrono-Terminal-V1.0.out
#    Map file     =  
#        C:\Users\4eef\Projects\Chronograph+\SW\Chrono-Terminal-V1.0\firmware\PROJ_DIR\Debug\List\Chrono-Terminal-V1.0.map
#    Command line =  
#        C:\Users\4eef\Projects\Chronograph+\SW\Chrono-Terminal-V1.0\firmware\PROJ_DIR\Debug\Obj\adc.o
#        C:\Users\4eef\Projects\Chronograph+\SW\Chrono-Terminal-V1.0\firmware\PROJ_DIR\Debug\Obj\clock.o
#        C:\Users\4eef\Projects\Chronograph+\SW\Chrono-Terminal-V1.0\firmware\PROJ_DIR\Debug\Obj\delay.o
#        C:\Users\4eef\Projects\Chronograph+\SW\Chrono-Terminal-V1.0\firmware\PROJ_DIR\Debug\Obj\filter.o
#        C:\Users\4eef\Projects\Chronograph+\SW\Chrono-Terminal-V1.0\firmware\PROJ_DIR\Debug\Obj\gpio.o
#        C:\Users\4eef\Projects\Chronograph+\SW\Chrono-Terminal-V1.0\firmware\PROJ_DIR\Debug\Obj\i2c.o
#        C:\Users\4eef\Projects\Chronograph+\SW\Chrono-Terminal-V1.0\firmware\PROJ_DIR\Debug\Obj\IR.o
#        C:\Users\4eef\Projects\Chronograph+\SW\Chrono-Terminal-V1.0\firmware\PROJ_DIR\Debug\Obj\lis3.o
#        C:\Users\4eef\Projects\Chronograph+\SW\Chrono-Terminal-V1.0\firmware\PROJ_DIR\Debug\Obj\main.o
#        C:\Users\4eef\Projects\Chronograph+\SW\Chrono-Terminal-V1.0\firmware\PROJ_DIR\Debug\Obj\MicroMenu.o
#        C:\Users\4eef\Projects\Chronograph+\SW\Chrono-Terminal-V1.0\firmware\PROJ_DIR\Debug\Obj\ssdFonts.o
#        C:\Users\4eef\Projects\Chronograph+\SW\Chrono-Terminal-V1.0\firmware\PROJ_DIR\Debug\Obj\ssdGraph.o
#        C:\Users\4eef\Projects\Chronograph+\SW\Chrono-Terminal-V1.0\firmware\PROJ_DIR\Debug\Obj\startup_stm32f042x6.o
#        C:\Users\4eef\Projects\Chronograph+\SW\Chrono-Terminal-V1.0\firmware\PROJ_DIR\Debug\Obj\stm32f0xx_hal.o
#        C:\Users\4eef\Projects\Chronograph+\SW\Chrono-Terminal-V1.0\firmware\PROJ_DIR\Debug\Obj\stm32f0xx_hal_adc.o
#        C:\Users\4eef\Projects\Chronograph+\SW\Chrono-Terminal-V1.0\firmware\PROJ_DIR\Debug\Obj\stm32f0xx_hal_adc_ex.o
#        C:\Users\4eef\Projects\Chronograph+\SW\Chrono-Terminal-V1.0\firmware\PROJ_DIR\Debug\Obj\stm32f0xx_hal_can.o
#        C:\Users\4eef\Projects\Chronograph+\SW\Chrono-Terminal-V1.0\firmware\PROJ_DIR\Debug\Obj\stm32f0xx_hal_cec.o
#        C:\Users\4eef\Projects\Chronograph+\SW\Chrono-Terminal-V1.0\firmware\PROJ_DIR\Debug\Obj\stm32f0xx_hal_comp.o
#        C:\Users\4eef\Projects\Chronograph+\SW\Chrono-Terminal-V1.0\firmware\PROJ_DIR\Debug\Obj\stm32f0xx_hal_cortex.o
#        C:\Users\4eef\Projects\Chronograph+\SW\Chrono-Terminal-V1.0\firmware\PROJ_DIR\Debug\Obj\stm32f0xx_hal_crc.o
#        C:\Users\4eef\Projects\Chronograph+\SW\Chrono-Terminal-V1.0\firmware\PROJ_DIR\Debug\Obj\stm32f0xx_hal_crc_ex.o
#        C:\Users\4eef\Projects\Chronograph+\SW\Chrono-Terminal-V1.0\firmware\PROJ_DIR\Debug\Obj\stm32f0xx_hal_dac.o
#        C:\Users\4eef\Projects\Chronograph+\SW\Chrono-Terminal-V1.0\firmware\PROJ_DIR\Debug\Obj\stm32f0xx_hal_dac_ex.o
#        C:\Users\4eef\Projects\Chronograph+\SW\Chrono-Terminal-V1.0\firmware\PROJ_DIR\Debug\Obj\stm32f0xx_hal_dma.o
#        C:\Users\4eef\Projects\Chronograph+\SW\Chrono-Terminal-V1.0\firmware\PROJ_DIR\Debug\Obj\stm32f0xx_hal_flash.o
#        C:\Users\4eef\Projects\Chronograph+\SW\Chrono-Terminal-V1.0\firmware\PROJ_DIR\Debug\Obj\stm32f0xx_hal_flash_ex.o
#        C:\Users\4eef\Projects\Chronograph+\SW\Chrono-Terminal-V1.0\firmware\PROJ_DIR\Debug\Obj\stm32f0xx_hal_gpio.o
#        C:\Users\4eef\Projects\Chronograph+\SW\Chrono-Terminal-V1.0\firmware\PROJ_DIR\Debug\Obj\stm32f0xx_hal_i2c.o
#        C:\Users\4eef\Projects\Chronograph+\SW\Chrono-Terminal-V1.0\firmware\PROJ_DIR\Debug\Obj\stm32f0xx_hal_i2c_ex.o
#        C:\Users\4eef\Projects\Chronograph+\SW\Chrono-Terminal-V1.0\firmware\PROJ_DIR\Debug\Obj\stm32f0xx_hal_i2s.o
#        C:\Users\4eef\Projects\Chronograph+\SW\Chrono-Terminal-V1.0\firmware\PROJ_DIR\Debug\Obj\stm32f0xx_hal_irda.o
#        C:\Users\4eef\Projects\Chronograph+\SW\Chrono-Terminal-V1.0\firmware\PROJ_DIR\Debug\Obj\stm32f0xx_hal_iwdg.o
#        C:\Users\4eef\Projects\Chronograph+\SW\Chrono-Terminal-V1.0\firmware\PROJ_DIR\Debug\Obj\stm32f0xx_hal_msp.o
#        C:\Users\4eef\Projects\Chronograph+\SW\Chrono-Terminal-V1.0\firmware\PROJ_DIR\Debug\Obj\stm32f0xx_hal_pcd.o
#        C:\Users\4eef\Projects\Chronograph+\SW\Chrono-Terminal-V1.0\firmware\PROJ_DIR\Debug\Obj\stm32f0xx_hal_pcd_ex.o
#        C:\Users\4eef\Projects\Chronograph+\SW\Chrono-Terminal-V1.0\firmware\PROJ_DIR\Debug\Obj\stm32f0xx_hal_pwr.o
#        C:\Users\4eef\Projects\Chronograph+\SW\Chrono-Terminal-V1.0\firmware\PROJ_DIR\Debug\Obj\stm32f0xx_hal_pwr_ex.o
#        C:\Users\4eef\Projects\Chronograph+\SW\Chrono-Terminal-V1.0\firmware\PROJ_DIR\Debug\Obj\stm32f0xx_hal_rcc.o
#        C:\Users\4eef\Projects\Chronograph+\SW\Chrono-Terminal-V1.0\firmware\PROJ_DIR\Debug\Obj\stm32f0xx_hal_rcc_ex.o
#        C:\Users\4eef\Projects\Chronograph+\SW\Chrono-Terminal-V1.0\firmware\PROJ_DIR\Debug\Obj\stm32f0xx_hal_rtc.o
#        C:\Users\4eef\Projects\Chronograph+\SW\Chrono-Terminal-V1.0\firmware\PROJ_DIR\Debug\Obj\stm32f0xx_hal_rtc_ex.o
#        C:\Users\4eef\Projects\Chronograph+\SW\Chrono-Terminal-V1.0\firmware\PROJ_DIR\Debug\Obj\stm32f0xx_hal_smartcard.o
#        C:\Users\4eef\Projects\Chronograph+\SW\Chrono-Terminal-V1.0\firmware\PROJ_DIR\Debug\Obj\stm32f0xx_hal_smartcard_ex.o
#        C:\Users\4eef\Projects\Chronograph+\SW\Chrono-Terminal-V1.0\firmware\PROJ_DIR\Debug\Obj\stm32f0xx_hal_smbus.o
#        C:\Users\4eef\Projects\Chronograph+\SW\Chrono-Terminal-V1.0\firmware\PROJ_DIR\Debug\Obj\stm32f0xx_hal_spi.o
#        C:\Users\4eef\Projects\Chronograph+\SW\Chrono-Terminal-V1.0\firmware\PROJ_DIR\Debug\Obj\stm32f0xx_hal_spi_ex.o
#        C:\Users\4eef\Projects\Chronograph+\SW\Chrono-Terminal-V1.0\firmware\PROJ_DIR\Debug\Obj\stm32f0xx_hal_tim.o
#        C:\Users\4eef\Projects\Chronograph+\SW\Chrono-Terminal-V1.0\firmware\PROJ_DIR\Debug\Obj\stm32f0xx_hal_tim_ex.o
#        C:\Users\4eef\Projects\Chronograph+\SW\Chrono-Terminal-V1.0\firmware\PROJ_DIR\Debug\Obj\stm32f0xx_hal_tsc.o
#        C:\Users\4eef\Projects\Chronograph+\SW\Chrono-Terminal-V1.0\firmware\PROJ_DIR\Debug\Obj\stm32f0xx_hal_uart.o
#        C:\Users\4eef\Projects\Chronograph+\SW\Chrono-Terminal-V1.0\firmware\PROJ_DIR\Debug\Obj\stm32f0xx_hal_uart_ex.o
#        C:\Users\4eef\Projects\Chronograph+\SW\Chrono-Terminal-V1.0\firmware\PROJ_DIR\Debug\Obj\stm32f0xx_hal_usart.o
#        C:\Users\4eef\Projects\Chronograph+\SW\Chrono-Terminal-V1.0\firmware\PROJ_DIR\Debug\Obj\stm32f0xx_hal_wwdg.o
#        C:\Users\4eef\Projects\Chronograph+\SW\Chrono-Terminal-V1.0\firmware\PROJ_DIR\Debug\Obj\stm32f0xx_it.o
#        C:\Users\4eef\Projects\Chronograph+\SW\Chrono-Terminal-V1.0\firmware\PROJ_DIR\Debug\Obj\stm32f0xx_ll_adc.o
#        C:\Users\4eef\Projects\Chronograph+\SW\Chrono-Terminal-V1.0\firmware\PROJ_DIR\Debug\Obj\stm32f0xx_ll_comp.o
#        C:\Users\4eef\Projects\Chronograph+\SW\Chrono-Terminal-V1.0\firmware\PROJ_DIR\Debug\Obj\stm32f0xx_ll_crc.o
#        C:\Users\4eef\Projects\Chronograph+\SW\Chrono-Terminal-V1.0\firmware\PROJ_DIR\Debug\Obj\stm32f0xx_ll_crs.o
#        C:\Users\4eef\Projects\Chronograph+\SW\Chrono-Terminal-V1.0\firmware\PROJ_DIR\Debug\Obj\stm32f0xx_ll_dac.o
#        C:\Users\4eef\Projects\Chronograph+\SW\Chrono-Terminal-V1.0\firmware\PROJ_DIR\Debug\Obj\stm32f0xx_ll_dma.o
#        C:\Users\4eef\Projects\Chronograph+\SW\Chrono-Terminal-V1.0\firmware\PROJ_DIR\Debug\Obj\stm32f0xx_ll_exti.o
#        C:\Users\4eef\Projects\Chronograph+\SW\Chrono-Terminal-V1.0\firmware\PROJ_DIR\Debug\Obj\stm32f0xx_ll_gpio.o
#        C:\Users\4eef\Projects\Chronograph+\SW\Chrono-Terminal-V1.0\firmware\PROJ_DIR\Debug\Obj\stm32f0xx_ll_i2c.o
#        C:\Users\4eef\Projects\Chronograph+\SW\Chrono-Terminal-V1.0\firmware\PROJ_DIR\Debug\Obj\stm32f0xx_ll_pwr.o
#        C:\Users\4eef\Projects\Chronograph+\SW\Chrono-Terminal-V1.0\firmware\PROJ_DIR\Debug\Obj\stm32f0xx_ll_rcc.o
#        C:\Users\4eef\Projects\Chronograph+\SW\Chrono-Terminal-V1.0\firmware\PROJ_DIR\Debug\Obj\stm32f0xx_ll_rtc.o
#        C:\Users\4eef\Projects\Chronograph+\SW\Chrono-Terminal-V1.0\firmware\PROJ_DIR\Debug\Obj\stm32f0xx_ll_spi.o
#        C:\Users\4eef\Projects\Chronograph+\SW\Chrono-Terminal-V1.0\firmware\PROJ_DIR\Debug\Obj\stm32f0xx_ll_tim.o
#        C:\Users\4eef\Projects\Chronograph+\SW\Chrono-Terminal-V1.0\firmware\PROJ_DIR\Debug\Obj\stm32f0xx_ll_usart.o
#        C:\Users\4eef\Projects\Chronograph+\SW\Chrono-Terminal-V1.0\firmware\PROJ_DIR\Debug\Obj\stm32f0xx_ll_utils.o
#        C:\Users\4eef\Projects\Chronograph+\SW\Chrono-Terminal-V1.0\firmware\PROJ_DIR\Debug\Obj\sync.o
#        C:\Users\4eef\Projects\Chronograph+\SW\Chrono-Terminal-V1.0\firmware\PROJ_DIR\Debug\Obj\system_stm32f0xx.o
#        C:\Users\4eef\Projects\Chronograph+\SW\Chrono-Terminal-V1.0\firmware\PROJ_DIR\Debug\Obj\ug2864.o
#        -o
#        C:\Users\4eef\Projects\Chronograph+\SW\Chrono-Terminal-V1.0\firmware\PROJ_DIR\Debug\Exe\Chrono-Terminal-V1.0.out
#        --redirect _Printf=_PrintfLargeNoMb --map
#        C:\Users\4eef\Projects\Chronograph+\SW\Chrono-Terminal-V1.0\firmware\PROJ_DIR\Debug\List\Chrono-Terminal-V1.0.map
#        --config "C:\Program Files (x86)\IAR Systems\Embedded Workbench
#        7.5\arm\config\linker\ST\stm32f042x6.icf" --semihosting --entry
#        __iar_program_start --vfe
#
###############################################################################

*******************************************************************************
*** RUNTIME MODEL ATTRIBUTES
***

CppFlavor       = *
__SystemLibrary = DLib


*******************************************************************************
*** PLACEMENT SUMMARY
***

"A0":  place at 0x08000000 { ro section .intvec };
"P1":  place in [from 0x08000000 to 0x08007fff] { ro };
"P2":  place in [from 0x20000000 to 0x200017ff] { rw, block CSTACK, block HEAP };
initialize by copy { rw };

  Section            Kind        Address    Size  Object
  -------            ----        -------    ----  ------
"A0":                                       0xc0
  .intvec            ro code  0x08000000    0xc0  startup_stm32f042x6.o [1]
                            - 0x080000c0    0xc0

"P1":                                     0x6e50
  .text              ro code  0x080000c0  0x12e8  stm32f0xx_hal_i2c.o [1]
  .text              ro code  0x080013a8   0x108  stm32f0xx_hal_msp.o [1]
  .text              ro code  0x080014b0     0xc  stm32f0xx_hal.o [1]
  .text              ro code  0x080014bc   0x27c  stm32f0xx_hal_dma.o [1]
  .text              ro code  0x08001738     0x2  stm32f0xx_hal_i2c.o [1]
  .text              ro code  0x0800173a     0x2  stm32f0xx_hal_i2c.o [1]
  .text              ro code  0x0800173c     0x2  stm32f0xx_hal_i2c.o [1]
  .text              ro code  0x0800173e     0x2  stm32f0xx_hal_i2c.o [1]
  .text              ro code  0x08001740     0x2  stm32f0xx_hal_i2c.o [1]
  .text              ro code  0x08001742     0x2  stm32f0xx_hal_i2c.o [1]
  .text              ro code  0x08001744     0x2  stm32f0xx_hal_i2c.o [1]
  .text              ro code  0x08001746     0x2  stm32f0xx_hal_i2c.o [1]
  .text              ro code  0x08001748     0x2  stm32f0xx_hal_i2c.o [1]
  .text              ro code  0x0800174a     0x2  stm32f0xx_hal_i2c.o [1]
  .text              ro code  0x0800174c   0x1ec  stm32f0xx_hal_gpio.o [1]
  .text              ro code  0x08001938    0x98  clock.o [1]
  .text              ro code  0x080019d0    0xca  stm32f0xx_hal_cortex.o [1]
  .text              ro code  0x08001a9a    0xe0  I32DivModFast.o [5]
  .text              ro code  0x08001b7a     0xa  xsprout.o [3]
  .text              ro code  0x08001b84     0x2  IntDivZer.o [5]
  .rodata            const    0x08001b86     0x2  main.o [1]
  .text              ro code  0x08001b88  0x1164  main.o [1]
  .text              ro code  0x08002cec   0x220  gpio.o [1]
  .text              ro code  0x08002f0c   0x324  i2c.o [1]
  .text              ro code  0x08003230   0xa10  ug2864.o [1]
  .text              ro code  0x08003c40   0x148  lis3.o [1]
  .text              ro code  0x08003d88   0x47c  IR.o [1]
  .text              ro code  0x08004204    0xbc  sync.o [1]
  .text              ro code  0x080042c0   0x1c0  adc.o [1]
  .text              ro code  0x08004480    0x10  strcpy.o [5]
  .text              ro code  0x08004490    0x38  sprintf.o [3]
  .text              ro code  0x080044c8    0xdc  MicroMenu.o [1]
  .text              ro code  0x080045a4    0x38  filter.o [1]
  .text              ro code  0x080045dc    0x50  ABImemset.o [5]
  .text              ro code  0x0800462c    0x10  strlen.o [5]
  .text              ro code  0x0800463c    0xb0  FltMul.o [4]
  .text              ro code  0x080046ec   0x116  FltAddSub.o [4]
  .rodata            const    0x08004802     0x2  ug2864.o [1]
  .text              ro code  0x08004804    0x20  FltCmpEq.o [4]
  .text              ro code  0x08004824    0xaa  FltDiv.o [4]
  .rodata            const    0x080048ce     0x2  ug2864.o [1]
  .text              ro code  0x080048d0    0x32  FltToDbl.o [4]
  .text              ro code  0x08004902     0x2  startup_stm32f042x6.o [1]
  .text              ro code  0x08004904    0x9c  atan.o [4]
  .text              ro code  0x080049a0   0x184  DblMul.o [4]
  .text              ro code  0x08004b24    0x62  DblToFlt.o [4]
  .text              ro code  0x08004b86     0x2  startup_stm32f042x6.o [1]
  .text              ro code  0x08004b88    0x34  I32ToDbl.o [4]
  .text              ro code  0x08004bbc    0xc2  DblDiv.o [4]
  .text              ro code  0x08004c7e     0x2  startup_stm32f042x6.o [1]
  .text              ro code  0x08004c80    0x6c  stm32f0xx_hal_i2c_ex.o [1]
  .text              ro code  0x08004cec    0x3a  FltToS32.o [4]
  .text              ro code  0x08004d26     0x2  startup_stm32f042x6.o [1]
  .text              ro code  0x08004d28    0x32  I32ToFlt.o [4]
  .text              ro code  0x08004d5a     0x2  startup_stm32f042x6.o [1]
  .text              ro code  0x08004d5c    0x28  FltCmpGe.o [4]
  .text              ro code  0x08004d84    0x60  delay.o [1]
  .text              ro code  0x08004de4   0xd0a  xprintflarge_nomb.o [3]
  .text              ro code  0x08005aee    0x32  DblCmpLe.o [4]
  .text              ro code  0x08005b20    0x32  DblCmpGe.o [4]
  .text              ro code  0x08005b52    0x3c  zero_init3.o [5]
  .text              ro code  0x08005b8e     0x2  startup_stm32f042x6.o [1]
  .text              ro code  0x08005b90   0x1e0  xatan.o [4]
  .text              ro code  0x08005d70    0x14  strchr.o [5]
  .text              ro code  0x08005d84    0x18  memchr.o [5]
  .text              ro code  0x08005d9c    0x6a  I64DivMod.o [5]
  .text              ro code  0x08005e06     0x2  startup_stm32f042x6.o [1]
  .text              ro code  0x08005e08    0x5c  ABImemcpy.o [5]
  .text              ro code  0x08005e64    0x2e  DblToI32.o [4]
  .text              ro code  0x08005e92   0x1b4  DblAddSub.o [4]
  .text              ro code  0x08006046    0x20  div.o [3]
  .text              ro code  0x08006066     0x2  startup_stm32f042x6.o [1]
  .text              ro code  0x08006068     0x2  I64DivZer.o [5]
  .text              ro code  0x0800606a     0x2  startup_stm32f042x6.o [1]
  .rodata            const    0x0800606c   0x600  ssdFonts.o [1]
  .rodata            const    0x0800666c   0x180  ssdFonts.o [1]
  .rodata            const    0x080067ec    0xa8  gpio.o [1]
  .text              ro code  0x08006894    0x94  system_stm32f0xx.o [1]
  .text              ro code  0x08006928    0x4e  stm32f0xx_it.o [1]
  .text              ro code  0x08006976     0x2  startup_stm32f042x6.o [1]
  .text              ro code  0x08006978    0x10  stm32f0xx_hal.o [1]
  .text              ro code  0x08006988    0x3c  startup_stm32f042x6.o [1]
  .text              ro code  0x080069c4    0x30  copy_init3.o [5]
  .rodata            const    0x080069f4    0x2c  main.o [1]
  .rodata            const    0x08006a20    0x2c  main.o [1]
  .rodata            const    0x08006a4c    0x28  main.o [1]
  .rodata            const    0x08006a74    0x28  main.o [1]
  .rodata            const    0x08006a9c    0x28  main.o [1]
  .rodata            const    0x08006ac4    0x28  main.o [1]
  .rodata            const    0x08006aec    0x28  main.o [1]
  .rodata            const    0x08006b14    0x28  main.o [1]
  .rodata            const    0x08006b3c    0x28  main.o [1]
  .text              ro code  0x08006b64    0x28  data_init.o [5]
  .rodata            const    0x08006b8c    0x24  main.o [1]
  .rodata            const    0x08006bb0    0x24  main.o [1]
  .rodata            const    0x08006bd4    0x24  main.o [1]
  .rodata            const    0x08006bf8    0x24  main.o [1]
  .rodata            const    0x08006c1c    0x24  main.o [1]
  .rodata            const    0x08006c40    0x24  main.o [1]
  .iar.init_table    const    0x08006c64    0x24  - Linker created -
  .rodata            const    0x08006c88    0x20  main.o [1]
  .rodata            const    0x08006ca8    0x20  main.o [1]
  .rodata            const    0x08006cc8    0x20  main.o [1]
  .rodata            const    0x08006ce8    0x20  main.o [1]
  .rodata            const    0x08006d08    0x20  main.o [1]
  .rodata            const    0x08006d28    0x20  main.o [1]
  .text              ro code  0x08006d48    0x1a  cmain.o [5]
  .text              ro code  0x08006d62     0x4  low_level_init.o [3]
  .text              ro code  0x08006d66     0x8  exit.o [3]
  .text              ro code  0x08006d6e     0x2  startup_stm32f042x6.o [1]
  .text              ro code  0x08006d70     0xa  cexit.o [5]
  .text              ro code  0x08006d7a     0x2  startup_stm32f042x6.o [1]
  .text              ro code  0x08006d7c    0x14  exit.o [6]
  .rodata            const    0x08006d90    0x18  main.o [1]
  .rodata            const    0x08006da8    0x18  MicroMenu.o [1]
  .rodata            const    0x08006dc0    0x14  main.o [1]
  .rodata            const    0x08006dd4    0x14  main.o [1]
  .rodata            const    0x08006de8    0x14  main.o [1]
  .rodata            const    0x08006dfc    0x14  main.o [1]
  .rodata            const    0x08006e10    0x10  main.o [1]
  .rodata            const    0x08006e20    0x10  main.o [1]
  .rodata            const    0x08006e30    0x10  main.o [1]
  .rodata            const    0x08006e40    0x10  ssdGraph.o [1]
  .rodata            const    0x08006e50    0x10  ssdGraph.o [1]
  .rodata            const    0x08006e60     0xc  main.o [1]
  .rodata            const    0x08006e6c     0xc  main.o [1]
  .rodata            const    0x08006e78     0xc  main.o [1]
  .rodata            const    0x08006e84     0xc  main.o [1]
  .rodata            const    0x08006e90     0xc  main.o [1]
  .text              ro code  0x08006e9c     0xc  cstartup_M.o [5]
  .rodata            const    0x08006ea8     0x8  main.o [1]
  .rodata            const    0x08006eb0     0x8  main.o [1]
  .rodata            const    0x08006eb8     0x8  main.o [1]
  .rodata            const    0x08006ec0     0x8  main.o [1]
  .rodata            const    0x08006ec8     0x8  main.o [1]
  .rodata            const    0x08006ed0     0x8  ug2864.o [1]
  .rodata            const    0x08006ed8     0x8  ug2864.o [1]
  .rodata            const    0x08006ee0     0x8  xprintflarge_nomb.o [3]
  Initializer bytes  const    0x08006ee8     0x8  <for P2-1>
  .rodata            const    0x08006ef0     0x4  ssdGraph.o [1]
  .text              ro code  0x08006ef4     0x2  startup_stm32f042x6.o [1]
  .text              ro code  0x08006ef6     0x2  startup_stm32f042x6.o [1]
  .text              ro code  0x08006ef8     0x2  startup_stm32f042x6.o [1]
  .text              ro code  0x08006efa     0x2  startup_stm32f042x6.o [1]
  .text              ro code  0x08006efc     0x2  startup_stm32f042x6.o [1]
  .text              ro code  0x08006efe     0x2  startup_stm32f042x6.o [1]
  .text              ro code  0x08006f00     0x2  startup_stm32f042x6.o [1]
  .text              ro code  0x08006f02     0x2  startup_stm32f042x6.o [1]
  .text              ro code  0x08006f04     0x2  startup_stm32f042x6.o [1]
  .text              ro code  0x08006f06     0x2  startup_stm32f042x6.o [1]
  .text              ro code  0x08006f08     0x2  startup_stm32f042x6.o [1]
  .text              ro code  0x08006f0a     0x2  startup_stm32f042x6.o [1]
  .text              ro code  0x08006f0c     0x2  startup_stm32f042x6.o [1]
  .text              ro code  0x08006f0e     0x2  startup_stm32f042x6.o [1]
  .rodata            const    0x08006f10     0x0  zero_init3.o [5]
  .rodata            const    0x08006f10     0x0  copy_init3.o [5]
                            - 0x08006f10  0x6e50

"P2", part 1 of 3:                           0x8
  P2-1                        0x20000000     0x8  <Init block>
    .data            inited   0x20000000     0x4  gpio.o [1]
    .data            inited   0x20000004     0x4  MicroMenu.o [1]
                            - 0x20000008     0x8

"P2", part 2 of 3:                         0x400
  CSTACK                      0x20000008   0x400  <Block>
    CSTACK           uninit   0x20000008   0x400  <Block tail>
                            - 0x20000408   0x400

"P2", part 3 of 3:                         0xa00
  .bss               zero     0x20000408   0x404  ug2864.o [1]
  .bss               zero     0x2000080c   0x248  main.o [1]
  .bss               zero     0x20000a54   0x16c  main.o [1]
  .bss               zero     0x20000bc0   0x114  MicroMenu.o [1]
  .bss               zero     0x20000cd4    0x4c  i2c.o [1]
  .bss               zero     0x20000d20    0x44  i2c.o [1]
  .bss               zero     0x20000d64    0x44  i2c.o [1]
  .bss               zero     0x20000da8    0x1c  filter.o [1]
  .bss               zero     0x20000dc4    0x18  lis3.o [1]
  .bss               zero     0x20000ddc    0x14  IR.o [1]
  .bss               zero     0x20000df0     0x4  adc.o [1]
  .bss               zero     0x20000df4     0x4  filter.o [1]
  .bss               zero     0x20000df8     0x4  main.o [1]
  .bss               zero     0x20000dfc     0x4  main.o [1]
  .bss               zero     0x20000e00     0x4  stm32f0xx_hal.o [1]
  .bss               zero     0x20000e04     0x2  filter.o [1]
                            - 0x20000e06   0x9fe


*******************************************************************************
*** INIT TABLE
***

          Address     Size
          -------     ----
Zero (__iar_zero_init3)
    1 destination range, total size 0x9fe:
          0x20000408  0x9fe

Copy (__iar_copy_init3)
    1 source range, total size 0x8:
          0x08006ee8    0x8
    1 destination range, total size 0x8:
          0x20000000    0x8



*******************************************************************************
*** MODULE SUMMARY
***

    Module                  ro code  ro data  rw data
    ------                  -------  -------  -------
C:\Users\4eef\Projects\Chronograph+\SW\Chrono-Terminal-V1.0\firmware\PROJ_DIR\Debug\Obj: [1]
    IR.o                      1 148                20
    MicroMenu.o                 220       28      280
    adc.o                       448                 4
    clock.o                     152
    delay.o                      96
    filter.o                     56                34
    gpio.o                      544      172        4
    i2c.o                       804               212
    lis3.o                      328                24
    main.o                    4 452    1 030      956
    ssdFonts.o                         1 920
    ssdGraph.o                            36
    startup_stm32f042x6.o       304
    stm32f0xx_hal.o              28                 4
    stm32f0xx_hal_cortex.o      202
    stm32f0xx_hal_dma.o         636
    stm32f0xx_hal_gpio.o        492
    stm32f0xx_hal_i2c.o       4 860
    stm32f0xx_hal_i2c_ex.o      108
    stm32f0xx_hal_msp.o         264
    stm32f0xx_it.o               78
    sync.o                      188
    system_stm32f0xx.o          148
    ug2864.o                  2 576       20    1 028
    -------------------------------------------------
    Total:                   18 132    3 206    2 566

command line: [2]
    -------------------------------------------------
    Total:

dl6M_tln.a: [3]
    div.o                        32
    exit.o                        8
    low_level_init.o              4
    sprintf.o                    56
    xprintflarge_nomb.o       3 338        8
    xsprout.o                    10
    -------------------------------------------------
    Total:                    3 448        8

m6M_tl.a: [4]
    DblAddSub.o                 436
    DblCmpGe.o                   50
    DblCmpLe.o                   50
    DblDiv.o                    194
    DblMul.o                    388
    DblToFlt.o                   98
    DblToI32.o                   46
    FltAddSub.o                 278
    FltCmpEq.o                   32
    FltCmpGe.o                   40
    FltDiv.o                    170
    FltMul.o                    176
    FltToDbl.o                   50
    FltToS32.o                   58
    I32ToDbl.o                   52
    I32ToFlt.o                   50
    atan.o                      156
    xatan.o                     480
    -------------------------------------------------
    Total:                    2 804

rt6M_tl.a: [5]
    ABImemcpy.o                  92
    ABImemset.o                  80
    I32DivModFast.o             224
    I64DivMod.o                 106
    I64DivZer.o                   2
    IntDivZer.o                   2
    cexit.o                      10
    cmain.o                      26
    copy_init3.o                 48
    cstartup_M.o                 12
    data_init.o                  40
    memchr.o                     24
    strchr.o                     20
    strcpy.o                     16
    strlen.o                     16
    zero_init3.o                 60
    -------------------------------------------------
    Total:                      778

shb_l.a: [6]
    exit.o                       20
    -------------------------------------------------
    Total:                       20

    Linker created                        36    1 024
-----------------------------------------------------
    Grand Total:             25 182    3 250    3 590


*******************************************************************************
*** ENTRY LIST
***

Entry                      Address   Size  Type      Object
-----                      -------   ----  ----      ------
.iar.init_table$$Base   0x08006c64          --   Gb  - Linker created -
.iar.init_table$$Limit  0x08006c88          --   Gb  - Linker created -
?main                   0x08006d49         Code  Gb  cmain.o [5]
ADC1_IRQHandler         0x080043cf   0x82  Code  Gb  adc.o [1]
CSTACK$$Base            0x20000008          --   Gb  - Linker created -
CSTACK$$Limit           0x20000408          --   Gb  - Linker created -
CurrentMenuItem         0x20000df8    0x4  Data  Gb  main.o [1]
CurrentMenuItem         0x20000004    0x4  Data  Lc  MicroMenu.o [1]
DMA1_Channel2_3_IRQHandler
                        0x08006935   0x10  Code  Gb  stm32f0xx_it.o [1]
DMA_CalcBaseAndBitshift
                        0x08001713   0x1a  Code  Lc  stm32f0xx_hal_dma.o [1]
DMA_SetConfig           0x080016e9   0x2a  Code  Lc  stm32f0xx_hal_dma.o [1]
Error_Handler           0x080019cd    0x4  Code  Gb  clock.o [1]
HAL_DMA_Abort_IT        0x080015bd   0x58  Code  Gb  stm32f0xx_hal_dma.o [1]
HAL_DMA_IRQHandler      0x08001615   0xd4  Code  Gb  stm32f0xx_hal_dma.o [1]
HAL_DMA_Init            0x080014bd   0x6c  Code  Gb  stm32f0xx_hal_dma.o [1]
HAL_DMA_Start_IT        0x0800152d   0x90  Code  Gb  stm32f0xx_hal_dma.o [1]
HAL_GPIO_Init           0x0800174d  0x1cc  Code  Gb  stm32f0xx_hal_gpio.o [1]
HAL_GetTick             0x080014b1    0xc  Code  Wk  stm32f0xx_hal.o [1]
HAL_I2CEx_ConfigAnalogFilter
                        0x08004c81   0x66  Code  Gb  stm32f0xx_hal_i2c_ex.o [1]
HAL_I2C_AbortCpltCallback
                        0x08001749    0x2  Code  Wk  stm32f0xx_hal_i2c.o [1]
HAL_I2C_AddrCallback    0x08001739    0x2  Code  Wk  stm32f0xx_hal_i2c.o [1]
HAL_I2C_ER_IRQHandler   0x080005e7   0x68  Code  Gb  stm32f0xx_hal_i2c.o [1]
HAL_I2C_EV_IRQHandler   0x080005c9   0x1e  Code  Gb  stm32f0xx_hal_i2c.o [1]
HAL_I2C_ErrorCallback   0x0800174b    0x2  Code  Wk  stm32f0xx_hal_i2c.o [1]
HAL_I2C_GetState        0x0800064f    0x6  Code  Gb  stm32f0xx_hal_i2c.o [1]
HAL_I2C_Init            0x080000c1   0xcc  Code  Gb  stm32f0xx_hal_i2c.o [1]
HAL_I2C_ListenCpltCallback
                        0x08001747    0x2  Code  Wk  stm32f0xx_hal_i2c.o [1]
HAL_I2C_MasterRxCpltCallback
                        0x0800173d    0x2  Code  Wk  stm32f0xx_hal_i2c.o [1]
HAL_I2C_MasterTxCpltCallback
                        0x0800173b    0x2  Code  Wk  stm32f0xx_hal_i2c.o [1]
HAL_I2C_Master_Receive  0x08000321  0x184  Code  Gb  stm32f0xx_hal_i2c.o [1]
HAL_I2C_Master_Transmit
                        0x0800018d  0x184  Code  Gb  stm32f0xx_hal_i2c.o [1]
HAL_I2C_Master_Transmit_DMA
                        0x080004a9  0x10a  Code  Gb  stm32f0xx_hal_i2c.o [1]
HAL_I2C_MemRxCpltCallback
                        0x08001745    0x2  Code  Wk  stm32f0xx_hal_i2c.o [1]
HAL_I2C_MemTxCpltCallback
                        0x08001743    0x2  Code  Wk  stm32f0xx_hal_i2c.o [1]
HAL_I2C_MspInit         0x080013a9   0xea  Code  Gb  stm32f0xx_hal_msp.o [1]
HAL_I2C_SlaveRxCpltCallback
                        0x08001741    0x2  Code  Wk  stm32f0xx_hal_i2c.o [1]
HAL_I2C_SlaveTxCpltCallback
                        0x0800173f    0x2  Code  Wk  stm32f0xx_hal_i2c.o [1]
HAL_IncTick             0x08006979   0x10  Code  Wk  stm32f0xx_hal.o [1]
HAL_NVIC_EnableIRQ      0x08001a77    0xe  Code  Gb  stm32f0xx_hal_cortex.o [1]
HAL_NVIC_SetPriority    0x08001a63   0x14  Code  Gb  stm32f0xx_hal_cortex.o [1]
HAL_SYSTICK_Callback    0x08001a99    0x2  Code  Wk  stm32f0xx_hal_cortex.o [1]
HAL_SYSTICK_IRQHandler  0x08001a91    0x8  Code  Gb  stm32f0xx_hal_cortex.o [1]
I2C1_IRQHandler         0x08006945   0x22  Code  Gb  stm32f0xx_it.o [1]
I2C_DMAAbort            0x08001007   0x3e  Code  Lc  stm32f0xx_hal_i2c.o [1]
I2C_DMAError            0x08000fe9   0x1e  Code  Lc  stm32f0xx_hal_i2c.o [1]
I2C_DMAMasterTransmitCplt
                        0x08000f83   0x54  Code  Lc  stm32f0xx_hal_i2c.o [1]
I2C_Disable_IRQ         0x0800131d   0x8c  Code  Lc  stm32f0xx_hal_i2c.o [1]
I2C_Enable_IRQ          0x08001277   0x96  Code  Lc  stm32f0xx_hal_i2c.o [1]
I2C_Flush_TXDR          0x08000f5d   0x26  Code  Lc  stm32f0xx_hal_i2c.o [1]
I2C_ITAddrCplt          0x08000a67   0xe6  Code  Lc  stm32f0xx_hal_i2c.o [1]
I2C_ITError             0x08000e5d   0xfa  Code  Lc  stm32f0xx_hal_i2c.o [1]
I2C_ITListenCplt        0x08000df1   0x64  Code  Lc  stm32f0xx_hal_i2c.o [1]
I2C_ITMasterCplt        0x08000c01   0xd8  Code  Lc  stm32f0xx_hal_i2c.o [1]
I2C_ITMasterSequentialCplt
                        0x08000b4d   0x5a  Code  Lc  stm32f0xx_hal_i2c.o [1]
I2C_ITSlaveCplt         0x08000cd9  0x118  Code  Lc  stm32f0xx_hal_i2c.o [1]
I2C_ITSlaveSequentialCplt
                        0x08000ba7   0x5a  Code  Lc  stm32f0xx_hal_i2c.o [1]
I2C_IsAcknowledgeFailed
                        0x080011c9   0x80  Code  Lc  stm32f0xx_hal_i2c.o [1]
I2C_Master_ISR_DMA      0x080008f5   0xf4  Code  Lc  stm32f0xx_hal_i2c.o [1]
I2C_Master_ISR_IT       0x08000655  0x16a  Code  Lc  stm32f0xx_hal_i2c.o [1]
I2C_Slave_ISR_DMA       0x080009e9   0x7e  Code  Lc  stm32f0xx_hal_i2c.o [1]
I2C_Slave_ISR_IT        0x080007bf  0x130  Code  Lc  stm32f0xx_hal_i2c.o [1]
I2C_TransferConfig      0x08001249   0x2e  Code  Lc  stm32f0xx_hal_i2c.o [1]
I2C_WaitOnFlagUntilTimeout
                        0x08001045   0x52  Code  Lc  stm32f0xx_hal_i2c.o [1]
I2C_WaitOnRXNEFlagUntilTimeout
                        0x08001143   0x80  Code  Lc  stm32f0xx_hal_i2c.o [1]
I2C_WaitOnSTOPFlagUntilTimeout
                        0x080010f1   0x52  Code  Lc  stm32f0xx_hal_i2c.o [1]
I2C_WaitOnTXISFlagUntilTimeout
                        0x08001097   0x5a  Code  Lc  stm32f0xx_hal_i2c.o [1]
IRRXData                0x20000ddc   0x14  Data  Gb  IR.o [1]
LoadInt                 0x080053a5   0x68  Code  Lc  xprintflarge_nomb.o [3]
MX_I2C1_Init            0x0800318b   0x58  Code  Gb  i2c.o [1]
Menu_GetCurrentMenu     0x080044c9    0x6  Code  Gb  MicroMenu.o [1]
Menu_Navigate           0x080044cf   0xbe  Code  Gb  MicroMenu.o [1]
NULL_MENU               0x08006da8   0x18  Data  Gb  MicroMenu.o [1]
NVIC_EnableIRQ          0x080042c1    0xe  Code  Lc  adc.o [1]
NVIC_EnableIRQ          0x08002f0d    0xe  Code  Lc  i2c.o [1]
NVIC_EnableIRQ          0x08003d89    0xe  Code  Lc  IR.o [1]
NVIC_EnableIRQ          0x080019d1    0xe  Code  Lc  stm32f0xx_hal_cortex.o [1]
NVIC_SetPriority        0x080042cf   0x84  Code  Lc  adc.o [1]
NVIC_SetPriority        0x08002f1b   0x84  Code  Lc  i2c.o [1]
NVIC_SetPriority        0x08003d97   0x84  Code  Lc  IR.o [1]
NVIC_SetPriority        0x080019df   0x84  Code  Lc  stm32f0xx_hal_cortex.o [1]
Region$$Table$$Base     0x08006c64          --   Gb  - Linker created -
Region$$Table$$Limit    0x08006c88          --   Gb  - Linker created -
SysTick_Handler         0x08006929    0xc  Code  Gb  stm32f0xx_it.o [1]
SystemInit              0x08006895   0x68  Code  Gb  system_stm32f0xx.o [1]
TIM2_IRQHandler         0x08003f49  0x28a  Code  Gb  IR.o [1]
USB_IRQHandler          0x08006975    0x2  Code  Gb  stm32f0xx_it.o [1]
_GenldLargeNoMb         0x08005821  0x29a  Code  Lc  xprintflarge_nomb.o [3]
_LdtobLargeNoMb         0x08005539  0x2b0  Code  Lc  xprintflarge_nomb.o [3]
_LitobLargeNoMb         0x0800540d  0x12a  Code  Lc  xprintflarge_nomb.o [3]
_PrintfLargeNoMb        0x08004de5  0x5c0  Code  Gb  xprintflarge_nomb.o [3]
_PutcharsLargeNoMb      0x08005abb   0x30  Code  Lc  xprintflarge_nomb.o [3]
_SProut                 0x08001b7b    0xa  Code  Gb  xsprout.o [3]
__ICFEDIT_region_RAM_end__ {Abs}
                        0x200017ff         Data  Gb  command line/config [2]
__ICFEDIT_region_RAM_start__ {Abs}
                        0x20000000         Data  Gb  command line/config [2]
__aeabi_cdcmple         0x08005aef         Code  Gb  DblCmpLe.o [4]
__aeabi_cdrcmple        0x08005b21         Code  Gb  DblCmpGe.o [4]
__aeabi_cfcmpeq         0x08004805         Code  Gb  FltCmpEq.o [4]
__aeabi_cfrcmple        0x08004d5d         Code  Gb  FltCmpGe.o [4]
__aeabi_d2f             0x08004b25         Code  Gb  DblToFlt.o [4]
__aeabi_d2uiz           0x08005e65         Code  Gb  DblToI32.o [4]
__aeabi_dadd            0x08005e93         Code  Gb  DblAddSub.o [4]
__aeabi_ddiv            0x08004bbd         Code  Gb  DblDiv.o [4]
__aeabi_dmul            0x080049a1         Code  Gb  DblMul.o [4]
__aeabi_dsub            0x08005f59         Code  Gb  DblAddSub.o [4]
__aeabi_f2d             0x080048d1         Code  Gb  FltToDbl.o [4]
__aeabi_f2iz            0x08004ced         Code  Gb  FltToS32.o [4]
__aeabi_fadd            0x080046ed         Code  Gb  FltAddSub.o [4]
__aeabi_fdiv            0x08004825         Code  Gb  FltDiv.o [4]
__aeabi_fmul            0x0800463d         Code  Gb  FltMul.o [4]
__aeabi_i2d             0x08004b89         Code  Gb  I32ToDbl.o [4]
__aeabi_i2f             0x08004d29         Code  Gb  I32ToFlt.o [4]
__aeabi_idiv            0x08001ac7         Code  Gb  I32DivModFast.o [5]
__aeabi_idiv0           0x08001b85         Code  Gb  IntDivZer.o [5]
__aeabi_idivmod         0x08001ac7         Code  Gb  I32DivModFast.o [5]
__aeabi_ldiv0           0x08006069         Code  Gb  I64DivZer.o [5]
__aeabi_memcpy          0x08005e09         Code  Gb  ABImemcpy.o [5]
__aeabi_memset          0x080045dd         Code  Gb  ABImemset.o [5]
__aeabi_ui2d            0x08004b9d         Code  Gb  I32ToDbl.o [4]
__aeabi_uidiv           0x08001acd         Code  Gb  I32DivModFast.o [5]
__aeabi_uidivmod        0x08001acd         Code  Gb  I32DivModFast.o [5]
__aeabi_uldivmod        0x08005d9d         Code  Gb  I64DivMod.o [5]
__cmain                 0x08006d49         Code  Gb  cmain.o [5]
__exit                  0x08006d7d   0x14  Code  Gb  exit.o [6]
__iar_Atan              0x08005b91  0x148  Code  Gb  xatan.o [4]
__iar_Memchr            0x08005d85   0x18  Code  Gb  memchr.o [5]
__iar_Memset4_word      0x080045fd         Code  Gb  ABImemset.o [5]
__iar_Memset_word       0x080045e9         Code  Gb  ABImemset.o [5]
__iar_Strchr            0x08005d71   0x14  Code  Gb  strchr.o [5]
__iar_copy_init3        0x080069c5   0x30  Code  Gb  copy_init3.o [5]
__iar_d2uiz             0x08005e69         Code  Gb  DblToI32.o [4]
__iar_data_init3        0x08006b65   0x28  Code  Gb  data_init.o [5]
__iar_program_start     0x08006e9d         Code  Gb  cstartup_M.o [5]
__iar_ui2d              0x08004ba1         Code  Gb  I32ToDbl.o [4]
__iar_ui2f              0x08004d41         Code  Gb  I32ToFlt.o [4]
__iar_zero_init3        0x08005b53   0x3c  Code  Gb  zero_init3.o [5]
__low_level_init        0x08006d63    0x4  Code  Gb  low_level_init.o [3]
__vector_table          0x08000000         Data  Gb  startup_stm32f042x6.o [1]
_call_main              0x08006d55         Code  Gb  cmain.o [5]
_exit                   0x08006d71         Code  Gb  cexit.o [5]
_main                   0x08006d5f         Code  Gb  cmain.o [5]
a                       0x08005d30   0x40  Data  Lc  xatan.o [4]
about                   0x08006ca8   0x20  Data  Gb  main.o [1]
accel                   0x20000dc4   0x18  Data  Gb  lis3.o [1]
adcData                 0x20000df0    0x4  Data  Gb  adc.o [1]
adcInit                 0x08004353   0x7c  Code  Gb  adc.o [1]
atan                    0x08004905   0x9c  Code  Gb  atan.o [4]
delay_us                0x08004d85   0x60  Code  Gb  delay.o [1]
display                 0x08006c88   0x20  Data  Gb  main.o [1]
div                     0x08006047   0x20  Code  Gb  div.o [3]
drawMainScreen          0x0800299d  0x304  Code  Gb  main.o [1]
drawMenu                0x08002895   0xce  Code  Gb  main.o [1]
exit                    0x08006d67    0x8  Code  Gb  exit.o [3]
font12x16               0x0800666c  0x180  Data  Gb  ssdFonts.o [1]
font6x8                 0x0800606c  0x600  Data  Gb  ssdFonts.o [1]
gppin_init              0x08002d27  0x1cc  Code  Gb  gpio.o [1]
hdma_i2c1_rx            0x20000d20   0x44  Data  Gb  i2c.o [1]
hdma_i2c1_tx            0x20000d64   0x44  Data  Gb  i2c.o [1]
hi2c1                   0x20000cd4   0x4c  Data  Gb  i2c.o [1]
initClocks              0x08001939   0x82  Code  Gb  clock.o [1]
initGpios               0x08002ced   0x3a  Code  Gb  gpio.o [1]
initI2C1                0x08002f9f  0x1ec  Code  Gb  i2c.o [1]
initIRConfig            0x08003e1b   0xea  Code  Gb  IR.o [1]
kalman                  0x20000da8   0x1c  Data  Gb  filter.o [1]
lis3_getXYZ             0x08003d05   0x74  Code  Gb  lis3.o [1]
lis3_read               0x08003cb5   0x50  Code  Gb  lis3.o [1]
lis3_write              0x08003c83   0x32  Code  Gb  lis3.o [1]
lis3init                0x08003c41   0x42  Code  Gb  lis3.o [1]
lpf                     0x080045a5   0x2e  Code  Gb  filter.o [1]
lpf::Dacc               0x20000df4    0x4  Data  Lc  filter.o [1]
lpf::Dout               0x20000e04    0x2  Data  Lc  filter.o [1]
main                    0x08001b89  0x9be  Code  Gb  main.o [1]
mchron                  0x08006bd4   0x24  Data  Gb  main.o [1]
mcommon                 0x08006cc8   0x20  Data  Gb  main.o [1]
meas                    0x2000080c  0x248  Data  Gb  main.o [1]
menu                    0x20000bc0  0x114  Data  Gb  MicroMenu.o [1]
menuFolder              0x08006e40   0x10  Data  Gb  ssdGraph.o [1]
menuScroll              0x08006ef0    0x4  Data  Gb  ssdGraph.o [1]
mincline                0x08006a9c   0x28  Data  Gb  main.o [1]
mode                    0x08006a4c   0x28  Data  Gb  main.o [1]
modeEdit                0x08002695   0x72  Code  Gb  main.o [1]
parEdit                 0x08002629   0x54  Code  Gb  main.o [1]
parEditRedir            0x08002569   0xa8  Code  Gb  main.o [1]
pellets                 0x20000a54  0x16c  Data  Gb  main.o [1]
pinNum                  0x20000000    0x4  Data  Gb  gpio.o [1]
pinsMode                0x080067ec   0xa8  Data  Gb  gpio.o [1]
s16fNorm                0x080027c1   0x3c  Code  Gb  main.o [1]
scbind                  0x08006d28   0x20  Data  Gb  main.o [1]
scdist                  0x08006b3c   0x28  Data  Gb  main.o [1]
schrono                 0x08006bf8   0x24  Data  Gb  main.o [1]
sclipc                  0x08006ac4   0x28  Data  Gb  main.o [1]
sdcntr                  0x08006c40   0x24  Data  Gb  main.o [1]
sdisplay                0x08006ce8   0x20  Data  Gb  main.o [1]
sdpoff                  0x08006a20   0x2c  Data  Gb  main.o [1]
service                 0x08006a74   0x28  Data  Gb  main.o [1]
setts                   0x08006bb0   0x24  Data  Gb  main.o [1]
sibrdr                  0x080069f4   0x2c  Data  Gb  main.o [1]
sical                   0x08006c1c   0x24  Data  Gb  main.o [1]
sincline                0x08006aec   0x28  Data  Gb  main.o [1]
sprintf                 0x08004491   0x38  Code  Gb  sprintf.o [3]
ssdBatt                 0x08006e50   0x10  Data  Gb  ssdGraph.o [1]
ssdVideoBff             0x20000408  0x404  Data  Gb  ug2864.o [1]
ssd_putBatt             0x080037e5   0xb0  Code  Gb  ug2864.o [1]
ssd_putChar12x16        0x080038a1   0xf4  Code  Gb  ug2864.o [1]
ssd_putChar6x8          0x080039b9   0x5a  Code  Gb  ug2864.o [1]
ssd_putMenuFolder       0x08003795   0x50  Code  Gb  ug2864.o [1]
ssd_putMenuScroll       0x080035a5   0xae  Code  Gb  ug2864.o [1]
ssd_putMsgBox           0x080032f1   0x8a  Code  Gb  ug2864.o [1]
ssd_putParBox           0x08003231   0xb8  Code  Gb  ug2864.o [1]
ssd_putPitchBar         0x08003653  0x13e  Code  Gb  ug2864.o [1]
ssd_putRollBar          0x0800337b  0x220  Code  Gb  ug2864.o [1]
ssd_putString12x16      0x08003995   0x24  Code  Gb  ug2864.o [1]
ssd_putString6x8        0x08003a19   0x24  Code  Gb  ug2864.o [1]
ssd_setpix              0x08003a3d   0xc8  Code  Gb  ug2864.o [1]
ssleep                  0x08006d08   0x20  Data  Gb  main.o [1]
stats                   0x08006b8c   0x24  Data  Gb  main.o [1]
strcpy                  0x08004481         Code  Gb  strcpy.o [5]
strlen                  0x0800462d   0x10  Code  Gb  strlen.o [5]
swusrc                  0x08006b14   0x28  Data  Gb  main.o [1]
sync                    0x0800425f   0x3c  Code  Gb  sync.o [1]
syncInit                0x08004205   0x5a  Code  Gb  sync.o [1]
sysPars                 0x20000dfc    0x4  Data  Gb  main.o [1]
tiltAngCalc             0x08002751   0x5e  Code  Gb  main.o [1]
trxAccData              0x0800280d   0x86  Code  Gb  main.o [1]
ug2864_com              0x08003bc7   0x36  Code  Gb  ug2864.o [1]
ug2864_refresh          0x08003c01   0x1e  Code  Gb  ug2864.o [1]
ug2864init              0x08003b09   0xbe  Code  Gb  ug2864.o [1]
uwTick                  0x20000e00    0x4  Data  Gb  stm32f0xx_hal.o [1]


[1] = C:\Users\4eef\Projects\Chronograph+\SW\Chrono-Terminal-V1.0\firmware\PROJ_DIR\Debug\Obj
[2] = command line
[3] = dl6M_tln.a
[4] = m6M_tl.a
[5] = rt6M_tl.a
[6] = shb_l.a

  25 182 bytes of readonly  code memory
   3 250 bytes of readonly  data memory
   3 590 bytes of readwrite data memory

Errors: none
Warnings: none
