###############################################################################
#
# IAR ELF Linker V7.80.2.11947/W32 for ARM                07/Aug/2017  23:04:48
# Copyright 2007-2016 IAR Systems AB.
#
#    Output file  =  
#        C:\Users\4eef\Projects\Chronograph+\SW\Chrono-Terminal-V1.0\firmware\PROJ_DIR\Debug\Exe\Chrono-Terminal-V1.0.out
#    Map file     =  
#        C:\Users\4eef\Projects\Chronograph+\SW\Chrono-Terminal-V1.0\firmware\PROJ_DIR\Debug\List\Chrono-Terminal-V1.0.map
#    Command line =  
#        C:\Users\4eef\Projects\Chronograph+\SW\Chrono-Terminal-V1.0\firmware\PROJ_DIR\Debug\Obj\adc.o
#        C:\Users\4eef\Projects\Chronograph+\SW\Chrono-Terminal-V1.0\firmware\PROJ_DIR\Debug\Obj\battery.o
#        C:\Users\4eef\Projects\Chronograph+\SW\Chrono-Terminal-V1.0\firmware\PROJ_DIR\Debug\Obj\buttons.o
#        C:\Users\4eef\Projects\Chronograph+\SW\Chrono-Terminal-V1.0\firmware\PROJ_DIR\Debug\Obj\clock.o
#        C:\Users\4eef\Projects\Chronograph+\SW\Chrono-Terminal-V1.0\firmware\PROJ_DIR\Debug\Obj\delay.o
#        C:\Users\4eef\Projects\Chronograph+\SW\Chrono-Terminal-V1.0\firmware\PROJ_DIR\Debug\Obj\filter.o
#        C:\Users\4eef\Projects\Chronograph+\SW\Chrono-Terminal-V1.0\firmware\PROJ_DIR\Debug\Obj\fix16.o
#        C:\Users\4eef\Projects\Chronograph+\SW\Chrono-Terminal-V1.0\firmware\PROJ_DIR\Debug\Obj\fix16_exp.o
#        C:\Users\4eef\Projects\Chronograph+\SW\Chrono-Terminal-V1.0\firmware\PROJ_DIR\Debug\Obj\fix16_sqrt.o
#        C:\Users\4eef\Projects\Chronograph+\SW\Chrono-Terminal-V1.0\firmware\PROJ_DIR\Debug\Obj\fix16_trig.o
#        C:\Users\4eef\Projects\Chronograph+\SW\Chrono-Terminal-V1.0\firmware\PROJ_DIR\Debug\Obj\fract32.o
#        C:\Users\4eef\Projects\Chronograph+\SW\Chrono-Terminal-V1.0\firmware\PROJ_DIR\Debug\Obj\gpio.o
#        C:\Users\4eef\Projects\Chronograph+\SW\Chrono-Terminal-V1.0\firmware\PROJ_DIR\Debug\Obj\i2c.o
#        C:\Users\4eef\Projects\Chronograph+\SW\Chrono-Terminal-V1.0\firmware\PROJ_DIR\Debug\Obj\IR.o
#        C:\Users\4eef\Projects\Chronograph+\SW\Chrono-Terminal-V1.0\firmware\PROJ_DIR\Debug\Obj\lis3.o
#        C:\Users\4eef\Projects\Chronograph+\SW\Chrono-Terminal-V1.0\firmware\PROJ_DIR\Debug\Obj\main.o
#        C:\Users\4eef\Projects\Chronograph+\SW\Chrono-Terminal-V1.0\firmware\PROJ_DIR\Debug\Obj\MicroMenu.o
#        C:\Users\4eef\Projects\Chronograph+\SW\Chrono-Terminal-V1.0\firmware\PROJ_DIR\Debug\Obj\power.o
#        C:\Users\4eef\Projects\Chronograph+\SW\Chrono-Terminal-V1.0\firmware\PROJ_DIR\Debug\Obj\ssdFonts.o
#        C:\Users\4eef\Projects\Chronograph+\SW\Chrono-Terminal-V1.0\firmware\PROJ_DIR\Debug\Obj\ssdGraph.o
#        C:\Users\4eef\Projects\Chronograph+\SW\Chrono-Terminal-V1.0\firmware\PROJ_DIR\Debug\Obj\startup_stm32f042x6.o
#        C:\Users\4eef\Projects\Chronograph+\SW\Chrono-Terminal-V1.0\firmware\PROJ_DIR\Debug\Obj\sync.o
#        C:\Users\4eef\Projects\Chronograph+\SW\Chrono-Terminal-V1.0\firmware\PROJ_DIR\Debug\Obj\system.o
#        C:\Users\4eef\Projects\Chronograph+\SW\Chrono-Terminal-V1.0\firmware\PROJ_DIR\Debug\Obj\system_stm32f0xx.o
#        C:\Users\4eef\Projects\Chronograph+\SW\Chrono-Terminal-V1.0\firmware\PROJ_DIR\Debug\Obj\ug2864.o
#        C:\Users\4eef\Projects\Chronograph+\SW\Chrono-Terminal-V1.0\firmware\PROJ_DIR\Debug\Obj\uint32.o
#        -o
#        C:\Users\4eef\Projects\Chronograph+\SW\Chrono-Terminal-V1.0\firmware\PROJ_DIR\Debug\Exe\Chrono-Terminal-V1.0.out
#        --redirect _Printf=_PrintfLargeNoMb --map
#        C:\Users\4eef\Projects\Chronograph+\SW\Chrono-Terminal-V1.0\firmware\PROJ_DIR\Debug\List\Chrono-Terminal-V1.0.map
#        --config "C:\Program Files (x86)\IAR Systems\Embedded Workbench
#        7.5\arm\config\linker\ST\stm32f042x6.icf" --semihosting --entry
#        __iar_program_start --vfe
#
###############################################################################

*******************************************************************************
*** RUNTIME MODEL ATTRIBUTES
***

CppFlavor       = *
__SystemLibrary = DLib


*******************************************************************************
*** PLACEMENT SUMMARY
***

"A0":  place at 0x08000000 { ro section .intvec };
"P1":  place in [from 0x08000000 to 0x08007fff] { ro };
"P2":  place in [from 0x20000000 to 0x200017ff] { rw, block CSTACK, block HEAP };
initialize by copy { rw };

  Section            Kind        Address    Size  Object
  -------            ----        -------    ----  ------
"A0":                                       0xc0
  .intvec            ro code  0x08000000    0xc0  startup_stm32f042x6.o [1]
                            - 0x080000c0    0xc0

"P1":                                     0x6bb8
  .text              ro code  0x080000c0   0xd70  ug2864.o [1]
  .text              ro code  0x08000e30    0x10  strlen.o [5]
  .text              ro code  0x08000e40    0xe0  I32DivModFast.o [5]
  .text              ro code  0x08000f20    0x38  sprintf.o [3]
  .text              ro code  0x08000f58    0x1c  strcat.o [3]
  .text              ro code  0x08000f74     0x8  abs.o [3]
  .text              ro code  0x08000f7c    0x50  ABImemset.o [5]
  .text              ro code  0x08000fcc    0x60  delay.o [1]
  .text              ro code  0x0800102c   0x3e2  i2c.o [1]
  .text              ro code  0x0800140e     0xa  xsprout.o [3]
  .text              ro code  0x08001418     0x2  IntDivZer.o [5]
  .rodata            const    0x0800141a     0x2  system.o [1]
  .text              ro code  0x0800141c   0xd0a  xprintflarge_nomb.o [3]
  .text              ro code  0x08002126    0x14  strchr.o [5]
  .text              ro code  0x0800213a    0x18  memchr.o [5]
  .text              ro code  0x08002152    0x6a  I64DivMod.o [5]
  .text              ro code  0x080021bc    0x5c  ABImemcpy.o [5]
  .text              ro code  0x08002218    0x32  DblCmpLe.o [4]
  .text              ro code  0x0800224a   0x184  DblMul.o [4]
  .text              ro code  0x080023ce    0xc2  DblDiv.o [4]
  .text              ro code  0x08002490    0x2e  DblToI32.o [4]
  .rodata            const    0x080024be     0x2  ug2864.o [1]
  .text              ro code  0x080024c0    0x20  I32ToDbl.o [4]
  .text              ro code  0x080024e0   0x1a8  DblAddSub.o [4]
  .text              ro code  0x08002688    0x20  div.o [3]
  .text              ro code  0x080026a8     0x2  I64DivZer.o [5]
  .rodata            const    0x080026aa     0x2  ug2864.o [1]
  .text              ro code  0x080026ac   0xa50  IR.o [1]
  .text              ro code  0x080030fc   0x3e0  MicroMenu.o [1]
  .text              ro code  0x080034dc    0x10  strcpy.o [5]
  .text              ro code  0x080034ec   0x660  system.o [1]
  .text              ro code  0x08003b4c   0x650  main.o [1]
  .text              ro code  0x0800419c   0x1d8  power.o [1]
  .text              ro code  0x08004374   0x160  sync.o [1]
  .text              ro code  0x080044d4   0x1c0  battery.o [1]
  .text              ro code  0x08004694   0x33c  buttons.o [1]
  .text              ro code  0x080049d0   0x49c  lis3.o [1]
  .text              ro code  0x08004e6c    0xa0  clock.o [1]
  .text              ro code  0x08004f0c   0x1f8  adc.o [1]
  .text              ro code  0x08005104   0x220  gpio.o [1]
  .text              ro code  0x08005324   0x1f4  filter.o [1]
  .text              ro code  0x08005518   0x1c4  fix16.o [1]
  .text              ro code  0x080056dc    0xc8  fix16_trig.o [1]
  .text              ro code  0x080057a4    0x32  I32ToFlt.o [4]
  .text              ro code  0x080057d6    0xb0  FltMul.o [4]
  .rodata            const    0x08005886     0x2  ug2864.o [1]
  .text              ro code  0x08005888    0x3a  FltToS32.o [4]
  .text              ro code  0x080058c2   0x120  FltAddSub.o [4]
  .text              ro code  0x080059e2    0xaa  FltDiv.o [4]
  .text              ro code  0x08005a8c    0x26  FltCmpLe.o [4]
  .rodata            const    0x08005ab2     0x2  ug2864.o [1]
  .text              ro code  0x08005ab4    0x28  FltCmpGe.o [4]
  .text              ro code  0x08005adc    0x22  xfdtest.o [4]
  .text              ro code  0x08005afe     0x2  startup_stm32f042x6.o [1]
  .text              ro code  0x08005b00    0x32  I64Mul.o [5]
  .text              ro code  0x08005b32     0x2  startup_stm32f042x6.o [1]
  .rodata            const    0x08005b34   0x600  ssdFonts.o [1]
  .rodata            const    0x08006134   0x198  ssdFonts.o [1]
  .rodata            const    0x080062cc    0xc0  gpio.o [1]
  .text              ro code  0x0800638c    0x94  system_stm32f0xx.o [1]
  .text              ro code  0x08006420    0x3c  startup_stm32f042x6.o [1]
  .text              ro code  0x0800645c    0x3c  zero_init3.o [5]
  .text              ro code  0x08006498    0x30  copy_init3.o [5]
  .text              ro code  0x080064c8    0x28  data_init.o [5]
  .iar.init_table    const    0x080064f0    0x24  - Linker created -
  .rodata            const    0x08006514    0x1c  main.o [1]
  .rodata            const    0x08006530    0x1c  main.o [1]
  .rodata            const    0x0800654c    0x1c  main.o [1]
  .rodata            const    0x08006568    0x1c  main.o [1]
  .rodata            const    0x08006584    0x1c  main.o [1]
  .rodata            const    0x080065a0    0x1c  main.o [1]
  .rodata            const    0x080065bc    0x1c  main.o [1]
  .rodata            const    0x080065d8    0x1c  main.o [1]
  .rodata            const    0x080065f4    0x1c  main.o [1]
  .rodata            const    0x08006610    0x1c  main.o [1]
  .rodata            const    0x0800662c    0x1c  main.o [1]
  .rodata            const    0x08006648    0x1c  main.o [1]
  .rodata            const    0x08006664    0x1c  main.o [1]
  .rodata            const    0x08006680    0x1c  main.o [1]
  .rodata            const    0x0800669c    0x1c  main.o [1]
  .rodata            const    0x080066b8    0x1c  main.o [1]
  .rodata            const    0x080066d4    0x1c  main.o [1]
  .rodata            const    0x080066f0    0x1c  main.o [1]
  .rodata            const    0x0800670c    0x1c  main.o [1]
  .rodata            const    0x08006728    0x1c  main.o [1]
  .rodata            const    0x08006744    0x1c  main.o [1]
  .rodata            const    0x08006760    0x1c  main.o [1]
  .rodata            const    0x0800677c    0x1c  main.o [1]
  .rodata            const    0x08006798    0x1c  main.o [1]
  .rodata            const    0x080067b4    0x1c  main.o [1]
  .rodata            const    0x080067d0    0x1c  main.o [1]
  .rodata            const    0x080067ec    0x1c  main.o [1]
  .rodata            const    0x08006808    0x1c  main.o [1]
  .rodata            const    0x08006824    0x1c  main.o [1]
  .rodata            const    0x08006840    0x1c  main.o [1]
  .rodata            const    0x0800685c    0x1c  main.o [1]
  .rodata            const    0x08006878    0x1c  main.o [1]
  .rodata            const    0x08006894    0x1c  main.o [1]
  .rodata            const    0x080068b0    0x1c  main.o [1]
  .rodata            const    0x080068cc    0x1c  MicroMenu.o [1]
  .text              ro code  0x080068e8    0x1a  cmain.o [5]
  .text              ro code  0x08006902     0x4  low_level_init.o [3]
  .text              ro code  0x08006906     0x8  exit.o [3]
  .text              ro code  0x0800690e     0x2  startup_stm32f042x6.o [1]
  .text              ro code  0x08006910     0xa  cexit.o [5]
  .text              ro code  0x0800691a     0x2  startup_stm32f042x6.o [1]
  .text              ro code  0x0800691c    0x14  exit.o [6]
  .rodata            const    0x08006930    0x14  battery.o [1]
  .rodata            const    0x08006944    0x14  main.o [1]
  .rodata            const    0x08006958    0x14  main.o [1]
  .rodata            const    0x0800696c    0x14  main.o [1]
  .rodata            const    0x08006980    0x14  main.o [1]
  .rodata            const    0x08006994    0x14  main.o [1]
  .rodata            const    0x080069a8    0x14  main.o [1]
  .rodata            const    0x080069bc    0x14  main.o [1]
  .rodata            const    0x080069d0    0x14  sync.o [1]
  .rodata            const    0x080069e4    0x10  IR.o [1]
  .rodata            const    0x080069f4    0x10  IR.o [1]
  .rodata            const    0x08006a04    0x10  IR.o [1]
  .rodata            const    0x08006a14    0x10  IR.o [1]
  .rodata            const    0x08006a24    0x10  main.o [1]
  .rodata            const    0x08006a34    0x10  main.o [1]
  .rodata            const    0x08006a44    0x10  main.o [1]
  .rodata            const    0x08006a54    0x10  main.o [1]
  .rodata            const    0x08006a64    0x10  main.o [1]
  .rodata            const    0x08006a74    0x10  main.o [1]
  .rodata            const    0x08006a84    0x10  main.o [1]
  .rodata            const    0x08006a94    0x10  main.o [1]
  .rodata            const    0x08006aa4    0x10  main.o [1]
  .rodata            const    0x08006ab4    0x10  main.o [1]
  .rodata            const    0x08006ac4    0x10  main.o [1]
  .rodata            const    0x08006ad4    0x10  main.o [1]
  .rodata            const    0x08006ae4    0x10  ssdGraph.o [1]
  .rodata            const    0x08006af4    0x10  ssdGraph.o [1]
  .rodata            const    0x08006b04     0xc  battery.o [1]
  .rodata            const    0x08006b10     0xc  main.o [1]
  .rodata            const    0x08006b1c     0xc  main.o [1]
  .rodata            const    0x08006b28     0xc  main.o [1]
  .rodata            const    0x08006b34     0xc  main.o [1]
  .rodata            const    0x08006b40     0xc  main.o [1]
  .rodata            const    0x08006b4c     0xc  main.o [1]
  .rodata            const    0x08006b58     0xc  MicroMenu.o [1]
  .rodata            const    0x08006b64     0xc  system.o [1]
  .rodata            const    0x08006b70     0xc  system.o [1]
  .rodata            const    0x08006b7c     0xc  system.o [1]
  .text              ro code  0x08006b88     0xc  cstartup_M.o [5]
  .rodata            const    0x08006b94     0x8  IR.o [1]
  .rodata            const    0x08006b9c     0x8  main.o [1]
  .rodata            const    0x08006ba4     0x8  main.o [1]
  .rodata            const    0x08006bac     0x8  main.o [1]
  .rodata            const    0x08006bb4     0x8  main.o [1]
  .rodata            const    0x08006bbc     0x8  main.o [1]
  .rodata            const    0x08006bc4     0x8  MicroMenu.o [1]
  .rodata            const    0x08006bcc     0x8  MicroMenu.o [1]
  .rodata            const    0x08006bd4     0x8  MicroMenu.o [1]
  .rodata            const    0x08006bdc     0x8  ssdGraph.o [1]
  .rodata            const    0x08006be4     0x8  system.o [1]
  .rodata            const    0x08006bec     0x8  system.o [1]
  .rodata            const    0x08006bf4     0x8  ug2864.o [1]
  .rodata            const    0x08006bfc     0x8  ug2864.o [1]
  .rodata            const    0x08006c04     0x8  ug2864.o [1]
  .rodata            const    0x08006c0c     0x8  ug2864.o [1]
  .rodata            const    0x08006c14     0x8  ug2864.o [1]
  .rodata            const    0x08006c1c     0x8  xprintflarge_nomb.o [3]
  Initializer bytes  const    0x08006c24     0x8  <for P2-1>
  .rodata            const    0x08006c2c     0x4  fix16.o [1]
  .rodata            const    0x08006c30     0x4  fix16.o [1]
  .rodata            const    0x08006c34     0x4  fix16_trig.o [1]
  .rodata            const    0x08006c38     0x4  fix16_trig.o [1]
  .rodata            const    0x08006c3c     0x4  fix16_trig.o [1]
  .rodata            const    0x08006c40     0x4  lis3.o [1]
  .rodata            const    0x08006c44     0x4  ssdGraph.o [1]
  .text              ro code  0x08006c48     0x2  startup_stm32f042x6.o [1]
  .text              ro code  0x08006c4a     0x2  startup_stm32f042x6.o [1]
  .text              ro code  0x08006c4c     0x2  startup_stm32f042x6.o [1]
  .text              ro code  0x08006c4e     0x2  startup_stm32f042x6.o [1]
  .text              ro code  0x08006c50     0x2  startup_stm32f042x6.o [1]
  .text              ro code  0x08006c52     0x2  startup_stm32f042x6.o [1]
  .text              ro code  0x08006c54     0x2  startup_stm32f042x6.o [1]
  .text              ro code  0x08006c56     0x2  startup_stm32f042x6.o [1]
  .text              ro code  0x08006c58     0x2  startup_stm32f042x6.o [1]
  .text              ro code  0x08006c5a     0x2  startup_stm32f042x6.o [1]
  .text              ro code  0x08006c5c     0x2  startup_stm32f042x6.o [1]
  .text              ro code  0x08006c5e     0x2  startup_stm32f042x6.o [1]
  .text              ro code  0x08006c60     0x2  startup_stm32f042x6.o [1]
  .text              ro code  0x08006c62     0x2  startup_stm32f042x6.o [1]
  .text              ro code  0x08006c64     0x2  startup_stm32f042x6.o [1]
  .text              ro code  0x08006c66     0x2  startup_stm32f042x6.o [1]
  .text              ro code  0x08006c68     0x2  startup_stm32f042x6.o [1]
  .text              ro code  0x08006c6a     0x2  startup_stm32f042x6.o [1]
  .text              ro code  0x08006c6c     0x2  startup_stm32f042x6.o [1]
  .text              ro code  0x08006c6e     0x2  startup_stm32f042x6.o [1]
  .text              ro code  0x08006c70     0x2  startup_stm32f042x6.o [1]
  .text              ro code  0x08006c72     0x2  startup_stm32f042x6.o [1]
  .text              ro code  0x08006c74     0x2  startup_stm32f042x6.o [1]
  .text              ro code  0x08006c76     0x2  startup_stm32f042x6.o [1]
  .rodata            const    0x08006c78     0x0  zero_init3.o [5]
  .rodata            const    0x08006c78     0x0  copy_init3.o [5]
                            - 0x08006c78  0x6bb8

"P2", part 1 of 3:                           0x8
  P2-1                        0x20000000     0x8  <Init block>
    .data            inited   0x20000000     0x4  gpio.o [1]
    .data            inited   0x20000004     0x4  MicroMenu.o [1]
                            - 0x20000008     0x8

"P2", part 2 of 3:                         0x400
  CSTACK                      0x20000008   0x400  <Block>
    CSTACK           uninit   0x20000008   0x400  <Block tail>
                            - 0x20000408   0x400

"P2", part 3 of 3:                         0xbe0
  .bss               zero     0x20000408   0x404  ug2864.o [1]
  .bss               zero     0x2000080c   0x330  MicroMenu.o [1]
  .bss               zero     0x20000b3c   0x268  system.o [1]
  .bss               zero     0x20000da4   0x16c  system.o [1]
  .bss               zero     0x20000f10    0x5c  filter.o [1]
  .bss               zero     0x20000f6c    0x18  filter.o [1]
  .bss               zero     0x20000f84    0x18  lis3.o [1]
  .bss               zero     0x20000f9c    0x14  IR.o [1]
  .bss               zero     0x20000fb0    0x14  lis3.o [1]
  .bss               zero     0x20000fc4     0x8  buttons.o [1]
  .bss               zero     0x20000fcc     0x8  power.o [1]
  .bss               zero     0x20000fd4     0x4  adc.o [1]
  .bss               zero     0x20000fd8     0x4  filter.o [1]
  .bss               zero     0x20000fdc     0x4  main.o [1]
  .bss               zero     0x20000fe0     0x4  system.o [1]
  .bss               zero     0x20000fe4     0x2  filter.o [1]
  .bss               zero     0x20000fe6     0x1  battery.o [1]
                            - 0x20000fe7   0xbdf


*******************************************************************************
*** INIT TABLE
***

          Address     Size
          -------     ----
Zero (__iar_zero_init3)
    1 destination range, total size 0xbdf:
          0x20000408  0xbdf

Copy (__iar_copy_init3)
    1 source range, total size 0x8:
          0x08006c24    0x8
    1 destination range, total size 0x8:
          0x20000000    0x8



*******************************************************************************
*** MODULE SUMMARY
***

    Module                 ro code  ro data  rw data
    ------                 -------  -------  -------
C:\Users\4eef\Projects\Chronograph+\SW\Chrono-Terminal-V1.0\firmware\PROJ_DIR\Debug\Obj: [1]
    IR.o                     2 640       72       20
    MicroMenu.o                992       68      820
    adc.o                      504                 4
    battery.o                  448       32        1
    buttons.o                  828                 8
    clock.o                    160
    delay.o                     96
    filter.o                   500               122
    fix16.o                    452        8
    fix16_trig.o               200       12
    gpio.o                     544      196        4
    i2c.o                      994
    lis3.o                   1 180        4       44
    main.o                   1 616    1 396        4
    power.o                    472                 8
    ssdFonts.o                        1 944
    ssdGraph.o                           44
    startup_stm32f042x6.o      308
    sync.o                     352       20
    system.o                 1 632       54      984
    system_stm32f0xx.o         148
    ug2864.o                 3 440       48    1 028
    ------------------------------------------------
    Total:                  17 506    3 898    3 047

command line: [2]
    ------------------------------------------------
    Total:

dl6M_tln.a: [3]
    abs.o                        8
    div.o                       32
    exit.o                       8
    low_level_init.o             4
    sprintf.o                   56
    strcat.o                    28
    xprintflarge_nomb.o      3 338        8
    xsprout.o                   10
    ------------------------------------------------
    Total:                   3 484        8

m6M_tl.a: [4]
    DblAddSub.o                424
    DblCmpLe.o                  50
    DblDiv.o                   194
    DblMul.o                   388
    DblToI32.o                  46
    FltAddSub.o                288
    FltCmpGe.o                  40
    FltCmpLe.o                  38
    FltDiv.o                   170
    FltMul.o                   176
    FltToS32.o                  58
    I32ToDbl.o                  32
    I32ToFlt.o                  50
    xfdtest.o                   34
    ------------------------------------------------
    Total:                   1 988

rt6M_tl.a: [5]
    ABImemcpy.o                 92
    ABImemset.o                 80
    I32DivModFast.o            224
    I64DivMod.o                106
    I64DivZer.o                  2
    I64Mul.o                    50
    IntDivZer.o                  2
    cexit.o                     10
    cmain.o                     26
    copy_init3.o                48
    cstartup_M.o                12
    data_init.o                 40
    memchr.o                    24
    strchr.o                    20
    strcpy.o                    16
    strlen.o                    16
    zero_init3.o                60
    ------------------------------------------------
    Total:                     828

shb_l.a: [6]
    exit.o                      20
    ------------------------------------------------
    Total:                      20

    Linker created                       36    1 024
----------------------------------------------------
    Grand Total:            23 826    3 942    4 071


*******************************************************************************
*** ENTRY LIST
***

Entry                      Address   Size  Type      Object
-----                      -------   ----  ----      ------
.iar.init_table$$Base   0x080064f0          --   Gb  - Linker created -
.iar.init_table$$Limit  0x08006514          --   Gb  - Linker created -
?main                   0x080068e9         Code  Gb  cmain.o [5]
ADC1_IRQHandler         0x0800504d   0x82  Code  Gb  adc.o [1]
CSTACK$$Base            0x20000008          --   Gb  - Linker created -
CSTACK$$Limit           0x20000408          --   Gb  - Linker created -
CurrentMenuItem         0x20000004    0x4  Data  Lc  MicroMenu.o [1]
EXTI4_15_IRQHandler     0x0800423d   0x22  Code  Gb  power.o [1]
I2C1_IRQHandler         0x0800140d    0x2  Code  Gb  i2c.o [1]
I2CRx                   0x0800115d   0xec  Code  Gb  i2c.o [1]
I2CRxInit               0x080010c5   0x98  Code  Gb  i2c.o [1]
I2CTx                   0x08001301   0xec  Code  Gb  i2c.o [1]
I2CTxInit               0x08001249   0x96  Code  Gb  i2c.o [1]
IRRXData                0x20000f9c   0x14  Data  Gb  IR.o [1]
LoadInt                 0x080019dd   0x68  Code  Lc  xprintflarge_nomb.o [3]
Menu_EnterCurrentItem   0x08003481   0x26  Code  Gb  MicroMenu.o [1]
Menu_GetCurrentMenu     0x08003319    0x6  Code  Gb  MicroMenu.o [1]
Menu_Navigate           0x08003329   0xa6  Code  Gb  MicroMenu.o [1]
Menu_infoWndRun         0x08003189   0x2c  Code  Gb  MicroMenu.o [1]
Menu_navRun             0x080033e9   0x8c  Code  Gb  MicroMenu.o [1]
Menu_parWndRun          0x08003239   0xb2  Code  Gb  MicroMenu.o [1]
Menu_putMessage         0x080032eb   0x2e  Code  Gb  MicroMenu.o [1]
Menu_putParWnd          0x080031e1   0x58  Code  Gb  MicroMenu.o [1]
Menu_run                0x080030fd   0x8c  Code  Gb  MicroMenu.o [1]
Menu_txtWndRun          0x080031b5   0x2c  Code  Gb  MicroMenu.o [1]
NULL_MENU               0x080068cc   0x1c  Data  Gb  MicroMenu.o [1]
NVIC_DisableIRQ         0x08004f1b    0xe  Code  Lc  adc.o [1]
NVIC_DisableIRQ         0x080026bb    0xe  Code  Lc  IR.o [1]
NVIC_DisableIRQ         0x080041ab    0xe  Code  Lc  power.o [1]
NVIC_EnableIRQ          0x08004f0d    0xe  Code  Lc  adc.o [1]
NVIC_EnableIRQ          0x080026ad    0xe  Code  Lc  IR.o [1]
NVIC_EnableIRQ          0x0800419d    0xe  Code  Lc  power.o [1]
NVIC_SetPriority        0x08004f29   0x84  Code  Lc  adc.o [1]
NVIC_SetPriority        0x080026c9   0x84  Code  Lc  IR.o [1]
NVIC_SetPriority        0x080041b9   0x84  Code  Lc  power.o [1]
PI_DIV_4                0x08006c34    0x4  Data  Lc  fix16_trig.o [1]
Region$$Table$$Base     0x080064f0          --   Gb  - Linker created -
Region$$Table$$Limit    0x08006514          --   Gb  - Linker created -
SystemInit              0x0800638d   0x68  Code  Gb  system_stm32f0xx.o [1]
THREE_PI_DIV_4          0x08006c38    0x4  Data  Lc  fix16_trig.o [1]
TIM2_IRQHandler         0x08002e41  0x28a  Code  Gb  IR.o [1]
_GenldLargeNoMb         0x08001e59  0x29a  Code  Lc  xprintflarge_nomb.o [3]
_LdtobLargeNoMb         0x08001b71  0x2b0  Code  Lc  xprintflarge_nomb.o [3]
_LitobLargeNoMb         0x08001a45  0x12a  Code  Lc  xprintflarge_nomb.o [3]
_PrintfLargeNoMb        0x0800141d  0x5c0  Code  Gb  xprintflarge_nomb.o [3]
_PutcharsLargeNoMb      0x080020f3   0x30  Code  Lc  xprintflarge_nomb.o [3]
_SProut                 0x0800140f    0xa  Code  Gb  xsprout.o [3]
__ICFEDIT_region_RAM_end__ {Abs}
                        0x200017ff         Data  Gb  command line/config [2]
__ICFEDIT_region_RAM_start__ {Abs}
                        0x20000000         Data  Gb  command line/config [2]
__aeabi_cdcmple         0x08002219         Code  Gb  DblCmpLe.o [4]
__aeabi_cfcmple         0x08005a8d         Code  Gb  FltCmpLe.o [4]
__aeabi_cfrcmple        0x08005ab5         Code  Gb  FltCmpGe.o [4]
__aeabi_d2uiz           0x08002491         Code  Gb  DblToI32.o [4]
__aeabi_ddiv            0x080023cf         Code  Gb  DblDiv.o [4]
__aeabi_dmul            0x0800224b         Code  Gb  DblMul.o [4]
__aeabi_dsub            0x0800259b         Code  Gb  DblAddSub.o [4]
__aeabi_f2iz            0x08005889         Code  Gb  FltToS32.o [4]
__aeabi_fadd            0x080058c3         Code  Gb  FltAddSub.o [4]
__aeabi_fdiv            0x080059e3         Code  Gb  FltDiv.o [4]
__aeabi_fmul            0x080057d7         Code  Gb  FltMul.o [4]
__aeabi_fsub            0x08005933         Code  Gb  FltAddSub.o [4]
__aeabi_i2f             0x080057a5         Code  Gb  I32ToFlt.o [4]
__aeabi_idiv            0x08000e6d         Code  Gb  I32DivModFast.o [5]
__aeabi_idiv0           0x08001419         Code  Gb  IntDivZer.o [5]
__aeabi_idivmod         0x08000e6d         Code  Gb  I32DivModFast.o [5]
__aeabi_ldiv0           0x080026a9         Code  Gb  I64DivZer.o [5]
__aeabi_lmul            0x08005b01         Code  Gb  I64Mul.o [5]
__aeabi_memcpy          0x080021bd         Code  Gb  ABImemcpy.o [5]
__aeabi_memset          0x08000f7d         Code  Gb  ABImemset.o [5]
__aeabi_ui2d            0x080024c1         Code  Gb  I32ToDbl.o [4]
__aeabi_uidiv           0x08000e73         Code  Gb  I32DivModFast.o [5]
__aeabi_uidivmod        0x08000e73         Code  Gb  I32DivModFast.o [5]
__aeabi_uldivmod        0x08002153         Code  Gb  I64DivMod.o [5]
__cmain                 0x080068e9         Code  Gb  cmain.o [5]
__exit                  0x0800691d   0x14  Code  Gb  exit.o [6]
__iar_FDtest            0x08005add   0x22  Code  Gb  xfdtest.o [4]
__iar_Memchr            0x0800213b   0x18  Code  Gb  memchr.o [5]
__iar_Memset4_word      0x08000f9d         Code  Gb  ABImemset.o [5]
__iar_Memset_word       0x08000f89         Code  Gb  ABImemset.o [5]
__iar_Strchr            0x08002127   0x14  Code  Gb  strchr.o [5]
__iar_copy_init3        0x08006499   0x30  Code  Gb  copy_init3.o [5]
__iar_d2uiz             0x08002495         Code  Gb  DblToI32.o [4]
__iar_data_init3        0x080064c9   0x28  Code  Gb  data_init.o [5]
__iar_program_start     0x08006b89         Code  Gb  cstartup_M.o [5]
__iar_ui2d              0x080024c5         Code  Gb  I32ToDbl.o [4]
__iar_ui2f              0x080057bd         Code  Gb  I32ToFlt.o [4]
__iar_zero_init3        0x0800645d   0x3c  Code  Gb  zero_init3.o [5]
__low_level_init        0x08006903    0x4  Code  Gb  low_level_init.o [3]
__vector_table          0x08000000         Data  Gb  startup_stm32f042x6.o [1]
_call_main              0x080068f5         Code  Gb  cmain.o [5]
_exit                   0x08006911         Code  Gb  cexit.o [5]
_main                   0x080068ff         Code  Gb  cmain.o [5]
about                   0x08006568   0x1c  Data  Gb  main.o [1]
abs                     0x08000f75    0x8  Code  Gb  abs.o [3]
accGainCal              0x08004d05  0x12e  Code  Gb  lis3.o [1]
accel                   0x20000f84   0x18  Data  Gb  lis3.o [1]
adcData                 0x20000fd4    0x4  Data  Gb  adc.o [1]
adcDeinit               0x08004fad   0x24  Code  Gb  adc.o [1]
adcInit                 0x08004fd1   0x7c  Code  Gb  adc.o [1]
battCalc                0x080044d5  0x1c0  Code  Gb  battery.o [1]
battCalc::percFlag      0x20000fe6    0x1  Data  Lc  battery.o [1]
btnCntsClr              0x080049a5   0x1a  Code  Gb  buttons.o [1]
buttons                 0x20000fc4    0x8  Data  Gb  buttons.o [1]
chrgSym                 0x08006bdc    0x8  Data  Gb  ssdGraph.o [1]
clz                     0x080055a5   0x2c  Code  Lc  fix16.o [1]
currMenuItem            0x20000fdc    0x4  Data  Gb  main.o [1]
deInitIR                0x08002d99   0x4a  Code  Gb  IR.o [1]
delay_us                0x08000fcd   0x60  Code  Gb  delay.o [1]
div                     0x08002689   0x20  Code  Gb  div.o [3]
drawChrScr              0x080037f1  0x21c  Code  Gb  system.o [1]
drawDisplay             0x08004035   0xe4  Code  Gb  main.o [1]
drawHybrScr             0x080035c1  0x204  Code  Gb  system.o [1]
drawIncScr              0x08003a21   0xf0  Code  Gb  system.o [1]
drawMenu                0x080034ed   0xd4  Code  Gb  system.o [1]
exit                    0x08006907    0x8  Code  Gb  exit.o [3]
fix16_add               0x08005519   0x24  Code  Gb  fix16.o [1]
fix16_atan              0x08005783   0x10  Code  Gb  fix16_trig.o [1]
fix16_atan2             0x080056dd   0xa6  Code  Gb  fix16_trig.o [1]
fix16_div               0x080055d1  0x104  Code  Gb  fix16.o [1]
fix16_min               0x08006c2c    0x4  Data  Lc  fix16.o [1]
fix16_mul               0x0800553d   0x68  Code  Gb  fix16.o [1]
fix16_one               0x08006c3c    0x4  Data  Lc  fix16_trig.o [1]
fix16_one               0x08006c40    0x4  Data  Lc  lis3.o [1]
fix16_overflow          0x08006c30    0x4  Data  Lc  fix16.o [1]
font12x16               0x08006134  0x198  Data  Gb  ssdFonts.o [1]
font6x8                 0x08005b34  0x600  Data  Gb  ssdFonts.o [1]
getButtonState          0x08004695  0x300  Code  Gb  buttons.o [1]
gppin_init              0x0800513f  0x1cc  Code  Gb  gpio.o [1]
hndlIRData              0x0800275d  0x52c  Code  Gb  IR.o [1]
initClocks              0x08004e6d   0xa0  Code  Gb  clock.o [1]
initGpios               0x08005105   0x3a  Code  Gb  gpio.o [1]
initI2C1                0x0800102d   0x98  Code  Gb  i2c.o [1]
initIRConfig            0x08002ca5   0xea  Code  Gb  IR.o [1]
initPeriphs             0x08004359   0x1c  Code  Gb  power.o [1]
kalman                  0x20000f10   0x5c  Data  Gb  filter.o [1]
kalmanAccCorr           0x08005349  0x186  Code  Gb  filter.o [1]
lis3AxisCal             0x20000fb0   0x14  Data  Gb  lis3.o [1]
lis3_getXYZ             0x08004a77   0x40  Code  Gb  lis3.o [1]
lis3_read               0x08004a39   0x3e  Code  Gb  lis3.o [1]
lis3_write              0x08004a0d   0x2c  Code  Gb  lis3.o [1]
lis3init                0x080049d1   0x3c  Code  Gb  lis3.o [1]
lpf                     0x080054cf   0x2e  Code  Gb  filter.o [1]
lpf::Dacc               0x20000fd8    0x4  Data  Lc  filter.o [1]
lpf::Dout               0x20000fe4    0x2  Data  Lc  filter.o [1]
lpfAccPrim              0x08005325   0x24  Code  Gb  filter.o [1]
lpfPrim                 0x20000f6c   0x18  Data  Gb  filter.o [1]
main                    0x08003b4d  0x354  Code  Gb  main.o [1]
mchron                  0x080065bc   0x1c  Data  Gb  main.o [1]
mcommon                 0x080065a0   0x1c  Data  Gb  main.o [1]
meas                    0x20000b3c  0x268  Data  Gb  system.o [1]
menu                    0x2000080c  0x330  Data  Gb  MicroMenu.o [1]
menuFolder              0x08006ae4   0x10  Data  Gb  ssdGraph.o [1]
menuScroll              0x08006c44    0x4  Data  Gb  ssdGraph.o [1]
mincline                0x080065d8   0x1c  Data  Gb  main.o [1]
mode                    0x08006514   0x1c  Data  Gb  main.o [1]
modeEdit                0x08003fcd   0x46  Code  Gb  main.o [1]
parEditInit             0x08003edd   0xe8  Code  Gb  main.o [1]
pellets                 0x20000da4  0x16c  Data  Gb  system.o [1]
pinNum                  0x20000000    0x4  Data  Gb  gpio.o [1]
pinsMode                0x080062cc   0xc0  Data  Gb  gpio.o [1]
power                   0x20000fcc    0x8  Data  Gb  power.o [1]
powerOff                0x080042db   0x32  Code  Gb  power.o [1]
powerOn                 0x0800430d   0x12  Code  Gb  power.o [1]
q16TiltCalc             0x08004ab7   0x48  Code  Gb  lis3.o [1]
scbind                  0x080066b8   0x1c  Data  Gb  main.o [1]
scdist                  0x0800669c   0x1c  Data  Gb  main.o [1]
schrono                 0x08006610   0x1c  Data  Gb  main.o [1]
sclipc                  0x080065f4   0x1c  Data  Gb  main.o [1]
service                 0x08006584   0x1c  Data  Gb  main.o [1]
setts                   0x0800654c   0x1c  Data  Gb  main.o [1]
sibrdr                  0x080066d4   0x1c  Data  Gb  main.o [1]
sigacal                 0x0800670c   0x1c  Data  Gb  main.o [1]
sincline                0x0800662c   0x1c  Data  Gb  main.o [1]
siofcal                 0x080066f0   0x1c  Data  Gb  main.o [1]
spdbp1                  0x08006728   0x1c  Data  Gb  main.o [1]
spdbp10                 0x08006824   0x1c  Data  Gb  main.o [1]
spdbp11                 0x08006840   0x1c  Data  Gb  main.o [1]
spdbp12                 0x0800685c   0x1c  Data  Gb  main.o [1]
spdbp13                 0x08006878   0x1c  Data  Gb  main.o [1]
spdbp14                 0x08006894   0x1c  Data  Gb  main.o [1]
spdbp15                 0x080068b0   0x1c  Data  Gb  main.o [1]
spdbp2                  0x08006744   0x1c  Data  Gb  main.o [1]
spdbp3                  0x08006760   0x1c  Data  Gb  main.o [1]
spdbp4                  0x0800677c   0x1c  Data  Gb  main.o [1]
spdbp5                  0x08006798   0x1c  Data  Gb  main.o [1]
spdbp6                  0x080067b4   0x1c  Data  Gb  main.o [1]
spdbp7                  0x080067d0   0x1c  Data  Gb  main.o [1]
spdbp8                  0x080067ec   0x1c  Data  Gb  main.o [1]
spdbp9                  0x08006808   0x1c  Data  Gb  main.o [1]
speldb                  0x08006648   0x1c  Data  Gb  main.o [1]
spofft                  0x08006664   0x1c  Data  Gb  main.o [1]
sprintf                 0x08000f21   0x38  Code  Gb  sprintf.o [3]
ssdBatt                 0x08006af4   0x10  Data  Gb  ssdGraph.o [1]
ssdVideoBff             0x20000408  0x404  Data  Gb  ug2864.o [1]
ssd_clearVidBff         0x08000c57   0x16  Code  Gb  ug2864.o [1]
ssd_clrAreaBff          0x08000c71   0x68  Code  Gb  ug2864.o [1]
ssd_putBatt             0x0800090d  0x100  Code  Gb  ug2864.o [1]
ssd_putChar12x16        0x08000a19   0xf4  Code  Gb  ug2864.o [1]
ssd_putChar6x8          0x08000b35   0x5a  Code  Gb  ug2864.o [1]
ssd_putMenuFolder       0x080008bd   0x50  Code  Gb  ug2864.o [1]
ssd_putMenuScroll       0x08000699   0xae  Code  Gb  ug2864.o [1]
ssd_putMessage          0x0800033b   0xd0  Code  Gb  ug2864.o [1]
ssd_putParBox           0x0800016b   0xc8  Code  Gb  ug2864.o [1]
ssd_putParWnd           0x08000233  0x108  Code  Gb  ug2864.o [1]
ssd_putPitchBar         0x08000751  0x16c  Code  Gb  ug2864.o [1]
ssd_putRollBar          0x0800044d  0x24c  Code  Gb  ug2864.o [1]
ssd_putStrClr           0x080000c1   0xaa  Code  Gb  ug2864.o [1]
ssd_putString12x16      0x08000b11   0x24  Code  Gb  ug2864.o [1]
ssd_putString6x8        0x08000b95   0x24  Code  Gb  ug2864.o [1]
ssd_setpix              0x08000bb9   0x9e  Code  Gb  ug2864.o [1]
sswrst                  0x08006680   0x1c  Data  Gb  main.o [1]
stats                   0x08006530   0x1c  Data  Gb  main.o [1]
stopModeConfig          0x0800425f   0x7c  Code  Gb  power.o [1]
strcat                  0x08000f59   0x1c  Code  Gb  strcat.o [3]
strcpy                  0x080034dd         Code  Gb  strcpy.o [5]
strlen                  0x08000e31   0x10  Code  Gb  strlen.o [5]
sync                    0x080043cf   0xca  Code  Gb  sync.o [1]
syncInit                0x08004375   0x5a  Code  Gb  sync.o [1]
sysPars                 0x20000fe0    0x4  Data  Gb  system.o [1]
trxAccData              0x08004b0d  0x1ea  Code  Gb  lis3.o [1]
ug2864_com              0x08000dc3   0x2c  Code  Gb  ug2864.o [1]
ug2864_refresh          0x08000def   0x20  Code  Gb  ug2864.o [1]
ug2864init              0x08000d11   0xb2  Code  Gb  ug2864.o [1]
ug2864off               0x08000ce5   0x16  Code  Gb  ug2864.o [1]
ug2864on                0x08000cfb   0x16  Code  Gb  ug2864.o [1]


[1] = C:\Users\4eef\Projects\Chronograph+\SW\Chrono-Terminal-V1.0\firmware\PROJ_DIR\Debug\Obj
[2] = command line
[3] = dl6M_tln.a
[4] = m6M_tl.a
[5] = rt6M_tl.a
[6] = shb_l.a

  23 826 bytes of readonly  code memory
   3 942 bytes of readonly  data memory
   4 071 bytes of readwrite data memory

Errors: none
Warnings: none
