###############################################################################
#
# IAR ELF Linker V7.80.2.11947/W32 for ARM                15/Oct/2018  22:49:57
# Copyright 2007-2016 IAR Systems AB.
#
#    Output file  =  
#        C:\Users\4eef\Projects\Chronograph+\SW\Chrono-Terminal-V1.0\firmware\PROJ_DIR\Debug\Exe\Chrono-Terminal-V1.0.out
#    Map file     =  
#        C:\Users\4eef\Projects\Chronograph+\SW\Chrono-Terminal-V1.0\firmware\PROJ_DIR\Debug\List\Chrono-Terminal-V1.0.map
#    Command line =  
#        C:\Users\4eef\Projects\Chronograph+\SW\Chrono-Terminal-V1.0\firmware\PROJ_DIR\Debug\Obj\adc.o
#        C:\Users\4eef\Projects\Chronograph+\SW\Chrono-Terminal-V1.0\firmware\PROJ_DIR\Debug\Obj\battery.o
#        C:\Users\4eef\Projects\Chronograph+\SW\Chrono-Terminal-V1.0\firmware\PROJ_DIR\Debug\Obj\buttons.o
#        C:\Users\4eef\Projects\Chronograph+\SW\Chrono-Terminal-V1.0\firmware\PROJ_DIR\Debug\Obj\clock.o
#        C:\Users\4eef\Projects\Chronograph+\SW\Chrono-Terminal-V1.0\firmware\PROJ_DIR\Debug\Obj\delay.o
#        C:\Users\4eef\Projects\Chronograph+\SW\Chrono-Terminal-V1.0\firmware\PROJ_DIR\Debug\Obj\filter.o
#        C:\Users\4eef\Projects\Chronograph+\SW\Chrono-Terminal-V1.0\firmware\PROJ_DIR\Debug\Obj\fix16.o
#        C:\Users\4eef\Projects\Chronograph+\SW\Chrono-Terminal-V1.0\firmware\PROJ_DIR\Debug\Obj\fix16_exp.o
#        C:\Users\4eef\Projects\Chronograph+\SW\Chrono-Terminal-V1.0\firmware\PROJ_DIR\Debug\Obj\fix16_sqrt.o
#        C:\Users\4eef\Projects\Chronograph+\SW\Chrono-Terminal-V1.0\firmware\PROJ_DIR\Debug\Obj\fix16_trig.o
#        C:\Users\4eef\Projects\Chronograph+\SW\Chrono-Terminal-V1.0\firmware\PROJ_DIR\Debug\Obj\fract32.o
#        C:\Users\4eef\Projects\Chronograph+\SW\Chrono-Terminal-V1.0\firmware\PROJ_DIR\Debug\Obj\gpio.o
#        C:\Users\4eef\Projects\Chronograph+\SW\Chrono-Terminal-V1.0\firmware\PROJ_DIR\Debug\Obj\i2c.o
#        C:\Users\4eef\Projects\Chronograph+\SW\Chrono-Terminal-V1.0\firmware\PROJ_DIR\Debug\Obj\IR.o
#        C:\Users\4eef\Projects\Chronograph+\SW\Chrono-Terminal-V1.0\firmware\PROJ_DIR\Debug\Obj\lis3.o
#        C:\Users\4eef\Projects\Chronograph+\SW\Chrono-Terminal-V1.0\firmware\PROJ_DIR\Debug\Obj\main.o
#        C:\Users\4eef\Projects\Chronograph+\SW\Chrono-Terminal-V1.0\firmware\PROJ_DIR\Debug\Obj\MicroMenu.o
#        C:\Users\4eef\Projects\Chronograph+\SW\Chrono-Terminal-V1.0\firmware\PROJ_DIR\Debug\Obj\power.o
#        C:\Users\4eef\Projects\Chronograph+\SW\Chrono-Terminal-V1.0\firmware\PROJ_DIR\Debug\Obj\ssdFonts.o
#        C:\Users\4eef\Projects\Chronograph+\SW\Chrono-Terminal-V1.0\firmware\PROJ_DIR\Debug\Obj\ssdGraph.o
#        C:\Users\4eef\Projects\Chronograph+\SW\Chrono-Terminal-V1.0\firmware\PROJ_DIR\Debug\Obj\startup_stm32f042x6.o
#        C:\Users\4eef\Projects\Chronograph+\SW\Chrono-Terminal-V1.0\firmware\PROJ_DIR\Debug\Obj\sync.o
#        C:\Users\4eef\Projects\Chronograph+\SW\Chrono-Terminal-V1.0\firmware\PROJ_DIR\Debug\Obj\system.o
#        C:\Users\4eef\Projects\Chronograph+\SW\Chrono-Terminal-V1.0\firmware\PROJ_DIR\Debug\Obj\system_stm32f0xx.o
#        C:\Users\4eef\Projects\Chronograph+\SW\Chrono-Terminal-V1.0\firmware\PROJ_DIR\Debug\Obj\ug2864.o
#        C:\Users\4eef\Projects\Chronograph+\SW\Chrono-Terminal-V1.0\firmware\PROJ_DIR\Debug\Obj\uint32.o
#        -o
#        C:\Users\4eef\Projects\Chronograph+\SW\Chrono-Terminal-V1.0\firmware\PROJ_DIR\Debug\Exe\Chrono-Terminal-V1.0.out
#        --redirect _Printf=_PrintfLargeNoMb --map
#        C:\Users\4eef\Projects\Chronograph+\SW\Chrono-Terminal-V1.0\firmware\PROJ_DIR\Debug\List\Chrono-Terminal-V1.0.map
#        --config "C:\Program Files (x86)\IAR Systems\Embedded Workbench
#        7.5\arm\config\linker\ST\stm32f042x6.icf" --semihosting --entry
#        __iar_program_start --vfe
#
###############################################################################

*******************************************************************************
*** RUNTIME MODEL ATTRIBUTES
***

CppFlavor       = *
__SystemLibrary = DLib


*******************************************************************************
*** PLACEMENT SUMMARY
***

"A0":  place at 0x08000000 { ro section .intvec };
"P1":  place in [from 0x08000000 to 0x08007fff] { ro };
"P2":  place in [from 0x20000000 to 0x200017ff] { rw, block CSTACK, block HEAP };
initialize by copy { rw };

  Section            Kind        Address    Size  Object
  -------            ----        -------    ----  ------
"A0":                                       0xc0
  .intvec            ro code  0x08000000    0xc0  startup_stm32f042x6.o [1]
                            - 0x080000c0    0xc0

"P1":                                     0x6e40
  .text              ro code  0x080000c0   0xd0a  xprintflarge_nomb.o [3]
  .text              ro code  0x08000dca    0x14  strchr.o [5]
  .text              ro code  0x08000dde    0x10  strlen.o [5]
  .text              ro code  0x08000dee    0x18  memchr.o [5]
  .text              ro code  0x08000e06    0x6a  I64DivMod.o [5]
  .text              ro code  0x08000e70    0x5c  ABImemcpy.o [5]
  .text              ro code  0x08000ecc    0xe0  I32DivModFast.o [5]
  .text              ro code  0x08000fac    0x32  DblCmpLe.o [4]
  .text              ro code  0x08000fde   0x184  DblMul.o [4]
  .text              ro code  0x08001162    0xc2  DblDiv.o [4]
  .text              ro code  0x08001224    0x2e  DblToI32.o [4]
  .text              ro code  0x08001252     0xa  xsprout.o [3]
  .text              ro code  0x0800125c    0x20  I32ToDbl.o [4]
  .text              ro code  0x0800127c   0x1a8  DblAddSub.o [4]
  .text              ro code  0x08001424    0x20  div.o [3]
  .text              ro code  0x08001444     0x2  I64DivZer.o [5]
  .rodata            const    0x08001446     0x2  main.o [1]
  .text              ro code  0x08001448     0x2  IntDivZer.o [5]
  .rodata            const    0x0800144a     0x2  system.o [1]
  .text              ro code  0x0800144c   0xc40  ug2864.o [1]
  .text              ro code  0x0800208c    0x38  sprintf.o [3]
  .text              ro code  0x080020c4    0x1c  strcat.o [3]
  .text              ro code  0x080020e0     0x8  abs.o [3]
  .text              ro code  0x080020e8    0x50  ABImemset.o [5]
  .text              ro code  0x08002138    0x60  delay.o [1]
  .text              ro code  0x08002198   0x3e2  i2c.o [1]
  .rodata            const    0x0800257a     0x2  ug2864.o [1]
  .text              ro code  0x0800257c   0xab8  MicroMenu.o [1]
  .text              ro code  0x08003034   0x1d8  power.o [1]
  .text              ro code  0x0800320c   0x70c  system.o [1]
  .text              ro code  0x08003918    0x10  strcpy.o [5]
  .text              ro code  0x08003928    0xa0  clock.o [1]
  .text              ro code  0x080039c8   0xa2c  IR.o [1]
  .text              ro code  0x080043f4   0x1f8  adc.o [1]
  .text              ro code  0x080045ec   0x220  gpio.o [1]
  .text              ro code  0x0800480c   0x35c  lis3.o [1]
  .text              ro code  0x08004b68   0x160  sync.o [1]
  .text              ro code  0x08004cc8   0x1c4  fix16.o [1]
  .text              ro code  0x08004e8c    0xc8  fix16_trig.o [1]
  .text              ro code  0x08004f54   0x1f4  filter.o [1]
  .text              ro code  0x08005148    0x32  I64Mul.o [5]
  .rodata            const    0x0800517a     0x2  ug2864.o [1]
  .text              ro code  0x0800517c    0x32  I32ToFlt.o [4]
  .text              ro code  0x080051ae    0xb0  FltMul.o [4]
  .rodata            const    0x0800525e     0x2  ug2864.o [1]
  .text              ro code  0x08005260    0x3a  FltToS32.o [4]
  .text              ro code  0x0800529a   0x120  FltAddSub.o [4]
  .text              ro code  0x080053ba    0xaa  FltDiv.o [4]
  .text              ro code  0x08005464    0x26  FltCmpLe.o [4]
  .rodata            const    0x0800548a     0x2  ug2864.o [1]
  .text              ro code  0x0800548c    0x28  FltCmpGe.o [4]
  .text              ro code  0x080054b4    0x22  xfdtest.o [4]
  .rodata            const    0x080054d6     0x2  ug2864.o [1]
  .rodata            const    0x080054d8   0x600  ssdFonts.o [1]
  .text              ro code  0x08005ad8   0x334  buttons.o [1]
  .text              ro code  0x08005e0c   0x280  main.o [1]
  .text              ro code  0x0800608c   0x1c0  battery.o [1]
  .rodata            const    0x0800624c   0x198  ssdFonts.o [1]
  .rodata            const    0x080063e4    0xc0  gpio.o [1]
  .text              ro code  0x080064a4    0x94  system_stm32f0xx.o [1]
  .text              ro code  0x08006538    0x3c  startup_stm32f042x6.o [1]
  .text              ro code  0x08006574    0x3c  zero_init3.o [5]
  .text              ro code  0x080065b0    0x30  copy_init3.o [5]
  .text              ro code  0x080065e0    0x28  data_init.o [5]
  .iar.init_table    const    0x08006608    0x24  - Linker created -
  .rodata            const    0x0800662c    0x1c  main.o [1]
  .rodata            const    0x08006648    0x1c  main.o [1]
  .rodata            const    0x08006664    0x1c  main.o [1]
  .rodata            const    0x08006680    0x1c  main.o [1]
  .rodata            const    0x0800669c    0x1c  main.o [1]
  .rodata            const    0x080066b8    0x1c  main.o [1]
  .rodata            const    0x080066d4    0x1c  main.o [1]
  .rodata            const    0x080066f0    0x1c  main.o [1]
  .rodata            const    0x0800670c    0x1c  main.o [1]
  .rodata            const    0x08006728    0x1c  main.o [1]
  .rodata            const    0x08006744    0x1c  main.o [1]
  .rodata            const    0x08006760    0x1c  main.o [1]
  .rodata            const    0x0800677c    0x1c  main.o [1]
  .rodata            const    0x08006798    0x1c  main.o [1]
  .rodata            const    0x080067b4    0x1c  main.o [1]
  .rodata            const    0x080067d0    0x1c  main.o [1]
  .rodata            const    0x080067ec    0x1c  main.o [1]
  .rodata            const    0x08006808    0x1c  main.o [1]
  .rodata            const    0x08006824    0x1c  main.o [1]
  .rodata            const    0x08006840    0x1c  main.o [1]
  .rodata            const    0x0800685c    0x1c  main.o [1]
  .rodata            const    0x08006878    0x1c  main.o [1]
  .rodata            const    0x08006894    0x1c  main.o [1]
  .rodata            const    0x080068b0    0x1c  main.o [1]
  .rodata            const    0x080068cc    0x1c  main.o [1]
  .rodata            const    0x080068e8    0x1c  main.o [1]
  .rodata            const    0x08006904    0x1c  main.o [1]
  .rodata            const    0x08006920    0x1c  main.o [1]
  .rodata            const    0x0800693c    0x1c  main.o [1]
  .rodata            const    0x08006958    0x1c  main.o [1]
  .rodata            const    0x08006974    0x1c  main.o [1]
  .rodata            const    0x08006990    0x1c  MicroMenu.o [1]
  .text              ro code  0x080069ac    0x1a  cmain.o [5]
  .text              ro code  0x080069c6     0x4  low_level_init.o [3]
  .text              ro code  0x080069ca     0x8  exit.o [3]
  .rodata            const    0x080069d2     0x2  ug2864.o [1]
  .text              ro code  0x080069d4     0xa  cexit.o [5]
  .rodata            const    0x080069de     0x2  ug2864.o [1]
  .text              ro code  0x080069e0    0x14  exit.o [6]
  .rodata            const    0x080069f4    0x18  main.o [1]
  .rodata            const    0x08006a0c    0x18  main.o [1]
  .rodata            const    0x08006a24    0x18  main.o [1]
  .rodata            const    0x08006a3c    0x18  main.o [1]
  .rodata            const    0x08006a54    0x18  main.o [1]
  .rodata            const    0x08006a6c    0x18  main.o [1]
  .rodata            const    0x08006a84    0x18  main.o [1]
  .rodata            const    0x08006a9c    0x18  main.o [1]
  .rodata            const    0x08006ab4    0x18  main.o [1]
  .rodata            const    0x08006acc    0x18  main.o [1]
  .rodata            const    0x08006ae4    0x18  main.o [1]
  .rodata            const    0x08006afc    0x18  main.o [1]
  .rodata            const    0x08006b14    0x18  main.o [1]
  .rodata            const    0x08006b2c    0x18  main.o [1]
  .rodata            const    0x08006b44    0x18  main.o [1]
  .rodata            const    0x08006b5c    0x18  main.o [1]
  .rodata            const    0x08006b74    0x18  main.o [1]
  .rodata            const    0x08006b8c    0x18  main.o [1]
  .rodata            const    0x08006ba4    0x18  main.o [1]
  .rodata            const    0x08006bbc    0x18  main.o [1]
  .rodata            const    0x08006bd4    0x18  MicroMenu.o [1]
  .rodata            const    0x08006bec    0x14  battery.o [1]
  .rodata            const    0x08006c00    0x14  main.o [1]
  .rodata            const    0x08006c14    0x14  main.o [1]
  .rodata            const    0x08006c28    0x14  main.o [1]
  .rodata            const    0x08006c3c    0x14  main.o [1]
  .rodata            const    0x08006c50    0x14  main.o [1]
  .rodata            const    0x08006c64    0x14  sync.o [1]
  .rodata            const    0x08006c78    0x10  IR.o [1]
  .rodata            const    0x08006c88    0x10  IR.o [1]
  .rodata            const    0x08006c98    0x10  IR.o [1]
  .rodata            const    0x08006ca8    0x10  IR.o [1]
  .rodata            const    0x08006cb8    0x10  main.o [1]
  .rodata            const    0x08006cc8    0x10  main.o [1]
  .rodata            const    0x08006cd8    0x10  main.o [1]
  .rodata            const    0x08006ce8    0x10  main.o [1]
  .rodata            const    0x08006cf8    0x10  main.o [1]
  .rodata            const    0x08006d08    0x10  main.o [1]
  .rodata            const    0x08006d18    0x10  MicroMenu.o [1]
  .rodata            const    0x08006d28    0x10  ssdGraph.o [1]
  .rodata            const    0x08006d38    0x10  ssdGraph.o [1]
  .rodata            const    0x08006d48    0x10  system.o [1]
  .rodata            const    0x08006d58    0x10  system.o [1]
  .rodata            const    0x08006d68     0xc  battery.o [1]
  .rodata            const    0x08006d74     0xc  main.o [1]
  .rodata            const    0x08006d80     0xc  main.o [1]
  .rodata            const    0x08006d8c     0xc  main.o [1]
  .rodata            const    0x08006d98     0xc  main.o [1]
  .rodata            const    0x08006da4     0xc  MicroMenu.o [1]
  .rodata            const    0x08006db0     0xc  MicroMenu.o [1]
  .rodata            const    0x08006dbc     0xc  MicroMenu.o [1]
  .rodata            const    0x08006dc8     0xc  system.o [1]
  .rodata            const    0x08006dd4     0xc  system.o [1]
  .rodata            const    0x08006de0     0xc  system.o [1]
  .text              ro code  0x08006dec     0xc  cstartup_M.o [5]
  .rodata            const    0x08006df8     0x8  IR.o [1]
  .rodata            const    0x08006e00     0x8  main.o [1]
  .rodata            const    0x08006e08     0x8  main.o [1]
  .rodata            const    0x08006e10     0x8  main.o [1]
  .rodata            const    0x08006e18     0x8  main.o [1]
  .rodata            const    0x08006e20     0x8  MicroMenu.o [1]
  .rodata            const    0x08006e28     0x8  MicroMenu.o [1]
  .rodata            const    0x08006e30     0x8  MicroMenu.o [1]
  .rodata            const    0x08006e38     0x8  MicroMenu.o [1]
  .rodata            const    0x08006e40     0x8  ssdGraph.o [1]
  .rodata            const    0x08006e48     0x8  system.o [1]
  .rodata            const    0x08006e50     0x8  system.o [1]
  .rodata            const    0x08006e58     0x8  ug2864.o [1]
  .rodata            const    0x08006e60     0x8  ug2864.o [1]
  .rodata            const    0x08006e68     0x8  ug2864.o [1]
  .rodata            const    0x08006e70     0x8  ug2864.o [1]
  .rodata            const    0x08006e78     0x8  ug2864.o [1]
  .rodata            const    0x08006e80     0x8  ug2864.o [1]
  .rodata            const    0x08006e88     0x8  xprintflarge_nomb.o [3]
  Initializer bytes  const    0x08006e90     0x8  <for P2-1>
  .rodata            const    0x08006e98     0x4  fix16.o [1]
  .rodata            const    0x08006e9c     0x4  fix16.o [1]
  .rodata            const    0x08006ea0     0x4  fix16_trig.o [1]
  .rodata            const    0x08006ea4     0x4  fix16_trig.o [1]
  .rodata            const    0x08006ea8     0x4  fix16_trig.o [1]
  .rodata            const    0x08006eac     0x4  lis3.o [1]
  .rodata            const    0x08006eb0     0x4  main.o [1]
  .rodata            const    0x08006eb4     0x4  main.o [1]
  .rodata            const    0x08006eb8     0x4  main.o [1]
  .rodata            const    0x08006ebc     0x4  main.o [1]
  .rodata            const    0x08006ec0     0x4  ssdGraph.o [1]
  .rodata            const    0x08006ec4     0x2  ug2864.o [1]
  .rodata            const    0x08006ec6     0x2  ug2864.o [1]
  .text              ro code  0x08006ec8     0x2  startup_stm32f042x6.o [1]
  .text              ro code  0x08006eca     0x2  startup_stm32f042x6.o [1]
  .text              ro code  0x08006ecc     0x2  startup_stm32f042x6.o [1]
  .text              ro code  0x08006ece     0x2  startup_stm32f042x6.o [1]
  .text              ro code  0x08006ed0     0x2  startup_stm32f042x6.o [1]
  .text              ro code  0x08006ed2     0x2  startup_stm32f042x6.o [1]
  .text              ro code  0x08006ed4     0x2  startup_stm32f042x6.o [1]
  .text              ro code  0x08006ed6     0x2  startup_stm32f042x6.o [1]
  .text              ro code  0x08006ed8     0x2  startup_stm32f042x6.o [1]
  .text              ro code  0x08006eda     0x2  startup_stm32f042x6.o [1]
  .text              ro code  0x08006edc     0x2  startup_stm32f042x6.o [1]
  .text              ro code  0x08006ede     0x2  startup_stm32f042x6.o [1]
  .text              ro code  0x08006ee0     0x2  startup_stm32f042x6.o [1]
  .text              ro code  0x08006ee2     0x2  startup_stm32f042x6.o [1]
  .text              ro code  0x08006ee4     0x2  startup_stm32f042x6.o [1]
  .text              ro code  0x08006ee6     0x2  startup_stm32f042x6.o [1]
  .text              ro code  0x08006ee8     0x2  startup_stm32f042x6.o [1]
  .text              ro code  0x08006eea     0x2  startup_stm32f042x6.o [1]
  .text              ro code  0x08006eec     0x2  startup_stm32f042x6.o [1]
  .text              ro code  0x08006eee     0x2  startup_stm32f042x6.o [1]
  .text              ro code  0x08006ef0     0x2  startup_stm32f042x6.o [1]
  .text              ro code  0x08006ef2     0x2  startup_stm32f042x6.o [1]
  .text              ro code  0x08006ef4     0x2  startup_stm32f042x6.o [1]
  .text              ro code  0x08006ef6     0x2  startup_stm32f042x6.o [1]
  .text              ro code  0x08006ef8     0x2  startup_stm32f042x6.o [1]
  .text              ro code  0x08006efa     0x2  startup_stm32f042x6.o [1]
  .text              ro code  0x08006efc     0x2  startup_stm32f042x6.o [1]
  .text              ro code  0x08006efe     0x2  startup_stm32f042x6.o [1]
  .rodata            const    0x08006f00     0x0  zero_init3.o [5]
  .rodata            const    0x08006f00     0x0  copy_init3.o [5]
                            - 0x08006f00  0x6e40

"P2", part 1 of 3:                           0x8
  P2-1                        0x20000000     0x8  <Init block>
    .data            inited   0x20000000     0x4  gpio.o [1]
    .data            inited   0x20000004     0x4  MicroMenu.o [1]
                            - 0x20000008     0x8

"P2", part 2 of 3:                         0x400
  CSTACK                      0x20000008   0x400  <Block>
    CSTACK           uninit   0x20000008   0x400  <Block tail>
                            - 0x20000408   0x400

"P2", part 3 of 3:                         0xc64
  .bss               zero     0x20000408   0x404  ug2864.o [1]
  .bss               zero     0x2000080c   0x36c  MicroMenu.o [1]
  .bss               zero     0x20000b78   0x22c  system.o [1]
  .bss               zero     0x20000da4   0x178  system.o [1]
  .bss               zero     0x20000f1c    0x5c  filter.o [1]
  .bss               zero     0x20000f78    0x40  system.o [1]
  .bss               zero     0x20000fb8    0x1c  system.o [1]
  .bss               zero     0x20000fd4    0x18  filter.o [1]
  .bss               zero     0x20000fec    0x18  lis3.o [1]
  .bss               zero     0x20001004    0x18  system.o [1]
  .bss               zero     0x2000101c    0x14  IR.o [1]
  .bss               zero     0x20001030    0x14  lis3.o [1]
  .bss               zero     0x20001044     0x8  buttons.o [1]
  .bss               zero     0x2000104c     0x8  power.o [1]
  .bss               zero     0x20001054     0x8  system.o [1]
  .bss               zero     0x2000105c     0x4  adc.o [1]
  .bss               zero     0x20001060     0x4  filter.o [1]
  .bss               zero     0x20001064     0x4  main.o [1]
  .bss               zero     0x20001068     0x2  filter.o [1]
  .bss               zero     0x2000106a     0x1  battery.o [1]
                            - 0x2000106b   0xc63


*******************************************************************************
*** INIT TABLE
***

          Address     Size
          -------     ----
Zero (__iar_zero_init3)
    1 destination range, total size 0xc63:
          0x20000408  0xc63

Copy (__iar_copy_init3)
    1 source range, total size 0x8:
          0x08006e90    0x8
    1 destination range, total size 0x8:
          0x20000000    0x8



*******************************************************************************
*** MODULE SUMMARY
***

    Module                 ro code  ro data  rw data
    ------                 -------  -------  -------
C:\Users\4eef\Projects\Chronograph+\SW\Chrono-Terminal-V1.0\firmware\PROJ_DIR\Debug\Obj: [1]
    IR.o                     2 604       72       20
    MicroMenu.o              2 744      140      880
    adc.o                      504                 4
    battery.o                  448       32        1
    buttons.o                  820                 8
    clock.o                    160
    delay.o                     96
    filter.o                   500               122
    fix16.o                    452        8
    fix16_trig.o               200       12
    gpio.o                     544      196        4
    i2c.o                      994
    lis3.o                     860        4       44
    main.o                     640    1 642        4
    power.o                    472                 8
    ssdFonts.o                        1 944
    ssdGraph.o                           44
    startup_stm32f042x6.o      308
    sync.o                     352       20
    system.o                 1 804       86    1 056
    system_stm32f0xx.o         148
    ug2864.o                 3 136       66    1 028
    ------------------------------------------------
    Total:                  17 786    4 266    3 179

command line: [2]
    ------------------------------------------------
    Total:

dl6M_tln.a: [3]
    abs.o                        8
    div.o                       32
    exit.o                       8
    low_level_init.o             4
    sprintf.o                   56
    strcat.o                    28
    xprintflarge_nomb.o      3 338        8
    xsprout.o                   10
    ------------------------------------------------
    Total:                   3 484        8

m6M_tl.a: [4]
    DblAddSub.o                424
    DblCmpLe.o                  50
    DblDiv.o                   194
    DblMul.o                   388
    DblToI32.o                  46
    FltAddSub.o                288
    FltCmpGe.o                  40
    FltCmpLe.o                  38
    FltDiv.o                   170
    FltMul.o                   176
    FltToS32.o                  58
    I32ToDbl.o                  32
    I32ToFlt.o                  50
    xfdtest.o                   34
    ------------------------------------------------
    Total:                   1 988

rt6M_tl.a: [5]
    ABImemcpy.o                 92
    ABImemset.o                 80
    I32DivModFast.o            224
    I64DivMod.o                106
    I64DivZer.o                  2
    I64Mul.o                    50
    IntDivZer.o                  2
    cexit.o                     10
    cmain.o                     26
    copy_init3.o                48
    cstartup_M.o                12
    data_init.o                 40
    memchr.o                    24
    strchr.o                    20
    strcpy.o                    16
    strlen.o                    16
    zero_init3.o                60
    ------------------------------------------------
    Total:                     828

shb_l.a: [6]
    exit.o                      20
    ------------------------------------------------
    Total:                      20

    Linker created                       36    1 024
----------------------------------------------------
    Grand Total:            24 106    4 310    4 203


*******************************************************************************
*** ENTRY LIST
***

Entry                      Address   Size  Type      Object
-----                      -------   ----  ----      ------
.iar.init_table$$Base   0x08006608          --   Gb  - Linker created -
.iar.init_table$$Limit  0x0800662c          --   Gb  - Linker created -
?main                   0x080069ad         Code  Gb  cmain.o [5]
ADC1_IRQHandler         0x08004535   0x82  Code  Gb  adc.o [1]
CSTACK$$Base            0x20000008          --   Gb  - Linker created -
CSTACK$$Limit           0x20000408          --   Gb  - Linker created -
CurrentMenuItem         0x20000004    0x4  Data  Lc  MicroMenu.o [1]
EXTI4_15_IRQHandler     0x080030d5   0x22  Code  Gb  power.o [1]
I2C1_IRQHandler         0x08002579    0x2  Code  Gb  i2c.o [1]
I2CRx                   0x080022c9   0xec  Code  Gb  i2c.o [1]
I2CRxInit               0x08002231   0x98  Code  Gb  i2c.o [1]
I2CTx                   0x0800246d   0xec  Code  Gb  i2c.o [1]
I2CTxInit               0x080023b5   0x96  Code  Gb  i2c.o [1]
LoadInt                 0x08000681   0x68  Code  Lc  xprintflarge_nomb.o [3]
Menu_GetCurrentMenu     0x08002ef5    0x6  Code  Gb  MicroMenu.o [1]
Menu_Navigate           0x08002f09   0xdc  Code  Gb  MicroMenu.o [1]
Menu_infoWndRun         0x080028bd   0x2c  Code  Gb  MicroMenu.o [1]
Menu_navDisp            0x08002647   0x6e  Code  Gb  MicroMenu.o [1]
Menu_navMenu            0x080026b5   0xd8  Code  Gb  MicroMenu.o [1]
Menu_navPwrOff          0x08002613   0x34  Code  Gb  MicroMenu.o [1]
Menu_parWndRun          0x08002e0b   0xbc  Code  Gb  MicroMenu.o [1]
Menu_putMessage         0x08002ec7   0x2e  Code  Gb  MicroMenu.o [1]
Menu_putParWnd          0x08002dc1   0x4a  Code  Gb  MicroMenu.o [1]
Menu_putTxtEditWnd      0x080029f9   0x44  Code  Gb  MicroMenu.o [1]
Menu_putTxtParSelWnd    0x080028e9   0x40  Code  Gb  MicroMenu.o [1]
Menu_pwrSw              0x080025f1   0x22  Code  Gb  MicroMenu.o [1]
Menu_run                0x0800257d   0x74  Code  Gb  MicroMenu.o [1]
Menu_setParEdit         0x08002795  0x128  Code  Gb  MicroMenu.o [1]
Menu_txtEditWndRun      0x08002a81  0x330  Code  Gb  MicroMenu.o [1]
Menu_txtParSelWndRun    0x08002935   0xc4  Code  Gb  MicroMenu.o [1]
NULL_MENU               0x08006990   0x1c  Data  Gb  MicroMenu.o [1]
NULL_PRM                0x08006bd4   0x18  Data  Gb  MicroMenu.o [1]
NVIC_DisableIRQ         0x08004403    0xe  Code  Lc  adc.o [1]
NVIC_DisableIRQ         0x080039d7    0xe  Code  Lc  IR.o [1]
NVIC_DisableIRQ         0x08003043    0xe  Code  Lc  power.o [1]
NVIC_EnableIRQ          0x080043f5    0xe  Code  Lc  adc.o [1]
NVIC_EnableIRQ          0x080039c9    0xe  Code  Lc  IR.o [1]
NVIC_EnableIRQ          0x08003035    0xe  Code  Lc  power.o [1]
NVIC_SetPriority        0x08004411   0x84  Code  Lc  adc.o [1]
NVIC_SetPriority        0x080039e5   0x84  Code  Lc  IR.o [1]
NVIC_SetPriority        0x08003051   0x84  Code  Lc  power.o [1]
PI_DIV_4                0x08006ea0    0x4  Data  Lc  fix16_trig.o [1]
Region$$Table$$Base     0x08006608          --   Gb  - Linker created -
Region$$Table$$Limit    0x0800662c          --   Gb  - Linker created -
SystemInit              0x080064a5   0x68  Code  Gb  system_stm32f0xx.o [1]
THREE_PI_DIV_4          0x08006ea4    0x4  Data  Lc  fix16_trig.o [1]
TIM2_IRQHandler         0x08004139  0x28a  Code  Gb  IR.o [1]
_GenldLargeNoMb         0x08000afd  0x29a  Code  Lc  xprintflarge_nomb.o [3]
_LdtobLargeNoMb         0x08000815  0x2b0  Code  Lc  xprintflarge_nomb.o [3]
_LitobLargeNoMb         0x080006e9  0x12a  Code  Lc  xprintflarge_nomb.o [3]
_PrintfLargeNoMb        0x080000c1  0x5c0  Code  Gb  xprintflarge_nomb.o [3]
_PutcharsLargeNoMb      0x08000d97   0x30  Code  Lc  xprintflarge_nomb.o [3]
_SProut                 0x08001253    0xa  Code  Gb  xsprout.o [3]
__ICFEDIT_region_RAM_end__ {Abs}
                        0x200017ff         Data  Gb  command line/config [2]
__ICFEDIT_region_RAM_start__ {Abs}
                        0x20000000         Data  Gb  command line/config [2]
__aeabi_cdcmple         0x08000fad         Code  Gb  DblCmpLe.o [4]
__aeabi_cfcmple         0x08005465         Code  Gb  FltCmpLe.o [4]
__aeabi_cfrcmple        0x0800548d         Code  Gb  FltCmpGe.o [4]
__aeabi_d2uiz           0x08001225         Code  Gb  DblToI32.o [4]
__aeabi_ddiv            0x08001163         Code  Gb  DblDiv.o [4]
__aeabi_dmul            0x08000fdf         Code  Gb  DblMul.o [4]
__aeabi_dsub            0x08001337         Code  Gb  DblAddSub.o [4]
__aeabi_f2iz            0x08005261         Code  Gb  FltToS32.o [4]
__aeabi_fadd            0x0800529b         Code  Gb  FltAddSub.o [4]
__aeabi_fdiv            0x080053bb         Code  Gb  FltDiv.o [4]
__aeabi_fmul            0x080051af         Code  Gb  FltMul.o [4]
__aeabi_fsub            0x0800530b         Code  Gb  FltAddSub.o [4]
__aeabi_i2f             0x0800517d         Code  Gb  I32ToFlt.o [4]
__aeabi_idiv            0x08000ef9         Code  Gb  I32DivModFast.o [5]
__aeabi_idiv0           0x08001449         Code  Gb  IntDivZer.o [5]
__aeabi_idivmod         0x08000ef9         Code  Gb  I32DivModFast.o [5]
__aeabi_ldiv0           0x08001445         Code  Gb  I64DivZer.o [5]
__aeabi_lmul            0x08005149         Code  Gb  I64Mul.o [5]
__aeabi_memcpy          0x08000e71         Code  Gb  ABImemcpy.o [5]
__aeabi_memset          0x080020e9         Code  Gb  ABImemset.o [5]
__aeabi_ui2d            0x0800125d         Code  Gb  I32ToDbl.o [4]
__aeabi_uidiv           0x08000eff         Code  Gb  I32DivModFast.o [5]
__aeabi_uidivmod        0x08000eff         Code  Gb  I32DivModFast.o [5]
__aeabi_uldivmod        0x08000e07         Code  Gb  I64DivMod.o [5]
__cmain                 0x080069ad         Code  Gb  cmain.o [5]
__exit                  0x080069e1   0x14  Code  Gb  exit.o [6]
__iar_FDtest            0x080054b5   0x22  Code  Gb  xfdtest.o [4]
__iar_Memchr            0x08000def   0x18  Code  Gb  memchr.o [5]
__iar_Memset4_word      0x08002109         Code  Gb  ABImemset.o [5]
__iar_Memset_word       0x080020f5         Code  Gb  ABImemset.o [5]
__iar_Strchr            0x08000dcb   0x14  Code  Gb  strchr.o [5]
__iar_copy_init3        0x080065b1   0x30  Code  Gb  copy_init3.o [5]
__iar_d2uiz             0x08001229         Code  Gb  DblToI32.o [4]
__iar_data_init3        0x080065e1   0x28  Code  Gb  data_init.o [5]
__iar_program_start     0x08006ded         Code  Gb  cstartup_M.o [5]
__iar_ui2d              0x08001261         Code  Gb  I32ToDbl.o [4]
__iar_ui2f              0x08005195         Code  Gb  I32ToFlt.o [4]
__iar_zero_init3        0x08006575   0x3c  Code  Gb  zero_init3.o [5]
__low_level_init        0x080069c7    0x4  Code  Gb  low_level_init.o [3]
__vector_table          0x08000000         Data  Gb  startup_stm32f042x6.o [1]
_call_main              0x080069b9         Code  Gb  cmain.o [5]
_exit                   0x080069d5         Code  Gb  cexit.o [5]
_main                   0x080069c3         Code  Gb  cmain.o [5]
about                   0x08006680   0x1c  Data  Gb  main.o [1]
abs                     0x080020e1    0x8  Code  Gb  abs.o [3]
accel                   0x20000fec   0x18  Data  Gb  lis3.o [1]
adcData                 0x2000105c    0x4  Data  Gb  adc.o [1]
adcDeinit               0x08004495   0x24  Code  Gb  adc.o [1]
adcInit                 0x080044b9   0x7c  Code  Gb  adc.o [1]
battCalc                0x0800608d  0x1c0  Code  Gb  battery.o [1]
battCalc::percFlag      0x2000106a    0x1  Data  Lc  battery.o [1]
battery                 0x20000fb8   0x1c  Data  Gb  system.o [1]
btnCntsClr              0x08005de1   0x1a  Code  Gb  buttons.o [1]
buttons                 0x20001044    0x8  Data  Gb  buttons.o [1]
chrSetsRst              0x0800320d   0x6a  Code  Gb  system.o [1]
chrgSym                 0x08006e40    0x8  Data  Gb  ssdGraph.o [1]
chron                   0x20000b78  0x22c  Data  Gb  system.o [1]
clz                     0x08004d55   0x2c  Code  Lc  fix16.o [1]
currMenuItem            0x20001064    0x4  Data  Gb  main.o [1]
deInitIR                0x0800408d   0x4a  Code  Gb  IR.o [1]
delay_us                0x08002139   0x60  Code  Gb  delay.o [1]
div                     0x08001425   0x20  Code  Gb  div.o [3]
drawChrScr              0x0800361d  0x1da  Code  Gb  system.o [1]
drawDisplay             0x08005f59   0xb8  Code  Gb  main.o [1]
drawHybrScr             0x08003425  0x1ce  Code  Gb  system.o [1]
drawIncScr              0x08003805   0xe4  Code  Gb  system.o [1]
drawMenu                0x08003277  0x186  Code  Gb  system.o [1]
exit                    0x080069cb    0x8  Code  Gb  exit.o [3]
fix16_add               0x08004cc9   0x24  Code  Gb  fix16.o [1]
fix16_atan              0x08004f33   0x10  Code  Gb  fix16_trig.o [1]
fix16_atan2             0x08004e8d   0xa6  Code  Gb  fix16_trig.o [1]
fix16_div               0x08004d81  0x104  Code  Gb  fix16.o [1]
fix16_min               0x08006e98    0x4  Data  Lc  fix16.o [1]
fix16_mul               0x08004ced   0x68  Code  Gb  fix16.o [1]
fix16_one               0x08006ea8    0x4  Data  Lc  fix16_trig.o [1]
fix16_one               0x08006eac    0x4  Data  Lc  lis3.o [1]
fix16_overflow          0x08006e9c    0x4  Data  Lc  fix16.o [1]
font12x16               0x0800624c  0x198  Data  Gb  ssdFonts.o [1]
font6x8                 0x080054d8  0x600  Data  Gb  ssdFonts.o [1]
getNavEvent             0x08005ad9  0x2f8  Code  Gb  buttons.o [1]
gppin_init              0x08004627  0x1cc  Code  Gb  gpio.o [1]
hndlIRData              0x08003a79  0x4fe  Code  Gb  IR.o [1]
initClocks              0x08003929   0xa0  Code  Gb  clock.o [1]
initGpios               0x080045ed   0x3a  Code  Gb  gpio.o [1]
initI2C1                0x08002199   0x98  Code  Gb  i2c.o [1]
initIRConfig            0x08003f9d   0xea  Code  Gb  IR.o [1]
initPeriphs             0x080031f1   0x1c  Code  Gb  power.o [1]
irRxData                0x2000101c   0x14  Data  Gb  IR.o [1]
kalman                  0x20000f1c   0x5c  Data  Gb  filter.o [1]
kalmanAccCorr           0x08004f79  0x186  Code  Gb  filter.o [1]
lis3AxisCal             0x20001030   0x14  Data  Gb  lis3.o [1]
lis3_getXYZ             0x080048b3   0x40  Code  Gb  lis3.o [1]
lis3_read               0x08004875   0x3e  Code  Gb  lis3.o [1]
lis3_write              0x08004849   0x2c  Code  Gb  lis3.o [1]
lis3init                0x0800480d   0x3c  Code  Gb  lis3.o [1]
lpf                     0x080050ff   0x2e  Code  Gb  filter.o [1]
lpf::Dacc               0x20001060    0x4  Data  Lc  filter.o [1]
lpf::Dout               0x20001068    0x2  Data  Lc  filter.o [1]
lpfAccPrim              0x08004f55   0x24  Code  Gb  filter.o [1]
lpfPrim                 0x20000fd4   0x18  Data  Gb  filter.o [1]
main                    0x08005e0d  0x14c  Code  Gb  main.o [1]
meas                    0x20001054    0x8  Data  Gb  system.o [1]
menu                    0x2000080c  0x36c  Data  Gb  MicroMenu.o [1]
menuFolder              0x08006d28   0x10  Data  Gb  ssdGraph.o [1]
menuScroll              0x08006ec0    0x4  Data  Gb  ssdGraph.o [1]
mode                    0x0800662c   0x1c  Data  Gb  main.o [1]
pdb10edit               0x08006b44   0x18  Data  Gb  main.o [1]
pdb11edit               0x08006b5c   0x18  Data  Gb  main.o [1]
pdb12edit               0x08006b74   0x18  Data  Gb  main.o [1]
pdb13edit               0x08006b8c   0x18  Data  Gb  main.o [1]
pdb14edit               0x08006ba4   0x18  Data  Gb  main.o [1]
pdb15edit               0x08006bbc   0x18  Data  Gb  main.o [1]
pdb1edit                0x08006a6c   0x18  Data  Gb  main.o [1]
pdb2edit                0x08006a84   0x18  Data  Gb  main.o [1]
pdb3edit                0x08006a9c   0x18  Data  Gb  main.o [1]
pdb4edit                0x08006ab4   0x18  Data  Gb  main.o [1]
pdb5edit                0x08006acc   0x18  Data  Gb  main.o [1]
pdb6edit                0x08006ae4   0x18  Data  Gb  main.o [1]
pdb7edit                0x08006afc   0x18  Data  Gb  main.o [1]
pdb8edit                0x08006b14   0x18  Data  Gb  main.o [1]
pdb9edit                0x08006b2c   0x18  Data  Gb  main.o [1]
pellets                 0x20000da4  0x178  Data  Gb  system.o [1]
pinNum                  0x20000000    0x4  Data  Gb  gpio.o [1]
pinsMode                0x080063e4   0xc0  Data  Gb  gpio.o [1]
potedit                 0x08006a24   0x18  Data  Gb  main.o [1]
power                   0x2000104c    0x8  Data  Gb  power.o [1]
powerOff                0x08003173   0x32  Code  Gb  power.o [1]
powerOn                 0x080031a5   0x12  Code  Gb  power.o [1]
q16TiltCalc             0x080048f3   0x48  Code  Gb  lis3.o [1]
rgbedit                 0x08006a54   0x18  Data  Gb  main.o [1]
scbind                  0x0800677c   0x1c  Data  Gb  main.o [1]
sccedit                 0x08006a0c   0x18  Data  Gb  main.o [1]
scdist                  0x08006760   0x1c  Data  Gb  main.o [1]
schrono                 0x080066d4   0x1c  Data  Gb  main.o [1]
sclipc                  0x080066b8   0x1c  Data  Gb  main.o [1]
scrmode                 0x080069f4   0x18  Data  Gb  main.o [1]
sdedit                  0x08006a3c   0x18  Data  Gb  main.o [1]
service                 0x0800669c   0x1c  Data  Gb  main.o [1]
setts                   0x08006664   0x1c  Data  Gb  main.o [1]
sibrdr                  0x08006798   0x1c  Data  Gb  main.o [1]
sigacal                 0x080067d0   0x1c  Data  Gb  main.o [1]
sincline                0x080066f0   0x1c  Data  Gb  main.o [1]
siofcal                 0x080067b4   0x1c  Data  Gb  main.o [1]
spdbp1                  0x080067ec   0x1c  Data  Gb  main.o [1]
spdbp10                 0x080068e8   0x1c  Data  Gb  main.o [1]
spdbp11                 0x08006904   0x1c  Data  Gb  main.o [1]
spdbp12                 0x08006920   0x1c  Data  Gb  main.o [1]
spdbp13                 0x0800693c   0x1c  Data  Gb  main.o [1]
spdbp14                 0x08006958   0x1c  Data  Gb  main.o [1]
spdbp15                 0x08006974   0x1c  Data  Gb  main.o [1]
spdbp2                  0x08006808   0x1c  Data  Gb  main.o [1]
spdbp3                  0x08006824   0x1c  Data  Gb  main.o [1]
spdbp4                  0x08006840   0x1c  Data  Gb  main.o [1]
spdbp5                  0x0800685c   0x1c  Data  Gb  main.o [1]
spdbp6                  0x08006878   0x1c  Data  Gb  main.o [1]
spdbp7                  0x08006894   0x1c  Data  Gb  main.o [1]
spdbp8                  0x080068b0   0x1c  Data  Gb  main.o [1]
spdbp9                  0x080068cc   0x1c  Data  Gb  main.o [1]
speldb                  0x0800670c   0x1c  Data  Gb  main.o [1]
spofft                  0x08006728   0x1c  Data  Gb  main.o [1]
sprintf                 0x0800208d   0x38  Code  Gb  sprintf.o [3]
ssdBatt                 0x08006d38   0x10  Data  Gb  ssdGraph.o [1]
ssdVideoBff             0x20000408  0x404  Data  Gb  ug2864.o [1]
ssd_clearVidBff         0x08001eb1   0x16  Code  Gb  ug2864.o [1]
ssd_clrAreaBff          0x08001ecd   0x68  Code  Gb  ug2864.o [1]
ssd_putBatt             0x08001b7d  0x100  Code  Gb  ug2864.o [1]
ssd_putChar12x16        0x08001c7d   0xf4  Code  Gb  ug2864.o [1]
ssd_putChar6x8          0x08001d95   0x5a  Code  Gb  ug2864.o [1]
ssd_putMessage          0x0800169d   0xd0  Code  Gb  ug2864.o [1]
ssd_putParWnd           0x08001587   0xfc  Code  Gb  ug2864.o [1]
ssd_putPitchBar         0x08001a0d  0x16c  Code  Gb  ug2864.o [1]
ssd_putRollBar          0x080017bd  0x24c  Code  Gb  ug2864.o [1]
ssd_putString12x16      0x08001d71   0x24  Code  Gb  ug2864.o [1]
ssd_putString6x8        0x08001def   0x24  Code  Gb  ug2864.o [1]
ssd_putTxtEditWnd       0x0800144d   0xae  Code  Gb  ug2864.o [1]
ssd_putTxtParSelWnd     0x080014fb   0x8c  Code  Gb  ug2864.o [1]
ssd_setpix              0x08001e13   0x9e  Code  Gb  ug2864.o [1]
sswrst                  0x08006744   0x1c  Data  Gb  main.o [1]
stats                   0x20001004   0x18  Data  Gb  system.o [1]
stopModeConfig          0x080030f7   0x7c  Code  Gb  power.o [1]
strcat                  0x080020c5   0x1c  Code  Gb  strcat.o [3]
strcpy                  0x08003919         Code  Gb  strcpy.o [5]
strlen                  0x08000ddf   0x10  Code  Gb  strlen.o [5]
stts                    0x08006648   0x1c  Data  Gb  main.o [1]
sync                    0x08004bc3   0xce  Code  Gb  sync.o [1]
syncInit                0x08004b69   0x5a  Code  Gb  sync.o [1]
sysPars                 0x20000f78   0x40  Data  Gb  system.o [1]
trxAccData              0x08004949  0x1ea  Code  Gb  lis3.o [1]
ug2864_com              0x0800201f   0x2c  Code  Gb  ug2864.o [1]
ug2864_refresh          0x0800204b   0x20  Code  Gb  ug2864.o [1]
ug2864init              0x08001f6d   0xb2  Code  Gb  ug2864.o [1]
ug2864off               0x08001f41   0x16  Code  Gb  ug2864.o [1]
ug2864on                0x08001f57   0x16  Code  Gb  ug2864.o [1]


[1] = C:\Users\4eef\Projects\Chronograph+\SW\Chrono-Terminal-V1.0\firmware\PROJ_DIR\Debug\Obj
[2] = command line
[3] = dl6M_tln.a
[4] = m6M_tl.a
[5] = rt6M_tl.a
[6] = shb_l.a

  24 106 bytes of readonly  code memory
   4 310 bytes of readonly  data memory
   4 203 bytes of readwrite data memory

Errors: none
Warnings: none
