###############################################################################
#
# IAR ELF Linker V7.80.2.11947/W32 for ARM                20/Jan/2017  19:31:35
# Copyright 2007-2016 IAR Systems AB.
#
#    Output file  =  
#        C:\Users\4eef\Projects\Chronograph+\SW\Chrono-Terminal-V1.0\firmware\PROJ_DIR\Debug\Exe\Chrono-Terminal-V1.0.out
#    Map file     =  
#        C:\Users\4eef\Projects\Chronograph+\SW\Chrono-Terminal-V1.0\firmware\PROJ_DIR\Debug\List\Chrono-Terminal-V1.0.map
#    Command line =  
#        C:\Users\4eef\Projects\Chronograph+\SW\Chrono-Terminal-V1.0\firmware\PROJ_DIR\Debug\Obj\adc.o
#        C:\Users\4eef\Projects\Chronograph+\SW\Chrono-Terminal-V1.0\firmware\PROJ_DIR\Debug\Obj\clock.o
#        C:\Users\4eef\Projects\Chronograph+\SW\Chrono-Terminal-V1.0\firmware\PROJ_DIR\Debug\Obj\delay.o
#        C:\Users\4eef\Projects\Chronograph+\SW\Chrono-Terminal-V1.0\firmware\PROJ_DIR\Debug\Obj\filter.o
#        C:\Users\4eef\Projects\Chronograph+\SW\Chrono-Terminal-V1.0\firmware\PROJ_DIR\Debug\Obj\gpio.o
#        C:\Users\4eef\Projects\Chronograph+\SW\Chrono-Terminal-V1.0\firmware\PROJ_DIR\Debug\Obj\i2c.o
#        C:\Users\4eef\Projects\Chronograph+\SW\Chrono-Terminal-V1.0\firmware\PROJ_DIR\Debug\Obj\IR.o
#        C:\Users\4eef\Projects\Chronograph+\SW\Chrono-Terminal-V1.0\firmware\PROJ_DIR\Debug\Obj\lis3.o
#        C:\Users\4eef\Projects\Chronograph+\SW\Chrono-Terminal-V1.0\firmware\PROJ_DIR\Debug\Obj\main.o
#        C:\Users\4eef\Projects\Chronograph+\SW\Chrono-Terminal-V1.0\firmware\PROJ_DIR\Debug\Obj\MicroMenu.o
#        C:\Users\4eef\Projects\Chronograph+\SW\Chrono-Terminal-V1.0\firmware\PROJ_DIR\Debug\Obj\ssdFonts.o
#        C:\Users\4eef\Projects\Chronograph+\SW\Chrono-Terminal-V1.0\firmware\PROJ_DIR\Debug\Obj\ssdGraph.o
#        C:\Users\4eef\Projects\Chronograph+\SW\Chrono-Terminal-V1.0\firmware\PROJ_DIR\Debug\Obj\startup_stm32f042x6.o
#        C:\Users\4eef\Projects\Chronograph+\SW\Chrono-Terminal-V1.0\firmware\PROJ_DIR\Debug\Obj\sync.o
#        C:\Users\4eef\Projects\Chronograph+\SW\Chrono-Terminal-V1.0\firmware\PROJ_DIR\Debug\Obj\system_stm32f0xx.o
#        C:\Users\4eef\Projects\Chronograph+\SW\Chrono-Terminal-V1.0\firmware\PROJ_DIR\Debug\Obj\ug2864.o
#        -o
#        C:\Users\4eef\Projects\Chronograph+\SW\Chrono-Terminal-V1.0\firmware\PROJ_DIR\Debug\Exe\Chrono-Terminal-V1.0.out
#        --redirect _Printf=_PrintfLargeNoMb --map
#        C:\Users\4eef\Projects\Chronograph+\SW\Chrono-Terminal-V1.0\firmware\PROJ_DIR\Debug\List\Chrono-Terminal-V1.0.map
#        --config "C:\Program Files (x86)\IAR Systems\Embedded Workbench
#        7.5\arm\config\linker\ST\stm32f042x6.icf" --semihosting --entry
#        __iar_program_start --vfe
#
###############################################################################

*******************************************************************************
*** RUNTIME MODEL ATTRIBUTES
***

CppFlavor       = *
__SystemLibrary = DLib


*******************************************************************************
*** PLACEMENT SUMMARY
***

"A0":  place at 0x08000000 { ro section .intvec };
"P1":  place in [from 0x08000000 to 0x08007fff] { ro };
"P2":  place in [from 0x20000000 to 0x200017ff] { rw, block CSTACK, block HEAP };
initialize by copy { rw };

  Section            Kind        Address    Size  Object
  -------            ----        -------    ----  ------
"A0":                                       0xc0
  .intvec            ro code  0x08000000    0xc0  startup_stm32f042x6.o [1]
                            - 0x080000c0    0xc0

"P1":                                     0x59c0
  .text              ro code  0x080000c0  0x15e0  main.o [1]
  .text              ro code  0x080016a0    0x94  clock.o [1]
  .text              ro code  0x08001734   0x220  gpio.o [1]
  .text              ro code  0x08001954   0x3da  i2c.o [1]
  .text              ro code  0x08001d2e     0xa  xsprout.o [3]
  .text              ro code  0x08001d38   0xa10  ug2864.o [1]
  .text              ro code  0x08002748   0x12c  lis3.o [1]
  .text              ro code  0x08002874   0x47c  IR.o [1]
  .text              ro code  0x08002cf0    0xbc  sync.o [1]
  .text              ro code  0x08002dac   0x1c0  adc.o [1]
  .text              ro code  0x08002f6c    0x10  strcpy.o [5]
  .text              ro code  0x08002f7c    0x38  sprintf.o [3]
  .text              ro code  0x08002fb4   0x104  MicroMenu.o [1]
  .text              ro code  0x080030b8    0xe0  I32DivModFast.o [5]
  .text              ro code  0x08003198    0x38  filter.o [1]
  .text              ro code  0x080031d0    0x50  ABImemset.o [5]
  .text              ro code  0x08003220    0x10  strlen.o [5]
  .text              ro code  0x08003230    0xb0  FltMul.o [4]
  .text              ro code  0x080032e0   0x116  FltAddSub.o [4]
  .rodata            const    0x080033f6     0x2  main.o [1]
  .text              ro code  0x080033f8    0x20  FltCmpEq.o [4]
  .text              ro code  0x08003418    0xaa  FltDiv.o [4]
  .rodata            const    0x080034c2     0x2  ug2864.o [1]
  .text              ro code  0x080034c4    0x32  FltToDbl.o [4]
  .rodata            const    0x080034f6     0x2  ug2864.o [1]
  .text              ro code  0x080034f8    0x9c  atan.o [4]
  .text              ro code  0x08003594   0x184  DblMul.o [4]
  .text              ro code  0x08003718    0x62  DblToFlt.o [4]
  .text              ro code  0x0800377a     0x2  startup_stm32f042x6.o [1]
  .text              ro code  0x0800377c    0x34  I32ToDbl.o [4]
  .text              ro code  0x080037b0    0xc2  DblDiv.o [4]
  .text              ro code  0x08003872     0x2  startup_stm32f042x6.o [1]
  .text              ro code  0x08003874    0x3a  FltToS32.o [4]
  .text              ro code  0x080038ae     0x2  startup_stm32f042x6.o [1]
  .text              ro code  0x080038b0    0x32  I32ToFlt.o [4]
  .text              ro code  0x080038e2     0x2  startup_stm32f042x6.o [1]
  .text              ro code  0x080038e4    0x28  FltCmpGe.o [4]
  .text              ro code  0x0800390c    0x60  delay.o [1]
  .text              ro code  0x0800396c   0xd0a  xprintflarge_nomb.o [3]
  .text              ro code  0x08004676     0x2  startup_stm32f042x6.o [1]
  .text              ro code  0x08004678     0x2  IntDivZer.o [5]
  .text              ro code  0x0800467a    0x32  DblCmpLe.o [4]
  .text              ro code  0x080046ac    0x32  DblCmpGe.o [4]
  .text              ro code  0x080046de     0x2  startup_stm32f042x6.o [1]
  .text              ro code  0x080046e0   0x1e0  xatan.o [4]
  .text              ro code  0x080048c0    0x14  strchr.o [5]
  .text              ro code  0x080048d4    0x18  memchr.o [5]
  .text              ro code  0x080048ec    0x6a  I64DivMod.o [5]
  .text              ro code  0x08004956     0x2  startup_stm32f042x6.o [1]
  .text              ro code  0x08004958    0x5c  ABImemcpy.o [5]
  .text              ro code  0x080049b4    0x2e  DblToI32.o [4]
  .text              ro code  0x080049e2   0x1b4  DblAddSub.o [4]
  .text              ro code  0x08004b96    0x20  div.o [3]
  .text              ro code  0x08004bb6     0x2  startup_stm32f042x6.o [1]
  .text              ro code  0x08004bb8     0x2  I64DivZer.o [5]
  .text              ro code  0x08004bba     0x2  startup_stm32f042x6.o [1]
  .rodata            const    0x08004bbc   0x600  ssdFonts.o [1]
  .rodata            const    0x080051bc   0x180  ssdFonts.o [1]
  .rodata            const    0x0800533c    0xc0  gpio.o [1]
  .text              ro code  0x080053fc    0x94  system_stm32f0xx.o [1]
  .text              ro code  0x08005490    0x3c  startup_stm32f042x6.o [1]
  .text              ro code  0x080054cc    0x3c  zero_init3.o [5]
  .text              ro code  0x08005508    0x30  copy_init3.o [5]
  .rodata            const    0x08005538    0x2c  main.o [1]
  .rodata            const    0x08005564    0x2c  main.o [1]
  .rodata            const    0x08005590    0x28  main.o [1]
  .rodata            const    0x080055b8    0x28  main.o [1]
  .rodata            const    0x080055e0    0x28  main.o [1]
  .rodata            const    0x08005608    0x28  main.o [1]
  .rodata            const    0x08005630    0x28  main.o [1]
  .rodata            const    0x08005658    0x28  main.o [1]
  .rodata            const    0x08005680    0x28  main.o [1]
  .text              ro code  0x080056a8    0x28  data_init.o [5]
  .rodata            const    0x080056d0    0x24  main.o [1]
  .rodata            const    0x080056f4    0x24  main.o [1]
  .rodata            const    0x08005718    0x24  main.o [1]
  .rodata            const    0x0800573c    0x24  main.o [1]
  .rodata            const    0x08005760    0x24  main.o [1]
  .rodata            const    0x08005784    0x24  main.o [1]
  .iar.init_table    const    0x080057a8    0x24  - Linker created -
  .rodata            const    0x080057cc    0x20  main.o [1]
  .rodata            const    0x080057ec    0x20  main.o [1]
  .rodata            const    0x0800580c    0x20  main.o [1]
  .rodata            const    0x0800582c    0x20  main.o [1]
  .rodata            const    0x0800584c    0x20  main.o [1]
  .rodata            const    0x0800586c    0x20  main.o [1]
  .text              ro code  0x0800588c    0x1a  cmain.o [5]
  .text              ro code  0x080058a6     0x4  low_level_init.o [3]
  .text              ro code  0x080058aa     0x8  exit.o [3]
  .text              ro code  0x080058b2     0x2  startup_stm32f042x6.o [1]
  .text              ro code  0x080058b4     0xa  cexit.o [5]
  .text              ro code  0x080058be     0x2  startup_stm32f042x6.o [1]
  .text              ro code  0x080058c0    0x14  exit.o [6]
  .rodata            const    0x080058d4    0x18  main.o [1]
  .rodata            const    0x080058ec    0x18  MicroMenu.o [1]
  .rodata            const    0x08005904    0x14  main.o [1]
  .rodata            const    0x08005918    0x14  main.o [1]
  .rodata            const    0x0800592c    0x14  main.o [1]
  .rodata            const    0x08005940    0x14  main.o [1]
  .rodata            const    0x08005954    0x10  main.o [1]
  .rodata            const    0x08005964    0x10  main.o [1]
  .rodata            const    0x08005974    0x10  main.o [1]
  .rodata            const    0x08005984    0x10  main.o [1]
  .rodata            const    0x08005994    0x10  ssdGraph.o [1]
  .rodata            const    0x080059a4    0x10  ssdGraph.o [1]
  .rodata            const    0x080059b4     0xc  main.o [1]
  .rodata            const    0x080059c0     0xc  main.o [1]
  .rodata            const    0x080059cc     0xc  main.o [1]
  .rodata            const    0x080059d8     0xc  main.o [1]
  .rodata            const    0x080059e4     0xc  main.o [1]
  .rodata            const    0x080059f0     0xc  main.o [1]
  .text              ro code  0x080059fc     0xc  cstartup_M.o [5]
  .rodata            const    0x08005a08     0x8  main.o [1]
  .rodata            const    0x08005a10     0x8  main.o [1]
  .rodata            const    0x08005a18     0x8  main.o [1]
  .rodata            const    0x08005a20     0x8  main.o [1]
  .rodata            const    0x08005a28     0x8  main.o [1]
  .rodata            const    0x08005a30     0x8  main.o [1]
  .rodata            const    0x08005a38     0x8  ug2864.o [1]
  .rodata            const    0x08005a40     0x8  ug2864.o [1]
  .rodata            const    0x08005a48     0x8  xprintflarge_nomb.o [3]
  Initializer bytes  const    0x08005a50     0x8  <for P2-1>
  .rodata            const    0x08005a58     0x4  ssdGraph.o [1]
  .text              ro code  0x08005a5c     0x2  startup_stm32f042x6.o [1]
  .text              ro code  0x08005a5e     0x2  startup_stm32f042x6.o [1]
  .text              ro code  0x08005a60     0x2  startup_stm32f042x6.o [1]
  .text              ro code  0x08005a62     0x2  startup_stm32f042x6.o [1]
  .text              ro code  0x08005a64     0x2  startup_stm32f042x6.o [1]
  .text              ro code  0x08005a66     0x2  startup_stm32f042x6.o [1]
  .text              ro code  0x08005a68     0x2  startup_stm32f042x6.o [1]
  .text              ro code  0x08005a6a     0x2  startup_stm32f042x6.o [1]
  .text              ro code  0x08005a6c     0x2  startup_stm32f042x6.o [1]
  .text              ro code  0x08005a6e     0x2  startup_stm32f042x6.o [1]
  .text              ro code  0x08005a70     0x2  startup_stm32f042x6.o [1]
  .text              ro code  0x08005a72     0x2  startup_stm32f042x6.o [1]
  .text              ro code  0x08005a74     0x2  startup_stm32f042x6.o [1]
  .text              ro code  0x08005a76     0x2  startup_stm32f042x6.o [1]
  .text              ro code  0x08005a78     0x2  startup_stm32f042x6.o [1]
  .text              ro code  0x08005a7a     0x2  startup_stm32f042x6.o [1]
  .text              ro code  0x08005a7c     0x2  startup_stm32f042x6.o [1]
  .text              ro code  0x08005a7e     0x2  startup_stm32f042x6.o [1]
  .rodata            const    0x08005a80     0x0  zero_init3.o [5]
  .rodata            const    0x08005a80     0x0  copy_init3.o [5]
                            - 0x08005a80  0x59c0

"P2", part 1 of 3:                           0x8
  P2-1                        0x20000000     0x8  <Init block>
    .data            inited   0x20000000     0x4  gpio.o [1]
    .data            inited   0x20000004     0x4  MicroMenu.o [1]
                            - 0x20000008     0x8

"P2", part 2 of 3:                         0x400
  CSTACK                      0x20000008   0x400  <Block>
    CSTACK           uninit   0x20000008   0x400  <Block tail>
                            - 0x20000408   0x400

"P2", part 3 of 3:                         0x92c
  .bss               zero     0x20000408   0x404  ug2864.o [1]
  .bss               zero     0x2000080c   0x248  main.o [1]
  .bss               zero     0x20000a54   0x16c  main.o [1]
  .bss               zero     0x20000bc0   0x114  MicroMenu.o [1]
  .bss               zero     0x20000cd4    0x1c  filter.o [1]
  .bss               zero     0x20000cf0    0x18  lis3.o [1]
  .bss               zero     0x20000d08    0x14  IR.o [1]
  .bss               zero     0x20000d1c     0x4  adc.o [1]
  .bss               zero     0x20000d20     0x4  filter.o [1]
  .bss               zero     0x20000d24     0x4  main.o [1]
  .bss               zero     0x20000d28     0x4  main.o [1]
  .bss               zero     0x20000d2c     0x4  main.o [1]
  .bss               zero     0x20000d30     0x2  filter.o [1]
                            - 0x20000d32   0x92a


*******************************************************************************
*** INIT TABLE
***

          Address     Size
          -------     ----
Zero (__iar_zero_init3)
    1 destination range, total size 0x92a:
          0x20000408  0x92a

Copy (__iar_copy_init3)
    1 source range, total size 0x8:
          0x08005a50    0x8
    1 destination range, total size 0x8:
          0x20000000    0x8



*******************************************************************************
*** MODULE SUMMARY
***

    Module                 ro code  ro data  rw data
    ------                 -------  -------  -------
C:\Users\4eef\Projects\Chronograph+\SW\Chrono-Terminal-V1.0\firmware\PROJ_DIR\Debug\Obj: [1]
    IR.o                     1 148                20
    MicroMenu.o                260       28      280
    adc.o                      448                 4
    clock.o                    148
    delay.o                     96
    filter.o                    56                34
    gpio.o                     544      196        4
    i2c.o                      986
    lis3.o                     300                24
    main.o                   5 600    1 066      960
    ssdFonts.o                        1 920
    ssdGraph.o                           36
    startup_stm32f042x6.o      310
    sync.o                     188
    system_stm32f0xx.o         148
    ug2864.o                 2 576       20    1 028
    ------------------------------------------------
    Total:                  12 808    3 266    2 354

command line: [2]
    ------------------------------------------------
    Total:

dl6M_tln.a: [3]
    div.o                       32
    exit.o                       8
    low_level_init.o             4
    sprintf.o                   56
    xprintflarge_nomb.o      3 338        8
    xsprout.o                   10
    ------------------------------------------------
    Total:                   3 448        8

m6M_tl.a: [4]
    DblAddSub.o                436
    DblCmpGe.o                  50
    DblCmpLe.o                  50
    DblDiv.o                   194
    DblMul.o                   388
    DblToFlt.o                  98
    DblToI32.o                  46
    FltAddSub.o                278
    FltCmpEq.o                  32
    FltCmpGe.o                  40
    FltDiv.o                   170
    FltMul.o                   176
    FltToDbl.o                  50
    FltToS32.o                  58
    I32ToDbl.o                  52
    I32ToFlt.o                  50
    atan.o                     156
    xatan.o                    480
    ------------------------------------------------
    Total:                   2 804

rt6M_tl.a: [5]
    ABImemcpy.o                 92
    ABImemset.o                 80
    I32DivModFast.o            224
    I64DivMod.o                106
    I64DivZer.o                  2
    IntDivZer.o                  2
    cexit.o                     10
    cmain.o                     26
    copy_init3.o                48
    cstartup_M.o                12
    data_init.o                 40
    memchr.o                    24
    strchr.o                    20
    strcpy.o                    16
    strlen.o                    16
    zero_init3.o                60
    ------------------------------------------------
    Total:                     778

shb_l.a: [6]
    exit.o                      20
    ------------------------------------------------
    Total:                      20

    Linker created                       36    1 024
----------------------------------------------------
    Grand Total:            19 858    3 310    3 378


*******************************************************************************
*** ENTRY LIST
***

Entry                      Address   Size  Type      Object
-----                      -------   ----  ----      ------
.iar.init_table$$Base   0x080057a8          --   Gb  - Linker created -
.iar.init_table$$Limit  0x080057cc          --   Gb  - Linker created -
?main                   0x0800588d         Code  Gb  cmain.o [5]
ADC1_IRQHandler         0x08002ebb   0x82  Code  Gb  adc.o [1]
CSTACK$$Base            0x20000008          --   Gb  - Linker created -
CSTACK$$Limit           0x20000408          --   Gb  - Linker created -
CurrentMenuItem         0x20000d28    0x4  Data  Gb  main.o [1]
CurrentMenuItem         0x20000004    0x4  Data  Lc  MicroMenu.o [1]
I2C1_IRQHandler         0x08001d2d    0x2  Code  Gb  i2c.o [1]
I2CRx                   0x08001a7d   0xec  Code  Gb  i2c.o [1]
I2CRxInit               0x080019e5   0x98  Code  Gb  i2c.o [1]
I2CTx                   0x08001c21   0xec  Code  Gb  i2c.o [1]
I2CTxInit               0x08001b69   0x96  Code  Gb  i2c.o [1]
IRRXData                0x20000d08   0x14  Data  Gb  IR.o [1]
LoadInt                 0x08003f2d   0x68  Code  Lc  xprintflarge_nomb.o [3]
Menu_EnterCurrentItem   0x08003079   0x26  Code  Gb  MicroMenu.o [1]
Menu_GetCurrentMenu     0x08002fb5    0x6  Code  Gb  MicroMenu.o [1]
Menu_Navigate           0x08002fbb   0xbe  Code  Gb  MicroMenu.o [1]
NULL_MENU               0x080058ec   0x18  Data  Gb  MicroMenu.o [1]
NVIC_EnableIRQ          0x08002dad    0xe  Code  Lc  adc.o [1]
NVIC_EnableIRQ          0x08002875    0xe  Code  Lc  IR.o [1]
NVIC_SetPriority        0x08002dbb   0x84  Code  Lc  adc.o [1]
NVIC_SetPriority        0x08002883   0x84  Code  Lc  IR.o [1]
Region$$Table$$Base     0x080057a8          --   Gb  - Linker created -
Region$$Table$$Limit    0x080057cc          --   Gb  - Linker created -
SystemInit              0x080053fd   0x68  Code  Gb  system_stm32f0xx.o [1]
TIM2_IRQHandler         0x08002a35  0x28a  Code  Gb  IR.o [1]
_GenldLargeNoMb         0x080043a9  0x29a  Code  Lc  xprintflarge_nomb.o [3]
_LdtobLargeNoMb         0x080040c1  0x2b0  Code  Lc  xprintflarge_nomb.o [3]
_LitobLargeNoMb         0x08003f95  0x12a  Code  Lc  xprintflarge_nomb.o [3]
_PrintfLargeNoMb        0x0800396d  0x5c0  Code  Gb  xprintflarge_nomb.o [3]
_PutcharsLargeNoMb      0x08004643   0x30  Code  Lc  xprintflarge_nomb.o [3]
_SProut                 0x08001d2f    0xa  Code  Gb  xsprout.o [3]
__ICFEDIT_region_RAM_end__ {Abs}
                        0x200017ff         Data  Gb  command line/config [2]
__ICFEDIT_region_RAM_start__ {Abs}
                        0x20000000         Data  Gb  command line/config [2]
__aeabi_cdcmple         0x0800467b         Code  Gb  DblCmpLe.o [4]
__aeabi_cdrcmple        0x080046ad         Code  Gb  DblCmpGe.o [4]
__aeabi_cfcmpeq         0x080033f9         Code  Gb  FltCmpEq.o [4]
__aeabi_cfrcmple        0x080038e5         Code  Gb  FltCmpGe.o [4]
__aeabi_d2f             0x08003719         Code  Gb  DblToFlt.o [4]
__aeabi_d2uiz           0x080049b5         Code  Gb  DblToI32.o [4]
__aeabi_dadd            0x080049e3         Code  Gb  DblAddSub.o [4]
__aeabi_ddiv            0x080037b1         Code  Gb  DblDiv.o [4]
__aeabi_dmul            0x08003595         Code  Gb  DblMul.o [4]
__aeabi_dsub            0x08004aa9         Code  Gb  DblAddSub.o [4]
__aeabi_f2d             0x080034c5         Code  Gb  FltToDbl.o [4]
__aeabi_f2iz            0x08003875         Code  Gb  FltToS32.o [4]
__aeabi_fadd            0x080032e1         Code  Gb  FltAddSub.o [4]
__aeabi_fdiv            0x08003419         Code  Gb  FltDiv.o [4]
__aeabi_fmul            0x08003231         Code  Gb  FltMul.o [4]
__aeabi_i2d             0x0800377d         Code  Gb  I32ToDbl.o [4]
__aeabi_i2f             0x080038b1         Code  Gb  I32ToFlt.o [4]
__aeabi_idiv            0x080030e5         Code  Gb  I32DivModFast.o [5]
__aeabi_idiv0           0x08004679         Code  Gb  IntDivZer.o [5]
__aeabi_idivmod         0x080030e5         Code  Gb  I32DivModFast.o [5]
__aeabi_ldiv0           0x08004bb9         Code  Gb  I64DivZer.o [5]
__aeabi_memcpy          0x08004959         Code  Gb  ABImemcpy.o [5]
__aeabi_memset          0x080031d1         Code  Gb  ABImemset.o [5]
__aeabi_ui2d            0x08003791         Code  Gb  I32ToDbl.o [4]
__aeabi_uidiv           0x080030eb         Code  Gb  I32DivModFast.o [5]
__aeabi_uidivmod        0x080030eb         Code  Gb  I32DivModFast.o [5]
__aeabi_uldivmod        0x080048ed         Code  Gb  I64DivMod.o [5]
__cmain                 0x0800588d         Code  Gb  cmain.o [5]
__exit                  0x080058c1   0x14  Code  Gb  exit.o [6]
__iar_Atan              0x080046e1  0x148  Code  Gb  xatan.o [4]
__iar_Memchr            0x080048d5   0x18  Code  Gb  memchr.o [5]
__iar_Memset4_word      0x080031f1         Code  Gb  ABImemset.o [5]
__iar_Memset_word       0x080031dd         Code  Gb  ABImemset.o [5]
__iar_Strchr            0x080048c1   0x14  Code  Gb  strchr.o [5]
__iar_copy_init3        0x08005509   0x30  Code  Gb  copy_init3.o [5]
__iar_d2uiz             0x080049b9         Code  Gb  DblToI32.o [4]
__iar_data_init3        0x080056a9   0x28  Code  Gb  data_init.o [5]
__iar_program_start     0x080059fd         Code  Gb  cstartup_M.o [5]
__iar_ui2d              0x08003795         Code  Gb  I32ToDbl.o [4]
__iar_ui2f              0x080038c9         Code  Gb  I32ToFlt.o [4]
__iar_zero_init3        0x080054cd   0x3c  Code  Gb  zero_init3.o [5]
__low_level_init        0x080058a7    0x4  Code  Gb  low_level_init.o [3]
__vector_table          0x08000000         Data  Gb  startup_stm32f042x6.o [1]
_call_main              0x08005899         Code  Gb  cmain.o [5]
_exit                   0x080058b5         Code  Gb  cexit.o [5]
_main                   0x080058a3         Code  Gb  cmain.o [5]
a                       0x08004880   0x40  Data  Lc  xatan.o [4]
about                   0x080057ec   0x20  Data  Gb  main.o [1]
accel                   0x20000cf0   0x18  Data  Gb  lis3.o [1]
adcData                 0x20000d1c    0x4  Data  Gb  adc.o [1]
adcInit                 0x08002e3f   0x7c  Code  Gb  adc.o [1]
atan                    0x080034f9   0x9c  Code  Gb  atan.o [4]
buttonCnts              0x20000d24    0x4  Data  Gb  main.o [1]
delay_us                0x0800390d   0x60  Code  Gb  delay.o [1]
display                 0x080057cc   0x20  Data  Gb  main.o [1]
div                     0x08004b97   0x20  Code  Gb  div.o [3]
drawMainScreen          0x08001351  0x304  Code  Gb  main.o [1]
drawMenu                0x08001249   0xce  Code  Gb  main.o [1]
exit                    0x080058ab    0x8  Code  Gb  exit.o [3]
font12x16               0x080051bc  0x180  Data  Gb  ssdFonts.o [1]
font6x8                 0x08004bbc  0x600  Data  Gb  ssdFonts.o [1]
getButtonState          0x08000f35  0x1a6  Code  Gb  main.o [1]
gppin_init              0x0800176f  0x1cc  Code  Gb  gpio.o [1]
initClocks              0x080016a1   0x94  Code  Gb  clock.o [1]
initGpios               0x08001735   0x3a  Code  Gb  gpio.o [1]
initI2C1                0x08001955   0x90  Code  Gb  i2c.o [1]
initIRConfig            0x08002907   0xea  Code  Gb  IR.o [1]
kalman                  0x20000cd4   0x1c  Data  Gb  filter.o [1]
lis3_getXYZ             0x080027f5   0x70  Code  Gb  lis3.o [1]
lis3_read               0x080027b7   0x3e  Code  Gb  lis3.o [1]
lis3_write              0x0800278b   0x2c  Code  Gb  lis3.o [1]
lis3init                0x08002749   0x42  Code  Gb  lis3.o [1]
lpf                     0x08003199   0x2e  Code  Gb  filter.o [1]
lpf::Dacc               0x20000d20    0x4  Data  Lc  filter.o [1]
lpf::Dout               0x20000d30    0x2  Data  Lc  filter.o [1]
main                    0x080000c1  0xc78  Code  Gb  main.o [1]
mchron                  0x08005718   0x24  Data  Gb  main.o [1]
mcommon                 0x0800580c   0x20  Data  Gb  main.o [1]
meas                    0x2000080c  0x248  Data  Gb  main.o [1]
menu                    0x20000bc0  0x114  Data  Gb  MicroMenu.o [1]
menuFolder              0x08005994   0x10  Data  Gb  ssdGraph.o [1]
menuScroll              0x08005a58    0x4  Data  Gb  ssdGraph.o [1]
mincline                0x080055e0   0x28  Data  Gb  main.o [1]
mode                    0x08005590   0x28  Data  Gb  main.o [1]
modeEdit                0x08000e81   0x72  Code  Gb  main.o [1]
parEdit                 0x08000e15   0x54  Code  Gb  main.o [1]
parEditRedir            0x08000d59   0xa8  Code  Gb  main.o [1]
pellets                 0x20000a54  0x16c  Data  Gb  main.o [1]
pinNum                  0x20000000    0x4  Data  Gb  gpio.o [1]
pinsMode                0x0800533c   0xc0  Data  Gb  gpio.o [1]
s16fNorm                0x08001155   0x3c  Code  Gb  main.o [1]
scbind                  0x0800586c   0x20  Data  Gb  main.o [1]
scdist                  0x08005680   0x28  Data  Gb  main.o [1]
schrono                 0x0800573c   0x24  Data  Gb  main.o [1]
sclipc                  0x08005608   0x28  Data  Gb  main.o [1]
sdcntr                  0x08005784   0x24  Data  Gb  main.o [1]
sdisplay                0x0800582c   0x20  Data  Gb  main.o [1]
sdpoff                  0x08005564   0x2c  Data  Gb  main.o [1]
service                 0x080055b8   0x28  Data  Gb  main.o [1]
setts                   0x080056f4   0x24  Data  Gb  main.o [1]
sibrdr                  0x08005538   0x2c  Data  Gb  main.o [1]
sical                   0x08005760   0x24  Data  Gb  main.o [1]
sincline                0x08005630   0x28  Data  Gb  main.o [1]
sprintf                 0x08002f7d   0x38  Code  Gb  sprintf.o [3]
ssdBatt                 0x080059a4   0x10  Data  Gb  ssdGraph.o [1]
ssdVideoBff             0x20000408  0x404  Data  Gb  ug2864.o [1]
ssd_putBatt             0x080022ed   0xb0  Code  Gb  ug2864.o [1]
ssd_putChar12x16        0x080023a9   0xf4  Code  Gb  ug2864.o [1]
ssd_putChar6x8          0x080024c1   0x5a  Code  Gb  ug2864.o [1]
ssd_putMenuFolder       0x0800229d   0x50  Code  Gb  ug2864.o [1]
ssd_putMenuScroll       0x080020ad   0xae  Code  Gb  ug2864.o [1]
ssd_putMsgBox           0x08001df9   0x8a  Code  Gb  ug2864.o [1]
ssd_putParBox           0x08001d39   0xb8  Code  Gb  ug2864.o [1]
ssd_putPitchBar         0x0800215b  0x13e  Code  Gb  ug2864.o [1]
ssd_putRollBar          0x08001e83  0x220  Code  Gb  ug2864.o [1]
ssd_putString12x16      0x0800249d   0x24  Code  Gb  ug2864.o [1]
ssd_putString6x8        0x08002521   0x24  Code  Gb  ug2864.o [1]
ssd_setpix              0x08002545   0xc8  Code  Gb  ug2864.o [1]
ssleep                  0x0800584c   0x20  Data  Gb  main.o [1]
stats                   0x080056d0   0x24  Data  Gb  main.o [1]
strcpy                  0x08002f6d         Code  Gb  strcpy.o [5]
strlen                  0x08003221   0x10  Code  Gb  strlen.o [5]
swusrc                  0x08005658   0x28  Data  Gb  main.o [1]
sync                    0x08002d4b   0x3c  Code  Gb  sync.o [1]
syncInit                0x08002cf1   0x5a  Code  Gb  sync.o [1]
sysPars                 0x20000d2c    0x4  Data  Gb  main.o [1]
tiltAngCalc             0x080010e5   0x5e  Code  Gb  main.o [1]
trxAccData              0x0800119d   0x86  Code  Gb  main.o [1]
ug2864_com              0x080026cf   0x2c  Code  Gb  ug2864.o [1]
ug2864_refresh          0x08002701   0x26  Code  Gb  ug2864.o [1]
ug2864init              0x08002611   0xbe  Code  Gb  ug2864.o [1]


[1] = C:\Users\4eef\Projects\Chronograph+\SW\Chrono-Terminal-V1.0\firmware\PROJ_DIR\Debug\Obj
[2] = command line
[3] = dl6M_tln.a
[4] = m6M_tl.a
[5] = rt6M_tl.a
[6] = shb_l.a

  19 858 bytes of readonly  code memory
   3 310 bytes of readonly  data memory
   3 378 bytes of readwrite data memory

Errors: none
Warnings: none
