###############################################################################
#
# IAR ELF Linker V7.80.2.11947/W32 for ARM                20/Mar/2017  00:15:35
# Copyright 2007-2016 IAR Systems AB.
#
#    Output file  =  
#        C:\Users\4eef\Projects\Chronograph+\SW\Chrono-Terminal-V1.0\firmware\PROJ_DIR\Debug\Exe\Chrono-Terminal-V1.0.out
#    Map file     =  
#        C:\Users\4eef\Projects\Chronograph+\SW\Chrono-Terminal-V1.0\firmware\PROJ_DIR\Debug\List\Chrono-Terminal-V1.0.map
#    Command line =  
#        C:\Users\4eef\Projects\Chronograph+\SW\Chrono-Terminal-V1.0\firmware\PROJ_DIR\Debug\Obj\adc.o
#        C:\Users\4eef\Projects\Chronograph+\SW\Chrono-Terminal-V1.0\firmware\PROJ_DIR\Debug\Obj\battery.o
#        C:\Users\4eef\Projects\Chronograph+\SW\Chrono-Terminal-V1.0\firmware\PROJ_DIR\Debug\Obj\buttons.o
#        C:\Users\4eef\Projects\Chronograph+\SW\Chrono-Terminal-V1.0\firmware\PROJ_DIR\Debug\Obj\clock.o
#        C:\Users\4eef\Projects\Chronograph+\SW\Chrono-Terminal-V1.0\firmware\PROJ_DIR\Debug\Obj\delay.o
#        C:\Users\4eef\Projects\Chronograph+\SW\Chrono-Terminal-V1.0\firmware\PROJ_DIR\Debug\Obj\filter.o
#        C:\Users\4eef\Projects\Chronograph+\SW\Chrono-Terminal-V1.0\firmware\PROJ_DIR\Debug\Obj\fix16.o
#        C:\Users\4eef\Projects\Chronograph+\SW\Chrono-Terminal-V1.0\firmware\PROJ_DIR\Debug\Obj\fix16_exp.o
#        C:\Users\4eef\Projects\Chronograph+\SW\Chrono-Terminal-V1.0\firmware\PROJ_DIR\Debug\Obj\fix16_sqrt.o
#        C:\Users\4eef\Projects\Chronograph+\SW\Chrono-Terminal-V1.0\firmware\PROJ_DIR\Debug\Obj\fix16_trig.o
#        C:\Users\4eef\Projects\Chronograph+\SW\Chrono-Terminal-V1.0\firmware\PROJ_DIR\Debug\Obj\fract32.o
#        C:\Users\4eef\Projects\Chronograph+\SW\Chrono-Terminal-V1.0\firmware\PROJ_DIR\Debug\Obj\gpio.o
#        C:\Users\4eef\Projects\Chronograph+\SW\Chrono-Terminal-V1.0\firmware\PROJ_DIR\Debug\Obj\i2c.o
#        C:\Users\4eef\Projects\Chronograph+\SW\Chrono-Terminal-V1.0\firmware\PROJ_DIR\Debug\Obj\IR.o
#        C:\Users\4eef\Projects\Chronograph+\SW\Chrono-Terminal-V1.0\firmware\PROJ_DIR\Debug\Obj\lis3.o
#        C:\Users\4eef\Projects\Chronograph+\SW\Chrono-Terminal-V1.0\firmware\PROJ_DIR\Debug\Obj\main.o
#        C:\Users\4eef\Projects\Chronograph+\SW\Chrono-Terminal-V1.0\firmware\PROJ_DIR\Debug\Obj\MicroMenu.o
#        C:\Users\4eef\Projects\Chronograph+\SW\Chrono-Terminal-V1.0\firmware\PROJ_DIR\Debug\Obj\power.o
#        C:\Users\4eef\Projects\Chronograph+\SW\Chrono-Terminal-V1.0\firmware\PROJ_DIR\Debug\Obj\ssdFonts.o
#        C:\Users\4eef\Projects\Chronograph+\SW\Chrono-Terminal-V1.0\firmware\PROJ_DIR\Debug\Obj\ssdGraph.o
#        C:\Users\4eef\Projects\Chronograph+\SW\Chrono-Terminal-V1.0\firmware\PROJ_DIR\Debug\Obj\startup_stm32f042x6.o
#        C:\Users\4eef\Projects\Chronograph+\SW\Chrono-Terminal-V1.0\firmware\PROJ_DIR\Debug\Obj\sync.o
#        C:\Users\4eef\Projects\Chronograph+\SW\Chrono-Terminal-V1.0\firmware\PROJ_DIR\Debug\Obj\system.o
#        C:\Users\4eef\Projects\Chronograph+\SW\Chrono-Terminal-V1.0\firmware\PROJ_DIR\Debug\Obj\system_stm32f0xx.o
#        C:\Users\4eef\Projects\Chronograph+\SW\Chrono-Terminal-V1.0\firmware\PROJ_DIR\Debug\Obj\ug2864.o
#        C:\Users\4eef\Projects\Chronograph+\SW\Chrono-Terminal-V1.0\firmware\PROJ_DIR\Debug\Obj\uint32.o
#        -o
#        C:\Users\4eef\Projects\Chronograph+\SW\Chrono-Terminal-V1.0\firmware\PROJ_DIR\Debug\Exe\Chrono-Terminal-V1.0.out
#        --redirect _Printf=_PrintfLargeNoMb --map
#        C:\Users\4eef\Projects\Chronograph+\SW\Chrono-Terminal-V1.0\firmware\PROJ_DIR\Debug\List\Chrono-Terminal-V1.0.map
#        --config "C:\Program Files (x86)\IAR Systems\Embedded Workbench
#        7.5\arm\config\linker\ST\stm32f042x6.icf" --semihosting --entry
#        __iar_program_start --vfe
#
###############################################################################

*******************************************************************************
*** RUNTIME MODEL ATTRIBUTES
***

CppFlavor       = *
__SystemLibrary = DLib


*******************************************************************************
*** PLACEMENT SUMMARY
***

"A0":  place at 0x08000000 { ro section .intvec };
"P1":  place in [from 0x08000000 to 0x08007fff] { ro };
"P2":  place in [from 0x20000000 to 0x200017ff] { rw, block CSTACK, block HEAP };
initialize by copy { rw };

  Section            Kind        Address    Size  Object
  -------            ----        -------    ----  ------
"A0":                                       0xc0
  .intvec            ro code  0x08000000    0xc0  startup_stm32f042x6.o [1]
                            - 0x080000c0    0xc0

"P1":                                     0x6e18
  .text              ro code  0x080000c0   0xd64  ug2864.o [1]
  .text              ro code  0x08000e24    0x10  strlen.o [5]
  .text              ro code  0x08000e34    0x10  strcpy.o [5]
  .text              ro code  0x08000e44    0xe0  I32DivModFast.o [5]
  .text              ro code  0x08000f24     0x8  abs.o [3]
  .text              ro code  0x08000f2c    0x50  ABImemset.o [5]
  .text              ro code  0x08000f7c    0x60  delay.o [1]
  .text              ro code  0x08000fdc   0x3da  i2c.o [1]
  .text              ro code  0x080013b6     0xa  xsprout.o [3]
  .text              ro code  0x080013c0     0x2  IntDivZer.o [5]
  .rodata            const    0x080013c2     0x2  system.o [1]
  .text              ro code  0x080013c4   0xd0a  xprintflarge_nomb.o [3]
  .text              ro code  0x080020ce    0x14  strchr.o [5]
  .text              ro code  0x080020e2    0x18  memchr.o [5]
  .text              ro code  0x080020fa    0x6a  I64DivMod.o [5]
  .text              ro code  0x08002164    0x5c  ABImemcpy.o [5]
  .text              ro code  0x080021c0    0x32  DblCmpLe.o [4]
  .text              ro code  0x080021f2   0x184  DblMul.o [4]
  .text              ro code  0x08002376    0xc2  DblDiv.o [4]
  .text              ro code  0x08002438    0x2e  DblToI32.o [4]
  .rodata            const    0x08002466     0x2  ug2864.o [1]
  .text              ro code  0x08002468    0x20  I32ToDbl.o [4]
  .text              ro code  0x08002488   0x1a8  DblAddSub.o [4]
  .text              ro code  0x08002630    0x20  div.o [3]
  .text              ro code  0x08002650     0x2  I64DivZer.o [5]
  .rodata            const    0x08002652     0x2  ug2864.o [1]
  .text              ro code  0x08002654   0xa7c  main.o [1]
  .text              ro code  0x080030d0    0x38  sprintf.o [3]
  .text              ro code  0x08003108   0x104  MicroMenu.o [1]
  .text              ro code  0x0800320c   0x1d8  power.o [1]
  .text              ro code  0x080033e4   0x164  sync.o [1]
  .text              ro code  0x08003548   0x1c0  battery.o [1]
  .text              ro code  0x08003708   0x33c  buttons.o [1]
  .text              ro code  0x08003a44   0xa78  IR.o [1]
  .text              ro code  0x080044bc   0x418  lis3.o [1]
  .text              ro code  0x080048d4   0x9d0  system.o [1]
  .text              ro code  0x080052a4    0x94  clock.o [1]
  .text              ro code  0x08005338   0x1f8  adc.o [1]
  .text              ro code  0x08005530   0x220  gpio.o [1]
  .text              ro code  0x08005750   0x1f4  filter.o [1]
  .text              ro code  0x08005944   0x1c4  fix16.o [1]
  .text              ro code  0x08005b08    0xc8  fix16_trig.o [1]
  .text              ro code  0x08005bd0    0x32  I32ToFlt.o [4]
  .text              ro code  0x08005c02    0xb0  FltMul.o [4]
  .text              ro code  0x08005cb2     0x2  startup_stm32f042x6.o [1]
  .text              ro code  0x08005cb4    0x3a  FltToS32.o [4]
  .text              ro code  0x08005cee   0x120  FltAddSub.o [4]
  .text              ro code  0x08005e0e    0xaa  FltDiv.o [4]
  .text              ro code  0x08005eb8    0x26  FltCmpLe.o [4]
  .text              ro code  0x08005ede     0x2  startup_stm32f042x6.o [1]
  .text              ro code  0x08005ee0    0x28  FltCmpGe.o [4]
  .text              ro code  0x08005f08    0x22  xfdtest.o [4]
  .text              ro code  0x08005f2a     0x2  startup_stm32f042x6.o [1]
  .text              ro code  0x08005f2c    0x32  I64Mul.o [5]
  .text              ro code  0x08005f5e     0x2  startup_stm32f042x6.o [1]
  .rodata            const    0x08005f60   0x600  ssdFonts.o [1]
  .rodata            const    0x08006560   0x198  ssdFonts.o [1]
  .rodata            const    0x080066f8    0xc0  gpio.o [1]
  .text              ro code  0x080067b8    0x94  system_stm32f0xx.o [1]
  .text              ro code  0x0800684c    0x3c  startup_stm32f042x6.o [1]
  .text              ro code  0x08006888    0x3c  zero_init3.o [5]
  .text              ro code  0x080068c4    0x30  copy_init3.o [5]
  .rodata            const    0x080068f4    0x2c  main.o [1]
  .rodata            const    0x08006920    0x2c  main.o [1]
  .rodata            const    0x0800694c    0x2c  main.o [1]
  .rodata            const    0x08006978    0x28  main.o [1]
  .rodata            const    0x080069a0    0x28  main.o [1]
  .rodata            const    0x080069c8    0x28  main.o [1]
  .rodata            const    0x080069f0    0x28  main.o [1]
  .rodata            const    0x08006a18    0x28  main.o [1]
  .rodata            const    0x08006a40    0x28  main.o [1]
  .rodata            const    0x08006a68    0x28  main.o [1]
  .text              ro code  0x08006a90    0x28  data_init.o [5]
  .rodata            const    0x08006ab8    0x24  main.o [1]
  .rodata            const    0x08006adc    0x24  main.o [1]
  .rodata            const    0x08006b00    0x24  main.o [1]
  .rodata            const    0x08006b24    0x24  main.o [1]
  .rodata            const    0x08006b48    0x24  main.o [1]
  .iar.init_table    const    0x08006b6c    0x24  - Linker created -
  .rodata            const    0x08006b90    0x20  main.o [1]
  .rodata            const    0x08006bb0    0x20  main.o [1]
  .rodata            const    0x08006bd0    0x20  main.o [1]
  .rodata            const    0x08006bf0    0x20  main.o [1]
  .text              ro code  0x08006c10    0x1a  cmain.o [5]
  .text              ro code  0x08006c2a     0x4  low_level_init.o [3]
  .text              ro code  0x08006c2e     0x8  exit.o [3]
  .text              ro code  0x08006c36     0x2  startup_stm32f042x6.o [1]
  .text              ro code  0x08006c38     0xa  cexit.o [5]
  .text              ro code  0x08006c42     0x2  startup_stm32f042x6.o [1]
  .text              ro code  0x08006c44    0x14  exit.o [6]
  .rodata            const    0x08006c58    0x18  MicroMenu.o [1]
  .rodata            const    0x08006c70    0x14  battery.o [1]
  .rodata            const    0x08006c84    0x14  main.o [1]
  .rodata            const    0x08006c98    0x14  main.o [1]
  .rodata            const    0x08006cac    0x14  main.o [1]
  .rodata            const    0x08006cc0    0x14  main.o [1]
  .rodata            const    0x08006cd4    0x14  main.o [1]
  .rodata            const    0x08006ce8    0x14  main.o [1]
  .rodata            const    0x08006cfc    0x14  main.o [1]
  .rodata            const    0x08006d10    0x14  main.o [1]
  .rodata            const    0x08006d24    0x14  main.o [1]
  .rodata            const    0x08006d38    0x14  sync.o [1]
  .rodata            const    0x08006d4c    0x10  IR.o [1]
  .rodata            const    0x08006d5c    0x10  IR.o [1]
  .rodata            const    0x08006d6c    0x10  IR.o [1]
  .rodata            const    0x08006d7c    0x10  IR.o [1]
  .rodata            const    0x08006d8c    0x10  main.o [1]
  .rodata            const    0x08006d9c    0x10  main.o [1]
  .rodata            const    0x08006dac    0x10  ssdGraph.o [1]
  .rodata            const    0x08006dbc    0x10  ssdGraph.o [1]
  .rodata            const    0x08006dcc     0xc  battery.o [1]
  .rodata            const    0x08006dd8     0xc  main.o [1]
  .rodata            const    0x08006de4     0xc  main.o [1]
  .rodata            const    0x08006df0     0xc  system.o [1]
  .rodata            const    0x08006dfc     0xc  system.o [1]
  .rodata            const    0x08006e08     0xc  system.o [1]
  .text              ro code  0x08006e14     0xc  cstartup_M.o [5]
  .rodata            const    0x08006e20     0x8  IR.o [1]
  .rodata            const    0x08006e28     0x8  main.o [1]
  .rodata            const    0x08006e30     0x8  main.o [1]
  .rodata            const    0x08006e38     0x8  main.o [1]
  .rodata            const    0x08006e40     0x8  main.o [1]
  .rodata            const    0x08006e48     0x8  main.o [1]
  .rodata            const    0x08006e50     0x8  main.o [1]
  .rodata            const    0x08006e58     0x8  ssdGraph.o [1]
  .rodata            const    0x08006e60     0x8  system.o [1]
  .rodata            const    0x08006e68     0x8  system.o [1]
  .rodata            const    0x08006e70     0x8  ug2864.o [1]
  .rodata            const    0x08006e78     0x8  ug2864.o [1]
  .rodata            const    0x08006e80     0x8  xprintflarge_nomb.o [3]
  Initializer bytes  const    0x08006e88     0x8  <for P2-1>
  .rodata            const    0x08006e90     0x4  fix16.o [1]
  .rodata            const    0x08006e94     0x4  fix16.o [1]
  .rodata            const    0x08006e98     0x4  fix16_trig.o [1]
  .rodata            const    0x08006e9c     0x4  fix16_trig.o [1]
  .rodata            const    0x08006ea0     0x4  fix16_trig.o [1]
  .rodata            const    0x08006ea4     0x4  lis3.o [1]
  .rodata            const    0x08006ea8     0x4  ssdGraph.o [1]
  .text              ro code  0x08006eac     0x2  startup_stm32f042x6.o [1]
  .text              ro code  0x08006eae     0x2  startup_stm32f042x6.o [1]
  .text              ro code  0x08006eb0     0x2  startup_stm32f042x6.o [1]
  .text              ro code  0x08006eb2     0x2  startup_stm32f042x6.o [1]
  .text              ro code  0x08006eb4     0x2  startup_stm32f042x6.o [1]
  .text              ro code  0x08006eb6     0x2  startup_stm32f042x6.o [1]
  .text              ro code  0x08006eb8     0x2  startup_stm32f042x6.o [1]
  .text              ro code  0x08006eba     0x2  startup_stm32f042x6.o [1]
  .text              ro code  0x08006ebc     0x2  startup_stm32f042x6.o [1]
  .text              ro code  0x08006ebe     0x2  startup_stm32f042x6.o [1]
  .text              ro code  0x08006ec0     0x2  startup_stm32f042x6.o [1]
  .text              ro code  0x08006ec2     0x2  startup_stm32f042x6.o [1]
  .text              ro code  0x08006ec4     0x2  startup_stm32f042x6.o [1]
  .text              ro code  0x08006ec6     0x2  startup_stm32f042x6.o [1]
  .text              ro code  0x08006ec8     0x2  startup_stm32f042x6.o [1]
  .text              ro code  0x08006eca     0x2  startup_stm32f042x6.o [1]
  .text              ro code  0x08006ecc     0x2  startup_stm32f042x6.o [1]
  .text              ro code  0x08006ece     0x2  startup_stm32f042x6.o [1]
  .text              ro code  0x08006ed0     0x2  startup_stm32f042x6.o [1]
  .text              ro code  0x08006ed2     0x2  startup_stm32f042x6.o [1]
  .text              ro code  0x08006ed4     0x2  startup_stm32f042x6.o [1]
  .text              ro code  0x08006ed6     0x2  startup_stm32f042x6.o [1]
  .rodata            const    0x08006ed8     0x0  zero_init3.o [5]
  .rodata            const    0x08006ed8     0x0  copy_init3.o [5]
                            - 0x08006ed8  0x6e18

"P2", part 1 of 3:                           0x8
  P2-1                        0x20000000     0x8  <Init block>
    .data            inited   0x20000000     0x4  gpio.o [1]
    .data            inited   0x20000004     0x4  MicroMenu.o [1]
                            - 0x20000008     0x8

"P2", part 2 of 3:                         0x400
  CSTACK                      0x20000008   0x400  <Block>
    CSTACK           uninit   0x20000008   0x400  <Block tail>
                            - 0x20000408   0x400

"P2", part 3 of 3:                         0xa1c
  .bss               zero     0x20000408   0x404  ug2864.o [1]
  .bss               zero     0x2000080c   0x260  system.o [1]
  .bss               zero     0x20000a6c   0x16c  system.o [1]
  .bss               zero     0x20000bd8   0x128  MicroMenu.o [1]
  .bss               zero     0x20000d00    0x5c  filter.o [1]
  .bss               zero     0x20000d5c    0x18  filter.o [1]
  .bss               zero     0x20000d74    0x18  lis3.o [1]
  .bss               zero     0x20000d8c    0x18  ug2864.o [1]
  .bss               zero     0x20000da4    0x14  IR.o [1]
  .bss               zero     0x20000db8    0x14  lis3.o [1]
  .bss               zero     0x20000dcc     0x8  buttons.o [1]
  .bss               zero     0x20000dd4     0x8  power.o [1]
  .bss               zero     0x20000ddc     0x4  adc.o [1]
  .bss               zero     0x20000de0     0x4  filter.o [1]
  .bss               zero     0x20000de4     0x4  main.o [1]
  .bss               zero     0x20000de8     0x4  system.o [1]
  .bss               zero     0x20000dec     0x4  ug2864.o [1]
  .bss               zero     0x20000df0     0x2  filter.o [1]
  .bss               zero     0x20000df2     0x2  system.o [1]
  .bss               zero     0x20000df4     0x2  system.o [1]
  .bss               zero     0x20000df6     0x2  system.o [1]
  .bss               zero     0x20000df8     0x2  system.o [1]
  .bss               zero     0x20000dfa     0x2  system.o [1]
  .bss               zero     0x20000dfc     0x2  system.o [1]
  .bss               zero     0x20000dfe     0x2  system.o [1]
  .bss               zero     0x20000e00     0x2  system.o [1]
  .bss               zero     0x20000e02     0x2  system.o [1]
  .bss               zero     0x20000e04     0x2  system.o [1]
  .bss               zero     0x20000e06     0x2  system.o [1]
  .bss               zero     0x20000e08     0x2  system.o [1]
  .bss               zero     0x20000e0a     0x2  system.o [1]
  .bss               zero     0x20000e0c     0x2  system.o [1]
  .bss               zero     0x20000e0e     0x2  system.o [1]
  .bss               zero     0x20000e10     0x2  system.o [1]
  .bss               zero     0x20000e12     0x2  system.o [1]
  .bss               zero     0x20000e14     0x2  system.o [1]
  .bss               zero     0x20000e16     0x2  system.o [1]
  .bss               zero     0x20000e18     0x2  system.o [1]
  .bss               zero     0x20000e1a     0x2  system.o [1]
  .bss               zero     0x20000e1c     0x1  battery.o [1]
  .bss               zero     0x20000e1d     0x1  system.o [1]
  .bss               zero     0x20000e1e     0x1  system.o [1]
  .bss               zero     0x20000e1f     0x1  ug2864.o [1]
  .bss               zero     0x20000e20     0x1  ug2864.o [1]
  .bss               zero     0x20000e21     0x1  ug2864.o [1]
                            - 0x20000e22   0xa1a


*******************************************************************************
*** INIT TABLE
***

          Address     Size
          -------     ----
Zero (__iar_zero_init3)
    1 destination range, total size 0xa1a:
          0x20000408  0xa1a

Copy (__iar_copy_init3)
    1 source range, total size 0x8:
          0x08006e88    0x8
    1 destination range, total size 0x8:
          0x20000000    0x8



*******************************************************************************
*** MODULE SUMMARY
***

    Module                 ro code  ro data  rw data
    ------                 -------  -------  -------
C:\Users\4eef\Projects\Chronograph+\SW\Chrono-Terminal-V1.0\firmware\PROJ_DIR\Debug\Obj: [1]
    IR.o                     2 680       72       20
    MicroMenu.o                260       28      300
    adc.o                      504                 4
    battery.o                  448       32        1
    buttons.o                  828                 8
    clock.o                    148
    delay.o                     96
    filter.o                   500               122
    fix16.o                    452        8
    fix16_trig.o               200       12
    gpio.o                     544      196        4
    i2c.o                      986
    lis3.o                   1 048        4       44
    main.o                   2 684    1 004        4
    power.o                    472                 8
    ssdFonts.o                        1 944
    ssdGraph.o                           44
    startup_stm32f042x6.o      308
    sync.o                     356       20
    system.o                 2 512       54    1 020
    system_stm32f0xx.o         148
    ug2864.o                 3 428       20    1 059
    ------------------------------------------------
    Total:                  18 602    3 438    2 594

command line: [2]
    ------------------------------------------------
    Total:

dl6M_tln.a: [3]
    abs.o                        8
    div.o                       32
    exit.o                       8
    low_level_init.o             4
    sprintf.o                   56
    xprintflarge_nomb.o      3 338        8
    xsprout.o                   10
    ------------------------------------------------
    Total:                   3 456        8

m6M_tl.a: [4]
    DblAddSub.o                424
    DblCmpLe.o                  50
    DblDiv.o                   194
    DblMul.o                   388
    DblToI32.o                  46
    FltAddSub.o                288
    FltCmpGe.o                  40
    FltCmpLe.o                  38
    FltDiv.o                   170
    FltMul.o                   176
    FltToS32.o                  58
    I32ToDbl.o                  32
    I32ToFlt.o                  50
    xfdtest.o                   34
    ------------------------------------------------
    Total:                   1 988

rt6M_tl.a: [5]
    ABImemcpy.o                 92
    ABImemset.o                 80
    I32DivModFast.o            224
    I64DivMod.o                106
    I64DivZer.o                  2
    I64Mul.o                    50
    IntDivZer.o                  2
    cexit.o                     10
    cmain.o                     26
    copy_init3.o                48
    cstartup_M.o                12
    data_init.o                 40
    memchr.o                    24
    strchr.o                    20
    strcpy.o                    16
    strlen.o                    16
    zero_init3.o                60
    ------------------------------------------------
    Total:                     828

shb_l.a: [6]
    exit.o                      20
    ------------------------------------------------
    Total:                      20

    Linker created                       36    1 024
----------------------------------------------------
    Grand Total:            24 894    3 482    3 618


*******************************************************************************
*** ENTRY LIST
***

Entry                      Address   Size  Type      Object
-----                      -------   ----  ----      ------
.iar.init_table$$Base   0x08006b6c          --   Gb  - Linker created -
.iar.init_table$$Limit  0x08006b90          --   Gb  - Linker created -
?main                   0x08006c11         Code  Gb  cmain.o [5]
ADC1_IRQHandler         0x08005479   0x82  Code  Gb  adc.o [1]
CSTACK$$Base            0x20000008          --   Gb  - Linker created -
CSTACK$$Limit           0x20000408          --   Gb  - Linker created -
CurrentMenuItem         0x20000004    0x4  Data  Lc  MicroMenu.o [1]
EXTI4_15_IRQHandler     0x080032ad   0x22  Code  Gb  power.o [1]
I2C1_IRQHandler         0x080013b5    0x2  Code  Gb  i2c.o [1]
I2CRx                   0x08001105   0xec  Code  Gb  i2c.o [1]
I2CRxInit               0x0800106d   0x98  Code  Gb  i2c.o [1]
I2CTx                   0x080012a9   0xec  Code  Gb  i2c.o [1]
I2CTxInit               0x080011f1   0x96  Code  Gb  i2c.o [1]
IRRXData                0x20000da4   0x14  Data  Gb  IR.o [1]
LoadInt                 0x08001985   0x68  Code  Lc  xprintflarge_nomb.o [3]
Menu_EnterCurrentItem   0x080031cd   0x26  Code  Gb  MicroMenu.o [1]
Menu_GetCurrentMenu     0x08003109    0x6  Code  Gb  MicroMenu.o [1]
Menu_Navigate           0x0800310f   0xbe  Code  Gb  MicroMenu.o [1]
NULL_MENU               0x08006c58   0x18  Data  Gb  MicroMenu.o [1]
NVIC_DisableIRQ         0x08005347    0xe  Code  Lc  adc.o [1]
NVIC_DisableIRQ         0x08003a53    0xe  Code  Lc  IR.o [1]
NVIC_DisableIRQ         0x0800321b    0xe  Code  Lc  power.o [1]
NVIC_EnableIRQ          0x08005339    0xe  Code  Lc  adc.o [1]
NVIC_EnableIRQ          0x08003a45    0xe  Code  Lc  IR.o [1]
NVIC_EnableIRQ          0x0800320d    0xe  Code  Lc  power.o [1]
NVIC_SetPriority        0x08005355   0x84  Code  Lc  adc.o [1]
NVIC_SetPriority        0x08003a61   0x84  Code  Lc  IR.o [1]
NVIC_SetPriority        0x08003229   0x84  Code  Lc  power.o [1]
PI_DIV_4                0x08006e98    0x4  Data  Lc  fix16_trig.o [1]
Region$$Table$$Base     0x08006b6c          --   Gb  - Linker created -
Region$$Table$$Limit    0x08006b90          --   Gb  - Linker created -
SystemInit              0x080067b9   0x68  Code  Gb  system_stm32f0xx.o [1]
THREE_PI_DIV_4          0x08006e9c    0x4  Data  Lc  fix16_trig.o [1]
TIM2_IRQHandler         0x08004201  0x28a  Code  Gb  IR.o [1]
_GenldLargeNoMb         0x08001e01  0x29a  Code  Lc  xprintflarge_nomb.o [3]
_LdtobLargeNoMb         0x08001b19  0x2b0  Code  Lc  xprintflarge_nomb.o [3]
_LitobLargeNoMb         0x080019ed  0x12a  Code  Lc  xprintflarge_nomb.o [3]
_PrintfLargeNoMb        0x080013c5  0x5c0  Code  Gb  xprintflarge_nomb.o [3]
_PutcharsLargeNoMb      0x0800209b   0x30  Code  Lc  xprintflarge_nomb.o [3]
_SProut                 0x080013b7    0xa  Code  Gb  xsprout.o [3]
__ICFEDIT_region_RAM_end__ {Abs}
                        0x200017ff         Data  Gb  command line/config [2]
__ICFEDIT_region_RAM_start__ {Abs}
                        0x20000000         Data  Gb  command line/config [2]
__aeabi_cdcmple         0x080021c1         Code  Gb  DblCmpLe.o [4]
__aeabi_cfcmple         0x08005eb9         Code  Gb  FltCmpLe.o [4]
__aeabi_cfrcmple        0x08005ee1         Code  Gb  FltCmpGe.o [4]
__aeabi_d2uiz           0x08002439         Code  Gb  DblToI32.o [4]
__aeabi_ddiv            0x08002377         Code  Gb  DblDiv.o [4]
__aeabi_dmul            0x080021f3         Code  Gb  DblMul.o [4]
__aeabi_dsub            0x08002543         Code  Gb  DblAddSub.o [4]
__aeabi_f2iz            0x08005cb5         Code  Gb  FltToS32.o [4]
__aeabi_fadd            0x08005cef         Code  Gb  FltAddSub.o [4]
__aeabi_fdiv            0x08005e0f         Code  Gb  FltDiv.o [4]
__aeabi_fmul            0x08005c03         Code  Gb  FltMul.o [4]
__aeabi_fsub            0x08005d5f         Code  Gb  FltAddSub.o [4]
__aeabi_i2f             0x08005bd1         Code  Gb  I32ToFlt.o [4]
__aeabi_idiv            0x08000e71         Code  Gb  I32DivModFast.o [5]
__aeabi_idiv0           0x080013c1         Code  Gb  IntDivZer.o [5]
__aeabi_idivmod         0x08000e71         Code  Gb  I32DivModFast.o [5]
__aeabi_ldiv0           0x08002651         Code  Gb  I64DivZer.o [5]
__aeabi_lmul            0x08005f2d         Code  Gb  I64Mul.o [5]
__aeabi_memcpy          0x08002165         Code  Gb  ABImemcpy.o [5]
__aeabi_memset          0x08000f2d         Code  Gb  ABImemset.o [5]
__aeabi_ui2d            0x08002469         Code  Gb  I32ToDbl.o [4]
__aeabi_uidiv           0x08000e77         Code  Gb  I32DivModFast.o [5]
__aeabi_uidivmod        0x08000e77         Code  Gb  I32DivModFast.o [5]
__aeabi_uldivmod        0x080020fb         Code  Gb  I64DivMod.o [5]
__cmain                 0x08006c11         Code  Gb  cmain.o [5]
__exit                  0x08006c45   0x14  Code  Gb  exit.o [6]
__iar_FDtest            0x08005f09   0x22  Code  Gb  xfdtest.o [4]
__iar_Memchr            0x080020e3   0x18  Code  Gb  memchr.o [5]
__iar_Memset4_word      0x08000f4d         Code  Gb  ABImemset.o [5]
__iar_Memset_word       0x08000f39         Code  Gb  ABImemset.o [5]
__iar_Strchr            0x080020cf   0x14  Code  Gb  strchr.o [5]
__iar_copy_init3        0x080068c5   0x30  Code  Gb  copy_init3.o [5]
__iar_d2uiz             0x0800243d         Code  Gb  DblToI32.o [4]
__iar_data_init3        0x08006a91   0x28  Code  Gb  data_init.o [5]
__iar_program_start     0x08006e15         Code  Gb  cstartup_M.o [5]
__iar_ui2d              0x0800246d         Code  Gb  I32ToDbl.o [4]
__iar_ui2f              0x08005be9         Code  Gb  I32ToFlt.o [4]
__iar_zero_init3        0x08006889   0x3c  Code  Gb  zero_init3.o [5]
__low_level_init        0x08006c2b    0x4  Code  Gb  low_level_init.o [3]
__vector_table          0x08000000         Data  Gb  startup_stm32f042x6.o [1]
_call_main              0x08006c1d         Code  Gb  cmain.o [5]
_exit                   0x08006c39         Code  Gb  cexit.o [5]
_main                   0x08006c27         Code  Gb  cmain.o [5]
about                   0x08006bb0   0x20  Data  Gb  main.o [1]
abs                     0x08000f25    0x8  Code  Gb  abs.o [3]
accGainCal              0x08004771  0x12e  Code  Gb  lis3.o [1]
accel                   0x20000d74   0x18  Data  Gb  lis3.o [1]
adcData                 0x20000ddc    0x4  Data  Gb  adc.o [1]
adcDeinit               0x080053d9   0x24  Code  Gb  adc.o [1]
adcInit                 0x080053fd   0x7c  Code  Gb  adc.o [1]
battCalc                0x08003549  0x1c0  Code  Gb  battery.o [1]
battCalc::percFlag      0x20000e1c    0x1  Data  Lc  battery.o [1]
btnCntsClr              0x08003a19   0x1a  Code  Gb  buttons.o [1]
buttons                 0x20000dcc    0x8  Data  Gb  buttons.o [1]
chrgSym                 0x08006e58    0x8  Data  Gb  ssdGraph.o [1]
clz                     0x080059d1   0x2c  Code  Lc  fix16.o [1]
currMenuItem            0x20000de4    0x4  Data  Gb  main.o [1]
deInitIR                0x08004159   0x4a  Code  Gb  IR.o [1]
delay_us                0x08000f7d   0x60  Code  Gb  delay.o [1]
display                 0x08006b90   0x20  Data  Gb  main.o [1]
div                     0x08002631   0x20  Code  Gb  div.o [3]
drawChrScr              0x08004d39  0x3b0  Code  Gb  system.o [1]
drawChrScr::prvEnrg     0x20000e0e    0x2  Data  Lc  system.o [1]
drawChrScr::prvMagStat  0x20000e0c    0x2  Data  Lc  system.o [1]
drawChrScr::prvMean     0x20000e12    0x2  Data  Lc  system.o [1]
drawChrScr::prvSDev     0x20000e14    0x2  Data  Lc  system.o [1]
drawChrScr::prvSgnNum   0x20000e1e    0x1  Data  Lc  system.o [1]
drawChrScr::prvSpd0     0x20000e02    0x2  Data  Lc  system.o [1]
drawChrScr::prvSpd1     0x20000e04    0x2  Data  Lc  system.o [1]
drawChrScr::prvSpd2     0x20000e06    0x2  Data  Lc  system.o [1]
drawChrScr::prvSpd3     0x20000e08    0x2  Data  Lc  system.o [1]
drawChrScr::prvSpd4     0x20000e0a    0x2  Data  Lc  system.o [1]
drawChrScr::prvStatShots
                        0x20000e10    0x2  Data  Lc  system.o [1]
drawDisplay             0x08002d29  0x344  Code  Gb  main.o [1]
drawHybrScr             0x080049b5  0x332  Code  Gb  system.o [1]
drawHybrScr::prvMagStat
                        0x20000dfc    0x2  Data  Lc  system.o [1]
drawHybrScr::prvPitch   0x20000e00    0x2  Data  Lc  system.o [1]
drawHybrScr::prvRoll    0x20000dfe    0x2  Data  Lc  system.o [1]
drawHybrScr::prvSgnNum  0x20000e1d    0x1  Data  Lc  system.o [1]
drawHybrScr::prvSpd0    0x20000df2    0x2  Data  Lc  system.o [1]
drawHybrScr::prvSpd1    0x20000df4    0x2  Data  Lc  system.o [1]
drawHybrScr::prvSpd2    0x20000df6    0x2  Data  Lc  system.o [1]
drawHybrScr::prvSpd3    0x20000df8    0x2  Data  Lc  system.o [1]
drawHybrScr::prvSpd4    0x20000dfa    0x2  Data  Lc  system.o [1]
drawIncScr              0x08005115  0x14e  Code  Gb  system.o [1]
drawIncScr::prvBrdr     0x20000e1a    0x2  Data  Lc  system.o [1]
drawIncScr::prvPitch    0x20000e18    0x2  Data  Lc  system.o [1]
drawIncScr::prvRoll     0x20000e16    0x2  Data  Lc  system.o [1]
drawMenu                0x080048d5   0xc8  Code  Gb  system.o [1]
exit                    0x08006c2f    0x8  Code  Gb  exit.o [3]
fix16_add               0x08005945   0x24  Code  Gb  fix16.o [1]
fix16_atan              0x08005baf   0x10  Code  Gb  fix16_trig.o [1]
fix16_atan2             0x08005b09   0xa6  Code  Gb  fix16_trig.o [1]
fix16_div               0x080059fd  0x104  Code  Gb  fix16.o [1]
fix16_min               0x08006e90    0x4  Data  Lc  fix16.o [1]
fix16_mul               0x08005969   0x68  Code  Gb  fix16.o [1]
fix16_one               0x08006ea0    0x4  Data  Lc  fix16_trig.o [1]
fix16_one               0x08006ea4    0x4  Data  Lc  lis3.o [1]
fix16_overflow          0x08006e94    0x4  Data  Lc  fix16.o [1]
font12x16               0x08006560  0x198  Data  Gb  ssdFonts.o [1]
font6x8                 0x08005f60  0x600  Data  Gb  ssdFonts.o [1]
getButtonState          0x08003709  0x300  Code  Gb  buttons.o [1]
gppin_init              0x0800556b  0x1cc  Code  Gb  gpio.o [1]
hndlIRData              0x08003af5  0x554  Code  Gb  IR.o [1]
initClocks              0x080052a5   0x94  Code  Gb  clock.o [1]
initGpios               0x08005531   0x3a  Code  Gb  gpio.o [1]
initI2C1                0x08000fdd   0x90  Code  Gb  i2c.o [1]
initIRConfig            0x08004065   0xea  Code  Gb  IR.o [1]
initPeriphs             0x080033c9   0x1c  Code  Gb  power.o [1]
kalman                  0x20000d00   0x5c  Data  Gb  filter.o [1]
kalmanAccCorr           0x08005775  0x186  Code  Gb  filter.o [1]
lis3AxisCal             0x20000db8   0x14  Data  Gb  lis3.o [1]
lis3_getXYZ             0x08004563   0x40  Code  Gb  lis3.o [1]
lis3_read               0x08004525   0x3e  Code  Gb  lis3.o [1]
lis3_write              0x080044f9   0x2c  Code  Gb  lis3.o [1]
lis3init                0x080044bd   0x3c  Code  Gb  lis3.o [1]
lpf                     0x080058fb   0x2e  Code  Gb  filter.o [1]
lpf::Dacc               0x20000de0    0x4  Data  Lc  filter.o [1]
lpf::Dout               0x20000df0    0x2  Data  Lc  filter.o [1]
lpfAccPrim              0x08005751   0x24  Code  Gb  filter.o [1]
lpfPrim                 0x20000d5c   0x18  Data  Gb  filter.o [1]
main                    0x08002655  0x480  Code  Gb  main.o [1]
mchron                  0x08006b24   0x24  Data  Gb  main.o [1]
mcommon                 0x08006bd0   0x20  Data  Gb  main.o [1]
meas                    0x2000080c  0x260  Data  Gb  system.o [1]
menu                    0x20000bd8  0x128  Data  Gb  MicroMenu.o [1]
menuFolder              0x08006dac   0x10  Data  Gb  ssdGraph.o [1]
menuScroll              0x08006ea8    0x4  Data  Gb  ssdGraph.o [1]
mincline                0x080069a0   0x28  Data  Gb  main.o [1]
mode                    0x08006ab8   0x24  Data  Gb  main.o [1]
modeEdit                0x08002c51   0x6c  Code  Gb  main.o [1]
parEdit                 0x08002be9   0x48  Code  Gb  main.o [1]
parEditRedir            0x08002aed   0xf6  Code  Gb  main.o [1]
pellets                 0x20000a6c  0x16c  Data  Gb  system.o [1]
pinNum                  0x20000000    0x4  Data  Gb  gpio.o [1]
pinsMode                0x080066f8   0xc0  Data  Gb  gpio.o [1]
power                   0x20000dd4    0x8  Data  Gb  power.o [1]
powerOff                0x0800334b   0x32  Code  Gb  power.o [1]
powerOn                 0x0800337d   0x12  Code  Gb  power.o [1]
q16TiltCalc             0x080045a3   0x48  Code  Gb  lis3.o [1]
scbind                  0x08006bf0   0x20  Data  Gb  main.o [1]
scdist                  0x08006a68   0x28  Data  Gb  main.o [1]
schrono                 0x08006b48   0x24  Data  Gb  main.o [1]
sclipc                  0x080069c8   0x28  Data  Gb  main.o [1]
service                 0x08006978   0x28  Data  Gb  main.o [1]
setts                   0x08006b00   0x24  Data  Gb  main.o [1]
sibrdr                  0x080068f4   0x2c  Data  Gb  main.o [1]
sigacal                 0x0800694c   0x2c  Data  Gb  main.o [1]
sincline                0x080069f0   0x28  Data  Gb  main.o [1]
siofcal                 0x08006920   0x2c  Data  Gb  main.o [1]
spofft                  0x08006a18   0x28  Data  Gb  main.o [1]
sprintf                 0x080030d1   0x38  Code  Gb  sprintf.o [3]
ssdBatt                 0x08006dbc   0x10  Data  Gb  ssdGraph.o [1]
ssdSettings             0x20000dec    0x4  Data  Gb  ug2864.o [1]
ssdVideoBff             0x20000408  0x404  Data  Gb  ug2864.o [1]
ssd_clearVidBff         0x08000c3b   0x16  Code  Gb  ug2864.o [1]
ssd_clrAreaBff          0x08000c55   0x68  Code  Gb  ug2864.o [1]
ssd_putBatt             0x080008f1  0x100  Code  Gb  ug2864.o [1]
ssd_putChar12x16        0x080009fd   0xf4  Code  Gb  ug2864.o [1]
ssd_putChar6x8          0x08000b19   0x5a  Code  Gb  ug2864.o [1]
ssd_putMenuFolder       0x08000899   0x50  Code  Gb  ug2864.o [1]
ssd_putMenuScroll       0x08000651   0xae  Code  Gb  ug2864.o [1]
ssd_putMessage          0x0800022b  0x102  Code  Gb  ug2864.o [1]
ssd_putMessage::msgCnt  0x20000e1f    0x1  Data  Lc  ug2864.o [1]
ssd_putMessage::msgStr  0x20000d8c   0x18  Data  Lc  ug2864.o [1]
ssd_putMsgBox           0x08000345   0x8a  Code  Gb  ug2864.o [1]
ssd_putParBox           0x0800016b   0xc0  Code  Gb  ug2864.o [1]
ssd_putPitchBar         0x08000709  0x190  Code  Gb  ug2864.o [1]
ssd_putPitchBar::prvFillEnd
                        0x20000e21    0x1  Data  Lc  ug2864.o [1]
ssd_putRollBar          0x080003cf  0x27c  Code  Gb  ug2864.o [1]
ssd_putRollBar::prvFillEnd
                        0x20000e20    0x1  Data  Lc  ug2864.o [1]
ssd_putStrClr           0x080000c1   0xaa  Code  Gb  ug2864.o [1]
ssd_putString12x16      0x08000af5   0x24  Code  Gb  ug2864.o [1]
ssd_putString6x8        0x08000b79   0x24  Code  Gb  ug2864.o [1]
ssd_setpix              0x08000b9d   0x9e  Code  Gb  ug2864.o [1]
sswrst                  0x08006a40   0x28  Data  Gb  main.o [1]
stats                   0x08006adc   0x24  Data  Gb  main.o [1]
stopModeConfig          0x080032cf   0x7c  Code  Gb  power.o [1]
strcpy                  0x08000e35         Code  Gb  strcpy.o [5]
strlen                  0x08000e25   0x10  Code  Gb  strlen.o [5]
sync                    0x0800343f   0xc4  Code  Gb  sync.o [1]
syncInit                0x080033e5   0x5a  Code  Gb  sync.o [1]
sysPars                 0x20000de8    0x4  Data  Gb  system.o [1]
trxAccData              0x080045f1  0x16e  Code  Gb  lis3.o [1]
ug2864_com              0x08000da7   0x2c  Code  Gb  ug2864.o [1]
ug2864_refresh          0x08000dd3   0x2e  Code  Gb  ug2864.o [1]
ug2864init              0x08000cf5   0xb2  Code  Gb  ug2864.o [1]
ug2864off               0x08000cc9   0x16  Code  Gb  ug2864.o [1]
ug2864on                0x08000cdf   0x16  Code  Gb  ug2864.o [1]


[1] = C:\Users\4eef\Projects\Chronograph+\SW\Chrono-Terminal-V1.0\firmware\PROJ_DIR\Debug\Obj
[2] = command line
[3] = dl6M_tln.a
[4] = m6M_tl.a
[5] = rt6M_tl.a
[6] = shb_l.a

  24 894 bytes of readonly  code memory
   3 482 bytes of readonly  data memory
   3 618 bytes of readwrite data memory

Errors: none
Warnings: none
