###############################################################################
#
# IAR ELF Linker V7.80.2.11947/W32 for ARM                28/Feb/2017  22:59:42
# Copyright 2007-2016 IAR Systems AB.
#
#    Output file  =  
#        C:\Users\4eef\Projects\Chronograph+\SW\Chrono-Terminal-V1.0\firmware\PROJ_DIR\Debug\Exe\Chrono-Terminal-V1.0.out
#    Map file     =  
#        C:\Users\4eef\Projects\Chronograph+\SW\Chrono-Terminal-V1.0\firmware\PROJ_DIR\Debug\List\Chrono-Terminal-V1.0.map
#    Command line =  
#        C:\Users\4eef\Projects\Chronograph+\SW\Chrono-Terminal-V1.0\firmware\PROJ_DIR\Debug\Obj\adc.o
#        C:\Users\4eef\Projects\Chronograph+\SW\Chrono-Terminal-V1.0\firmware\PROJ_DIR\Debug\Obj\battery.o
#        C:\Users\4eef\Projects\Chronograph+\SW\Chrono-Terminal-V1.0\firmware\PROJ_DIR\Debug\Obj\buttons.o
#        C:\Users\4eef\Projects\Chronograph+\SW\Chrono-Terminal-V1.0\firmware\PROJ_DIR\Debug\Obj\clock.o
#        C:\Users\4eef\Projects\Chronograph+\SW\Chrono-Terminal-V1.0\firmware\PROJ_DIR\Debug\Obj\delay.o
#        C:\Users\4eef\Projects\Chronograph+\SW\Chrono-Terminal-V1.0\firmware\PROJ_DIR\Debug\Obj\filter.o
#        C:\Users\4eef\Projects\Chronograph+\SW\Chrono-Terminal-V1.0\firmware\PROJ_DIR\Debug\Obj\gpio.o
#        C:\Users\4eef\Projects\Chronograph+\SW\Chrono-Terminal-V1.0\firmware\PROJ_DIR\Debug\Obj\i2c.o
#        C:\Users\4eef\Projects\Chronograph+\SW\Chrono-Terminal-V1.0\firmware\PROJ_DIR\Debug\Obj\IR.o
#        C:\Users\4eef\Projects\Chronograph+\SW\Chrono-Terminal-V1.0\firmware\PROJ_DIR\Debug\Obj\lis3.o
#        C:\Users\4eef\Projects\Chronograph+\SW\Chrono-Terminal-V1.0\firmware\PROJ_DIR\Debug\Obj\main.o
#        C:\Users\4eef\Projects\Chronograph+\SW\Chrono-Terminal-V1.0\firmware\PROJ_DIR\Debug\Obj\MicroMenu.o
#        C:\Users\4eef\Projects\Chronograph+\SW\Chrono-Terminal-V1.0\firmware\PROJ_DIR\Debug\Obj\power.o
#        C:\Users\4eef\Projects\Chronograph+\SW\Chrono-Terminal-V1.0\firmware\PROJ_DIR\Debug\Obj\ssdFonts.o
#        C:\Users\4eef\Projects\Chronograph+\SW\Chrono-Terminal-V1.0\firmware\PROJ_DIR\Debug\Obj\ssdGraph.o
#        C:\Users\4eef\Projects\Chronograph+\SW\Chrono-Terminal-V1.0\firmware\PROJ_DIR\Debug\Obj\startup_stm32f042x6.o
#        C:\Users\4eef\Projects\Chronograph+\SW\Chrono-Terminal-V1.0\firmware\PROJ_DIR\Debug\Obj\sync.o
#        C:\Users\4eef\Projects\Chronograph+\SW\Chrono-Terminal-V1.0\firmware\PROJ_DIR\Debug\Obj\system.o
#        C:\Users\4eef\Projects\Chronograph+\SW\Chrono-Terminal-V1.0\firmware\PROJ_DIR\Debug\Obj\system_stm32f0xx.o
#        C:\Users\4eef\Projects\Chronograph+\SW\Chrono-Terminal-V1.0\firmware\PROJ_DIR\Debug\Obj\ug2864.o
#        -o
#        C:\Users\4eef\Projects\Chronograph+\SW\Chrono-Terminal-V1.0\firmware\PROJ_DIR\Debug\Exe\Chrono-Terminal-V1.0.out
#        --redirect _Printf=_PrintfLargeNoMb --map
#        C:\Users\4eef\Projects\Chronograph+\SW\Chrono-Terminal-V1.0\firmware\PROJ_DIR\Debug\List\Chrono-Terminal-V1.0.map
#        --config "C:\Program Files (x86)\IAR Systems\Embedded Workbench
#        7.5\arm\config\linker\ST\stm32f042x6.icf" --semihosting --entry
#        __iar_program_start --vfe
#
###############################################################################

*******************************************************************************
*** RUNTIME MODEL ATTRIBUTES
***

CppFlavor       = *
__SystemLibrary = DLib


*******************************************************************************
*** PLACEMENT SUMMARY
***

"A0":  place at 0x08000000 { ro section .intvec };
"P1":  place in [from 0x08000000 to 0x08007fff] { ro };
"P2":  place in [from 0x20000000 to 0x200017ff] { rw, block CSTACK, block HEAP };
initialize by copy { rw };

  Section            Kind        Address    Size  Object
  -------            ----        -------    ----  ------
"A0":                                       0xc0
  .intvec            ro code  0x08000000    0xc0  startup_stm32f042x6.o [1]
                            - 0x080000c0    0xc0

"P1":                                     0x675c
  .text              ro code  0x080000c0  0x16d0  main.o [1]
  .text              ro code  0x08001790    0x10  strcpy.o [5]
  .text              ro code  0x080017a0    0x38  sprintf.o [3]
  .text              ro code  0x080017d8   0x104  MicroMenu.o [1]
  .text              ro code  0x080018dc   0x1d8  power.o [1]
  .text              ro code  0x08001ab4   0x164  sync.o [1]
  .text              ro code  0x08001c18   0x194  battery.o [1]
  .text              ro code  0x08001dac   0x33c  buttons.o [1]
  .text              ro code  0x080020e8    0xe0  I32DivModFast.o [5]
  .text              ro code  0x080021c8    0x50  ABImemset.o [5]
  .text              ro code  0x08002218   0xa84  ug2864.o [1]
  .text              ro code  0x08002c9c   0x32c  lis3.o [1]
  .text              ro code  0x08002fc8    0x10  strlen.o [5]
  .text              ro code  0x08002fd8    0xb0  FltMul.o [4]
  .text              ro code  0x08003088   0x120  FltAddSub.o [4]
  .text              ro code  0x080031a8    0x20  FltCmpEq.o [4]
  .text              ro code  0x080031c8    0xaa  FltDiv.o [4]
  .text              ro code  0x08003272     0xa  xsprout.o [3]
  .text              ro code  0x0800327c    0x32  FltToDbl.o [4]
  .rodata            const    0x080032ae     0x2  main.o [1]
  .text              ro code  0x080032b0    0x9c  atan.o [4]
  .text              ro code  0x0800334c   0x184  DblMul.o [4]
  .text              ro code  0x080034d0    0x62  DblToFlt.o [4]
  .rodata            const    0x08003532     0x2  ug2864.o [1]
  .text              ro code  0x08003534    0x34  I32ToDbl.o [4]
  .text              ro code  0x08003568    0xc2  DblDiv.o [4]
  .rodata            const    0x0800362a     0x2  ug2864.o [1]
  .text              ro code  0x0800362c   0x1f4  filter.o [1]
  .text              ro code  0x08003820   0xd0a  xprintflarge_nomb.o [3]
  .text              ro code  0x0800452a     0x2  startup_stm32f042x6.o [1]
  .text              ro code  0x0800452c    0x94  clock.o [1]
  .text              ro code  0x080045c0   0x4d8  IR.o [1]
  .text              ro code  0x08004a98   0x1f8  adc.o [1]
  .text              ro code  0x08004c90   0x220  gpio.o [1]
  .text              ro code  0x08004eb0   0x3da  i2c.o [1]
  .text              ro code  0x0800528a     0x2  startup_stm32f042x6.o [1]
  .text              ro code  0x0800528c     0x2  IntDivZer.o [5]
  .text              ro code  0x0800528e     0x2  startup_stm32f042x6.o [1]
  .text              ro code  0x08005290    0x3a  FltToS32.o [4]
  .text              ro code  0x080052ca     0x2  startup_stm32f042x6.o [1]
  .text              ro code  0x080052cc    0x32  I32ToFlt.o [4]
  .text              ro code  0x080052fe     0x2  startup_stm32f042x6.o [1]
  .text              ro code  0x08005300    0x28  FltCmpGe.o [4]
  .text              ro code  0x08005328    0x60  delay.o [1]
  .text              ro code  0x08005388    0x32  DblCmpLe.o [4]
  .text              ro code  0x080053ba    0x32  DblCmpGe.o [4]
  .text              ro code  0x080053ec    0x3c  startup_stm32f042x6.o [1]
  .text              ro code  0x08005428   0x1e0  xatan.o [4]
  .text              ro code  0x08005608    0x26  FltCmpLe.o [4]
  .text              ro code  0x0800562e    0x22  xfdtest.o [4]
  .text              ro code  0x08005650    0x14  strchr.o [5]
  .text              ro code  0x08005664    0x18  memchr.o [5]
  .text              ro code  0x0800567c    0x6a  I64DivMod.o [5]
  .text              ro code  0x080056e6     0x2  startup_stm32f042x6.o [1]
  .text              ro code  0x080056e8    0x5c  ABImemcpy.o [5]
  .text              ro code  0x08005744    0x2e  DblToI32.o [4]
  .text              ro code  0x08005772   0x1b4  DblAddSub.o [4]
  .text              ro code  0x08005926    0x20  div.o [3]
  .text              ro code  0x08005946     0x2  startup_stm32f042x6.o [1]
  .text              ro code  0x08005948     0x2  I64DivZer.o [5]
  .text              ro code  0x0800594a     0x2  startup_stm32f042x6.o [1]
  .rodata            const    0x0800594c   0x600  ssdFonts.o [1]
  .rodata            const    0x08005f4c   0x180  ssdFonts.o [1]
  .rodata            const    0x080060cc    0xc0  gpio.o [1]
  .text              ro code  0x0800618c    0x94  system_stm32f0xx.o [1]
  .text              ro code  0x08006220    0x3c  zero_init3.o [5]
  .text              ro code  0x0800625c    0x30  copy_init3.o [5]
  .rodata            const    0x0800628c    0x2c  main.o [1]
  .rodata            const    0x080062b8    0x28  main.o [1]
  .rodata            const    0x080062e0    0x28  main.o [1]
  .rodata            const    0x08006308    0x28  main.o [1]
  .rodata            const    0x08006330    0x28  main.o [1]
  .rodata            const    0x08006358    0x28  main.o [1]
  .rodata            const    0x08006380    0x28  main.o [1]
  .rodata            const    0x080063a8    0x28  main.o [1]
  .text              ro code  0x080063d0    0x28  data_init.o [5]
  .rodata            const    0x080063f8    0x24  main.o [1]
  .rodata            const    0x0800641c    0x24  main.o [1]
  .rodata            const    0x08006440    0x24  main.o [1]
  .rodata            const    0x08006464    0x24  main.o [1]
  .rodata            const    0x08006488    0x24  main.o [1]
  .rodata            const    0x080064ac    0x24  main.o [1]
  .iar.init_table    const    0x080064d0    0x24  - Linker created -
  .rodata            const    0x080064f4    0x20  main.o [1]
  .rodata            const    0x08006514    0x20  main.o [1]
  .rodata            const    0x08006534    0x20  main.o [1]
  .rodata            const    0x08006554    0x20  main.o [1]
  .text              ro code  0x08006574    0x1a  cmain.o [5]
  .text              ro code  0x0800658e     0x4  low_level_init.o [3]
  .text              ro code  0x08006592     0x8  exit.o [3]
  .text              ro code  0x0800659a     0x2  startup_stm32f042x6.o [1]
  .text              ro code  0x0800659c     0xa  cexit.o [5]
  .text              ro code  0x080065a6     0x2  startup_stm32f042x6.o [1]
  .text              ro code  0x080065a8    0x14  exit.o [6]
  .rodata            const    0x080065bc    0x18  main.o [1]
  .rodata            const    0x080065d4    0x18  MicroMenu.o [1]
  .rodata            const    0x080065ec    0x14  battery.o [1]
  .rodata            const    0x08006600    0x14  lis3.o [1]
  .rodata            const    0x08006614    0x14  main.o [1]
  .rodata            const    0x08006628    0x14  main.o [1]
  .rodata            const    0x0800663c    0x14  main.o [1]
  .rodata            const    0x08006650    0x14  sync.o [1]
  .rodata            const    0x08006664    0x10  main.o [1]
  .rodata            const    0x08006674    0x10  main.o [1]
  .rodata            const    0x08006684    0x10  main.o [1]
  .rodata            const    0x08006694    0x10  main.o [1]
  .rodata            const    0x080066a4    0x10  main.o [1]
  .rodata            const    0x080066b4    0x10  main.o [1]
  .rodata            const    0x080066c4    0x10  main.o [1]
  .rodata            const    0x080066d4    0x10  main.o [1]
  .rodata            const    0x080066e4    0x10  main.o [1]
  .rodata            const    0x080066f4    0x10  main.o [1]
  .rodata            const    0x08006704    0x10  ssdGraph.o [1]
  .rodata            const    0x08006714    0x10  ssdGraph.o [1]
  .rodata            const    0x08006724     0xc  battery.o [1]
  .rodata            const    0x08006730     0xc  main.o [1]
  .rodata            const    0x0800673c     0xc  main.o [1]
  .rodata            const    0x08006748     0xc  main.o [1]
  .rodata            const    0x08006754     0xc  main.o [1]
  .rodata            const    0x08006760     0xc  main.o [1]
  .rodata            const    0x0800676c     0xc  main.o [1]
  .text              ro code  0x08006778     0xc  cstartup_M.o [5]
  .rodata            const    0x08006784     0x8  main.o [1]
  .rodata            const    0x0800678c     0x8  main.o [1]
  .rodata            const    0x08006794     0x8  main.o [1]
  .rodata            const    0x0800679c     0x8  main.o [1]
  .rodata            const    0x080067a4     0x8  main.o [1]
  .rodata            const    0x080067ac     0x8  main.o [1]
  .rodata            const    0x080067b4     0x8  main.o [1]
  .rodata            const    0x080067bc     0x8  main.o [1]
  .rodata            const    0x080067c4     0x8  main.o [1]
  .rodata            const    0x080067cc     0x8  ssdGraph.o [1]
  .rodata            const    0x080067d4     0x8  ug2864.o [1]
  .rodata            const    0x080067dc     0x8  ug2864.o [1]
  .rodata            const    0x080067e4     0x8  xprintflarge_nomb.o [3]
  Initializer bytes  const    0x080067ec     0x8  <for P2-1>
  .rodata            const    0x080067f4     0x4  ssdGraph.o [1]
  .text              ro code  0x080067f8     0x2  startup_stm32f042x6.o [1]
  .text              ro code  0x080067fa     0x2  startup_stm32f042x6.o [1]
  .text              ro code  0x080067fc     0x2  startup_stm32f042x6.o [1]
  .text              ro code  0x080067fe     0x2  startup_stm32f042x6.o [1]
  .text              ro code  0x08006800     0x2  startup_stm32f042x6.o [1]
  .text              ro code  0x08006802     0x2  startup_stm32f042x6.o [1]
  .text              ro code  0x08006804     0x2  startup_stm32f042x6.o [1]
  .text              ro code  0x08006806     0x2  startup_stm32f042x6.o [1]
  .text              ro code  0x08006808     0x2  startup_stm32f042x6.o [1]
  .text              ro code  0x0800680a     0x2  startup_stm32f042x6.o [1]
  .text              ro code  0x0800680c     0x2  startup_stm32f042x6.o [1]
  .text              ro code  0x0800680e     0x2  startup_stm32f042x6.o [1]
  .text              ro code  0x08006810     0x2  startup_stm32f042x6.o [1]
  .text              ro code  0x08006812     0x2  startup_stm32f042x6.o [1]
  .text              ro code  0x08006814     0x2  startup_stm32f042x6.o [1]
  .text              ro code  0x08006816     0x2  startup_stm32f042x6.o [1]
  .text              ro code  0x08006818     0x2  startup_stm32f042x6.o [1]
  .text              ro code  0x0800681a     0x2  startup_stm32f042x6.o [1]
  .rodata            const    0x0800681c     0x0  zero_init3.o [5]
  .rodata            const    0x0800681c     0x0  copy_init3.o [5]
                            - 0x0800681c  0x675c

"P2", part 1 of 3:                           0x8
  P2-1                        0x20000000     0x8  <Init block>
    .data            inited   0x20000000     0x4  gpio.o [1]
    .data            inited   0x20000004     0x4  MicroMenu.o [1]
                            - 0x20000008     0x8

"P2", part 2 of 3:                         0x400
  CSTACK                      0x20000008   0x400  <Block>
    CSTACK           uninit   0x20000008   0x400  <Block tail>
                            - 0x20000408   0x400

"P2", part 3 of 3:                         0x9dc
  .bss               zero     0x20000408   0x404  ug2864.o [1]
  .bss               zero     0x2000080c   0x264  system.o [1]
  .bss               zero     0x20000a70   0x16c  system.o [1]
  .bss               zero     0x20000bdc   0x128  MicroMenu.o [1]
  .bss               zero     0x20000d04    0x5c  filter.o [1]
  .bss               zero     0x20000d60    0x1c  lis3.o [1]
  .bss               zero     0x20000d7c    0x18  filter.o [1]
  .bss               zero     0x20000d94    0x18  lis3.o [1]
  .bss               zero     0x20000dac    0x14  IR.o [1]
  .bss               zero     0x20000dc0     0x8  buttons.o [1]
  .bss               zero     0x20000dc8     0x8  power.o [1]
  .bss               zero     0x20000dd0     0x4  adc.o [1]
  .bss               zero     0x20000dd4     0x4  filter.o [1]
  .bss               zero     0x20000dd8     0x4  main.o [1]
  .bss               zero     0x20000ddc     0x4  system.o [1]
  .bss               zero     0x20000de0     0x2  filter.o [1]
  .bss               zero     0x20000de2     0x1  battery.o [1]
                            - 0x20000de3   0x9db


*******************************************************************************
*** INIT TABLE
***

          Address     Size
          -------     ----
Zero (__iar_zero_init3)
    1 destination range, total size 0x9db:
          0x20000408  0x9db

Copy (__iar_copy_init3)
    1 source range, total size 0x8:
          0x080067ec    0x8
    1 destination range, total size 0x8:
          0x20000000    0x8



*******************************************************************************
*** MODULE SUMMARY
***

    Module                 ro code  ro data  rw data
    ------                 -------  -------  -------
C:\Users\4eef\Projects\Chronograph+\SW\Chrono-Terminal-V1.0\firmware\PROJ_DIR\Debug\Obj: [1]
    IR.o                     1 240                20
    MicroMenu.o                260       28      300
    adc.o                      504                 4
    battery.o                  404       32        1
    buttons.o                  828                 8
    clock.o                    148
    delay.o                     96
    filter.o                   500               122
    gpio.o                     544      196        4
    i2c.o                      986
    lis3.o                     812       20       52
    main.o                   5 840    1 058        4
    power.o                    472                 8
    ssdFonts.o                        1 920
    ssdGraph.o                           44
    startup_stm32f042x6.o      308
    sync.o                     356       20
    system.o                                     980
    system_stm32f0xx.o         148
    ug2864.o                 2 692       20    1 028
    ------------------------------------------------
    Total:                  16 138    3 338    2 531

command line: [2]
    ------------------------------------------------
    Total:

dl6M_tln.a: [3]
    div.o                       32
    exit.o                       8
    low_level_init.o             4
    sprintf.o                   56
    xprintflarge_nomb.o      3 338        8
    xsprout.o                   10
    ------------------------------------------------
    Total:                   3 448        8

m6M_tl.a: [4]
    DblAddSub.o                436
    DblCmpGe.o                  50
    DblCmpLe.o                  50
    DblDiv.o                   194
    DblMul.o                   388
    DblToFlt.o                  98
    DblToI32.o                  46
    FltAddSub.o                288
    FltCmpEq.o                  32
    FltCmpGe.o                  40
    FltCmpLe.o                  38
    FltDiv.o                   170
    FltMul.o                   176
    FltToDbl.o                  50
    FltToS32.o                  58
    I32ToDbl.o                  52
    I32ToFlt.o                  50
    atan.o                     156
    xatan.o                    480
    xfdtest.o                   34
    ------------------------------------------------
    Total:                   2 886

rt6M_tl.a: [5]
    ABImemcpy.o                 92
    ABImemset.o                 80
    I32DivModFast.o            224
    I64DivMod.o                106
    I64DivZer.o                  2
    IntDivZer.o                  2
    cexit.o                     10
    cmain.o                     26
    copy_init3.o                48
    cstartup_M.o                12
    data_init.o                 40
    memchr.o                    24
    strchr.o                    20
    strcpy.o                    16
    strlen.o                    16
    zero_init3.o                60
    ------------------------------------------------
    Total:                     778

shb_l.a: [6]
    exit.o                      20
    ------------------------------------------------
    Total:                      20

    Linker created                       36    1 024
----------------------------------------------------
    Grand Total:            23 270    3 382    3 555


*******************************************************************************
*** ENTRY LIST
***

Entry                      Address   Size  Type      Object
-----                      -------   ----  ----      ------
.iar.init_table$$Base   0x080064d0          --   Gb  - Linker created -
.iar.init_table$$Limit  0x080064f4          --   Gb  - Linker created -
?main                   0x08006575         Code  Gb  cmain.o [5]
ADC1_IRQHandler         0x08004bd9   0x82  Code  Gb  adc.o [1]
CSTACK$$Base            0x20000008          --   Gb  - Linker created -
CSTACK$$Limit           0x20000408          --   Gb  - Linker created -
CurrentMenuItem         0x20000dd8    0x4  Data  Gb  main.o [1]
CurrentMenuItem         0x20000004    0x4  Data  Lc  MicroMenu.o [1]
EXTI4_15_IRQHandler     0x0800197d   0x22  Code  Gb  power.o [1]
I2C1_IRQHandler         0x08005289    0x2  Code  Gb  i2c.o [1]
I2CRx                   0x08004fd9   0xec  Code  Gb  i2c.o [1]
I2CRxInit               0x08004f41   0x98  Code  Gb  i2c.o [1]
I2CTx                   0x0800517d   0xec  Code  Gb  i2c.o [1]
I2CTxInit               0x080050c5   0x96  Code  Gb  i2c.o [1]
IRRXData                0x20000dac   0x14  Data  Gb  IR.o [1]
LoadInt                 0x08003de1   0x68  Code  Lc  xprintflarge_nomb.o [3]
Menu_EnterCurrentItem   0x0800189d   0x26  Code  Gb  MicroMenu.o [1]
Menu_GetCurrentMenu     0x080017d9    0x6  Code  Gb  MicroMenu.o [1]
Menu_Navigate           0x080017df   0xbe  Code  Gb  MicroMenu.o [1]
NULL_MENU               0x080065d4   0x18  Data  Gb  MicroMenu.o [1]
NVIC_DisableIRQ         0x08004aa7    0xe  Code  Lc  adc.o [1]
NVIC_DisableIRQ         0x080045cf    0xe  Code  Lc  IR.o [1]
NVIC_DisableIRQ         0x080018eb    0xe  Code  Lc  power.o [1]
NVIC_EnableIRQ          0x08004a99    0xe  Code  Lc  adc.o [1]
NVIC_EnableIRQ          0x080045c1    0xe  Code  Lc  IR.o [1]
NVIC_EnableIRQ          0x080018dd    0xe  Code  Lc  power.o [1]
NVIC_SetPriority        0x08004ab5   0x84  Code  Lc  adc.o [1]
NVIC_SetPriority        0x080045dd   0x84  Code  Lc  IR.o [1]
NVIC_SetPriority        0x080018f9   0x84  Code  Lc  power.o [1]
Region$$Table$$Base     0x080064d0          --   Gb  - Linker created -
Region$$Table$$Limit    0x080064f4          --   Gb  - Linker created -
SystemInit              0x0800618d   0x68  Code  Gb  system_stm32f0xx.o [1]
TIM2_IRQHandler         0x080047dd  0x28a  Code  Gb  IR.o [1]
_GenldLargeNoMb         0x0800425d  0x29a  Code  Lc  xprintflarge_nomb.o [3]
_LdtobLargeNoMb         0x08003f75  0x2b0  Code  Lc  xprintflarge_nomb.o [3]
_LitobLargeNoMb         0x08003e49  0x12a  Code  Lc  xprintflarge_nomb.o [3]
_PrintfLargeNoMb        0x08003821  0x5c0  Code  Gb  xprintflarge_nomb.o [3]
_PutcharsLargeNoMb      0x080044f7   0x30  Code  Lc  xprintflarge_nomb.o [3]
_SProut                 0x08003273    0xa  Code  Gb  xsprout.o [3]
__ICFEDIT_region_RAM_end__ {Abs}
                        0x200017ff         Data  Gb  command line/config [2]
__ICFEDIT_region_RAM_start__ {Abs}
                        0x20000000         Data  Gb  command line/config [2]
__aeabi_cdcmple         0x08005389         Code  Gb  DblCmpLe.o [4]
__aeabi_cdrcmple        0x080053bb         Code  Gb  DblCmpGe.o [4]
__aeabi_cfcmpeq         0x080031a9         Code  Gb  FltCmpEq.o [4]
__aeabi_cfcmple         0x08005609         Code  Gb  FltCmpLe.o [4]
__aeabi_cfrcmple        0x08005301         Code  Gb  FltCmpGe.o [4]
__aeabi_d2f             0x080034d1         Code  Gb  DblToFlt.o [4]
__aeabi_d2uiz           0x08005745         Code  Gb  DblToI32.o [4]
__aeabi_dadd            0x08005773         Code  Gb  DblAddSub.o [4]
__aeabi_ddiv            0x08003569         Code  Gb  DblDiv.o [4]
__aeabi_dmul            0x0800334d         Code  Gb  DblMul.o [4]
__aeabi_dsub            0x08005839         Code  Gb  DblAddSub.o [4]
__aeabi_f2d             0x0800327d         Code  Gb  FltToDbl.o [4]
__aeabi_f2iz            0x08005291         Code  Gb  FltToS32.o [4]
__aeabi_fadd            0x08003089         Code  Gb  FltAddSub.o [4]
__aeabi_fdiv            0x080031c9         Code  Gb  FltDiv.o [4]
__aeabi_fmul            0x08002fd9         Code  Gb  FltMul.o [4]
__aeabi_fsub            0x080030f9         Code  Gb  FltAddSub.o [4]
__aeabi_i2d             0x08003535         Code  Gb  I32ToDbl.o [4]
__aeabi_i2f             0x080052cd         Code  Gb  I32ToFlt.o [4]
__aeabi_idiv            0x08002115         Code  Gb  I32DivModFast.o [5]
__aeabi_idiv0           0x0800528d         Code  Gb  IntDivZer.o [5]
__aeabi_idivmod         0x08002115         Code  Gb  I32DivModFast.o [5]
__aeabi_ldiv0           0x08005949         Code  Gb  I64DivZer.o [5]
__aeabi_memcpy          0x080056e9         Code  Gb  ABImemcpy.o [5]
__aeabi_memset          0x080021c9         Code  Gb  ABImemset.o [5]
__aeabi_ui2d            0x08003549         Code  Gb  I32ToDbl.o [4]
__aeabi_uidiv           0x0800211b         Code  Gb  I32DivModFast.o [5]
__aeabi_uidivmod        0x0800211b         Code  Gb  I32DivModFast.o [5]
__aeabi_uldivmod        0x0800567d         Code  Gb  I64DivMod.o [5]
__cmain                 0x08006575         Code  Gb  cmain.o [5]
__exit                  0x080065a9   0x14  Code  Gb  exit.o [6]
__iar_Atan              0x08005429  0x148  Code  Gb  xatan.o [4]
__iar_FDtest            0x0800562f   0x22  Code  Gb  xfdtest.o [4]
__iar_Memchr            0x08005665   0x18  Code  Gb  memchr.o [5]
__iar_Memset4_word      0x080021e9         Code  Gb  ABImemset.o [5]
__iar_Memset_word       0x080021d5         Code  Gb  ABImemset.o [5]
__iar_Strchr            0x08005651   0x14  Code  Gb  strchr.o [5]
__iar_copy_init3        0x0800625d   0x30  Code  Gb  copy_init3.o [5]
__iar_d2uiz             0x08005749         Code  Gb  DblToI32.o [4]
__iar_data_init3        0x080063d1   0x28  Code  Gb  data_init.o [5]
__iar_program_start     0x08006779         Code  Gb  cstartup_M.o [5]
__iar_ui2d              0x0800354d         Code  Gb  I32ToDbl.o [4]
__iar_ui2f              0x080052e5         Code  Gb  I32ToFlt.o [4]
__iar_zero_init3        0x08006221   0x3c  Code  Gb  zero_init3.o [5]
__low_level_init        0x0800658f    0x4  Code  Gb  low_level_init.o [3]
__vector_table          0x08000000         Data  Gb  startup_stm32f042x6.o [1]
_call_main              0x08006581         Code  Gb  cmain.o [5]
_exit                   0x0800659d         Code  Gb  cexit.o [5]
_main                   0x0800658b         Code  Gb  cmain.o [5]
a                       0x080055c8   0x40  Data  Lc  xatan.o [4]
about                   0x08006514   0x20  Data  Gb  main.o [1]
accAxisCal              0x08002d83  0x21c  Code  Gb  lis3.o [1]
accel                   0x20000d94   0x18  Data  Gb  lis3.o [1]
adcData                 0x20000dd0    0x4  Data  Gb  adc.o [1]
adcDeinit               0x08004b39   0x24  Code  Gb  adc.o [1]
adcInit                 0x08004b5d   0x7c  Code  Gb  adc.o [1]
atan                    0x080032b1   0x9c  Code  Gb  atan.o [4]
battCalc                0x08001c19  0x194  Code  Gb  battery.o [1]
battCalc::percFlag      0x20000de2    0x1  Data  Lc  battery.o [1]
btnCntsClr              0x080020bd   0x1a  Code  Gb  buttons.o [1]
buttons                 0x20000dc0    0x8  Data  Gb  buttons.o [1]
chrgSym                 0x080067cc    0x8  Data  Gb  ssdGraph.o [1]
deInitIR                0x0800474b   0x4a  Code  Gb  IR.o [1]
delay_us                0x08005329   0x60  Code  Gb  delay.o [1]
display                 0x080064f4   0x20  Data  Gb  main.o [1]
div                     0x08005927   0x20  Code  Gb  div.o [3]
drawMainScreen          0x08001445  0x304  Code  Gb  main.o [1]
drawMenu                0x08001335   0xba  Code  Gb  main.o [1]
exit                    0x08006593    0x8  Code  Gb  exit.o [3]
font12x16               0x08005f4c  0x180  Data  Gb  ssdFonts.o [1]
font6x8                 0x0800594c  0x600  Data  Gb  ssdFonts.o [1]
getButtonState          0x08001dad  0x300  Code  Gb  buttons.o [1]
gppin_init              0x08004ccb  0x1cc  Code  Gb  gpio.o [1]
initClocks              0x0800452d   0x94  Code  Gb  clock.o [1]
initGpios               0x08004c91   0x3a  Code  Gb  gpio.o [1]
initI2C1                0x08004eb1   0x90  Code  Gb  i2c.o [1]
initIRConfig            0x08004661   0xea  Code  Gb  IR.o [1]
initPeriphs             0x08001a99   0x1c  Code  Gb  power.o [1]
kalman                  0x20000d04   0x5c  Data  Gb  filter.o [1]
kalmanAccCorr           0x08003651  0x186  Code  Gb  filter.o [1]
lis3AxisCal             0x20000d60   0x1c  Data  Gb  lis3.o [1]
lis3_getXYZ             0x08002d43   0x40  Code  Gb  lis3.o [1]
lis3_read               0x08002d05   0x3e  Code  Gb  lis3.o [1]
lis3_write              0x08002cd9   0x2c  Code  Gb  lis3.o [1]
lis3init                0x08002c9d   0x3c  Code  Gb  lis3.o [1]
lpf                     0x080037d7   0x2e  Code  Gb  filter.o [1]
lpf::Dacc               0x20000dd4    0x4  Data  Lc  filter.o [1]
lpf::Dout               0x20000de0    0x2  Data  Lc  filter.o [1]
lpfAccPrim              0x0800362d   0x24  Code  Gb  filter.o [1]
lpfPrim                 0x20000d7c   0x18  Data  Gb  filter.o [1]
main                    0x080000c1  0xdf4  Code  Gb  main.o [1]
mchron                  0x08006464   0x24  Data  Gb  main.o [1]
mcommon                 0x08006534   0x20  Data  Gb  main.o [1]
meas                    0x2000080c  0x264  Data  Gb  system.o [1]
menu                    0x20000bdc  0x128  Data  Gb  MicroMenu.o [1]
menuFolder              0x08006704   0x10  Data  Gb  ssdGraph.o [1]
menuScroll              0x080067f4    0x4  Data  Gb  ssdGraph.o [1]
mincline                0x080062e0   0x28  Data  Gb  main.o [1]
mode                    0x080063f8   0x24  Data  Gb  main.o [1]
modeEdit                0x08001061   0x72  Code  Gb  main.o [1]
parEdit                 0x08000ffd   0x48  Code  Gb  main.o [1]
parEditRedir            0x08000eed  0x104  Code  Gb  main.o [1]
pellets                 0x20000a70  0x16c  Data  Gb  system.o [1]
pinNum                  0x20000000    0x4  Data  Gb  gpio.o [1]
pinsMode                0x080060cc   0xc0  Data  Gb  gpio.o [1]
power                   0x20000dc8    0x8  Data  Gb  power.o [1]
powerOff                0x08001a1b   0x32  Code  Gb  power.o [1]
powerOn                 0x08001a4d   0x12  Code  Gb  power.o [1]
s16fNorm                0x08001141   0x3c  Code  Gb  main.o [1]
scbind                  0x08006554   0x20  Data  Gb  main.o [1]
scdist                  0x080063a8   0x28  Data  Gb  main.o [1]
schrono                 0x08006488   0x24  Data  Gb  main.o [1]
sclipc                  0x08006308   0x28  Data  Gb  main.o [1]
service                 0x080062b8   0x28  Data  Gb  main.o [1]
setts                   0x08006440   0x24  Data  Gb  main.o [1]
sibrdr                  0x0800628c   0x2c  Data  Gb  main.o [1]
sical                   0x080064ac   0x24  Data  Gb  main.o [1]
sincline                0x08006330   0x28  Data  Gb  main.o [1]
spofft                  0x08006358   0x28  Data  Gb  main.o [1]
sprintf                 0x080017a1   0x38  Code  Gb  sprintf.o [3]
ssdBatt                 0x08006714   0x10  Data  Gb  ssdGraph.o [1]
ssdVideoBff             0x20000408  0x404  Data  Gb  ug2864.o [1]
ssd_putBatt             0x080027d5  0x100  Code  Gb  ug2864.o [1]
ssd_putChar12x16        0x080028e1   0xf4  Code  Gb  ug2864.o [1]
ssd_putChar6x8          0x080029f9   0x5a  Code  Gb  ug2864.o [1]
ssd_putMenuFolder       0x08002785   0x50  Code  Gb  ug2864.o [1]
ssd_putMenuScroll       0x08002595   0xae  Code  Gb  ug2864.o [1]
ssd_putMsgBox           0x080022e1   0x8a  Code  Gb  ug2864.o [1]
ssd_putParBox           0x08002219   0xc0  Code  Gb  ug2864.o [1]
ssd_putPitchBar         0x08002643  0x13e  Code  Gb  ug2864.o [1]
ssd_putRollBar          0x0800236b  0x220  Code  Gb  ug2864.o [1]
ssd_putString12x16      0x080029d5   0x24  Code  Gb  ug2864.o [1]
ssd_putString6x8        0x08002a59   0x24  Code  Gb  ug2864.o [1]
ssd_setpix              0x08002a7d   0xc8  Code  Gb  ug2864.o [1]
stats                   0x0800641c   0x24  Data  Gb  main.o [1]
stopModeConfig          0x0800199f   0x7c  Code  Gb  power.o [1]
strcpy                  0x08001791         Code  Gb  strcpy.o [5]
strlen                  0x08002fc9   0x10  Code  Gb  strlen.o [5]
swusrc                  0x08006380   0x28  Data  Gb  main.o [1]
sync                    0x08001b0f   0xc4  Code  Gb  sync.o [1]
syncInit                0x08001ab5   0x5a  Code  Gb  sync.o [1]
sysPars                 0x20000ddc    0x4  Data  Gb  system.o [1]
tiltAngCalc             0x080010d9   0x5e  Code  Gb  main.o [1]
trxAccData              0x080011bd  0x15a  Code  Gb  main.o [1]
ug2864_com              0x08002c2b   0x2c  Code  Gb  ug2864.o [1]
ug2864_refresh          0x08002c61   0x20  Code  Gb  ug2864.o [1]
ug2864init              0x08002b79   0xb2  Code  Gb  ug2864.o [1]
ug2864off               0x08002b4d   0x16  Code  Gb  ug2864.o [1]
ug2864on                0x08002b63   0x16  Code  Gb  ug2864.o [1]


[1] = C:\Users\4eef\Projects\Chronograph+\SW\Chrono-Terminal-V1.0\firmware\PROJ_DIR\Debug\Obj
[2] = command line
[3] = dl6M_tln.a
[4] = m6M_tl.a
[5] = rt6M_tl.a
[6] = shb_l.a

  23 270 bytes of readonly  code memory
   3 382 bytes of readonly  data memory
   3 555 bytes of readwrite data memory

Errors: none
Warnings: none
