###############################################################################
#
# IAR ELF Linker V7.80.2.11947/W32 for ARM                21/Feb/2017  14:45:52
# Copyright 2007-2016 IAR Systems AB.
#
#    Output file  =  
#        C:\Users\4eef\Projects\Chronograph+\SW\Chrono-Terminal-V1.0\firmware\PROJ_DIR\Debug\Exe\Chrono-Terminal-V1.0.out
#    Map file     =  
#        C:\Users\4eef\Projects\Chronograph+\SW\Chrono-Terminal-V1.0\firmware\PROJ_DIR\Debug\List\Chrono-Terminal-V1.0.map
#    Command line =  
#        C:\Users\4eef\Projects\Chronograph+\SW\Chrono-Terminal-V1.0\firmware\PROJ_DIR\Debug\Obj\adc.o
#        C:\Users\4eef\Projects\Chronograph+\SW\Chrono-Terminal-V1.0\firmware\PROJ_DIR\Debug\Obj\clock.o
#        C:\Users\4eef\Projects\Chronograph+\SW\Chrono-Terminal-V1.0\firmware\PROJ_DIR\Debug\Obj\delay.o
#        C:\Users\4eef\Projects\Chronograph+\SW\Chrono-Terminal-V1.0\firmware\PROJ_DIR\Debug\Obj\filter.o
#        C:\Users\4eef\Projects\Chronograph+\SW\Chrono-Terminal-V1.0\firmware\PROJ_DIR\Debug\Obj\gpio.o
#        C:\Users\4eef\Projects\Chronograph+\SW\Chrono-Terminal-V1.0\firmware\PROJ_DIR\Debug\Obj\i2c.o
#        C:\Users\4eef\Projects\Chronograph+\SW\Chrono-Terminal-V1.0\firmware\PROJ_DIR\Debug\Obj\IR.o
#        C:\Users\4eef\Projects\Chronograph+\SW\Chrono-Terminal-V1.0\firmware\PROJ_DIR\Debug\Obj\lis3.o
#        C:\Users\4eef\Projects\Chronograph+\SW\Chrono-Terminal-V1.0\firmware\PROJ_DIR\Debug\Obj\main.o
#        C:\Users\4eef\Projects\Chronograph+\SW\Chrono-Terminal-V1.0\firmware\PROJ_DIR\Debug\Obj\MicroMenu.o
#        C:\Users\4eef\Projects\Chronograph+\SW\Chrono-Terminal-V1.0\firmware\PROJ_DIR\Debug\Obj\power.o
#        C:\Users\4eef\Projects\Chronograph+\SW\Chrono-Terminal-V1.0\firmware\PROJ_DIR\Debug\Obj\ssdFonts.o
#        C:\Users\4eef\Projects\Chronograph+\SW\Chrono-Terminal-V1.0\firmware\PROJ_DIR\Debug\Obj\ssdGraph.o
#        C:\Users\4eef\Projects\Chronograph+\SW\Chrono-Terminal-V1.0\firmware\PROJ_DIR\Debug\Obj\startup_stm32f042x6.o
#        C:\Users\4eef\Projects\Chronograph+\SW\Chrono-Terminal-V1.0\firmware\PROJ_DIR\Debug\Obj\sync.o
#        C:\Users\4eef\Projects\Chronograph+\SW\Chrono-Terminal-V1.0\firmware\PROJ_DIR\Debug\Obj\system_stm32f0xx.o
#        C:\Users\4eef\Projects\Chronograph+\SW\Chrono-Terminal-V1.0\firmware\PROJ_DIR\Debug\Obj\ug2864.o
#        -o
#        C:\Users\4eef\Projects\Chronograph+\SW\Chrono-Terminal-V1.0\firmware\PROJ_DIR\Debug\Exe\Chrono-Terminal-V1.0.out
#        --redirect _Printf=_PrintfLargeNoMb --map
#        C:\Users\4eef\Projects\Chronograph+\SW\Chrono-Terminal-V1.0\firmware\PROJ_DIR\Debug\List\Chrono-Terminal-V1.0.map
#        --config "C:\Program Files (x86)\IAR Systems\Embedded Workbench
#        7.5\arm\config\linker\ST\stm32f042x6.icf" --semihosting --entry
#        __iar_program_start --vfe
#
###############################################################################

*******************************************************************************
*** RUNTIME MODEL ATTRIBUTES
***

CppFlavor       = *
__SystemLibrary = DLib


*******************************************************************************
*** PLACEMENT SUMMARY
***

"A0":  place at 0x08000000 { ro section .intvec };
"P1":  place in [from 0x08000000 to 0x08007fff] { ro };
"P2":  place in [from 0x20000000 to 0x200017ff] { rw, block CSTACK, block HEAP };
initialize by copy { rw };

  Section             Kind        Address    Size  Object
  -------             ----        -------    ----  ------
"A0":                                        0xc0
  .intvec             ro code  0x08000000    0xc0  startup_stm32f042x6.o [1]
                             - 0x080000c0    0xc0

"P1":                                      0x678a
  .text               ro code  0x080000c0  0x19e8  main.o [1]
  .text               ro code  0x08001aa8    0x10  strcpy.o [5]
  .text               ro code  0x08001ab8    0x38  sprintf.o [3]
  .text               ro code  0x08001af0   0x104  MicroMenu.o [1]
  .text               ro code  0x08001bf4   0x204  power.o [1]
  .text               ro code  0x08001df8   0x154  sync.o [1]
  .text               ro code  0x08001f4c    0xe0  I32DivModFast.o [5]
  .text               ro code  0x0800202c   0x1fc  filter.o [1]
  .text               ro code  0x08002228    0x50  ABImemset.o [5]
  .text               ro code  0x08002278   0xa30  ug2864.o [1]
  .text               ro code  0x08002ca8   0x388  lis3.o [1]
  .text               ro code  0x08003030    0x10  strlen.o [5]
  .text               ro code  0x08003040    0xb0  FltMul.o [4]
  .text               ro code  0x080030f0   0x116  FltAddSub.o [4]
  .text               ro code  0x08003206     0xa  xsprout.o [3]
  .text               ro code  0x08003210    0x20  FltCmpEq.o [4]
  .text               ro code  0x08003230    0xaa  FltDiv.o [4]
  .rodata             const    0x080032da     0x2  main.o [1]
  .text               ro code  0x080032dc    0x32  FltToDbl.o [4]
  .rodata             const    0x0800330e     0x2  ug2864.o [1]
  .text               ro code  0x08003310    0x9c  atan.o [4]
  .text               ro code  0x080033ac   0x184  DblMul.o [4]
  .text               ro code  0x08003530    0x62  DblToFlt.o [4]
  .rodata             const    0x08003592     0x2  ug2864.o [1]
  .text               ro code  0x08003594    0x34  I32ToDbl.o [4]
  .text               ro code  0x080035c8    0xc2  DblDiv.o [4]
  .text               ro code  0x0800368a     0x2  startup_stm32f042x6.o [1]
  .text               ro code  0x0800368c   0xd0a  xprintflarge_nomb.o [3]
  .text               ro code  0x08004396     0x2  startup_stm32f042x6.o [1]
  .text               ro code  0x08004398   0x4d8  IR.o [1]
  .text               ro code  0x08004870   0x1f8  adc.o [1]
  .text               ro code  0x08004a68    0x94  clock.o [1]
  .text               ro code  0x08004afc   0x220  gpio.o [1]
  .text               ro code  0x08004d1c   0x3da  i2c.o [1]
  .text               ro code  0x080050f6     0x2  startup_stm32f042x6.o [1]
  .text               ro code  0x080050f8     0x2  IntDivZer.o [5]
  .text               ro code  0x080050fa     0x2  startup_stm32f042x6.o [1]
  .text               ro code  0x080050fc    0x52  DblToI32.o [4]
  .text               ro code  0x0800514e   0x1b4  DblAddSub.o [4]
  .text               ro code  0x08005302    0x32  DblCmpLe.o [4]
  .text               ro code  0x08005334    0x32  DblCmpGe.o [4]
  .text               ro code  0x08005366     0x2  startup_stm32f042x6.o [1]
  .text               ro code  0x08005368    0xec  asin.o [4]
  .text               ro code  0x08005454    0x30  xdtest.o [4]
  .text               ro code  0x08005484    0x3a  FltToS32.o [4]
  .text               ro code  0x080054be     0x2  startup_stm32f042x6.o [1]
  .text               ro code  0x080054c0    0x32  I32ToFlt.o [4]
  .text               ro code  0x080054f2     0x2  startup_stm32f042x6.o [1]
  .text               ro code  0x080054f4    0x28  FltCmpGe.o [4]
  .text               ro code  0x0800551c    0x60  delay.o [1]
  .text               ro code  0x0800557c    0x3c  startup_stm32f042x6.o [1]
  .text               ro code  0x080055b8   0x1e0  xatan.o [4]
  .text               ro code  0x08005798    0x14  strchr.o [5]
  .text               ro code  0x080057ac    0x18  memchr.o [5]
  .text               ro code  0x080057c4    0x6a  I64DivMod.o [5]
  .text               ro code  0x0800582e     0x2  startup_stm32f042x6.o [1]
  .text               ro code  0x08005830    0x5c  ABImemcpy.o [5]
  .text               ro code  0x0800588c    0x20  div.o [3]
  .text               ro code  0x080058ac    0xbe  sqrt.o [4]
  .text               ro code  0x0800596a     0x2  startup_stm32f042x6.o [1]
  .text               ro code  0x0800596c    0x10  errno.o [3]
  .text               ro code  0x0800597c     0x2  I64DivZer.o [5]
  .text               ro code  0x0800597e     0x2  startup_stm32f042x6.o [1]
  .text               ro code  0x08005980     0xc  iarEdom.o [5]
  .text               ro code  0x0800598c     0x2  xtls.o [3]
  .text               ro code  0x0800598e     0x2  startup_stm32f042x6.o [1]
  .rodata             const    0x08005990   0x600  ssdFonts.o [1]
  .rodata             const    0x08005f90   0x180  ssdFonts.o [1]
  .rodata             const    0x08006110    0xc0  gpio.o [1]
  .text               ro code  0x080061d0    0x94  system_stm32f0xx.o [1]
  .text               ro code  0x08006264    0x3c  zero_init3.o [5]
  .text               ro code  0x080062a0    0x30  copy_init3.o [5]
  .rodata             const    0x080062d0    0x2c  main.o [1]
  .rodata             const    0x080062fc    0x28  main.o [1]
  .rodata             const    0x08006324    0x28  main.o [1]
  .rodata             const    0x0800634c    0x28  main.o [1]
  .rodata             const    0x08006374    0x28  main.o [1]
  .rodata             const    0x0800639c    0x28  main.o [1]
  .rodata             const    0x080063c4    0x28  main.o [1]
  .rodata             const    0x080063ec    0x28  main.o [1]
  .text               ro code  0x08006414    0x28  data_init.o [5]
  .rodata             const    0x0800643c    0x24  main.o [1]
  .rodata             const    0x08006460    0x24  main.o [1]
  .rodata             const    0x08006484    0x24  main.o [1]
  .rodata             const    0x080064a8    0x24  main.o [1]
  .rodata             const    0x080064cc    0x24  main.o [1]
  .rodata             const    0x080064f0    0x24  main.o [1]
  .iar.init_table     const    0x08006514    0x24  - Linker created -
  .rodata             const    0x08006538    0x20  main.o [1]
  .rodata             const    0x08006558    0x20  main.o [1]
  .rodata             const    0x08006578    0x20  main.o [1]
  .rodata             const    0x08006598    0x20  main.o [1]
  .text               ro code  0x080065b8    0x1a  cmain.o [5]
  .text               ro code  0x080065d2     0x4  low_level_init.o [3]
  .text               ro code  0x080065d6     0x8  exit.o [3]
  .text               ro code  0x080065de     0x2  startup_stm32f042x6.o [1]
  .text               ro code  0x080065e0     0xa  cexit.o [5]
  .text               ro code  0x080065ea     0x2  startup_stm32f042x6.o [1]
  .text               ro code  0x080065ec    0x14  exit.o [6]
  .rodata             const    0x08006600    0x18  main.o [1]
  .rodata             const    0x08006618    0x18  MicroMenu.o [1]
  .rodata             const    0x08006630    0x14  lis3.o [1]
  .rodata             const    0x08006644    0x14  main.o [1]
  .rodata             const    0x08006658    0x14  main.o [1]
  .rodata             const    0x0800666c    0x14  main.o [1]
  .rodata             const    0x08006680    0x14  main.o [1]
  .rodata             const    0x08006694    0x14  sync.o [1]
  .rodata             const    0x080066a8    0x10  main.o [1]
  .rodata             const    0x080066b8    0x10  main.o [1]
  .rodata             const    0x080066c8    0x10  main.o [1]
  .rodata             const    0x080066d8    0x10  main.o [1]
  .rodata             const    0x080066e8    0x10  main.o [1]
  .rodata             const    0x080066f8    0x10  main.o [1]
  .rodata             const    0x08006708    0x10  main.o [1]
  .rodata             const    0x08006718    0x10  main.o [1]
  .rodata             const    0x08006728    0x10  main.o [1]
  .rodata             const    0x08006738    0x10  main.o [1]
  .rodata             const    0x08006748    0x10  ssdGraph.o [1]
  .rodata             const    0x08006758    0x10  ssdGraph.o [1]
  .rodata             const    0x08006768     0xc  main.o [1]
  .rodata             const    0x08006774     0xc  main.o [1]
  .rodata             const    0x08006780     0xc  main.o [1]
  .rodata             const    0x0800678c     0xc  main.o [1]
  .rodata             const    0x08006798     0xc  main.o [1]
  .rodata             const    0x080067a4     0xc  main.o [1]
  .text               ro code  0x080067b0     0xc  cstartup_M.o [5]
  Initializer bytes   const    0x080067bc     0xc  <for P2-1>
  .rodata             const    0x080067c8     0x8  main.o [1]
  .rodata             const    0x080067d0     0x8  main.o [1]
  .rodata             const    0x080067d8     0x8  main.o [1]
  .rodata             const    0x080067e0     0x8  main.o [1]
  .rodata             const    0x080067e8     0x8  main.o [1]
  .rodata             const    0x080067f0     0x8  main.o [1]
  .rodata             const    0x080067f8     0x8  main.o [1]
  .rodata             const    0x08006800     0x8  main.o [1]
  .rodata             const    0x08006808     0x8  main.o [1]
  .rodata             const    0x08006810     0x8  ug2864.o [1]
  .rodata             const    0x08006818     0x8  ug2864.o [1]
  .rodata             const    0x08006820     0x8  xprintflarge_nomb.o [3]
  .rodata             const    0x08006828     0x4  ssdGraph.o [1]
  .text               ro code  0x0800682c     0x2  startup_stm32f042x6.o [1]
  .text               ro code  0x0800682e     0x2  startup_stm32f042x6.o [1]
  .text               ro code  0x08006830     0x2  startup_stm32f042x6.o [1]
  .text               ro code  0x08006832     0x2  startup_stm32f042x6.o [1]
  .text               ro code  0x08006834     0x2  startup_stm32f042x6.o [1]
  .text               ro code  0x08006836     0x2  startup_stm32f042x6.o [1]
  .text               ro code  0x08006838     0x2  startup_stm32f042x6.o [1]
  .text               ro code  0x0800683a     0x2  startup_stm32f042x6.o [1]
  .text               ro code  0x0800683c     0x2  startup_stm32f042x6.o [1]
  .text               ro code  0x0800683e     0x2  startup_stm32f042x6.o [1]
  .text               ro code  0x08006840     0x2  startup_stm32f042x6.o [1]
  .text               ro code  0x08006842     0x2  startup_stm32f042x6.o [1]
  .text               ro code  0x08006844     0x2  startup_stm32f042x6.o [1]
  .text               ro code  0x08006846     0x2  startup_stm32f042x6.o [1]
  .text               ro code  0x08006848     0x2  startup_stm32f042x6.o [1]
  .rodata             const    0x0800684a     0x0  zero_init3.o [5]
  .rodata             const    0x0800684a     0x0  copy_init3.o [5]
                             - 0x0800684a  0x678a

"P2", part 1 of 3:                            0xc
  P2-1                         0x20000000     0xc  <Init block>
    .data             inited   0x20000000     0x4  gpio.o [1]
    .data             inited   0x20000004     0x4  MicroMenu.o [1]
    __DLIB_PERTHREAD  inited   0x20000008     0x4  errno.o [3]
                             - 0x2000000c     0xc

"P2", part 2 of 3:                          0x400
  CSTACK                       0x20000010   0x400  <Block>
    CSTACK            uninit   0x20000010   0x400  <Block tail>
                             - 0x20000410   0x400

"P2", part 3 of 3:                          0x9d4
  .bss                zero     0x20000410   0x404  ug2864.o [1]
  .bss                zero     0x20000814   0x248  main.o [1]
  .bss                zero     0x20000a5c   0x16c  main.o [1]
  .bss                zero     0x20000bc8   0x128  MicroMenu.o [1]
  .bss                zero     0x20000cf0    0x80  filter.o [1]
  .bss                zero     0x20000d70    0x24  lis3.o [1]
  .bss                zero     0x20000d94    0x1c  lis3.o [1]
  .bss                zero     0x20000db0    0x14  IR.o [1]
  .bss                zero     0x20000dc4     0x8  power.o [1]
  .bss                zero     0x20000dcc     0x4  adc.o [1]
  .bss                zero     0x20000dd0     0x4  filter.o [1]
  .bss                zero     0x20000dd4     0x4  main.o [1]
  .bss                zero     0x20000dd8     0x4  main.o [1]
  .bss                zero     0x20000ddc     0x4  main.o [1]
  .bss                zero     0x20000de0     0x2  filter.o [1]
                             - 0x20000de2   0x9d2


*******************************************************************************
*** INIT TABLE
***

          Address     Size
          -------     ----
Zero (__iar_zero_init3)
    1 destination range, total size 0x9d2:
          0x20000410  0x9d2

Copy (__iar_copy_init3)
    1 source range, total size 0xc:
          0x080067bc    0xc
    1 destination range, total size 0xc:
          0x20000000    0xc



*******************************************************************************
*** MODULE SUMMARY
***

    Module                 ro code  ro data  rw data
    ------                 -------  -------  -------
C:\Users\4eef\Projects\Chronograph+\SW\Chrono-Terminal-V1.0\firmware\PROJ_DIR\Debug\Obj: [1]
    IR.o                     1 240                20
    MicroMenu.o                260       28      300
    adc.o                      504                 4
    clock.o                    148
    delay.o                     96
    filter.o                   508               134
    gpio.o                     544      196        4
    i2c.o                      986
    lis3.o                     904       20       64
    main.o                   6 632    1 078      960
    power.o                    516                 8
    ssdFonts.o                        1 920
    ssdGraph.o                           36
    startup_stm32f042x6.o      308
    sync.o                     340       20
    system_stm32f0xx.o         148
    ug2864.o                 2 608       20    1 028
    ------------------------------------------------
    Total:                  15 742    3 318    2 522

command line: [2]
    ------------------------------------------------
    Total:

dl6M_tln.a: [3]
    div.o                       32
    errno.o                     16        4        4
    exit.o                       8
    low_level_init.o             4
    sprintf.o                   56
    xprintflarge_nomb.o      3 338        8
    xsprout.o                   10
    xtls.o                       2
    ------------------------------------------------
    Total:                   3 466       12        4

m6M_tl.a: [4]
    DblAddSub.o                436
    DblCmpGe.o                  50
    DblCmpLe.o                  50
    DblDiv.o                   194
    DblMul.o                   388
    DblToFlt.o                  98
    DblToI32.o                  82
    FltAddSub.o                278
    FltCmpEq.o                  32
    FltCmpGe.o                  40
    FltDiv.o                   170
    FltMul.o                   176
    FltToDbl.o                  50
    FltToS32.o                  58
    I32ToDbl.o                  52
    I32ToFlt.o                  50
    asin.o                     236
    atan.o                     156
    sqrt.o                     190
    xatan.o                    480
    xdtest.o                    48
    ------------------------------------------------
    Total:                   3 314

rt6M_tl.a: [5]
    ABImemcpy.o                 92
    ABImemset.o                 80
    I32DivModFast.o            224
    I64DivMod.o                106
    I64DivZer.o                  2
    IntDivZer.o                  2
    cexit.o                     10
    cmain.o                     26
    copy_init3.o                48
    cstartup_M.o                12
    data_init.o                 40
    iarEdom.o                   12
    memchr.o                    24
    strchr.o                    20
    strcpy.o                    16
    strlen.o                    16
    zero_init3.o                60
    ------------------------------------------------
    Total:                     790

shb_l.a: [6]
    exit.o                      20
    ------------------------------------------------
    Total:                      20

    Linker created                       36    1 024
----------------------------------------------------
    Grand Total:            23 332    3 366    3 550


*******************************************************************************
*** ENTRY LIST
***

Entry                      Address   Size  Type      Object
-----                      -------   ----  ----      ------
.iar.init_table$$Base   0x08006514          --   Gb  - Linker created -
.iar.init_table$$Limit  0x08006538          --   Gb  - Linker created -
?main                   0x080065b9         Code  Gb  cmain.o [5]
ADC1_IRQHandler         0x080049b1   0x82  Code  Gb  adc.o [1]
CSTACK$$Base            0x20000010          --   Gb  - Linker created -
CSTACK$$Limit           0x20000410          --   Gb  - Linker created -
CurrentMenuItem         0x20000dd8    0x4  Data  Gb  main.o [1]
CurrentMenuItem         0x20000004    0x4  Data  Lc  MicroMenu.o [1]
EXTI4_15_IRQHandler     0x08001c95   0x54  Code  Gb  power.o [1]
I2C1_IRQHandler         0x080050f5    0x2  Code  Gb  i2c.o [1]
I2CRx                   0x08004e45   0xec  Code  Gb  i2c.o [1]
I2CRxInit               0x08004dad   0x98  Code  Gb  i2c.o [1]
I2CTx                   0x08004fe9   0xec  Code  Gb  i2c.o [1]
I2CTxInit               0x08004f31   0x96  Code  Gb  i2c.o [1]
IRRXData                0x20000db0   0x14  Data  Gb  IR.o [1]
LoadInt                 0x08003c4d   0x68  Code  Lc  xprintflarge_nomb.o [3]
Menu_EnterCurrentItem   0x08001bb5   0x26  Code  Gb  MicroMenu.o [1]
Menu_GetCurrentMenu     0x08001af1    0x6  Code  Gb  MicroMenu.o [1]
Menu_Navigate           0x08001af7   0xbe  Code  Gb  MicroMenu.o [1]
NULL_MENU               0x08006618   0x18  Data  Gb  MicroMenu.o [1]
NVIC_DisableIRQ         0x0800487f    0xe  Code  Lc  adc.o [1]
NVIC_DisableIRQ         0x080043a7    0xe  Code  Lc  IR.o [1]
NVIC_DisableIRQ         0x08001c03    0xe  Code  Lc  power.o [1]
NVIC_EnableIRQ          0x08004871    0xe  Code  Lc  adc.o [1]
NVIC_EnableIRQ          0x08004399    0xe  Code  Lc  IR.o [1]
NVIC_EnableIRQ          0x08001bf5    0xe  Code  Lc  power.o [1]
NVIC_SetPriority        0x0800488d   0x84  Code  Lc  adc.o [1]
NVIC_SetPriority        0x080043b5   0x84  Code  Lc  IR.o [1]
NVIC_SetPriority        0x08001c11   0x84  Code  Lc  power.o [1]
Region$$Table$$Base     0x08006514          --   Gb  - Linker created -
Region$$Table$$Limit    0x08006538          --   Gb  - Linker created -
SystemInit              0x080061d1   0x68  Code  Gb  system_stm32f0xx.o [1]
TIM2_IRQHandler         0x080045b5  0x28a  Code  Gb  IR.o [1]
_GenldLargeNoMb         0x080040c9  0x29a  Code  Lc  xprintflarge_nomb.o [3]
_LdtobLargeNoMb         0x08003de1  0x2b0  Code  Lc  xprintflarge_nomb.o [3]
_LitobLargeNoMb         0x08003cb5  0x12a  Code  Lc  xprintflarge_nomb.o [3]
_PrintfLargeNoMb        0x0800368d  0x5c0  Code  Gb  xprintflarge_nomb.o [3]
_PutcharsLargeNoMb      0x08004363   0x30  Code  Lc  xprintflarge_nomb.o [3]
_SProut                 0x08003207    0xa  Code  Gb  xsprout.o [3]
__ICFEDIT_region_RAM_end__ {Abs}
                        0x200017ff         Data  Gb  command line/config [2]
__ICFEDIT_region_RAM_start__ {Abs}
                        0x20000000         Data  Gb  command line/config [2]
__aeabi_cdcmple         0x08005303         Code  Gb  DblCmpLe.o [4]
__aeabi_cdrcmple        0x08005335         Code  Gb  DblCmpGe.o [4]
__aeabi_cfcmpeq         0x08003211         Code  Gb  FltCmpEq.o [4]
__aeabi_cfrcmple        0x080054f5         Code  Gb  FltCmpGe.o [4]
__aeabi_d2f             0x08003531         Code  Gb  DblToFlt.o [4]
__aeabi_d2iz            0x080050fd         Code  Gb  DblToI32.o [4]
__aeabi_d2uiz           0x08005121         Code  Gb  DblToI32.o [4]
__aeabi_dadd            0x0800514f         Code  Gb  DblAddSub.o [4]
__aeabi_ddiv            0x080035c9         Code  Gb  DblDiv.o [4]
__aeabi_dmul            0x080033ad         Code  Gb  DblMul.o [4]
__aeabi_dsub            0x08005215         Code  Gb  DblAddSub.o [4]
__aeabi_errno_addr      0x0800596d    0xa  Code  Gb  errno.o [3]
__aeabi_f2d             0x080032dd         Code  Gb  FltToDbl.o [4]
__aeabi_f2iz            0x08005485         Code  Gb  FltToS32.o [4]
__aeabi_fadd            0x080030f1         Code  Gb  FltAddSub.o [4]
__aeabi_fdiv            0x08003231         Code  Gb  FltDiv.o [4]
__aeabi_fmul            0x08003041         Code  Gb  FltMul.o [4]
__aeabi_i2d             0x08003595         Code  Gb  I32ToDbl.o [4]
__aeabi_i2f             0x080054c1         Code  Gb  I32ToFlt.o [4]
__aeabi_idiv            0x08001f79         Code  Gb  I32DivModFast.o [5]
__aeabi_idiv0           0x080050f9         Code  Gb  IntDivZer.o [5]
__aeabi_idivmod         0x08001f79         Code  Gb  I32DivModFast.o [5]
__aeabi_ldiv0           0x0800597d         Code  Gb  I64DivZer.o [5]
__aeabi_memcpy          0x08005831         Code  Gb  ABImemcpy.o [5]
__aeabi_memset          0x08002229         Code  Gb  ABImemset.o [5]
__aeabi_ui2d            0x080035a9         Code  Gb  I32ToDbl.o [4]
__aeabi_uidiv           0x08001f7f         Code  Gb  I32DivModFast.o [5]
__aeabi_uidivmod        0x08001f7f         Code  Gb  I32DivModFast.o [5]
__aeabi_uldivmod        0x080057c5         Code  Gb  I64DivMod.o [5]
__cmain                 0x080065b9         Code  Gb  cmain.o [5]
__exit                  0x080065ed   0x14  Code  Gb  exit.o [6]
__iar_Atan              0x080055b9  0x148  Code  Gb  xatan.o [4]
__iar_Dtest             0x08005455   0x30  Code  Gb  xdtest.o [4]
__iar_Errno             0x20000008    0x4  Data  Gb  errno.o [3]
__iar_Memchr            0x080057ad   0x18  Code  Gb  memchr.o [5]
__iar_Memset4_word      0x08002249         Code  Gb  ABImemset.o [5]
__iar_Memset_word       0x08002235         Code  Gb  ABImemset.o [5]
__iar_Strchr            0x08005799   0x14  Code  Gb  strchr.o [5]
__iar_copy_init3        0x080062a1   0x30  Code  Gb  copy_init3.o [5]
__iar_d2uiz             0x08005125         Code  Gb  DblToI32.o [4]
__iar_data_init3        0x08006415   0x28  Code  Gb  data_init.o [5]
__iar_dlib_perthread_access
                        0x0800598d    0x2  Code  Gb  xtls.o [3]
__iar_edom              0x08005981         Code  Gb  iarEdom.o [5]
__iar_program_start     0x080067b1         Code  Gb  cstartup_M.o [5]
__iar_sqrt              0x080058ad         Code  Gb  sqrt.o [4]
__iar_ui2d              0x080035ad         Code  Gb  I32ToDbl.o [4]
__iar_ui2f              0x080054d9         Code  Gb  I32ToFlt.o [4]
__iar_zero_init3        0x08006265   0x3c  Code  Gb  zero_init3.o [5]
__low_level_init        0x080065d3    0x4  Code  Gb  low_level_init.o [3]
__vector_table          0x08000000         Data  Gb  startup_stm32f042x6.o [1]
_call_main              0x080065c5         Code  Gb  cmain.o [5]
_exit                   0x080065e1         Code  Gb  cexit.o [5]
_main                   0x080065cf         Code  Gb  cmain.o [5]
a                       0x08005758   0x40  Data  Lc  xatan.o [4]
about                   0x08006558   0x20  Data  Gb  main.o [1]
accAxisCal              0x08002dd9  0x22e  Code  Gb  lis3.o [1]
accel                   0x20000d94   0x1c  Data  Gb  lis3.o [1]
adcData                 0x20000dcc    0x4  Data  Gb  adc.o [1]
adcDeinit               0x08004911   0x24  Code  Gb  adc.o [1]
adcInit                 0x08004935   0x7c  Code  Gb  adc.o [1]
asin                    0x08005369   0xec  Code  Gb  asin.o [4]
atan                    0x08003311   0x9c  Code  Gb  atan.o [4]
buttonCnts              0x20000dd4    0x4  Data  Gb  main.o [1]
deInitIR                0x08004523   0x4a  Code  Gb  IR.o [1]
delay_us                0x0800551d   0x60  Code  Gb  delay.o [1]
display                 0x08006538   0x20  Data  Gb  main.o [1]
div                     0x0800588d   0x20  Code  Gb  div.o [3]
drawMainScreen          0x0800175d  0x304  Code  Gb  main.o [1]
drawMenu                0x08001655   0xba  Code  Gb  main.o [1]
exit                    0x080065d7    0x8  Code  Gb  exit.o [3]
font12x16               0x08005f90  0x180  Data  Gb  ssdFonts.o [1]
font6x8                 0x08005990  0x600  Data  Gb  ssdFonts.o [1]
getButtonState          0x08001261  0x1c6  Code  Gb  main.o [1]
gppin_init              0x08004b37  0x1cc  Code  Gb  gpio.o [1]
initClocks              0x08004a69   0x94  Code  Gb  clock.o [1]
initGpios               0x08004afd   0x3a  Code  Gb  gpio.o [1]
initI2C1                0x08004d1d   0x90  Code  Gb  i2c.o [1]
initIRConfig            0x08004439   0xea  Code  Gb  IR.o [1]
initPeriphs             0x08001ddd   0x1c  Code  Gb  power.o [1]
kalman                  0x20000cf0   0x80  Data  Gb  filter.o [1]
kalmanAccCorr           0x0800202d  0x1ac  Code  Gb  filter.o [1]
lis3AxisCal             0x20000d70   0x24  Data  Gb  lis3.o [1]
lis3_getXYZ             0x08002d4f   0x82  Code  Gb  lis3.o [1]
lis3_read               0x08002d11   0x3e  Code  Gb  lis3.o [1]
lis3_write              0x08002ce5   0x2c  Code  Gb  lis3.o [1]
lis3init                0x08002ca9   0x3c  Code  Gb  lis3.o [1]
lpf                     0x080021d9   0x2e  Code  Gb  filter.o [1]
lpf::Dacc               0x20000dd0    0x4  Data  Lc  filter.o [1]
lpf::Dout               0x20000de0    0x2  Data  Lc  filter.o [1]
main                    0x080000c1  0xf30  Code  Gb  main.o [1]
mchron                  0x080064a8   0x24  Data  Gb  main.o [1]
mcommon                 0x08006578   0x20  Data  Gb  main.o [1]
meas                    0x20000814  0x248  Data  Gb  main.o [1]
menu                    0x20000bc8  0x128  Data  Gb  MicroMenu.o [1]
menuFolder              0x08006748   0x10  Data  Gb  ssdGraph.o [1]
menuScroll              0x08006828    0x4  Data  Gb  ssdGraph.o [1]
mincline                0x08006324   0x28  Data  Gb  main.o [1]
mode                    0x0800643c   0x24  Data  Gb  main.o [1]
modeEdit                0x0800119d   0x72  Code  Gb  main.o [1]
parEdit                 0x08001139   0x48  Code  Gb  main.o [1]
parEditRedir            0x0800102d   0xfe  Code  Gb  main.o [1]
pellets                 0x20000a5c  0x16c  Data  Gb  main.o [1]
pinNum                  0x20000000    0x4  Data  Gb  gpio.o [1]
pinsMode                0x08006110   0xc0  Data  Gb  gpio.o [1]
power                   0x20000dc4    0x8  Data  Gb  power.o [1]
powerOff                0x08001d65   0x22  Code  Gb  power.o [1]
powerOn                 0x08001d87   0x1a  Code  Gb  power.o [1]
s16fNorm                0x080014a5   0x3c  Code  Gb  main.o [1]
scbind                  0x08006598   0x20  Data  Gb  main.o [1]
scdist                  0x080063ec   0x28  Data  Gb  main.o [1]
schrono                 0x080064cc   0x24  Data  Gb  main.o [1]
sclipc                  0x0800634c   0x28  Data  Gb  main.o [1]
service                 0x080062fc   0x28  Data  Gb  main.o [1]
setts                   0x08006484   0x24  Data  Gb  main.o [1]
sibrdr                  0x080062d0   0x2c  Data  Gb  main.o [1]
sical                   0x080064f0   0x24  Data  Gb  main.o [1]
sincline                0x08006374   0x28  Data  Gb  main.o [1]
spofft                  0x0800639c   0x28  Data  Gb  main.o [1]
sprintf                 0x08001ab9   0x38  Code  Gb  sprintf.o [3]
sqrt                    0x080058ad         Code  Gb  sqrt.o [4]
sqrtl                   0x080058ad         Code  Gb  sqrt.o [4]
ssdBatt                 0x08006758   0x10  Data  Gb  ssdGraph.o [1]
ssdVideoBff             0x20000410  0x404  Data  Gb  ug2864.o [1]
ssd_putBatt             0x08002835   0xb0  Code  Gb  ug2864.o [1]
ssd_putChar12x16        0x080028f1   0xf4  Code  Gb  ug2864.o [1]
ssd_putChar6x8          0x08002a09   0x5a  Code  Gb  ug2864.o [1]
ssd_putMenuFolder       0x080027e5   0x50  Code  Gb  ug2864.o [1]
ssd_putMenuScroll       0x080025f5   0xae  Code  Gb  ug2864.o [1]
ssd_putMsgBox           0x08002341   0x8a  Code  Gb  ug2864.o [1]
ssd_putParBox           0x08002279   0xc0  Code  Gb  ug2864.o [1]
ssd_putPitchBar         0x080026a3  0x13e  Code  Gb  ug2864.o [1]
ssd_putRollBar          0x080023cb  0x220  Code  Gb  ug2864.o [1]
ssd_putString12x16      0x080029e5   0x24  Code  Gb  ug2864.o [1]
ssd_putString6x8        0x08002a69   0x24  Code  Gb  ug2864.o [1]
ssd_setpix              0x08002a8d   0xc8  Code  Gb  ug2864.o [1]
stats                   0x08006460   0x24  Data  Gb  main.o [1]
stopModeConfig          0x08001ce9   0x7c  Code  Gb  power.o [1]
strcpy                  0x08001aa9         Code  Gb  strcpy.o [5]
strlen                  0x08003031   0x10  Code  Gb  strlen.o [5]
swusrc                  0x080063c4   0x28  Data  Gb  main.o [1]
sync                    0x08001e53   0xbe  Code  Gb  sync.o [1]
syncInit                0x08001df9   0x5a  Code  Gb  sync.o [1]
sysPars                 0x20000ddc    0x4  Data  Gb  main.o [1]
tiltAngCalc             0x0800143d   0x5e  Code  Gb  main.o [1]
trxAccData              0x0800150d  0x148  Code  Gb  main.o [1]
ug2864_com              0x08002c37   0x2c  Code  Gb  ug2864.o [1]
ug2864_refresh          0x08002c6d   0x20  Code  Gb  ug2864.o [1]
ug2864init              0x08002b85   0xb2  Code  Gb  ug2864.o [1]
ug2864off               0x08002b59   0x16  Code  Gb  ug2864.o [1]
ug2864on                0x08002b6f   0x16  Code  Gb  ug2864.o [1]


[1] = C:\Users\4eef\Projects\Chronograph+\SW\Chrono-Terminal-V1.0\firmware\PROJ_DIR\Debug\Obj
[2] = command line
[3] = dl6M_tln.a
[4] = m6M_tl.a
[5] = rt6M_tl.a
[6] = shb_l.a

  23 332 bytes of readonly  code memory
   3 366 bytes of readonly  data memory
   3 550 bytes of readwrite data memory

Errors: none
Warnings: none
