###############################################################################
#
# IAR ELF Linker V7.80.2.11947/W32 for ARM                16/Nov/2017  23:04:09
# Copyright 2007-2016 IAR Systems AB.
#
#    Output file  =  
#        C:\Users\4eef\Projects\Chronograph+\SW\Chrono-Terminal-V1.0\firmware\PROJ_DIR\Debug\Exe\Chrono-Terminal-V1.0.out
#    Map file     =  
#        C:\Users\4eef\Projects\Chronograph+\SW\Chrono-Terminal-V1.0\firmware\PROJ_DIR\Debug\List\Chrono-Terminal-V1.0.map
#    Command line =  
#        C:\Users\4eef\Projects\Chronograph+\SW\Chrono-Terminal-V1.0\firmware\PROJ_DIR\Debug\Obj\adc.o
#        C:\Users\4eef\Projects\Chronograph+\SW\Chrono-Terminal-V1.0\firmware\PROJ_DIR\Debug\Obj\battery.o
#        C:\Users\4eef\Projects\Chronograph+\SW\Chrono-Terminal-V1.0\firmware\PROJ_DIR\Debug\Obj\buttons.o
#        C:\Users\4eef\Projects\Chronograph+\SW\Chrono-Terminal-V1.0\firmware\PROJ_DIR\Debug\Obj\clock.o
#        C:\Users\4eef\Projects\Chronograph+\SW\Chrono-Terminal-V1.0\firmware\PROJ_DIR\Debug\Obj\delay.o
#        C:\Users\4eef\Projects\Chronograph+\SW\Chrono-Terminal-V1.0\firmware\PROJ_DIR\Debug\Obj\filter.o
#        C:\Users\4eef\Projects\Chronograph+\SW\Chrono-Terminal-V1.0\firmware\PROJ_DIR\Debug\Obj\fix16.o
#        C:\Users\4eef\Projects\Chronograph+\SW\Chrono-Terminal-V1.0\firmware\PROJ_DIR\Debug\Obj\fix16_exp.o
#        C:\Users\4eef\Projects\Chronograph+\SW\Chrono-Terminal-V1.0\firmware\PROJ_DIR\Debug\Obj\fix16_sqrt.o
#        C:\Users\4eef\Projects\Chronograph+\SW\Chrono-Terminal-V1.0\firmware\PROJ_DIR\Debug\Obj\fix16_trig.o
#        C:\Users\4eef\Projects\Chronograph+\SW\Chrono-Terminal-V1.0\firmware\PROJ_DIR\Debug\Obj\fract32.o
#        C:\Users\4eef\Projects\Chronograph+\SW\Chrono-Terminal-V1.0\firmware\PROJ_DIR\Debug\Obj\gpio.o
#        C:\Users\4eef\Projects\Chronograph+\SW\Chrono-Terminal-V1.0\firmware\PROJ_DIR\Debug\Obj\i2c.o
#        C:\Users\4eef\Projects\Chronograph+\SW\Chrono-Terminal-V1.0\firmware\PROJ_DIR\Debug\Obj\IR.o
#        C:\Users\4eef\Projects\Chronograph+\SW\Chrono-Terminal-V1.0\firmware\PROJ_DIR\Debug\Obj\lis3.o
#        C:\Users\4eef\Projects\Chronograph+\SW\Chrono-Terminal-V1.0\firmware\PROJ_DIR\Debug\Obj\main.o
#        C:\Users\4eef\Projects\Chronograph+\SW\Chrono-Terminal-V1.0\firmware\PROJ_DIR\Debug\Obj\MicroMenu.o
#        C:\Users\4eef\Projects\Chronograph+\SW\Chrono-Terminal-V1.0\firmware\PROJ_DIR\Debug\Obj\power.o
#        C:\Users\4eef\Projects\Chronograph+\SW\Chrono-Terminal-V1.0\firmware\PROJ_DIR\Debug\Obj\ssdFonts.o
#        C:\Users\4eef\Projects\Chronograph+\SW\Chrono-Terminal-V1.0\firmware\PROJ_DIR\Debug\Obj\ssdGraph.o
#        C:\Users\4eef\Projects\Chronograph+\SW\Chrono-Terminal-V1.0\firmware\PROJ_DIR\Debug\Obj\startup_stm32f042x6.o
#        C:\Users\4eef\Projects\Chronograph+\SW\Chrono-Terminal-V1.0\firmware\PROJ_DIR\Debug\Obj\sync.o
#        C:\Users\4eef\Projects\Chronograph+\SW\Chrono-Terminal-V1.0\firmware\PROJ_DIR\Debug\Obj\system.o
#        C:\Users\4eef\Projects\Chronograph+\SW\Chrono-Terminal-V1.0\firmware\PROJ_DIR\Debug\Obj\system_stm32f0xx.o
#        C:\Users\4eef\Projects\Chronograph+\SW\Chrono-Terminal-V1.0\firmware\PROJ_DIR\Debug\Obj\ug2864.o
#        C:\Users\4eef\Projects\Chronograph+\SW\Chrono-Terminal-V1.0\firmware\PROJ_DIR\Debug\Obj\uint32.o
#        -o
#        C:\Users\4eef\Projects\Chronograph+\SW\Chrono-Terminal-V1.0\firmware\PROJ_DIR\Debug\Exe\Chrono-Terminal-V1.0.out
#        --redirect _Printf=_PrintfLargeNoMb --map
#        C:\Users\4eef\Projects\Chronograph+\SW\Chrono-Terminal-V1.0\firmware\PROJ_DIR\Debug\List\Chrono-Terminal-V1.0.map
#        --config "C:\Program Files (x86)\IAR Systems\Embedded Workbench
#        7.5\arm\config\linker\ST\stm32f042x6.icf" --semihosting --entry
#        __iar_program_start --vfe
#
###############################################################################

*******************************************************************************
*** RUNTIME MODEL ATTRIBUTES
***

CppFlavor       = *
__SystemLibrary = DLib


*******************************************************************************
*** PLACEMENT SUMMARY
***

"A0":  place at 0x08000000 { ro section .intvec };
"P1":  place in [from 0x08000000 to 0x08007fff] { ro };
"P2":  place in [from 0x20000000 to 0x200017ff] { rw, block CSTACK, block HEAP };
initialize by copy { rw };

  Section            Kind        Address    Size  Object
  -------            ----        -------    ----  ------
"A0":                                       0xc0
  .intvec            ro code  0x08000000    0xc0  startup_stm32f042x6.o [1]
                            - 0x080000c0    0xc0

"P1":                                     0x6b18
  .text              ro code  0x080000c0   0xd0a  xprintflarge_nomb.o [3]
  .text              ro code  0x08000dca    0x14  strchr.o [5]
  .text              ro code  0x08000dde    0x10  strlen.o [5]
  .text              ro code  0x08000dee    0x18  memchr.o [5]
  .text              ro code  0x08000e06    0x6a  I64DivMod.o [5]
  .text              ro code  0x08000e70    0x5c  ABImemcpy.o [5]
  .text              ro code  0x08000ecc    0xe0  I32DivModFast.o [5]
  .text              ro code  0x08000fac    0x32  DblCmpLe.o [4]
  .text              ro code  0x08000fde   0x184  DblMul.o [4]
  .text              ro code  0x08001162    0xc2  DblDiv.o [4]
  .text              ro code  0x08001224    0x2e  DblToI32.o [4]
  .text              ro code  0x08001252     0xa  xsprout.o [3]
  .text              ro code  0x0800125c    0x20  I32ToDbl.o [4]
  .text              ro code  0x0800127c   0x1a8  DblAddSub.o [4]
  .text              ro code  0x08001424    0x20  div.o [3]
  .text              ro code  0x08001444     0x2  I64DivZer.o [5]
  .rodata            const    0x08001446     0x2  system.o [1]
  .text              ro code  0x08001448     0x2  IntDivZer.o [5]
  .rodata            const    0x0800144a     0x2  ug2864.o [1]
  .text              ro code  0x0800144c   0xb48  ug2864.o [1]
  .text              ro code  0x08001f94    0x38  sprintf.o [3]
  .text              ro code  0x08001fcc    0x1c  strcat.o [3]
  .text              ro code  0x08001fe8     0x8  abs.o [3]
  .text              ro code  0x08001ff0    0x50  ABImemset.o [5]
  .text              ro code  0x08002040    0x60  delay.o [1]
  .text              ro code  0x080020a0   0x3e2  i2c.o [1]
  .rodata            const    0x08002482     0x2  ug2864.o [1]
  .text              ro code  0x08002484   0xa50  IR.o [1]
  .text              ro code  0x08002ed4   0x728  MicroMenu.o [1]
  .text              ro code  0x080035fc   0x1d8  power.o [1]
  .text              ro code  0x080037d4   0x71c  system.o [1]
  .text              ro code  0x08003ef0    0x10  strcpy.o [5]
  .text              ro code  0x08003f00    0xa0  clock.o [1]
  .text              ro code  0x08003fa0   0x1f8  adc.o [1]
  .text              ro code  0x08004198   0x220  gpio.o [1]
  .text              ro code  0x080043b8   0x48c  lis3.o [1]
  .text              ro code  0x08004844   0x164  sync.o [1]
  .text              ro code  0x080049a8   0x1c4  fix16.o [1]
  .text              ro code  0x08004b6c    0xc8  fix16_trig.o [1]
  .text              ro code  0x08004c34   0x1f4  filter.o [1]
  .text              ro code  0x08004e28    0x32  I64Mul.o [5]
  .rodata            const    0x08004e5a     0x2  ug2864.o [1]
  .text              ro code  0x08004e5c    0x32  I32ToFlt.o [4]
  .text              ro code  0x08004e8e    0xb0  FltMul.o [4]
  .rodata            const    0x08004f3e     0x2  ug2864.o [1]
  .text              ro code  0x08004f40    0x3a  FltToS32.o [4]
  .text              ro code  0x08004f7a   0x120  FltAddSub.o [4]
  .text              ro code  0x0800509a    0xaa  FltDiv.o [4]
  .text              ro code  0x08005144    0x26  FltCmpLe.o [4]
  .text              ro code  0x0800516a     0x2  startup_stm32f042x6.o [1]
  .text              ro code  0x0800516c    0x28  FltCmpGe.o [4]
  .text              ro code  0x08005194    0x22  xfdtest.o [4]
  .text              ro code  0x080051b6     0x2  startup_stm32f042x6.o [1]
  .rodata            const    0x080051b8   0x600  ssdFonts.o [1]
  .text              ro code  0x080057b8   0x3e4  main.o [1]
  .text              ro code  0x08005b9c   0x1c0  battery.o [1]
  .text              ro code  0x08005d5c   0x334  buttons.o [1]
  .rodata            const    0x08006090   0x198  ssdFonts.o [1]
  .rodata            const    0x08006228    0xc0  gpio.o [1]
  .text              ro code  0x080062e8    0x94  system_stm32f0xx.o [1]
  .text              ro code  0x0800637c    0x3c  startup_stm32f042x6.o [1]
  .text              ro code  0x080063b8    0x3c  zero_init3.o [5]
  .text              ro code  0x080063f4    0x30  copy_init3.o [5]
  .text              ro code  0x08006424    0x28  data_init.o [5]
  .iar.init_table    const    0x0800644c    0x24  - Linker created -
  .rodata            const    0x08006470    0x1c  main.o [1]
  .rodata            const    0x0800648c    0x1c  main.o [1]
  .rodata            const    0x080064a8    0x1c  main.o [1]
  .rodata            const    0x080064c4    0x1c  main.o [1]
  .rodata            const    0x080064e0    0x1c  main.o [1]
  .rodata            const    0x080064fc    0x1c  main.o [1]
  .rodata            const    0x08006518    0x1c  main.o [1]
  .rodata            const    0x08006534    0x1c  main.o [1]
  .rodata            const    0x08006550    0x1c  main.o [1]
  .rodata            const    0x0800656c    0x1c  main.o [1]
  .rodata            const    0x08006588    0x1c  main.o [1]
  .rodata            const    0x080065a4    0x1c  main.o [1]
  .rodata            const    0x080065c0    0x1c  main.o [1]
  .rodata            const    0x080065dc    0x1c  main.o [1]
  .rodata            const    0x080065f8    0x1c  main.o [1]
  .rodata            const    0x08006614    0x1c  main.o [1]
  .rodata            const    0x08006630    0x1c  main.o [1]
  .rodata            const    0x0800664c    0x1c  main.o [1]
  .rodata            const    0x08006668    0x1c  main.o [1]
  .rodata            const    0x08006684    0x1c  main.o [1]
  .rodata            const    0x080066a0    0x1c  main.o [1]
  .rodata            const    0x080066bc    0x1c  main.o [1]
  .rodata            const    0x080066d8    0x1c  main.o [1]
  .rodata            const    0x080066f4    0x1c  main.o [1]
  .rodata            const    0x08006710    0x1c  main.o [1]
  .rodata            const    0x0800672c    0x1c  main.o [1]
  .rodata            const    0x08006748    0x1c  main.o [1]
  .rodata            const    0x08006764    0x1c  main.o [1]
  .rodata            const    0x08006780    0x1c  main.o [1]
  .rodata            const    0x0800679c    0x1c  main.o [1]
  .rodata            const    0x080067b8    0x1c  main.o [1]
  .rodata            const    0x080067d4    0x1c  main.o [1]
  .rodata            const    0x080067f0    0x1c  main.o [1]
  .rodata            const    0x0800680c    0x1c  main.o [1]
  .rodata            const    0x08006828    0x1c  MicroMenu.o [1]
  .text              ro code  0x08006844    0x1a  cmain.o [5]
  .text              ro code  0x0800685e     0x4  low_level_init.o [3]
  .text              ro code  0x08006862     0x8  exit.o [3]
  .text              ro code  0x0800686a     0x2  startup_stm32f042x6.o [1]
  .text              ro code  0x0800686c     0xa  cexit.o [5]
  .text              ro code  0x08006876     0x2  startup_stm32f042x6.o [1]
  .text              ro code  0x08006878    0x14  exit.o [6]
  .rodata            const    0x0800688c    0x14  battery.o [1]
  .rodata            const    0x080068a0    0x14  main.o [1]
  .rodata            const    0x080068b4    0x14  main.o [1]
  .rodata            const    0x080068c8    0x14  main.o [1]
  .rodata            const    0x080068dc    0x14  main.o [1]
  .rodata            const    0x080068f0    0x14  main.o [1]
  .rodata            const    0x08006904    0x14  main.o [1]
  .rodata            const    0x08006918    0x14  main.o [1]
  .rodata            const    0x0800692c    0x14  sync.o [1]
  .rodata            const    0x08006940    0x10  IR.o [1]
  .rodata            const    0x08006950    0x10  IR.o [1]
  .rodata            const    0x08006960    0x10  IR.o [1]
  .rodata            const    0x08006970    0x10  IR.o [1]
  .rodata            const    0x08006980    0x10  main.o [1]
  .rodata            const    0x08006990    0x10  main.o [1]
  .rodata            const    0x080069a0    0x10  main.o [1]
  .rodata            const    0x080069b0    0x10  main.o [1]
  .rodata            const    0x080069c0    0x10  main.o [1]
  .rodata            const    0x080069d0    0x10  main.o [1]
  .rodata            const    0x080069e0    0x10  main.o [1]
  .rodata            const    0x080069f0    0x10  main.o [1]
  .rodata            const    0x08006a00    0x10  main.o [1]
  .rodata            const    0x08006a10    0x10  main.o [1]
  .rodata            const    0x08006a20    0x10  ssdGraph.o [1]
  .rodata            const    0x08006a30    0x10  ssdGraph.o [1]
  .rodata            const    0x08006a40    0x10  system.o [1]
  .rodata            const    0x08006a50    0x10  system.o [1]
  .rodata            const    0x08006a60     0xc  battery.o [1]
  .rodata            const    0x08006a6c     0xc  main.o [1]
  .rodata            const    0x08006a78     0xc  main.o [1]
  .rodata            const    0x08006a84     0xc  main.o [1]
  .rodata            const    0x08006a90     0xc  main.o [1]
  .rodata            const    0x08006a9c     0xc  main.o [1]
  .rodata            const    0x08006aa8     0xc  MicroMenu.o [1]
  .rodata            const    0x08006ab4     0xc  MicroMenu.o [1]
  .rodata            const    0x08006ac0     0xc  MicroMenu.o [1]
  .rodata            const    0x08006acc     0xc  system.o [1]
  .rodata            const    0x08006ad8     0xc  system.o [1]
  .rodata            const    0x08006ae4     0xc  system.o [1]
  .text              ro code  0x08006af0     0xc  cstartup_M.o [5]
  .rodata            const    0x08006afc     0x8  IR.o [1]
  .rodata            const    0x08006b04     0x8  main.o [1]
  .rodata            const    0x08006b0c     0x8  main.o [1]
  .rodata            const    0x08006b14     0x8  main.o [1]
  .rodata            const    0x08006b1c     0x8  main.o [1]
  .rodata            const    0x08006b24     0x8  MicroMenu.o [1]
  .rodata            const    0x08006b2c     0x8  MicroMenu.o [1]
  .rodata            const    0x08006b34     0x8  MicroMenu.o [1]
  .rodata            const    0x08006b3c     0x8  ssdGraph.o [1]
  .rodata            const    0x08006b44     0x8  system.o [1]
  .rodata            const    0x08006b4c     0x8  system.o [1]
  .rodata            const    0x08006b54     0x8  ug2864.o [1]
  .rodata            const    0x08006b5c     0x8  ug2864.o [1]
  .rodata            const    0x08006b64     0x8  ug2864.o [1]
  .rodata            const    0x08006b6c     0x8  ug2864.o [1]
  .rodata            const    0x08006b74     0x8  ug2864.o [1]
  .rodata            const    0x08006b7c     0x8  xprintflarge_nomb.o [3]
  Initializer bytes  const    0x08006b84     0x8  <for P2-1>
  .rodata            const    0x08006b8c     0x4  fix16.o [1]
  .rodata            const    0x08006b90     0x4  fix16.o [1]
  .rodata            const    0x08006b94     0x4  fix16_trig.o [1]
  .rodata            const    0x08006b98     0x4  fix16_trig.o [1]
  .rodata            const    0x08006b9c     0x4  fix16_trig.o [1]
  .rodata            const    0x08006ba0     0x4  lis3.o [1]
  .rodata            const    0x08006ba4     0x4  ssdGraph.o [1]
  .text              ro code  0x08006ba8     0x2  startup_stm32f042x6.o [1]
  .text              ro code  0x08006baa     0x2  startup_stm32f042x6.o [1]
  .text              ro code  0x08006bac     0x2  startup_stm32f042x6.o [1]
  .text              ro code  0x08006bae     0x2  startup_stm32f042x6.o [1]
  .text              ro code  0x08006bb0     0x2  startup_stm32f042x6.o [1]
  .text              ro code  0x08006bb2     0x2  startup_stm32f042x6.o [1]
  .text              ro code  0x08006bb4     0x2  startup_stm32f042x6.o [1]
  .text              ro code  0x08006bb6     0x2  startup_stm32f042x6.o [1]
  .text              ro code  0x08006bb8     0x2  startup_stm32f042x6.o [1]
  .text              ro code  0x08006bba     0x2  startup_stm32f042x6.o [1]
  .text              ro code  0x08006bbc     0x2  startup_stm32f042x6.o [1]
  .text              ro code  0x08006bbe     0x2  startup_stm32f042x6.o [1]
  .text              ro code  0x08006bc0     0x2  startup_stm32f042x6.o [1]
  .text              ro code  0x08006bc2     0x2  startup_stm32f042x6.o [1]
  .text              ro code  0x08006bc4     0x2  startup_stm32f042x6.o [1]
  .text              ro code  0x08006bc6     0x2  startup_stm32f042x6.o [1]
  .text              ro code  0x08006bc8     0x2  startup_stm32f042x6.o [1]
  .text              ro code  0x08006bca     0x2  startup_stm32f042x6.o [1]
  .text              ro code  0x08006bcc     0x2  startup_stm32f042x6.o [1]
  .text              ro code  0x08006bce     0x2  startup_stm32f042x6.o [1]
  .text              ro code  0x08006bd0     0x2  startup_stm32f042x6.o [1]
  .text              ro code  0x08006bd2     0x2  startup_stm32f042x6.o [1]
  .text              ro code  0x08006bd4     0x2  startup_stm32f042x6.o [1]
  .text              ro code  0x08006bd6     0x2  startup_stm32f042x6.o [1]
  .rodata            const    0x08006bd8     0x0  zero_init3.o [5]
  .rodata            const    0x08006bd8     0x0  copy_init3.o [5]
                            - 0x08006bd8  0x6b18

"P2", part 1 of 3:                           0x8
  P2-1                        0x20000000     0x8  <Init block>
    .data            inited   0x20000000     0x4  gpio.o [1]
    .data            inited   0x20000004     0x4  MicroMenu.o [1]
                            - 0x20000008     0x8

"P2", part 2 of 3:                         0x400
  CSTACK                      0x20000008   0x400  <Block>
    CSTACK           uninit   0x20000008   0x400  <Block tail>
                            - 0x20000408   0x400

"P2", part 3 of 3:                         0xc1c
  .bss               zero     0x20000408   0x404  ug2864.o [1]
  .bss               zero     0x2000080c   0x36c  MicroMenu.o [1]
  .bss               zero     0x20000b78   0x268  system.o [1]
  .bss               zero     0x20000de0   0x16c  system.o [1]
  .bss               zero     0x20000f4c    0x5c  filter.o [1]
  .bss               zero     0x20000fa8    0x18  filter.o [1]
  .bss               zero     0x20000fc0    0x18  lis3.o [1]
  .bss               zero     0x20000fd8    0x14  IR.o [1]
  .bss               zero     0x20000fec    0x14  lis3.o [1]
  .bss               zero     0x20001000     0x8  buttons.o [1]
  .bss               zero     0x20001008     0x8  power.o [1]
  .bss               zero     0x20001010     0x4  adc.o [1]
  .bss               zero     0x20001014     0x4  filter.o [1]
  .bss               zero     0x20001018     0x4  main.o [1]
  .bss               zero     0x2000101c     0x4  system.o [1]
  .bss               zero     0x20001020     0x2  filter.o [1]
  .bss               zero     0x20001022     0x1  battery.o [1]
                            - 0x20001023   0xc1b


*******************************************************************************
*** INIT TABLE
***

          Address     Size
          -------     ----
Zero (__iar_zero_init3)
    1 destination range, total size 0xc1b:
          0x20000408  0xc1b

Copy (__iar_copy_init3)
    1 source range, total size 0x8:
          0x08006b84    0x8
    1 destination range, total size 0x8:
          0x20000000    0x8



*******************************************************************************
*** MODULE SUMMARY
***

    Module                 ro code  ro data  rw data
    ------                 -------  -------  -------
C:\Users\4eef\Projects\Chronograph+\SW\Chrono-Terminal-V1.0\firmware\PROJ_DIR\Debug\Obj: [1]
    IR.o                     2 640       72       20
    MicroMenu.o              1 832       92      880
    adc.o                      504                 4
    battery.o                  448       32        1
    buttons.o                  820                 8
    clock.o                    160
    delay.o                     96
    filter.o                   500               122
    fix16.o                    452        8
    fix16_trig.o               200       12
    gpio.o                     544      196        4
    i2c.o                      994
    lis3.o                   1 164        4       44
    main.o                     996    1 344        4
    power.o                    472                 8
    ssdFonts.o                        1 944
    ssdGraph.o                           44
    startup_stm32f042x6.o      308
    sync.o                     356       20
    system.o                 1 820       86      984
    system_stm32f0xx.o         148
    ug2864.o                 2 888       48    1 028
    ------------------------------------------------
    Total:                  17 342    3 902    3 107

command line: [2]
    ------------------------------------------------
    Total:

dl6M_tln.a: [3]
    abs.o                        8
    div.o                       32
    exit.o                       8
    low_level_init.o             4
    sprintf.o                   56
    strcat.o                    28
    xprintflarge_nomb.o      3 338        8
    xsprout.o                   10
    ------------------------------------------------
    Total:                   3 484        8

m6M_tl.a: [4]
    DblAddSub.o                424
    DblCmpLe.o                  50
    DblDiv.o                   194
    DblMul.o                   388
    DblToI32.o                  46
    FltAddSub.o                288
    FltCmpGe.o                  40
    FltCmpLe.o                  38
    FltDiv.o                   170
    FltMul.o                   176
    FltToS32.o                  58
    I32ToDbl.o                  32
    I32ToFlt.o                  50
    xfdtest.o                   34
    ------------------------------------------------
    Total:                   1 988

rt6M_tl.a: [5]
    ABImemcpy.o                 92
    ABImemset.o                 80
    I32DivModFast.o            224
    I64DivMod.o                106
    I64DivZer.o                  2
    I64Mul.o                    50
    IntDivZer.o                  2
    cexit.o                     10
    cmain.o                     26
    copy_init3.o                48
    cstartup_M.o                12
    data_init.o                 40
    memchr.o                    24
    strchr.o                    20
    strcpy.o                    16
    strlen.o                    16
    zero_init3.o                60
    ------------------------------------------------
    Total:                     828

shb_l.a: [6]
    exit.o                      20
    ------------------------------------------------
    Total:                      20

    Linker created                       36    1 024
----------------------------------------------------
    Grand Total:            23 662    3 946    4 131


*******************************************************************************
*** ENTRY LIST
***

Entry                      Address   Size  Type      Object
-----                      -------   ----  ----      ------
.iar.init_table$$Base   0x0800644c          --   Gb  - Linker created -
.iar.init_table$$Limit  0x08006470          --   Gb  - Linker created -
?main                   0x08006845         Code  Gb  cmain.o [5]
ADC1_IRQHandler         0x080040e1   0x82  Code  Gb  adc.o [1]
CSTACK$$Base            0x20000008          --   Gb  - Linker created -
CSTACK$$Limit           0x20000408          --   Gb  - Linker created -
CurrentMenuItem         0x20000004    0x4  Data  Lc  MicroMenu.o [1]
EXTI4_15_IRQHandler     0x0800369d   0x22  Code  Gb  power.o [1]
I2C1_IRQHandler         0x08002481    0x2  Code  Gb  i2c.o [1]
I2CRx                   0x080021d1   0xec  Code  Gb  i2c.o [1]
I2CRxInit               0x08002139   0x98  Code  Gb  i2c.o [1]
I2CTx                   0x08002375   0xec  Code  Gb  i2c.o [1]
I2CTxInit               0x080022bd   0x96  Code  Gb  i2c.o [1]
IRRXData                0x20000fd8   0x14  Data  Gb  IR.o [1]
LoadInt                 0x08000681   0x68  Code  Lc  xprintflarge_nomb.o [3]
Menu_EnterCurrentItem   0x0800358d   0x26  Code  Gb  MicroMenu.o [1]
Menu_GetCurrentMenu     0x08003491    0x6  Code  Gb  MicroMenu.o [1]
Menu_Navigate           0x080034ad   0xdc  Code  Gb  MicroMenu.o [1]
Menu_infoWndRun         0x08003099   0x2c  Code  Gb  MicroMenu.o [1]
Menu_navDisp            0x08002f9f   0x6e  Code  Gb  MicroMenu.o [1]
Menu_navMenu            0x0800300d   0x8c  Code  Gb  MicroMenu.o [1]
Menu_navPwrOff          0x08002f6b   0x34  Code  Gb  MicroMenu.o [1]
Menu_parWndRun          0x080033a1   0xbc  Code  Gb  MicroMenu.o [1]
Menu_putMessage         0x0800345d   0x2e  Code  Gb  MicroMenu.o [1]
Menu_putParWnd          0x08003345   0x4c  Code  Gb  MicroMenu.o [1]
Menu_putTxtParSelWnd    0x080030c5   0x4e  Code  Gb  MicroMenu.o [1]
Menu_pwrOnOff           0x08002f49   0x22  Code  Gb  MicroMenu.o [1]
Menu_run                0x08002ed5   0x74  Code  Gb  MicroMenu.o [1]
Menu_txtEditWndRun      0x08003215  0x126  Code  Gb  MicroMenu.o [1]
Menu_txtParSelWndRun    0x0800311d   0xd2  Code  Gb  MicroMenu.o [1]
NULL_MENU               0x08006828   0x1c  Data  Gb  MicroMenu.o [1]
NVIC_DisableIRQ         0x08003faf    0xe  Code  Lc  adc.o [1]
NVIC_DisableIRQ         0x08002493    0xe  Code  Lc  IR.o [1]
NVIC_DisableIRQ         0x0800360b    0xe  Code  Lc  power.o [1]
NVIC_EnableIRQ          0x08003fa1    0xe  Code  Lc  adc.o [1]
NVIC_EnableIRQ          0x08002485    0xe  Code  Lc  IR.o [1]
NVIC_EnableIRQ          0x080035fd    0xe  Code  Lc  power.o [1]
NVIC_SetPriority        0x08003fbd   0x84  Code  Lc  adc.o [1]
NVIC_SetPriority        0x080024a1   0x84  Code  Lc  IR.o [1]
NVIC_SetPriority        0x08003619   0x84  Code  Lc  power.o [1]
PI_DIV_4                0x08006b94    0x4  Data  Lc  fix16_trig.o [1]
Region$$Table$$Base     0x0800644c          --   Gb  - Linker created -
Region$$Table$$Limit    0x08006470          --   Gb  - Linker created -
SystemInit              0x080062e9   0x68  Code  Gb  system_stm32f0xx.o [1]
THREE_PI_DIV_4          0x08006b98    0x4  Data  Lc  fix16_trig.o [1]
TIM2_IRQHandler         0x08002c19  0x28a  Code  Gb  IR.o [1]
_GenldLargeNoMb         0x08000afd  0x29a  Code  Lc  xprintflarge_nomb.o [3]
_LdtobLargeNoMb         0x08000815  0x2b0  Code  Lc  xprintflarge_nomb.o [3]
_LitobLargeNoMb         0x080006e9  0x12a  Code  Lc  xprintflarge_nomb.o [3]
_PrintfLargeNoMb        0x080000c1  0x5c0  Code  Gb  xprintflarge_nomb.o [3]
_PutcharsLargeNoMb      0x08000d97   0x30  Code  Lc  xprintflarge_nomb.o [3]
_SProut                 0x08001253    0xa  Code  Gb  xsprout.o [3]
__ICFEDIT_region_RAM_end__ {Abs}
                        0x200017ff         Data  Gb  command line/config [2]
__ICFEDIT_region_RAM_start__ {Abs}
                        0x20000000         Data  Gb  command line/config [2]
__aeabi_cdcmple         0x08000fad         Code  Gb  DblCmpLe.o [4]
__aeabi_cfcmple         0x08005145         Code  Gb  FltCmpLe.o [4]
__aeabi_cfrcmple        0x0800516d         Code  Gb  FltCmpGe.o [4]
__aeabi_d2uiz           0x08001225         Code  Gb  DblToI32.o [4]
__aeabi_ddiv            0x08001163         Code  Gb  DblDiv.o [4]
__aeabi_dmul            0x08000fdf         Code  Gb  DblMul.o [4]
__aeabi_dsub            0x08001337         Code  Gb  DblAddSub.o [4]
__aeabi_f2iz            0x08004f41         Code  Gb  FltToS32.o [4]
__aeabi_fadd            0x08004f7b         Code  Gb  FltAddSub.o [4]
__aeabi_fdiv            0x0800509b         Code  Gb  FltDiv.o [4]
__aeabi_fmul            0x08004e8f         Code  Gb  FltMul.o [4]
__aeabi_fsub            0x08004feb         Code  Gb  FltAddSub.o [4]
__aeabi_i2f             0x08004e5d         Code  Gb  I32ToFlt.o [4]
__aeabi_idiv            0x08000ef9         Code  Gb  I32DivModFast.o [5]
__aeabi_idiv0           0x08001449         Code  Gb  IntDivZer.o [5]
__aeabi_idivmod         0x08000ef9         Code  Gb  I32DivModFast.o [5]
__aeabi_ldiv0           0x08001445         Code  Gb  I64DivZer.o [5]
__aeabi_lmul            0x08004e29         Code  Gb  I64Mul.o [5]
__aeabi_memcpy          0x08000e71         Code  Gb  ABImemcpy.o [5]
__aeabi_memset          0x08001ff1         Code  Gb  ABImemset.o [5]
__aeabi_ui2d            0x0800125d         Code  Gb  I32ToDbl.o [4]
__aeabi_uidiv           0x08000eff         Code  Gb  I32DivModFast.o [5]
__aeabi_uidivmod        0x08000eff         Code  Gb  I32DivModFast.o [5]
__aeabi_uldivmod        0x08000e07         Code  Gb  I64DivMod.o [5]
__cmain                 0x08006845         Code  Gb  cmain.o [5]
__exit                  0x08006879   0x14  Code  Gb  exit.o [6]
__iar_FDtest            0x08005195   0x22  Code  Gb  xfdtest.o [4]
__iar_Memchr            0x08000def   0x18  Code  Gb  memchr.o [5]
__iar_Memset4_word      0x08002011         Code  Gb  ABImemset.o [5]
__iar_Memset_word       0x08001ffd         Code  Gb  ABImemset.o [5]
__iar_Strchr            0x08000dcb   0x14  Code  Gb  strchr.o [5]
__iar_copy_init3        0x080063f5   0x30  Code  Gb  copy_init3.o [5]
__iar_d2uiz             0x08001229         Code  Gb  DblToI32.o [4]
__iar_data_init3        0x08006425   0x28  Code  Gb  data_init.o [5]
__iar_program_start     0x08006af1         Code  Gb  cstartup_M.o [5]
__iar_ui2d              0x08001261         Code  Gb  I32ToDbl.o [4]
__iar_ui2f              0x08004e75         Code  Gb  I32ToFlt.o [4]
__iar_zero_init3        0x080063b9   0x3c  Code  Gb  zero_init3.o [5]
__low_level_init        0x0800685f    0x4  Code  Gb  low_level_init.o [3]
__vector_table          0x08000000         Data  Gb  startup_stm32f042x6.o [1]
_call_main              0x08006851         Code  Gb  cmain.o [5]
_exit                   0x0800686d         Code  Gb  cexit.o [5]
_main                   0x0800685b         Code  Gb  cmain.o [5]
about                   0x080064c4   0x1c  Data  Gb  main.o [1]
abs                     0x08001fe9    0x8  Code  Gb  abs.o [3]
accGainCal              0x080046ed  0x122  Code  Gb  lis3.o [1]
accel                   0x20000fc0   0x18  Data  Gb  lis3.o [1]
adcData                 0x20001010    0x4  Data  Gb  adc.o [1]
adcDeinit               0x08004041   0x24  Code  Gb  adc.o [1]
adcInit                 0x08004065   0x7c  Code  Gb  adc.o [1]
battCalc                0x08005b9d  0x1c0  Code  Gb  battery.o [1]
battCalc::percFlag      0x20001022    0x1  Data  Lc  battery.o [1]
btnCntsClr              0x08006065   0x1a  Code  Gb  buttons.o [1]
buttons                 0x20001000    0x8  Data  Gb  buttons.o [1]
chrSetsRst              0x080037d5   0x6a  Code  Gb  system.o [1]
chrgSym                 0x08006b3c    0x8  Data  Gb  ssdGraph.o [1]
clz                     0x08004a35   0x2c  Code  Lc  fix16.o [1]
currMenuItem            0x20001018    0x4  Data  Gb  main.o [1]
deInitIR                0x08002b71   0x4a  Code  Gb  IR.o [1]
delay_us                0x08002041   0x60  Code  Gb  delay.o [1]
div                     0x08001425   0x20  Code  Gb  div.o [3]
drawChrScr              0x08003be5  0x1da  Code  Gb  system.o [1]
drawDisplay             0x08005a6d   0xbc  Code  Gb  main.o [1]
drawHybrScr             0x080039ed  0x1ce  Code  Gb  system.o [1]
drawIncScr              0x08003dd1   0xe4  Code  Gb  system.o [1]
drawMenu                0x0800383f  0x186  Code  Gb  system.o [1]
exit                    0x08006863    0x8  Code  Gb  exit.o [3]
fix16_add               0x080049a9   0x24  Code  Gb  fix16.o [1]
fix16_atan              0x08004c13   0x10  Code  Gb  fix16_trig.o [1]
fix16_atan2             0x08004b6d   0xa6  Code  Gb  fix16_trig.o [1]
fix16_div               0x08004a61  0x104  Code  Gb  fix16.o [1]
fix16_min               0x08006b8c    0x4  Data  Lc  fix16.o [1]
fix16_mul               0x080049cd   0x68  Code  Gb  fix16.o [1]
fix16_one               0x08006b9c    0x4  Data  Lc  fix16_trig.o [1]
fix16_one               0x08006ba0    0x4  Data  Lc  lis3.o [1]
fix16_overflow          0x08006b90    0x4  Data  Lc  fix16.o [1]
font12x16               0x08006090  0x198  Data  Gb  ssdFonts.o [1]
font6x8                 0x080051b8  0x600  Data  Gb  ssdFonts.o [1]
getNavEvent             0x08005d5d  0x2f8  Code  Gb  buttons.o [1]
gppin_init              0x080041d3  0x1cc  Code  Gb  gpio.o [1]
hndlIRData              0x08002535  0x52c  Code  Gb  IR.o [1]
initClocks              0x08003f01   0xa0  Code  Gb  clock.o [1]
initGpios               0x08004199   0x3a  Code  Gb  gpio.o [1]
initI2C1                0x080020a1   0x98  Code  Gb  i2c.o [1]
initIRConfig            0x08002a7d   0xea  Code  Gb  IR.o [1]
initPeriphs             0x080037b9   0x1c  Code  Gb  power.o [1]
kalman                  0x20000f4c   0x5c  Data  Gb  filter.o [1]
kalmanAccCorr           0x08004c59  0x186  Code  Gb  filter.o [1]
lis3AxisCal             0x20000fec   0x14  Data  Gb  lis3.o [1]
lis3_getXYZ             0x0800445f   0x40  Code  Gb  lis3.o [1]
lis3_read               0x08004421   0x3e  Code  Gb  lis3.o [1]
lis3_write              0x080043f5   0x2c  Code  Gb  lis3.o [1]
lis3init                0x080043b9   0x3c  Code  Gb  lis3.o [1]
lpf                     0x08004ddf   0x2e  Code  Gb  filter.o [1]
lpf::Dacc               0x20001014    0x4  Data  Lc  filter.o [1]
lpf::Dout               0x20001020    0x2  Data  Lc  filter.o [1]
lpfAccPrim              0x08004c35   0x24  Code  Gb  filter.o [1]
lpfPrim                 0x20000fa8   0x18  Data  Gb  filter.o [1]
main                    0x080057b9  0x128  Code  Gb  main.o [1]
mchron                  0x08006518   0x1c  Data  Gb  main.o [1]
mcommon                 0x080064fc   0x1c  Data  Gb  main.o [1]
meas                    0x20000b78  0x268  Data  Gb  system.o [1]
menu                    0x2000080c  0x36c  Data  Gb  MicroMenu.o [1]
menuFolder              0x08006a20   0x10  Data  Gb  ssdGraph.o [1]
menuScroll              0x08006ba4    0x4  Data  Gb  ssdGraph.o [1]
mincline                0x08006534   0x1c  Data  Gb  main.o [1]
mode                    0x08006470   0x1c  Data  Gb  main.o [1]
modeEdit                0x080059f1   0x46  Code  Gb  main.o [1]
parEditInit             0x080058ed   0xd4  Code  Gb  main.o [1]
pellets                 0x20000de0  0x16c  Data  Gb  system.o [1]
pinNum                  0x20000000    0x4  Data  Gb  gpio.o [1]
pinsMode                0x08006228   0xc0  Data  Gb  gpio.o [1]
power                   0x20001008    0x8  Data  Gb  power.o [1]
powerOff                0x0800373b   0x32  Code  Gb  power.o [1]
powerOn                 0x0800376d   0x12  Code  Gb  power.o [1]
q16TiltCalc             0x0800449f   0x48  Code  Gb  lis3.o [1]
scbind                  0x08006614   0x1c  Data  Gb  main.o [1]
scdist                  0x080065f8   0x1c  Data  Gb  main.o [1]
schrono                 0x0800656c   0x1c  Data  Gb  main.o [1]
sclipc                  0x08006550   0x1c  Data  Gb  main.o [1]
service                 0x080064e0   0x1c  Data  Gb  main.o [1]
setts                   0x080064a8   0x1c  Data  Gb  main.o [1]
sibrdr                  0x08006630   0x1c  Data  Gb  main.o [1]
sigacal                 0x08006668   0x1c  Data  Gb  main.o [1]
sincline                0x08006588   0x1c  Data  Gb  main.o [1]
siofcal                 0x0800664c   0x1c  Data  Gb  main.o [1]
spdbp1                  0x08006684   0x1c  Data  Gb  main.o [1]
spdbp10                 0x08006780   0x1c  Data  Gb  main.o [1]
spdbp11                 0x0800679c   0x1c  Data  Gb  main.o [1]
spdbp12                 0x080067b8   0x1c  Data  Gb  main.o [1]
spdbp13                 0x080067d4   0x1c  Data  Gb  main.o [1]
spdbp14                 0x080067f0   0x1c  Data  Gb  main.o [1]
spdbp15                 0x0800680c   0x1c  Data  Gb  main.o [1]
spdbp2                  0x080066a0   0x1c  Data  Gb  main.o [1]
spdbp3                  0x080066bc   0x1c  Data  Gb  main.o [1]
spdbp4                  0x080066d8   0x1c  Data  Gb  main.o [1]
spdbp5                  0x080066f4   0x1c  Data  Gb  main.o [1]
spdbp6                  0x08006710   0x1c  Data  Gb  main.o [1]
spdbp7                  0x0800672c   0x1c  Data  Gb  main.o [1]
spdbp8                  0x08006748   0x1c  Data  Gb  main.o [1]
spdbp9                  0x08006764   0x1c  Data  Gb  main.o [1]
speldb                  0x080065a4   0x1c  Data  Gb  main.o [1]
spofft                  0x080065c0   0x1c  Data  Gb  main.o [1]
sprintf                 0x08001f95   0x38  Code  Gb  sprintf.o [3]
ssdBatt                 0x08006a30   0x10  Data  Gb  ssdGraph.o [1]
ssdVideoBff             0x20000408  0x404  Data  Gb  ug2864.o [1]
ssd_clearVidBff         0x08001db9   0x16  Code  Gb  ug2864.o [1]
ssd_clrAreaBff          0x08001dd5   0x68  Code  Gb  ug2864.o [1]
ssd_putBatt             0x08001a85  0x100  Code  Gb  ug2864.o [1]
ssd_putChar12x16        0x08001b85   0xf4  Code  Gb  ug2864.o [1]
ssd_putChar6x8          0x08001c9d   0x5a  Code  Gb  ug2864.o [1]
ssd_putMessage          0x080015b1   0xd0  Code  Gb  ug2864.o [1]
ssd_putParWnd           0x080014d9   0xd8  Code  Gb  ug2864.o [1]
ssd_putPitchBar         0x08001915  0x16c  Code  Gb  ug2864.o [1]
ssd_putRollBar          0x080016c1  0x24c  Code  Gb  ug2864.o [1]
ssd_putString12x16      0x08001c79   0x24  Code  Gb  ug2864.o [1]
ssd_putString6x8        0x08001cf7   0x24  Code  Gb  ug2864.o [1]
ssd_putTxtParSelWnd     0x0800144d   0x8c  Code  Gb  ug2864.o [1]
ssd_setpix              0x08001d1b   0x9e  Code  Gb  ug2864.o [1]
sswrst                  0x080065dc   0x1c  Data  Gb  main.o [1]
stats                   0x0800648c   0x1c  Data  Gb  main.o [1]
stopModeConfig          0x080036bf   0x7c  Code  Gb  power.o [1]
strcat                  0x08001fcd   0x1c  Code  Gb  strcat.o [3]
strcpy                  0x08003ef1         Code  Gb  strcpy.o [5]
strlen                  0x08000ddf   0x10  Code  Gb  strlen.o [5]
sync                    0x0800489f   0xce  Code  Gb  sync.o [1]
syncInit                0x08004845   0x5a  Code  Gb  sync.o [1]
sysPars                 0x2000101c    0x4  Data  Gb  system.o [1]
trxAccData              0x080044f5  0x1ea  Code  Gb  lis3.o [1]
ug2864_com              0x08001f27   0x2c  Code  Gb  ug2864.o [1]
ug2864_refresh          0x08001f53   0x20  Code  Gb  ug2864.o [1]
ug2864init              0x08001e75   0xb2  Code  Gb  ug2864.o [1]
ug2864off               0x08001e49   0x16  Code  Gb  ug2864.o [1]
ug2864on                0x08001e5f   0x16  Code  Gb  ug2864.o [1]


[1] = C:\Users\4eef\Projects\Chronograph+\SW\Chrono-Terminal-V1.0\firmware\PROJ_DIR\Debug\Obj
[2] = command line
[3] = dl6M_tln.a
[4] = m6M_tl.a
[5] = rt6M_tl.a
[6] = shb_l.a

  23 662 bytes of readonly  code memory
   3 946 bytes of readonly  data memory
   4 131 bytes of readwrite data memory

Errors: none
Warnings: none
