###############################################################################
#
# IAR ELF Linker V7.80.2.11947/W32 for ARM                13/Feb/2017  23:41:43
# Copyright 2007-2016 IAR Systems AB.
#
#    Output file  =  
#        C:\Users\4eef\Projects\Chronograph+\SW\Chrono-Terminal-V1.0\firmware\PROJ_DIR\Debug\Exe\Chrono-Terminal-V1.0.out
#    Map file     =  
#        C:\Users\4eef\Projects\Chronograph+\SW\Chrono-Terminal-V1.0\firmware\PROJ_DIR\Debug\List\Chrono-Terminal-V1.0.map
#    Command line =  
#        C:\Users\4eef\Projects\Chronograph+\SW\Chrono-Terminal-V1.0\firmware\PROJ_DIR\Debug\Obj\adc.o
#        C:\Users\4eef\Projects\Chronograph+\SW\Chrono-Terminal-V1.0\firmware\PROJ_DIR\Debug\Obj\clock.o
#        C:\Users\4eef\Projects\Chronograph+\SW\Chrono-Terminal-V1.0\firmware\PROJ_DIR\Debug\Obj\delay.o
#        C:\Users\4eef\Projects\Chronograph+\SW\Chrono-Terminal-V1.0\firmware\PROJ_DIR\Debug\Obj\filter.o
#        C:\Users\4eef\Projects\Chronograph+\SW\Chrono-Terminal-V1.0\firmware\PROJ_DIR\Debug\Obj\gpio.o
#        C:\Users\4eef\Projects\Chronograph+\SW\Chrono-Terminal-V1.0\firmware\PROJ_DIR\Debug\Obj\i2c.o
#        C:\Users\4eef\Projects\Chronograph+\SW\Chrono-Terminal-V1.0\firmware\PROJ_DIR\Debug\Obj\IR.o
#        C:\Users\4eef\Projects\Chronograph+\SW\Chrono-Terminal-V1.0\firmware\PROJ_DIR\Debug\Obj\lis3.o
#        C:\Users\4eef\Projects\Chronograph+\SW\Chrono-Terminal-V1.0\firmware\PROJ_DIR\Debug\Obj\main.o
#        C:\Users\4eef\Projects\Chronograph+\SW\Chrono-Terminal-V1.0\firmware\PROJ_DIR\Debug\Obj\MicroMenu.o
#        C:\Users\4eef\Projects\Chronograph+\SW\Chrono-Terminal-V1.0\firmware\PROJ_DIR\Debug\Obj\ssdFonts.o
#        C:\Users\4eef\Projects\Chronograph+\SW\Chrono-Terminal-V1.0\firmware\PROJ_DIR\Debug\Obj\ssdGraph.o
#        C:\Users\4eef\Projects\Chronograph+\SW\Chrono-Terminal-V1.0\firmware\PROJ_DIR\Debug\Obj\startup_stm32f042x6.o
#        C:\Users\4eef\Projects\Chronograph+\SW\Chrono-Terminal-V1.0\firmware\PROJ_DIR\Debug\Obj\sync.o
#        C:\Users\4eef\Projects\Chronograph+\SW\Chrono-Terminal-V1.0\firmware\PROJ_DIR\Debug\Obj\system_stm32f0xx.o
#        C:\Users\4eef\Projects\Chronograph+\SW\Chrono-Terminal-V1.0\firmware\PROJ_DIR\Debug\Obj\ug2864.o
#        -o
#        C:\Users\4eef\Projects\Chronograph+\SW\Chrono-Terminal-V1.0\firmware\PROJ_DIR\Debug\Exe\Chrono-Terminal-V1.0.out
#        --redirect _Printf=_PrintfLargeNoMb --map
#        C:\Users\4eef\Projects\Chronograph+\SW\Chrono-Terminal-V1.0\firmware\PROJ_DIR\Debug\List\Chrono-Terminal-V1.0.map
#        --config "C:\Program Files (x86)\IAR Systems\Embedded Workbench
#        7.5\arm\config\linker\ST\stm32f042x6.icf" --semihosting --entry
#        __iar_program_start --vfe
#
###############################################################################

*******************************************************************************
*** RUNTIME MODEL ATTRIBUTES
***

CppFlavor       = *
__SystemLibrary = DLib


*******************************************************************************
*** PLACEMENT SUMMARY
***

"A0":  place at 0x08000000 { ro section .intvec };
"P1":  place in [from 0x08000000 to 0x08007fff] { ro };
"P2":  place in [from 0x20000000 to 0x200017ff] { rw, block CSTACK, block HEAP };
initialize by copy { rw };

  Section             Kind        Address    Size  Object
  -------             ----        -------    ----  ------
"A0":                                        0xc0
  .intvec             ro code  0x08000000    0xc0  startup_stm32f042x6.o [1]
                             - 0x080000c0    0xc0

"P1":                                      0x63ec
  .text               ro code  0x080000c0  0x1958  main.o [1]
  .text               ro code  0x08001a18    0x94  clock.o [1]
  .text               ro code  0x08001aac   0x220  gpio.o [1]
  .text               ro code  0x08001ccc   0x3da  i2c.o [1]
  .text               ro code  0x080020a6     0xa  xsprout.o [3]
  .text               ro code  0x080020b0   0xa5c  ug2864.o [1]
  .text               ro code  0x08002b0c   0x388  lis3.o [1]
  .text               ro code  0x08002e94   0x47c  IR.o [1]
  .text               ro code  0x08003310    0xbc  sync.o [1]
  .text               ro code  0x080033cc   0x1c0  adc.o [1]
  .text               ro code  0x0800358c    0x10  strcpy.o [5]
  .text               ro code  0x0800359c    0x38  sprintf.o [3]
  .text               ro code  0x080035d4   0x104  MicroMenu.o [1]
  .text               ro code  0x080036d8    0xe0  I32DivModFast.o [5]
  .text               ro code  0x080037b8   0x1fc  filter.o [1]
  .text               ro code  0x080039b4    0x50  ABImemset.o [5]
  .text               ro code  0x08003a04    0x10  strlen.o [5]
  .text               ro code  0x08003a14    0xb0  FltMul.o [4]
  .text               ro code  0x08003ac4   0x116  FltAddSub.o [4]
  .rodata             const    0x08003bda     0x2  main.o [1]
  .text               ro code  0x08003bdc    0x20  FltCmpEq.o [4]
  .text               ro code  0x08003bfc    0xaa  FltDiv.o [4]
  .rodata             const    0x08003ca6     0x2  ug2864.o [1]
  .text               ro code  0x08003ca8    0x32  FltToDbl.o [4]
  .rodata             const    0x08003cda     0x2  ug2864.o [1]
  .text               ro code  0x08003cdc    0x9c  atan.o [4]
  .text               ro code  0x08003d78   0x184  DblMul.o [4]
  .text               ro code  0x08003efc    0x62  DblToFlt.o [4]
  .text               ro code  0x08003f5e     0x2  startup_stm32f042x6.o [1]
  .text               ro code  0x08003f60    0x34  I32ToDbl.o [4]
  .text               ro code  0x08003f94    0xc2  DblDiv.o [4]
  .text               ro code  0x08004056     0x2  startup_stm32f042x6.o [1]
  .text               ro code  0x08004058    0x3a  FltToS32.o [4]
  .text               ro code  0x08004092     0x2  startup_stm32f042x6.o [1]
  .text               ro code  0x08004094    0x32  I32ToFlt.o [4]
  .text               ro code  0x080040c6     0x2  startup_stm32f042x6.o [1]
  .text               ro code  0x080040c8    0x28  FltCmpGe.o [4]
  .text               ro code  0x080040f0    0x60  delay.o [1]
  .text               ro code  0x08004150   0xd0a  xprintflarge_nomb.o [3]
  .text               ro code  0x08004e5a     0x2  startup_stm32f042x6.o [1]
  .text               ro code  0x08004e5c     0x2  IntDivZer.o [5]
  .text               ro code  0x08004e5e     0x2  startup_stm32f042x6.o [1]
  .text               ro code  0x08004e60    0x52  DblToI32.o [4]
  .text               ro code  0x08004eb2   0x1b4  DblAddSub.o [4]
  .text               ro code  0x08005066    0x32  DblCmpLe.o [4]
  .text               ro code  0x08005098    0x32  DblCmpGe.o [4]
  .text               ro code  0x080050ca     0x2  startup_stm32f042x6.o [1]
  .text               ro code  0x080050cc    0xec  asin.o [4]
  .text               ro code  0x080051b8    0x30  xdtest.o [4]
  .text               ro code  0x080051e8   0x1e0  xatan.o [4]
  .text               ro code  0x080053c8    0x14  strchr.o [5]
  .text               ro code  0x080053dc    0x18  memchr.o [5]
  .text               ro code  0x080053f4    0x6a  I64DivMod.o [5]
  .text               ro code  0x0800545e     0x2  startup_stm32f042x6.o [1]
  .text               ro code  0x08005460    0x5c  ABImemcpy.o [5]
  .text               ro code  0x080054bc    0x20  div.o [3]
  .text               ro code  0x080054dc    0xbe  sqrt.o [4]
  .text               ro code  0x0800559a     0x2  startup_stm32f042x6.o [1]
  .text               ro code  0x0800559c    0x10  errno.o [3]
  .text               ro code  0x080055ac     0x2  I64DivZer.o [5]
  .text               ro code  0x080055ae     0x2  startup_stm32f042x6.o [1]
  .text               ro code  0x080055b0     0xc  iarEdom.o [5]
  .text               ro code  0x080055bc     0x2  xtls.o [3]
  .text               ro code  0x080055be     0x2  startup_stm32f042x6.o [1]
  .rodata             const    0x080055c0   0x600  ssdFonts.o [1]
  .rodata             const    0x08005bc0   0x180  ssdFonts.o [1]
  .rodata             const    0x08005d40    0xc0  gpio.o [1]
  .text               ro code  0x08005e00    0x94  system_stm32f0xx.o [1]
  .text               ro code  0x08005e94    0x3c  startup_stm32f042x6.o [1]
  .text               ro code  0x08005ed0    0x3c  zero_init3.o [5]
  .text               ro code  0x08005f0c    0x30  copy_init3.o [5]
  .rodata             const    0x08005f3c    0x2c  main.o [1]
  .rodata             const    0x08005f68    0x2c  main.o [1]
  .rodata             const    0x08005f94    0x28  main.o [1]
  .rodata             const    0x08005fbc    0x28  main.o [1]
  .rodata             const    0x08005fe4    0x28  main.o [1]
  .rodata             const    0x0800600c    0x28  main.o [1]
  .rodata             const    0x08006034    0x28  main.o [1]
  .rodata             const    0x0800605c    0x28  main.o [1]
  .rodata             const    0x08006084    0x28  main.o [1]
  .text               ro code  0x080060ac    0x28  data_init.o [5]
  .rodata             const    0x080060d4    0x24  main.o [1]
  .rodata             const    0x080060f8    0x24  main.o [1]
  .rodata             const    0x0800611c    0x24  main.o [1]
  .rodata             const    0x08006140    0x24  main.o [1]
  .rodata             const    0x08006164    0x24  main.o [1]
  .iar.init_table     const    0x08006188    0x24  - Linker created -
  .rodata             const    0x080061ac    0x20  main.o [1]
  .rodata             const    0x080061cc    0x20  main.o [1]
  .rodata             const    0x080061ec    0x20  main.o [1]
  .rodata             const    0x0800620c    0x20  main.o [1]
  .text               ro code  0x0800622c    0x1a  cmain.o [5]
  .text               ro code  0x08006246     0x4  low_level_init.o [3]
  .text               ro code  0x0800624a     0x8  exit.o [3]
  .text               ro code  0x08006252     0x2  startup_stm32f042x6.o [1]
  .text               ro code  0x08006254     0xa  cexit.o [5]
  .text               ro code  0x0800625e     0x2  startup_stm32f042x6.o [1]
  .text               ro code  0x08006260    0x14  exit.o [6]
  .rodata             const    0x08006274    0x18  main.o [1]
  .rodata             const    0x0800628c    0x18  MicroMenu.o [1]
  .rodata             const    0x080062a4    0x14  lis3.o [1]
  .rodata             const    0x080062b8    0x14  main.o [1]
  .rodata             const    0x080062cc    0x14  main.o [1]
  .rodata             const    0x080062e0    0x14  main.o [1]
  .rodata             const    0x080062f4    0x14  main.o [1]
  .rodata             const    0x08006308    0x10  main.o [1]
  .rodata             const    0x08006318    0x10  main.o [1]
  .rodata             const    0x08006328    0x10  main.o [1]
  .rodata             const    0x08006338    0x10  main.o [1]
  .rodata             const    0x08006348    0x10  main.o [1]
  .rodata             const    0x08006358    0x10  main.o [1]
  .rodata             const    0x08006368    0x10  main.o [1]
  .rodata             const    0x08006378    0x10  main.o [1]
  .rodata             const    0x08006388    0x10  main.o [1]
  .rodata             const    0x08006398    0x10  main.o [1]
  .rodata             const    0x080063a8    0x10  ssdGraph.o [1]
  .rodata             const    0x080063b8    0x10  ssdGraph.o [1]
  .rodata             const    0x080063c8     0xc  main.o [1]
  .rodata             const    0x080063d4     0xc  main.o [1]
  .rodata             const    0x080063e0     0xc  main.o [1]
  .rodata             const    0x080063ec     0xc  main.o [1]
  .rodata             const    0x080063f8     0xc  main.o [1]
  .rodata             const    0x08006404     0xc  main.o [1]
  .text               ro code  0x08006410     0xc  cstartup_M.o [5]
  Initializer bytes   const    0x0800641c     0xc  <for P2-1>
  .rodata             const    0x08006428     0x8  main.o [1]
  .rodata             const    0x08006430     0x8  main.o [1]
  .rodata             const    0x08006438     0x8  main.o [1]
  .rodata             const    0x08006440     0x8  main.o [1]
  .rodata             const    0x08006448     0x8  main.o [1]
  .rodata             const    0x08006450     0x8  main.o [1]
  .rodata             const    0x08006458     0x8  main.o [1]
  .rodata             const    0x08006460     0x8  main.o [1]
  .rodata             const    0x08006468     0x8  main.o [1]
  .rodata             const    0x08006470     0x8  ug2864.o [1]
  .rodata             const    0x08006478     0x8  ug2864.o [1]
  .rodata             const    0x08006480     0x8  xprintflarge_nomb.o [3]
  .rodata             const    0x08006488     0x4  ssdGraph.o [1]
  .text               ro code  0x0800648c     0x2  startup_stm32f042x6.o [1]
  .text               ro code  0x0800648e     0x2  startup_stm32f042x6.o [1]
  .text               ro code  0x08006490     0x2  startup_stm32f042x6.o [1]
  .text               ro code  0x08006492     0x2  startup_stm32f042x6.o [1]
  .text               ro code  0x08006494     0x2  startup_stm32f042x6.o [1]
  .text               ro code  0x08006496     0x2  startup_stm32f042x6.o [1]
  .text               ro code  0x08006498     0x2  startup_stm32f042x6.o [1]
  .text               ro code  0x0800649a     0x2  startup_stm32f042x6.o [1]
  .text               ro code  0x0800649c     0x2  startup_stm32f042x6.o [1]
  .text               ro code  0x0800649e     0x2  startup_stm32f042x6.o [1]
  .text               ro code  0x080064a0     0x2  startup_stm32f042x6.o [1]
  .text               ro code  0x080064a2     0x2  startup_stm32f042x6.o [1]
  .text               ro code  0x080064a4     0x2  startup_stm32f042x6.o [1]
  .text               ro code  0x080064a6     0x2  startup_stm32f042x6.o [1]
  .text               ro code  0x080064a8     0x2  startup_stm32f042x6.o [1]
  .text               ro code  0x080064aa     0x2  startup_stm32f042x6.o [1]
  .rodata             const    0x080064ac     0x0  zero_init3.o [5]
  .rodata             const    0x080064ac     0x0  copy_init3.o [5]
                             - 0x080064ac  0x63ec

"P2", part 1 of 3:                            0xc
  P2-1                         0x20000000     0xc  <Init block>
    .data             inited   0x20000000     0x4  gpio.o [1]
    .data             inited   0x20000004     0x4  MicroMenu.o [1]
    __DLIB_PERTHREAD  inited   0x20000008     0x4  errno.o [3]
                             - 0x2000000c     0xc

"P2", part 2 of 3:                          0x400
  CSTACK                       0x20000010   0x400  <Block>
    CSTACK            uninit   0x20000010   0x400  <Block tail>
                             - 0x20000410   0x400

"P2", part 3 of 3:                          0x9d0
  .bss                zero     0x20000410   0x404  ug2864.o [1]
  .bss                zero     0x20000814   0x248  main.o [1]
  .bss                zero     0x20000a5c   0x16c  main.o [1]
  .bss                zero     0x20000bc8   0x128  MicroMenu.o [1]
  .bss                zero     0x20000cf0    0x80  filter.o [1]
  .bss                zero     0x20000d70    0x24  lis3.o [1]
  .bss                zero     0x20000d94    0x1c  lis3.o [1]
  .bss                zero     0x20000db0    0x14  IR.o [1]
  .bss                zero     0x20000dc4     0x4  adc.o [1]
  .bss                zero     0x20000dc8     0x4  filter.o [1]
  .bss                zero     0x20000dcc     0x4  main.o [1]
  .bss                zero     0x20000dd0     0x4  main.o [1]
  .bss                zero     0x20000dd4     0x4  main.o [1]
  .bss                zero     0x20000dd8     0x4  ug2864.o [1]
  .bss                zero     0x20000ddc     0x2  filter.o [1]
                             - 0x20000dde   0x9ce


*******************************************************************************
*** INIT TABLE
***

          Address     Size
          -------     ----
Zero (__iar_zero_init3)
    1 destination range, total size 0x9ce:
          0x20000410  0x9ce

Copy (__iar_copy_init3)
    1 source range, total size 0xc:
          0x0800641c    0xc
    1 destination range, total size 0xc:
          0x20000000    0xc



*******************************************************************************
*** MODULE SUMMARY
***

    Module                 ro code  ro data  rw data
    ------                 -------  -------  -------
C:\Users\4eef\Projects\Chronograph+\SW\Chrono-Terminal-V1.0\firmware\PROJ_DIR\Debug\Obj: [1]
    IR.o                     1 148                20
    MicroMenu.o                260       28      300
    adc.o                      448                 4
    clock.o                    148
    delay.o                     96
    filter.o                   508               134
    gpio.o                     544      196        4
    i2c.o                      986
    lis3.o                     904       20       64
    main.o                   6 488    1 086      960
    ssdFonts.o                        1 920
    ssdGraph.o                           36
    startup_stm32f042x6.o      310
    sync.o                     188
    system_stm32f0xx.o         148
    ug2864.o                 2 652       20    1 032
    ------------------------------------------------
    Total:                  14 828    3 306    2 518

command line: [2]
    ------------------------------------------------
    Total:

dl6M_tln.a: [3]
    div.o                       32
    errno.o                     16        4        4
    exit.o                       8
    low_level_init.o             4
    sprintf.o                   56
    xprintflarge_nomb.o      3 338        8
    xsprout.o                   10
    xtls.o                       2
    ------------------------------------------------
    Total:                   3 466       12        4

m6M_tl.a: [4]
    DblAddSub.o                436
    DblCmpGe.o                  50
    DblCmpLe.o                  50
    DblDiv.o                   194
    DblMul.o                   388
    DblToFlt.o                  98
    DblToI32.o                  82
    FltAddSub.o                278
    FltCmpEq.o                  32
    FltCmpGe.o                  40
    FltDiv.o                   170
    FltMul.o                   176
    FltToDbl.o                  50
    FltToS32.o                  58
    I32ToDbl.o                  52
    I32ToFlt.o                  50
    asin.o                     236
    atan.o                     156
    sqrt.o                     190
    xatan.o                    480
    xdtest.o                    48
    ------------------------------------------------
    Total:                   3 314

rt6M_tl.a: [5]
    ABImemcpy.o                 92
    ABImemset.o                 80
    I32DivModFast.o            224
    I64DivMod.o                106
    I64DivZer.o                  2
    IntDivZer.o                  2
    cexit.o                     10
    cmain.o                     26
    copy_init3.o                48
    cstartup_M.o                12
    data_init.o                 40
    iarEdom.o                   12
    memchr.o                    24
    strchr.o                    20
    strcpy.o                    16
    strlen.o                    16
    zero_init3.o                60
    ------------------------------------------------
    Total:                     790

shb_l.a: [6]
    exit.o                      20
    ------------------------------------------------
    Total:                      20

    Linker created                       36    1 024
----------------------------------------------------
    Grand Total:            22 418    3 354    3 546


*******************************************************************************
*** ENTRY LIST
***

Entry                      Address   Size  Type      Object
-----                      -------   ----  ----      ------
.iar.init_table$$Base   0x08006188          --   Gb  - Linker created -
.iar.init_table$$Limit  0x080061ac          --   Gb  - Linker created -
?main                   0x0800622d         Code  Gb  cmain.o [5]
ADC1_IRQHandler         0x080034db   0x82  Code  Gb  adc.o [1]
CSTACK$$Base            0x20000010          --   Gb  - Linker created -
CSTACK$$Limit           0x20000410          --   Gb  - Linker created -
CurrentMenuItem         0x20000dd0    0x4  Data  Gb  main.o [1]
CurrentMenuItem         0x20000004    0x4  Data  Lc  MicroMenu.o [1]
I2C1_IRQHandler         0x080020a5    0x2  Code  Gb  i2c.o [1]
I2CRx                   0x08001df5   0xec  Code  Gb  i2c.o [1]
I2CRxInit               0x08001d5d   0x98  Code  Gb  i2c.o [1]
I2CTx                   0x08001f99   0xec  Code  Gb  i2c.o [1]
I2CTxInit               0x08001ee1   0x96  Code  Gb  i2c.o [1]
IRRXData                0x20000db0   0x14  Data  Gb  IR.o [1]
LoadInt                 0x08004711   0x68  Code  Lc  xprintflarge_nomb.o [3]
Menu_EnterCurrentItem   0x08003699   0x26  Code  Gb  MicroMenu.o [1]
Menu_GetCurrentMenu     0x080035d5    0x6  Code  Gb  MicroMenu.o [1]
Menu_Navigate           0x080035db   0xbe  Code  Gb  MicroMenu.o [1]
NULL_MENU               0x0800628c   0x18  Data  Gb  MicroMenu.o [1]
NVIC_EnableIRQ          0x080033cd    0xe  Code  Lc  adc.o [1]
NVIC_EnableIRQ          0x08002e95    0xe  Code  Lc  IR.o [1]
NVIC_SetPriority        0x080033db   0x84  Code  Lc  adc.o [1]
NVIC_SetPriority        0x08002ea3   0x84  Code  Lc  IR.o [1]
Region$$Table$$Base     0x08006188          --   Gb  - Linker created -
Region$$Table$$Limit    0x080061ac          --   Gb  - Linker created -
SystemInit              0x08005e01   0x68  Code  Gb  system_stm32f0xx.o [1]
TIM2_IRQHandler         0x08003055  0x28a  Code  Gb  IR.o [1]
_GenldLargeNoMb         0x08004b8d  0x29a  Code  Lc  xprintflarge_nomb.o [3]
_LdtobLargeNoMb         0x080048a5  0x2b0  Code  Lc  xprintflarge_nomb.o [3]
_LitobLargeNoMb         0x08004779  0x12a  Code  Lc  xprintflarge_nomb.o [3]
_PrintfLargeNoMb        0x08004151  0x5c0  Code  Gb  xprintflarge_nomb.o [3]
_PutcharsLargeNoMb      0x08004e27   0x30  Code  Lc  xprintflarge_nomb.o [3]
_SProut                 0x080020a7    0xa  Code  Gb  xsprout.o [3]
__ICFEDIT_region_RAM_end__ {Abs}
                        0x200017ff         Data  Gb  command line/config [2]
__ICFEDIT_region_RAM_start__ {Abs}
                        0x20000000         Data  Gb  command line/config [2]
__aeabi_cdcmple         0x08005067         Code  Gb  DblCmpLe.o [4]
__aeabi_cdrcmple        0x08005099         Code  Gb  DblCmpGe.o [4]
__aeabi_cfcmpeq         0x08003bdd         Code  Gb  FltCmpEq.o [4]
__aeabi_cfrcmple        0x080040c9         Code  Gb  FltCmpGe.o [4]
__aeabi_d2f             0x08003efd         Code  Gb  DblToFlt.o [4]
__aeabi_d2iz            0x08004e61         Code  Gb  DblToI32.o [4]
__aeabi_d2uiz           0x08004e85         Code  Gb  DblToI32.o [4]
__aeabi_dadd            0x08004eb3         Code  Gb  DblAddSub.o [4]
__aeabi_ddiv            0x08003f95         Code  Gb  DblDiv.o [4]
__aeabi_dmul            0x08003d79         Code  Gb  DblMul.o [4]
__aeabi_dsub            0x08004f79         Code  Gb  DblAddSub.o [4]
__aeabi_errno_addr      0x0800559d    0xa  Code  Gb  errno.o [3]
__aeabi_f2d             0x08003ca9         Code  Gb  FltToDbl.o [4]
__aeabi_f2iz            0x08004059         Code  Gb  FltToS32.o [4]
__aeabi_fadd            0x08003ac5         Code  Gb  FltAddSub.o [4]
__aeabi_fdiv            0x08003bfd         Code  Gb  FltDiv.o [4]
__aeabi_fmul            0x08003a15         Code  Gb  FltMul.o [4]
__aeabi_i2d             0x08003f61         Code  Gb  I32ToDbl.o [4]
__aeabi_i2f             0x08004095         Code  Gb  I32ToFlt.o [4]
__aeabi_idiv            0x08003705         Code  Gb  I32DivModFast.o [5]
__aeabi_idiv0           0x08004e5d         Code  Gb  IntDivZer.o [5]
__aeabi_idivmod         0x08003705         Code  Gb  I32DivModFast.o [5]
__aeabi_ldiv0           0x080055ad         Code  Gb  I64DivZer.o [5]
__aeabi_memcpy          0x08005461         Code  Gb  ABImemcpy.o [5]
__aeabi_memset          0x080039b5         Code  Gb  ABImemset.o [5]
__aeabi_ui2d            0x08003f75         Code  Gb  I32ToDbl.o [4]
__aeabi_uidiv           0x0800370b         Code  Gb  I32DivModFast.o [5]
__aeabi_uidivmod        0x0800370b         Code  Gb  I32DivModFast.o [5]
__aeabi_uldivmod        0x080053f5         Code  Gb  I64DivMod.o [5]
__cmain                 0x0800622d         Code  Gb  cmain.o [5]
__exit                  0x08006261   0x14  Code  Gb  exit.o [6]
__iar_Atan              0x080051e9  0x148  Code  Gb  xatan.o [4]
__iar_Dtest             0x080051b9   0x30  Code  Gb  xdtest.o [4]
__iar_Errno             0x20000008    0x4  Data  Gb  errno.o [3]
__iar_Memchr            0x080053dd   0x18  Code  Gb  memchr.o [5]
__iar_Memset4_word      0x080039d5         Code  Gb  ABImemset.o [5]
__iar_Memset_word       0x080039c1         Code  Gb  ABImemset.o [5]
__iar_Strchr            0x080053c9   0x14  Code  Gb  strchr.o [5]
__iar_copy_init3        0x08005f0d   0x30  Code  Gb  copy_init3.o [5]
__iar_d2uiz             0x08004e89         Code  Gb  DblToI32.o [4]
__iar_data_init3        0x080060ad   0x28  Code  Gb  data_init.o [5]
__iar_dlib_perthread_access
                        0x080055bd    0x2  Code  Gb  xtls.o [3]
__iar_edom              0x080055b1         Code  Gb  iarEdom.o [5]
__iar_program_start     0x08006411         Code  Gb  cstartup_M.o [5]
__iar_sqrt              0x080054dd         Code  Gb  sqrt.o [4]
__iar_ui2d              0x08003f79         Code  Gb  I32ToDbl.o [4]
__iar_ui2f              0x080040ad         Code  Gb  I32ToFlt.o [4]
__iar_zero_init3        0x08005ed1   0x3c  Code  Gb  zero_init3.o [5]
__low_level_init        0x08006247    0x4  Code  Gb  low_level_init.o [3]
__vector_table          0x08000000         Data  Gb  startup_stm32f042x6.o [1]
_call_main              0x08006239         Code  Gb  cmain.o [5]
_exit                   0x08006255         Code  Gb  cexit.o [5]
_main                   0x08006243         Code  Gb  cmain.o [5]
a                       0x08005388   0x40  Data  Lc  xatan.o [4]
about                   0x080061cc   0x20  Data  Gb  main.o [1]
accAxisCal              0x08002c3d  0x22e  Code  Gb  lis3.o [1]
accel                   0x20000d94   0x1c  Data  Gb  lis3.o [1]
adcData                 0x20000dc4    0x4  Data  Gb  adc.o [1]
adcInit                 0x0800345f   0x7c  Code  Gb  adc.o [1]
asin                    0x080050cd   0xec  Code  Gb  asin.o [4]
atan                    0x08003cdd   0x9c  Code  Gb  atan.o [4]
buttonCnts              0x20000dcc    0x4  Data  Gb  main.o [1]
delay_us                0x080040f1   0x60  Code  Gb  delay.o [1]
display                 0x080061ac   0x20  Data  Gb  main.o [1]
div                     0x080054bd   0x20  Code  Gb  div.o [3]
drawMainScreen          0x080016cd  0x304  Code  Gb  main.o [1]
drawMenu                0x080015c5   0xba  Code  Gb  main.o [1]
exit                    0x0800624b    0x8  Code  Gb  exit.o [3]
font12x16               0x08005bc0  0x180  Data  Gb  ssdFonts.o [1]
font6x8                 0x080055c0  0x600  Data  Gb  ssdFonts.o [1]
getButtonState          0x080011f5  0x1a6  Code  Gb  main.o [1]
gppin_init              0x08001ae7  0x1cc  Code  Gb  gpio.o [1]
initClocks              0x08001a19   0x94  Code  Gb  clock.o [1]
initGpios               0x08001aad   0x3a  Code  Gb  gpio.o [1]
initI2C1                0x08001ccd   0x90  Code  Gb  i2c.o [1]
initIRConfig            0x08002f27   0xea  Code  Gb  IR.o [1]
kalman                  0x20000cf0   0x80  Data  Gb  filter.o [1]
kalmanAccCorr           0x080037b9  0x1ac  Code  Gb  filter.o [1]
lis3AxisCal             0x20000d70   0x24  Data  Gb  lis3.o [1]
lis3_getXYZ             0x08002bb3   0x82  Code  Gb  lis3.o [1]
lis3_read               0x08002b75   0x3e  Code  Gb  lis3.o [1]
lis3_write              0x08002b49   0x2c  Code  Gb  lis3.o [1]
lis3init                0x08002b0d   0x3c  Code  Gb  lis3.o [1]
lpf                     0x08003965   0x2e  Code  Gb  filter.o [1]
lpf::Dacc               0x20000dc8    0x4  Data  Lc  filter.o [1]
lpf::Dout               0x20000ddc    0x2  Data  Lc  filter.o [1]
main                    0x080000c1  0xef8  Code  Gb  main.o [1]
mchron                  0x0800611c   0x24  Data  Gb  main.o [1]
mcommon                 0x080061ec   0x20  Data  Gb  main.o [1]
meas                    0x20000814  0x248  Data  Gb  main.o [1]
menu                    0x20000bc8  0x128  Data  Gb  MicroMenu.o [1]
menuFolder              0x080063a8   0x10  Data  Gb  ssdGraph.o [1]
menuScroll              0x08006488    0x4  Data  Gb  ssdGraph.o [1]
mincline                0x08005fe4   0x28  Data  Gb  main.o [1]
mode                    0x08005f94   0x28  Data  Gb  main.o [1]
modeEdit                0x08001131   0x72  Code  Gb  main.o [1]
parEdit                 0x080010d5   0x48  Code  Gb  main.o [1]
parEditRedir            0x08000ff1   0xd8  Code  Gb  main.o [1]
pellets                 0x20000a5c  0x16c  Data  Gb  main.o [1]
pinNum                  0x20000000    0x4  Data  Gb  gpio.o [1]
pinsMode                0x08005d40   0xc0  Data  Gb  gpio.o [1]
s16fNorm                0x08001411   0x3c  Code  Gb  main.o [1]
scbind                  0x0800620c   0x20  Data  Gb  main.o [1]
scdist                  0x08006084   0x28  Data  Gb  main.o [1]
schrono                 0x08006140   0x24  Data  Gb  main.o [1]
sclipc                  0x0800600c   0x28  Data  Gb  main.o [1]
service                 0x08005fbc   0x28  Data  Gb  main.o [1]
setts                   0x080060f8   0x24  Data  Gb  main.o [1]
sibrdr                  0x08005f68   0x2c  Data  Gb  main.o [1]
sical                   0x08006164   0x24  Data  Gb  main.o [1]
sincline                0x08006034   0x28  Data  Gb  main.o [1]
sprintf                 0x0800359d   0x38  Code  Gb  sprintf.o [3]
sqrt                    0x080054dd         Code  Gb  sqrt.o [4]
sqrtl                   0x080054dd         Code  Gb  sqrt.o [4]
ssdBatt                 0x080063b8   0x10  Data  Gb  ssdGraph.o [1]
ssdSettings             0x20000dd8    0x4  Data  Gb  ug2864.o [1]
ssdVideoBff             0x20000410  0x404  Data  Gb  ug2864.o [1]
ssd_putBatt             0x0800266d   0xb0  Code  Gb  ug2864.o [1]
ssd_putChar12x16        0x08002729   0xf4  Code  Gb  ug2864.o [1]
ssd_putChar6x8          0x08002841   0x5a  Code  Gb  ug2864.o [1]
ssd_putMenuFolder       0x0800261d   0x50  Code  Gb  ug2864.o [1]
ssd_putMenuScroll       0x0800242d   0xae  Code  Gb  ug2864.o [1]
ssd_putMsgBox           0x08002179   0x8a  Code  Gb  ug2864.o [1]
ssd_putParBox           0x080020b1   0xc0  Code  Gb  ug2864.o [1]
ssd_putPitchBar         0x080024db  0x13e  Code  Gb  ug2864.o [1]
ssd_putRollBar          0x08002203  0x220  Code  Gb  ug2864.o [1]
ssd_putString12x16      0x0800281d   0x24  Code  Gb  ug2864.o [1]
ssd_putString6x8        0x080028a1   0x24  Code  Gb  ug2864.o [1]
ssd_setpix              0x080028c5   0xc8  Code  Gb  ug2864.o [1]
ssleep                  0x08005f3c   0x2c  Data  Gb  main.o [1]
stats                   0x080060d4   0x24  Data  Gb  main.o [1]
strcpy                  0x0800358d         Code  Gb  strcpy.o [5]
strlen                  0x08003a05   0x10  Code  Gb  strlen.o [5]
swusrc                  0x0800605c   0x28  Data  Gb  main.o [1]
sync                    0x0800336b   0x3c  Code  Gb  sync.o [1]
syncInit                0x08003311   0x5a  Code  Gb  sync.o [1]
sysPars                 0x20000dd4    0x4  Data  Gb  main.o [1]
tiltAngCalc             0x080013a9   0x5e  Code  Gb  main.o [1]
trxAccData              0x0800147d  0x148  Code  Gb  main.o [1]
ug2864_com              0x08002a3f   0x2c  Code  Gb  ug2864.o [1]
ug2864_refresh          0x08002a75   0x76  Code  Gb  ug2864.o [1]
ug2864init              0x08002991   0xae  Code  Gb  ug2864.o [1]


[1] = C:\Users\4eef\Projects\Chronograph+\SW\Chrono-Terminal-V1.0\firmware\PROJ_DIR\Debug\Obj
[2] = command line
[3] = dl6M_tln.a
[4] = m6M_tl.a
[5] = rt6M_tl.a
[6] = shb_l.a

  22 418 bytes of readonly  code memory
   3 354 bytes of readonly  data memory
   3 546 bytes of readwrite data memory

Errors: none
Warnings: none
