###############################################################################
#
# IAR ELF Linker V7.80.2.11947/W32 for ARM                02/Jan/2017  15:38:40
# Copyright 2007-2016 IAR Systems AB.
#
#    Output file  =  
#        C:\Users\4eef\Projects\Chronograph+\SW\Chrono-Terminal-V1.0\firmware\PROJ_DIR\Debug\Exe\Chrono-Terminal-V1.0.out
#    Map file     =  
#        C:\Users\4eef\Projects\Chronograph+\SW\Chrono-Terminal-V1.0\firmware\PROJ_DIR\Debug\List\Chrono-Terminal-V1.0.map
#    Command line =  
#        C:\Users\4eef\Projects\Chronograph+\SW\Chrono-Terminal-V1.0\firmware\PROJ_DIR\Debug\Obj\clock.o
#        C:\Users\4eef\Projects\Chronograph+\SW\Chrono-Terminal-V1.0\firmware\PROJ_DIR\Debug\Obj\delay.o
#        C:\Users\4eef\Projects\Chronograph+\SW\Chrono-Terminal-V1.0\firmware\PROJ_DIR\Debug\Obj\gpio.o
#        C:\Users\4eef\Projects\Chronograph+\SW\Chrono-Terminal-V1.0\firmware\PROJ_DIR\Debug\Obj\i2c.o
#        C:\Users\4eef\Projects\Chronograph+\SW\Chrono-Terminal-V1.0\firmware\PROJ_DIR\Debug\Obj\lis3.o
#        C:\Users\4eef\Projects\Chronograph+\SW\Chrono-Terminal-V1.0\firmware\PROJ_DIR\Debug\Obj\main.o
#        C:\Users\4eef\Projects\Chronograph+\SW\Chrono-Terminal-V1.0\firmware\PROJ_DIR\Debug\Obj\MicroMenu.o
#        C:\Users\4eef\Projects\Chronograph+\SW\Chrono-Terminal-V1.0\firmware\PROJ_DIR\Debug\Obj\ssdFonts.o
#        C:\Users\4eef\Projects\Chronograph+\SW\Chrono-Terminal-V1.0\firmware\PROJ_DIR\Debug\Obj\ssdGraph.o
#        C:\Users\4eef\Projects\Chronograph+\SW\Chrono-Terminal-V1.0\firmware\PROJ_DIR\Debug\Obj\startup_stm32f042x6.o
#        C:\Users\4eef\Projects\Chronograph+\SW\Chrono-Terminal-V1.0\firmware\PROJ_DIR\Debug\Obj\stm32f0xx_hal.o
#        C:\Users\4eef\Projects\Chronograph+\SW\Chrono-Terminal-V1.0\firmware\PROJ_DIR\Debug\Obj\stm32f0xx_hal_adc.o
#        C:\Users\4eef\Projects\Chronograph+\SW\Chrono-Terminal-V1.0\firmware\PROJ_DIR\Debug\Obj\stm32f0xx_hal_adc_ex.o
#        C:\Users\4eef\Projects\Chronograph+\SW\Chrono-Terminal-V1.0\firmware\PROJ_DIR\Debug\Obj\stm32f0xx_hal_can.o
#        C:\Users\4eef\Projects\Chronograph+\SW\Chrono-Terminal-V1.0\firmware\PROJ_DIR\Debug\Obj\stm32f0xx_hal_cec.o
#        C:\Users\4eef\Projects\Chronograph+\SW\Chrono-Terminal-V1.0\firmware\PROJ_DIR\Debug\Obj\stm32f0xx_hal_comp.o
#        C:\Users\4eef\Projects\Chronograph+\SW\Chrono-Terminal-V1.0\firmware\PROJ_DIR\Debug\Obj\stm32f0xx_hal_cortex.o
#        C:\Users\4eef\Projects\Chronograph+\SW\Chrono-Terminal-V1.0\firmware\PROJ_DIR\Debug\Obj\stm32f0xx_hal_crc.o
#        C:\Users\4eef\Projects\Chronograph+\SW\Chrono-Terminal-V1.0\firmware\PROJ_DIR\Debug\Obj\stm32f0xx_hal_crc_ex.o
#        C:\Users\4eef\Projects\Chronograph+\SW\Chrono-Terminal-V1.0\firmware\PROJ_DIR\Debug\Obj\stm32f0xx_hal_dac.o
#        C:\Users\4eef\Projects\Chronograph+\SW\Chrono-Terminal-V1.0\firmware\PROJ_DIR\Debug\Obj\stm32f0xx_hal_dac_ex.o
#        C:\Users\4eef\Projects\Chronograph+\SW\Chrono-Terminal-V1.0\firmware\PROJ_DIR\Debug\Obj\stm32f0xx_hal_dma.o
#        C:\Users\4eef\Projects\Chronograph+\SW\Chrono-Terminal-V1.0\firmware\PROJ_DIR\Debug\Obj\stm32f0xx_hal_flash.o
#        C:\Users\4eef\Projects\Chronograph+\SW\Chrono-Terminal-V1.0\firmware\PROJ_DIR\Debug\Obj\stm32f0xx_hal_flash_ex.o
#        C:\Users\4eef\Projects\Chronograph+\SW\Chrono-Terminal-V1.0\firmware\PROJ_DIR\Debug\Obj\stm32f0xx_hal_gpio.o
#        C:\Users\4eef\Projects\Chronograph+\SW\Chrono-Terminal-V1.0\firmware\PROJ_DIR\Debug\Obj\stm32f0xx_hal_i2c.o
#        C:\Users\4eef\Projects\Chronograph+\SW\Chrono-Terminal-V1.0\firmware\PROJ_DIR\Debug\Obj\stm32f0xx_hal_i2c_ex.o
#        C:\Users\4eef\Projects\Chronograph+\SW\Chrono-Terminal-V1.0\firmware\PROJ_DIR\Debug\Obj\stm32f0xx_hal_i2s.o
#        C:\Users\4eef\Projects\Chronograph+\SW\Chrono-Terminal-V1.0\firmware\PROJ_DIR\Debug\Obj\stm32f0xx_hal_irda.o
#        C:\Users\4eef\Projects\Chronograph+\SW\Chrono-Terminal-V1.0\firmware\PROJ_DIR\Debug\Obj\stm32f0xx_hal_iwdg.o
#        C:\Users\4eef\Projects\Chronograph+\SW\Chrono-Terminal-V1.0\firmware\PROJ_DIR\Debug\Obj\stm32f0xx_hal_msp.o
#        C:\Users\4eef\Projects\Chronograph+\SW\Chrono-Terminal-V1.0\firmware\PROJ_DIR\Debug\Obj\stm32f0xx_hal_pcd.o
#        C:\Users\4eef\Projects\Chronograph+\SW\Chrono-Terminal-V1.0\firmware\PROJ_DIR\Debug\Obj\stm32f0xx_hal_pcd_ex.o
#        C:\Users\4eef\Projects\Chronograph+\SW\Chrono-Terminal-V1.0\firmware\PROJ_DIR\Debug\Obj\stm32f0xx_hal_pwr.o
#        C:\Users\4eef\Projects\Chronograph+\SW\Chrono-Terminal-V1.0\firmware\PROJ_DIR\Debug\Obj\stm32f0xx_hal_pwr_ex.o
#        C:\Users\4eef\Projects\Chronograph+\SW\Chrono-Terminal-V1.0\firmware\PROJ_DIR\Debug\Obj\stm32f0xx_hal_rcc.o
#        C:\Users\4eef\Projects\Chronograph+\SW\Chrono-Terminal-V1.0\firmware\PROJ_DIR\Debug\Obj\stm32f0xx_hal_rcc_ex.o
#        C:\Users\4eef\Projects\Chronograph+\SW\Chrono-Terminal-V1.0\firmware\PROJ_DIR\Debug\Obj\stm32f0xx_hal_rtc.o
#        C:\Users\4eef\Projects\Chronograph+\SW\Chrono-Terminal-V1.0\firmware\PROJ_DIR\Debug\Obj\stm32f0xx_hal_rtc_ex.o
#        C:\Users\4eef\Projects\Chronograph+\SW\Chrono-Terminal-V1.0\firmware\PROJ_DIR\Debug\Obj\stm32f0xx_hal_smartcard.o
#        C:\Users\4eef\Projects\Chronograph+\SW\Chrono-Terminal-V1.0\firmware\PROJ_DIR\Debug\Obj\stm32f0xx_hal_smartcard_ex.o
#        C:\Users\4eef\Projects\Chronograph+\SW\Chrono-Terminal-V1.0\firmware\PROJ_DIR\Debug\Obj\stm32f0xx_hal_smbus.o
#        C:\Users\4eef\Projects\Chronograph+\SW\Chrono-Terminal-V1.0\firmware\PROJ_DIR\Debug\Obj\stm32f0xx_hal_spi.o
#        C:\Users\4eef\Projects\Chronograph+\SW\Chrono-Terminal-V1.0\firmware\PROJ_DIR\Debug\Obj\stm32f0xx_hal_spi_ex.o
#        C:\Users\4eef\Projects\Chronograph+\SW\Chrono-Terminal-V1.0\firmware\PROJ_DIR\Debug\Obj\stm32f0xx_hal_tim.o
#        C:\Users\4eef\Projects\Chronograph+\SW\Chrono-Terminal-V1.0\firmware\PROJ_DIR\Debug\Obj\stm32f0xx_hal_tim_ex.o
#        C:\Users\4eef\Projects\Chronograph+\SW\Chrono-Terminal-V1.0\firmware\PROJ_DIR\Debug\Obj\stm32f0xx_hal_tsc.o
#        C:\Users\4eef\Projects\Chronograph+\SW\Chrono-Terminal-V1.0\firmware\PROJ_DIR\Debug\Obj\stm32f0xx_hal_uart.o
#        C:\Users\4eef\Projects\Chronograph+\SW\Chrono-Terminal-V1.0\firmware\PROJ_DIR\Debug\Obj\stm32f0xx_hal_uart_ex.o
#        C:\Users\4eef\Projects\Chronograph+\SW\Chrono-Terminal-V1.0\firmware\PROJ_DIR\Debug\Obj\stm32f0xx_hal_usart.o
#        C:\Users\4eef\Projects\Chronograph+\SW\Chrono-Terminal-V1.0\firmware\PROJ_DIR\Debug\Obj\stm32f0xx_hal_wwdg.o
#        C:\Users\4eef\Projects\Chronograph+\SW\Chrono-Terminal-V1.0\firmware\PROJ_DIR\Debug\Obj\stm32f0xx_it.o
#        C:\Users\4eef\Projects\Chronograph+\SW\Chrono-Terminal-V1.0\firmware\PROJ_DIR\Debug\Obj\stm32f0xx_ll_adc.o
#        C:\Users\4eef\Projects\Chronograph+\SW\Chrono-Terminal-V1.0\firmware\PROJ_DIR\Debug\Obj\stm32f0xx_ll_comp.o
#        C:\Users\4eef\Projects\Chronograph+\SW\Chrono-Terminal-V1.0\firmware\PROJ_DIR\Debug\Obj\stm32f0xx_ll_crc.o
#        C:\Users\4eef\Projects\Chronograph+\SW\Chrono-Terminal-V1.0\firmware\PROJ_DIR\Debug\Obj\stm32f0xx_ll_crs.o
#        C:\Users\4eef\Projects\Chronograph+\SW\Chrono-Terminal-V1.0\firmware\PROJ_DIR\Debug\Obj\stm32f0xx_ll_dac.o
#        C:\Users\4eef\Projects\Chronograph+\SW\Chrono-Terminal-V1.0\firmware\PROJ_DIR\Debug\Obj\stm32f0xx_ll_dma.o
#        C:\Users\4eef\Projects\Chronograph+\SW\Chrono-Terminal-V1.0\firmware\PROJ_DIR\Debug\Obj\stm32f0xx_ll_exti.o
#        C:\Users\4eef\Projects\Chronograph+\SW\Chrono-Terminal-V1.0\firmware\PROJ_DIR\Debug\Obj\stm32f0xx_ll_gpio.o
#        C:\Users\4eef\Projects\Chronograph+\SW\Chrono-Terminal-V1.0\firmware\PROJ_DIR\Debug\Obj\stm32f0xx_ll_i2c.o
#        C:\Users\4eef\Projects\Chronograph+\SW\Chrono-Terminal-V1.0\firmware\PROJ_DIR\Debug\Obj\stm32f0xx_ll_pwr.o
#        C:\Users\4eef\Projects\Chronograph+\SW\Chrono-Terminal-V1.0\firmware\PROJ_DIR\Debug\Obj\stm32f0xx_ll_rcc.o
#        C:\Users\4eef\Projects\Chronograph+\SW\Chrono-Terminal-V1.0\firmware\PROJ_DIR\Debug\Obj\stm32f0xx_ll_rtc.o
#        C:\Users\4eef\Projects\Chronograph+\SW\Chrono-Terminal-V1.0\firmware\PROJ_DIR\Debug\Obj\stm32f0xx_ll_spi.o
#        C:\Users\4eef\Projects\Chronograph+\SW\Chrono-Terminal-V1.0\firmware\PROJ_DIR\Debug\Obj\stm32f0xx_ll_tim.o
#        C:\Users\4eef\Projects\Chronograph+\SW\Chrono-Terminal-V1.0\firmware\PROJ_DIR\Debug\Obj\stm32f0xx_ll_usart.o
#        C:\Users\4eef\Projects\Chronograph+\SW\Chrono-Terminal-V1.0\firmware\PROJ_DIR\Debug\Obj\stm32f0xx_ll_utils.o
#        C:\Users\4eef\Projects\Chronograph+\SW\Chrono-Terminal-V1.0\firmware\PROJ_DIR\Debug\Obj\system_stm32f0xx.o
#        C:\Users\4eef\Projects\Chronograph+\SW\Chrono-Terminal-V1.0\firmware\PROJ_DIR\Debug\Obj\ug2864.o
#        -o
#        C:\Users\4eef\Projects\Chronograph+\SW\Chrono-Terminal-V1.0\firmware\PROJ_DIR\Debug\Exe\Chrono-Terminal-V1.0.out
#        --redirect _Printf=_PrintfLargeNoMb --map
#        C:\Users\4eef\Projects\Chronograph+\SW\Chrono-Terminal-V1.0\firmware\PROJ_DIR\Debug\List\Chrono-Terminal-V1.0.map
#        --config "C:\Program Files (x86)\IAR Systems\Embedded Workbench
#        7.5\arm\config\linker\ST\stm32f042x6.icf" --semihosting --entry
#        __iar_program_start --vfe
#
###############################################################################

*******************************************************************************
*** RUNTIME MODEL ATTRIBUTES
***

CppFlavor       = *
__SystemLibrary = DLib


*******************************************************************************
*** PLACEMENT SUMMARY
***

"A0":  place at 0x08000000 { ro section .intvec };
"P1":  place in [from 0x08000000 to 0x08007fff] { ro };
"P2":  place in [from 0x20000000 to 0x200017ff] { rw, block CSTACK, block HEAP };
initialize by copy { rw };

  Section            Kind        Address    Size  Object
  -------            ----        -------    ----  ------
"A0":                                       0xc0
  .intvec            ro code  0x08000000    0xc0  startup_stm32f042x6.o [1]
                            - 0x080000c0    0xc0

"P1":                                     0x6bbc
  .text              ro code  0x080000c0  0x12e0  stm32f0xx_hal_i2c.o [1]
  .text              ro code  0x080013a0   0x15c  stm32f0xx_hal_msp.o [1]
  .text              ro code  0x080014fc     0xc  stm32f0xx_hal.o [1]
  .text              ro code  0x08001508   0x3c4  stm32f0xx_hal_dma.o [1]
  .text              ro code  0x080018cc     0x2  stm32f0xx_hal_i2c.o [1]
  .text              ro code  0x080018ce     0x2  stm32f0xx_hal_i2c.o [1]
  .text              ro code  0x080018d0     0x2  stm32f0xx_hal_i2c.o [1]
  .text              ro code  0x080018d2     0x2  stm32f0xx_hal_i2c.o [1]
  .text              ro code  0x080018d4     0x2  stm32f0xx_hal_i2c.o [1]
  .text              ro code  0x080018d6     0x2  stm32f0xx_hal_i2c.o [1]
  .text              ro code  0x080018d8     0x2  stm32f0xx_hal_i2c.o [1]
  .text              ro code  0x080018da     0x2  stm32f0xx_hal_i2c.o [1]
  .text              ro code  0x080018dc     0x2  stm32f0xx_hal_i2c.o [1]
  .text              ro code  0x080018de     0x2  stm32f0xx_hal_i2c.o [1]
  .text              ro code  0x080018e0   0x136  stm32f0xx_hal_cortex.o [1]
  .text              ro code  0x08001a16     0xa  xsprout.o [3]
  .text              ro code  0x08001a20   0x1ec  stm32f0xx_hal_gpio.o [1]
  .text              ro code  0x08001c0c    0x98  clock.o [1]
  .text              ro code  0x08001ca4   0x810  stm32f0xx_hal_rcc.o [1]
  .text              ro code  0x080024b4   0x170  stm32f0xx_hal_rcc_ex.o [1]
  .text              ro code  0x08002624    0xe0  I32DivModFast.o [5]
  .text              ro code  0x08002704    0x24  stm32f0xx_hal.o [1]
  .text              ro code  0x08002728    0x5c  ABImemcpy.o [5]
  .text              ro code  0x08002784     0x2  IntDivZer.o [5]
  .rodata            const    0x08002786     0x2  main.o [1]
  .text              ro code  0x08002788   0xd0a  xprintflarge_nomb.o [3]
  .text              ro code  0x08003492    0x14  strchr.o [5]
  .text              ro code  0x080034a6    0x10  strlen.o [5]
  .text              ro code  0x080034b6    0x18  memchr.o [5]
  .text              ro code  0x080034ce    0x6a  I64DivMod.o [5]
  .text              ro code  0x08003538    0x32  DblCmpLe.o [4]
  .text              ro code  0x0800356a   0x184  DblMul.o [4]
  .text              ro code  0x080036ee    0xc2  DblDiv.o [4]
  .text              ro code  0x080037b0    0x2e  DblToI32.o [4]
  .rodata            const    0x080037de     0x2  ug2864.o [1]
  .text              ro code  0x080037e0    0x34  I32ToDbl.o [4]
  .text              ro code  0x08003814   0x1b4  DblAddSub.o [4]
  .text              ro code  0x080039c8    0x20  div.o [3]
  .text              ro code  0x080039e8     0x2  I64DivZer.o [5]
  .rodata            const    0x080039ea     0x2  ug2864.o [1]
  .text              ro code  0x080039ec   0xb60  main.o [1]
  .text              ro code  0x0800454c    0x20  stm32f0xx_hal.o [1]
  .text              ro code  0x0800456c   0x220  gpio.o [1]
  .text              ro code  0x0800478c    0x98  i2c.o [1]
  .text              ro code  0x08004824   0xa28  ug2864.o [1]
  .text              ro code  0x0800524c   0x148  lis3.o [1]
  .text              ro code  0x08005394   0x104  MicroMenu.o [1]
  .text              ro code  0x08005498    0x60  delay.o [1]
  .text              ro code  0x080054f8    0x10  strcpy.o [5]
  .text              ro code  0x08005508    0x50  ABImemset.o [5]
  .text              ro code  0x08005558    0x38  sprintf.o [3]
  .text              ro code  0x08005590    0xb0  FltMul.o [4]
  .text              ro code  0x08005640   0x116  FltAddSub.o [4]
  .text              ro code  0x08005756     0x2  startup_stm32f042x6.o [1]
  .text              ro code  0x08005758    0x20  FltCmpEq.o [4]
  .text              ro code  0x08005778    0xaa  FltDiv.o [4]
  .text              ro code  0x08005822     0x2  startup_stm32f042x6.o [1]
  .text              ro code  0x08005824    0x32  FltToDbl.o [4]
  .text              ro code  0x08005856     0x2  startup_stm32f042x6.o [1]
  .text              ro code  0x08005858    0x9c  atan.o [4]
  .text              ro code  0x080058f4    0x62  DblToFlt.o [4]
  .text              ro code  0x08005956     0x2  startup_stm32f042x6.o [1]
  .text              ro code  0x08005958    0x6c  stm32f0xx_hal_i2c_ex.o [1]
  .text              ro code  0x080059c4    0x3a  FltToS32.o [4]
  .text              ro code  0x080059fe     0x2  startup_stm32f042x6.o [1]
  .text              ro code  0x08005a00    0x32  I32ToFlt.o [4]
  .text              ro code  0x08005a32     0x2  startup_stm32f042x6.o [1]
  .text              ro code  0x08005a34    0x28  FltCmpGe.o [4]
  .text              ro code  0x08005a5c    0x32  DblCmpGe.o [4]
  .text              ro code  0x08005a8e     0x2  startup_stm32f042x6.o [1]
  .text              ro code  0x08005a90   0x1e0  xatan.o [4]
  .rodata            const    0x08005c70   0x600  ssdFonts.o [1]
  .rodata            const    0x08006270   0x180  ssdFonts.o [1]
  .rodata            const    0x080063f0    0xc0  gpio.o [1]
  .text              ro code  0x080064b0    0x94  system_stm32f0xx.o [1]
  .text              ro code  0x08006544    0x4e  stm32f0xx_it.o [1]
  .text              ro code  0x08006592     0x2  startup_stm32f042x6.o [1]
  .text              ro code  0x08006594    0x10  stm32f0xx_hal.o [1]
  .text              ro code  0x080065a4    0x3c  startup_stm32f042x6.o [1]
  .text              ro code  0x080065e0    0x3c  zero_init3.o [5]
  .text              ro code  0x0800661c    0x30  copy_init3.o [5]
  .rodata            const    0x0800664c    0x2c  main.o [1]
  .rodata            const    0x08006678    0x28  main.o [1]
  .rodata            const    0x080066a0    0x28  main.o [1]
  .rodata            const    0x080066c8    0x28  main.o [1]
  .rodata            const    0x080066f0    0x28  main.o [1]
  .rodata            const    0x08006718    0x28  main.o [1]
  .rodata            const    0x08006740    0x28  main.o [1]
  .rodata            const    0x08006768    0x28  main.o [1]
  .text              ro code  0x08006790    0x28  data_init.o [5]
  .rodata            const    0x080067b8    0x24  main.o [1]
  .rodata            const    0x080067dc    0x24  main.o [1]
  .rodata            const    0x08006800    0x24  main.o [1]
  .rodata            const    0x08006824    0x24  main.o [1]
  .rodata            const    0x08006848    0x24  main.o [1]
  .rodata            const    0x0800686c    0x24  main.o [1]
  .rodata            const    0x08006890    0x24  main.o [1]
  .rodata            const    0x080068b4    0x24  main.o [1]
  .rodata            const    0x080068d8    0x24  main.o [1]
  .rodata            const    0x080068fc    0x24  main.o [1]
  .rodata            const    0x08006920    0x24  main.o [1]
  .rodata            const    0x08006944    0x24  main.o [1]
  .rodata            const    0x08006968    0x24  main.o [1]
  .rodata            const    0x0800698c    0x24  main.o [1]
  .iar.init_table    const    0x080069b0    0x24  - Linker created -
  .rodata            const    0x080069d4    0x20  main.o [1]
  .rodata            const    0x080069f4    0x20  main.o [1]
  .rodata            const    0x08006a14    0x20  main.o [1]
  .rodata            const    0x08006a34    0x20  main.o [1]
  .rodata            const    0x08006a54    0x20  main.o [1]
  .rodata            const    0x08006a74    0x20  main.o [1]
  .rodata            const    0x08006a94    0x20  main.o [1]
  .rodata            const    0x08006ab4    0x20  main.o [1]
  .text              ro code  0x08006ad4    0x1a  cmain.o [5]
  .text              ro code  0x08006aee     0x4  low_level_init.o [3]
  .text              ro code  0x08006af2     0x8  exit.o [3]
  .text              ro code  0x08006afa     0x2  startup_stm32f042x6.o [1]
  .text              ro code  0x08006afc     0xa  cexit.o [5]
  .text              ro code  0x08006b06     0x2  startup_stm32f042x6.o [1]
  .text              ro code  0x08006b08    0x14  exit.o [6]
  .rodata            const    0x08006b1c    0x18  main.o [1]
  .rodata            const    0x08006b34    0x18  MicroMenu.o [1]
  .rodata            const    0x08006b4c    0x14  main.o [1]
  Initializer bytes  const    0x08006b60    0x14  <for P2-1>
  .rodata            const    0x08006b74    0x10  main.o [1]
  .rodata            const    0x08006b84    0x10  main.o [1]
  .rodata            const    0x08006b94    0x10  ssdGraph.o [1]
  .rodata            const    0x08006ba4    0x10  ssdGraph.o [1]
  .rodata            const    0x08006bb4    0x10  stm32f0xx_hal_rcc.o [1]
  .rodata            const    0x08006bc4    0x10  stm32f0xx_hal_rcc.o [1]
  .rodata            const    0x08006bd4    0x10  system_stm32f0xx.o [1]
  .rodata            const    0x08006be4     0xc  main.o [1]
  .rodata            const    0x08006bf0     0xc  main.o [1]
  .rodata            const    0x08006bfc     0xc  main.o [1]
  .text              ro code  0x08006c08     0xc  cstartup_M.o [5]
  .rodata            const    0x08006c14     0x8  main.o [1]
  .rodata            const    0x08006c1c     0x8  main.o [1]
  .rodata            const    0x08006c24     0x8  main.o [1]
  .rodata            const    0x08006c2c     0x8  main.o [1]
  .rodata            const    0x08006c34     0x8  main.o [1]
  .rodata            const    0x08006c3c     0x8  ug2864.o [1]
  .rodata            const    0x08006c44     0x8  ug2864.o [1]
  .rodata            const    0x08006c4c     0x8  xprintflarge_nomb.o [3]
  .rodata            const    0x08006c54     0x4  ssdGraph.o [1]
  .text              ro code  0x08006c58     0x2  startup_stm32f042x6.o [1]
  .text              ro code  0x08006c5a     0x2  startup_stm32f042x6.o [1]
  .text              ro code  0x08006c5c     0x2  startup_stm32f042x6.o [1]
  .text              ro code  0x08006c5e     0x2  startup_stm32f042x6.o [1]
  .text              ro code  0x08006c60     0x2  startup_stm32f042x6.o [1]
  .text              ro code  0x08006c62     0x2  startup_stm32f042x6.o [1]
  .text              ro code  0x08006c64     0x2  startup_stm32f042x6.o [1]
  .text              ro code  0x08006c66     0x2  startup_stm32f042x6.o [1]
  .text              ro code  0x08006c68     0x2  startup_stm32f042x6.o [1]
  .text              ro code  0x08006c6a     0x2  startup_stm32f042x6.o [1]
  .text              ro code  0x08006c6c     0x2  startup_stm32f042x6.o [1]
  .text              ro code  0x08006c6e     0x2  startup_stm32f042x6.o [1]
  .text              ro code  0x08006c70     0x2  startup_stm32f042x6.o [1]
  .text              ro code  0x08006c72     0x2  startup_stm32f042x6.o [1]
  .text              ro code  0x08006c74     0x2  startup_stm32f042x6.o [1]
  .text              ro code  0x08006c76     0x2  startup_stm32f042x6.o [1]
  .text              ro code  0x08006c78     0x2  startup_stm32f042x6.o [1]
  .text              ro code  0x08006c7a     0x2  startup_stm32f042x6.o [1]
  .rodata            const    0x08006c7c     0x0  zero_init3.o [5]
  .rodata            const    0x08006c7c     0x0  copy_init3.o [5]
                            - 0x08006c7c  0x6bbc

"P2", part 1 of 3:                          0x14
  P2-1                        0x20000000    0x14  <Init block>
    .data            inited   0x20000000     0x4  gpio.o [1]
    .data            inited   0x20000004     0x8  main.o [1]
    .data            inited   0x2000000c     0x4  MicroMenu.o [1]
    .data            inited   0x20000010     0x4  system_stm32f0xx.o [1]
                            - 0x20000014    0x14

"P2", part 2 of 3:                         0x400
  CSTACK                      0x20000018   0x400  <Block>
    CSTACK           uninit   0x20000018   0x400  <Block tail>
                            - 0x20000418   0x400

"P2", part 3 of 3:                         0x664
  .bss               zero     0x20000418   0x404  ug2864.o [1]
  .bss               zero     0x2000081c   0x114  MicroMenu.o [1]
  .bss               zero     0x20000930    0x4c  i2c.o [1]
  .bss               zero     0x2000097c    0x3c  i2c.o [1]
  .bss               zero     0x200009b8    0x3c  i2c.o [1]
  .bss               zero     0x200009f4    0x30  main.o [1]
  .bss               zero     0x20000a24    0x1c  main.o [1]
  .bss               zero     0x20000a40    0x18  lis3.o [1]
  .bss               zero     0x20000a58     0x4  main.o [1]
  .bss               zero     0x20000a5c     0x4  main.o [1]
  .bss               zero     0x20000a60     0x4  main.o [1]
  .bss               zero     0x20000a64     0x4  main.o [1]
  .bss               zero     0x20000a68     0x4  main.o [1]
  .bss               zero     0x20000a6c     0x4  main.o [1]
  .bss               zero     0x20000a70     0x4  stm32f0xx_hal.o [1]
  .bss               zero     0x20000a74     0x2  main.o [1]
  .bss               zero     0x20000a76     0x2  main.o [1]
  .bss               zero     0x20000a78     0x2  main.o [1]
                            - 0x20000a7a   0x662


*******************************************************************************
*** INIT TABLE
***

          Address     Size
          -------     ----
Zero (__iar_zero_init3)
    1 destination range, total size 0x662:
          0x20000418  0x662

Copy (__iar_copy_init3)
    1 source range, total size 0x14:
          0x08006b60   0x14
    1 destination range, total size 0x14:
          0x20000000   0x14



*******************************************************************************
*** MODULE SUMMARY
***

    Module                  ro code  ro data  rw data
    ------                  -------  -------  -------
C:\Users\4eef\Projects\Chronograph+\SW\Chrono-Terminal-V1.0\firmware\PROJ_DIR\Debug\Obj: [1]
    MicroMenu.o                 260       28      280
    clock.o                     152
    delay.o                      96
    gpio.o                      544      196        4
    i2c.o                       152               196
    lis3.o                      328                24
    main.o                    2 912    1 246      114
    ssdFonts.o                         1 920
    ssdGraph.o                            36
    startup_stm32f042x6.o       308
    stm32f0xx_hal.o              96                 4
    stm32f0xx_hal_cortex.o      310
    stm32f0xx_hal_dma.o         964
    stm32f0xx_hal_gpio.o        492
    stm32f0xx_hal_i2c.o       4 852
    stm32f0xx_hal_i2c_ex.o      108
    stm32f0xx_hal_msp.o         348
    stm32f0xx_hal_rcc.o       2 064       32
    stm32f0xx_hal_rcc_ex.o      368
    stm32f0xx_it.o               78
    system_stm32f0xx.o          148       20        4
    ug2864.o                  2 600       20    1 028
    -------------------------------------------------
    Total:                   17 180    3 498    1 654

command line: [2]
    -------------------------------------------------
    Total:

dl6M_tln.a: [3]
    div.o                        32
    exit.o                        8
    low_level_init.o              4
    sprintf.o                    56
    xprintflarge_nomb.o       3 338        8
    xsprout.o                    10
    -------------------------------------------------
    Total:                    3 448        8

m6M_tl.a: [4]
    DblAddSub.o                 436
    DblCmpGe.o                   50
    DblCmpLe.o                   50
    DblDiv.o                    194
    DblMul.o                    388
    DblToFlt.o                   98
    DblToI32.o                   46
    FltAddSub.o                 278
    FltCmpEq.o                   32
    FltCmpGe.o                   40
    FltDiv.o                    170
    FltMul.o                    176
    FltToDbl.o                   50
    FltToS32.o                   58
    I32ToDbl.o                   52
    I32ToFlt.o                   50
    atan.o                      156
    xatan.o                     480
    -------------------------------------------------
    Total:                    2 804

rt6M_tl.a: [5]
    ABImemcpy.o                  92
    ABImemset.o                  80
    I32DivModFast.o             224
    I64DivMod.o                 106
    I64DivZer.o                   2
    IntDivZer.o                   2
    cexit.o                      10
    cmain.o                      26
    copy_init3.o                 48
    cstartup_M.o                 12
    data_init.o                  40
    memchr.o                     24
    strchr.o                     20
    strcpy.o                     16
    strlen.o                     16
    zero_init3.o                 60
    -------------------------------------------------
    Total:                      778

shb_l.a: [6]
    exit.o                       20
    -------------------------------------------------
    Total:                       20

    Linker created                        36    1 024
-----------------------------------------------------
    Grand Total:             24 230    3 542    2 678


*******************************************************************************
*** ENTRY LIST
***

Entry                      Address   Size  Type      Object
-----                      -------   ----  ----      ------
.iar.init_table$$Base   0x080069b0          --   Gb  - Linker created -
.iar.init_table$$Limit  0x080069d4          --   Gb  - Linker created -
?main                   0x08006ad5         Code  Gb  cmain.o [5]
AHBPrescTable           0x08006bd4   0x10  Data  Gb  system_stm32f0xx.o [1]
CSTACK$$Base            0x20000018          --   Gb  - Linker created -
CSTACK$$Limit           0x20000418          --   Gb  - Linker created -
CurrentMenuItem         0x20000a5c    0x4  Data  Gb  main.o [1]
CurrentMenuItem         0x2000000c    0x4  Data  Lc  MicroMenu.o [1]
DMA1_Channel2_3_IRQHandler
                        0x08006551   0x10  Code  Gb  stm32f0xx_it.o [1]
DMA_SetConfig           0x080018ad   0x20  Code  Lc  stm32f0xx_hal_dma.o [1]
Error_Handler           0x08001ca1    0x4  Code  Gb  clock.o [1]
HAL_DMA_Abort_IT        0x080015d5   0x8a  Code  Gb  stm32f0xx_hal_dma.o [1]
HAL_DMA_IRQHandler      0x08001679  0x21a  Code  Gb  stm32f0xx_hal_dma.o [1]
HAL_DMA_Init            0x08001509   0x5e  Code  Gb  stm32f0xx_hal_dma.o [1]
HAL_DMA_Start_IT        0x08001567   0x6e  Code  Gb  stm32f0xx_hal_dma.o [1]
HAL_GPIO_Init           0x08001a21  0x1cc  Code  Gb  stm32f0xx_hal_gpio.o [1]
HAL_GetTick             0x080014fd    0xc  Code  Wk  stm32f0xx_hal.o [1]
HAL_I2CEx_ConfigAnalogFilter
                        0x08005959   0x66  Code  Gb  stm32f0xx_hal_i2c_ex.o [1]
HAL_I2C_AbortCpltCallback
                        0x080018dd    0x2  Code  Wk  stm32f0xx_hal_i2c.o [1]
HAL_I2C_AddrCallback    0x080018cd    0x2  Code  Wk  stm32f0xx_hal_i2c.o [1]
HAL_I2C_ER_IRQHandler   0x080005df   0x68  Code  Gb  stm32f0xx_hal_i2c.o [1]
HAL_I2C_EV_IRQHandler   0x080005c1   0x1e  Code  Gb  stm32f0xx_hal_i2c.o [1]
HAL_I2C_ErrorCallback   0x080018df    0x2  Code  Wk  stm32f0xx_hal_i2c.o [1]
HAL_I2C_GetState        0x08000647    0x6  Code  Gb  stm32f0xx_hal_i2c.o [1]
HAL_I2C_Init            0x080000c1   0xc6  Code  Gb  stm32f0xx_hal_i2c.o [1]
HAL_I2C_ListenCpltCallback
                        0x080018db    0x2  Code  Wk  stm32f0xx_hal_i2c.o [1]
HAL_I2C_MasterRxCpltCallback
                        0x080018d1    0x2  Code  Wk  stm32f0xx_hal_i2c.o [1]
HAL_I2C_MasterTxCpltCallback
                        0x080018cf    0x2  Code  Wk  stm32f0xx_hal_i2c.o [1]
HAL_I2C_Master_Receive  0x08000319  0x184  Code  Gb  stm32f0xx_hal_i2c.o [1]
HAL_I2C_Master_Transmit
                        0x08000187  0x184  Code  Gb  stm32f0xx_hal_i2c.o [1]
HAL_I2C_Master_Transmit_DMA
                        0x080004a1  0x10a  Code  Gb  stm32f0xx_hal_i2c.o [1]
HAL_I2C_MemRxCpltCallback
                        0x080018d9    0x2  Code  Wk  stm32f0xx_hal_i2c.o [1]
HAL_I2C_MemTxCpltCallback
                        0x080018d7    0x2  Code  Wk  stm32f0xx_hal_i2c.o [1]
HAL_I2C_MspInit         0x080013ef   0xea  Code  Gb  stm32f0xx_hal_msp.o [1]
HAL_I2C_SlaveRxCpltCallback
                        0x080018d5    0x2  Code  Wk  stm32f0xx_hal_i2c.o [1]
HAL_I2C_SlaveTxCpltCallback
                        0x080018d3    0x2  Code  Wk  stm32f0xx_hal_i2c.o [1]
HAL_IncTick             0x08006595   0x10  Code  Wk  stm32f0xx_hal.o [1]
HAL_Init                0x0800454d   0x1c  Code  Gb  stm32f0xx_hal.o [1]
HAL_InitTick            0x08002705   0x24  Code  Wk  stm32f0xx_hal.o [1]
HAL_MspInit             0x080013a1   0x4e  Code  Gb  stm32f0xx_hal_msp.o [1]
HAL_NVIC_EnableIRQ      0x080019b9    0xe  Code  Gb  stm32f0xx_hal_cortex.o [1]
HAL_NVIC_SetPriority    0x080019a5   0x14  Code  Gb  stm32f0xx_hal_cortex.o [1]
HAL_RCCEx_PeriphCLKConfig
                        0x080024b5  0x14e  Code  Gb  stm32f0xx_hal_rcc_ex.o [1]
HAL_RCC_ClockConfig     0x08002221  0x192  Code  Gb  stm32f0xx_hal_rcc.o [1]
HAL_RCC_GetHCLKFreq     0x08002481    0x6  Code  Gb  stm32f0xx_hal_rcc.o [1]
HAL_RCC_GetSysClockFreq
                        0x080023cd   0xb4  Code  Gb  stm32f0xx_hal_rcc.o [1]
HAL_RCC_OscConfig       0x08001ca5  0x566  Code  Gb  stm32f0xx_hal_rcc.o [1]
HAL_SYSTICK_CLKSourceConfig
                        0x080019d3   0x22  Code  Gb  stm32f0xx_hal_cortex.o [1]
HAL_SYSTICK_Callback    0x08001a15    0x2  Code  Wk  stm32f0xx_hal_cortex.o [1]
HAL_SYSTICK_Config      0x080019c7    0xc  Code  Gb  stm32f0xx_hal_cortex.o [1]
HAL_SYSTICK_IRQHandler  0x08001a0d    0x8  Code  Gb  stm32f0xx_hal_cortex.o [1]
I2C1_IRQHandler         0x08006561   0x22  Code  Gb  stm32f0xx_it.o [1]
I2C_DMAAbort            0x08000fff   0x3e  Code  Lc  stm32f0xx_hal_i2c.o [1]
I2C_DMAError            0x08000fe1   0x1e  Code  Lc  stm32f0xx_hal_i2c.o [1]
I2C_DMAMasterTransmitCplt
                        0x08000f7b   0x54  Code  Lc  stm32f0xx_hal_i2c.o [1]
I2C_Disable_IRQ         0x08001315   0x8c  Code  Lc  stm32f0xx_hal_i2c.o [1]
I2C_Enable_IRQ          0x0800126f   0x96  Code  Lc  stm32f0xx_hal_i2c.o [1]
I2C_Flush_TXDR          0x08000f55   0x26  Code  Lc  stm32f0xx_hal_i2c.o [1]
I2C_ITAddrCplt          0x08000a5f   0xe6  Code  Lc  stm32f0xx_hal_i2c.o [1]
I2C_ITError             0x08000e55   0xfa  Code  Lc  stm32f0xx_hal_i2c.o [1]
I2C_ITListenCplt        0x08000de9   0x64  Code  Lc  stm32f0xx_hal_i2c.o [1]
I2C_ITMasterCplt        0x08000bf9   0xd8  Code  Lc  stm32f0xx_hal_i2c.o [1]
I2C_ITMasterSequentialCplt
                        0x08000b45   0x5a  Code  Lc  stm32f0xx_hal_i2c.o [1]
I2C_ITSlaveCplt         0x08000cd1  0x118  Code  Lc  stm32f0xx_hal_i2c.o [1]
I2C_ITSlaveSequentialCplt
                        0x08000b9f   0x5a  Code  Lc  stm32f0xx_hal_i2c.o [1]
I2C_IsAcknowledgeFailed
                        0x080011c1   0x80  Code  Lc  stm32f0xx_hal_i2c.o [1]
I2C_Master_ISR_DMA      0x080008ed   0xf4  Code  Lc  stm32f0xx_hal_i2c.o [1]
I2C_Master_ISR_IT       0x0800064d  0x16a  Code  Lc  stm32f0xx_hal_i2c.o [1]
I2C_Slave_ISR_DMA       0x080009e1   0x7e  Code  Lc  stm32f0xx_hal_i2c.o [1]
I2C_Slave_ISR_IT        0x080007b7  0x130  Code  Lc  stm32f0xx_hal_i2c.o [1]
I2C_TransferConfig      0x08001241   0x2e  Code  Lc  stm32f0xx_hal_i2c.o [1]
I2C_WaitOnFlagUntilTimeout
                        0x0800103d   0x52  Code  Lc  stm32f0xx_hal_i2c.o [1]
I2C_WaitOnRXNEFlagUntilTimeout
                        0x0800113b   0x80  Code  Lc  stm32f0xx_hal_i2c.o [1]
I2C_WaitOnSTOPFlagUntilTimeout
                        0x080010e9   0x52  Code  Lc  stm32f0xx_hal_i2c.o [1]
I2C_WaitOnTXISFlagUntilTimeout
                        0x0800108f   0x5a  Code  Lc  stm32f0xx_hal_i2c.o [1]
LoadInt                 0x08002d49   0x68  Code  Lc  xprintflarge_nomb.o [3]
MX_DMA_Init             0x080047e5   0x2e  Code  Gb  i2c.o [1]
MX_I2C1_Init            0x0800478d   0x58  Code  Gb  i2c.o [1]
Menu_EnterCurrentItem   0x08005459   0x26  Code  Gb  MicroMenu.o [1]
Menu_GetCurrentMenu     0x08005395    0x6  Code  Gb  MicroMenu.o [1]
Menu_Navigate           0x0800539b   0xbe  Code  Gb  MicroMenu.o [1]
NULL_MENU               0x08006b34   0x18  Data  Gb  MicroMenu.o [1]
NVIC_EnableIRQ          0x080018e1    0xe  Code  Lc  stm32f0xx_hal_cortex.o [1]
NVIC_SetPriority        0x080018ef   0x84  Code  Lc  stm32f0xx_hal_cortex.o [1]
Region$$Table$$Base     0x080069b0          --   Gb  - Linker created -
Region$$Table$$Limit    0x080069d4          --   Gb  - Linker created -
SysTick_Config          0x08001973   0x32  Code  Lc  stm32f0xx_hal_cortex.o [1]
SysTick_Handler         0x08006545    0xc  Code  Gb  stm32f0xx_it.o [1]
SystemClock_Config      0x08001c0d   0x8e  Code  Gb  clock.o [1]
SystemCoreClock         0x20000010    0x4  Data  Gb  system_stm32f0xx.o [1]
SystemInit              0x080064b1   0x68  Code  Gb  system_stm32f0xx.o [1]
USB_IRQHandler          0x08006591    0x2  Code  Gb  stm32f0xx_it.o [1]
_GenldLargeNoMb         0x080031c5  0x29a  Code  Lc  xprintflarge_nomb.o [3]
_LdtobLargeNoMb         0x08002edd  0x2b0  Code  Lc  xprintflarge_nomb.o [3]
_LitobLargeNoMb         0x08002db1  0x12a  Code  Lc  xprintflarge_nomb.o [3]
_PrintfLargeNoMb        0x08002789  0x5c0  Code  Gb  xprintflarge_nomb.o [3]
_PutcharsLargeNoMb      0x0800345f   0x30  Code  Lc  xprintflarge_nomb.o [3]
_SProut                 0x08001a17    0xa  Code  Gb  xsprout.o [3]
__ICFEDIT_region_RAM_end__ {Abs}
                        0x200017ff         Data  Gb  command line/config [2]
__ICFEDIT_region_RAM_start__ {Abs}
                        0x20000000         Data  Gb  command line/config [2]
__aeabi_cdcmple         0x08003539         Code  Gb  DblCmpLe.o [4]
__aeabi_cdrcmple        0x08005a5d         Code  Gb  DblCmpGe.o [4]
__aeabi_cfcmpeq         0x08005759         Code  Gb  FltCmpEq.o [4]
__aeabi_cfrcmple        0x08005a35         Code  Gb  FltCmpGe.o [4]
__aeabi_d2f             0x080058f5         Code  Gb  DblToFlt.o [4]
__aeabi_d2uiz           0x080037b1         Code  Gb  DblToI32.o [4]
__aeabi_dadd            0x08003815         Code  Gb  DblAddSub.o [4]
__aeabi_ddiv            0x080036ef         Code  Gb  DblDiv.o [4]
__aeabi_dmul            0x0800356b         Code  Gb  DblMul.o [4]
__aeabi_dsub            0x080038db         Code  Gb  DblAddSub.o [4]
__aeabi_f2d             0x08005825         Code  Gb  FltToDbl.o [4]
__aeabi_f2iz            0x080059c5         Code  Gb  FltToS32.o [4]
__aeabi_fadd            0x08005641         Code  Gb  FltAddSub.o [4]
__aeabi_fdiv            0x08005779         Code  Gb  FltDiv.o [4]
__aeabi_fmul            0x08005591         Code  Gb  FltMul.o [4]
__aeabi_i2d             0x080037e1         Code  Gb  I32ToDbl.o [4]
__aeabi_i2f             0x08005a01         Code  Gb  I32ToFlt.o [4]
__aeabi_idiv            0x08002651         Code  Gb  I32DivModFast.o [5]
__aeabi_idiv0           0x08002785         Code  Gb  IntDivZer.o [5]
__aeabi_idivmod         0x08002651         Code  Gb  I32DivModFast.o [5]
__aeabi_ldiv0           0x080039e9         Code  Gb  I64DivZer.o [5]
__aeabi_memcpy          0x08002729         Code  Gb  ABImemcpy.o [5]
__aeabi_memcpy4         0x08002751         Code  Wk  ABImemcpy.o [5]
__aeabi_memset          0x08005509         Code  Gb  ABImemset.o [5]
__aeabi_ui2d            0x080037f5         Code  Gb  I32ToDbl.o [4]
__aeabi_uidiv           0x08002657         Code  Gb  I32DivModFast.o [5]
__aeabi_uidivmod        0x08002657         Code  Gb  I32DivModFast.o [5]
__aeabi_uldivmod        0x080034cf         Code  Gb  I64DivMod.o [5]
__cmain                 0x08006ad5         Code  Gb  cmain.o [5]
__exit                  0x08006b09   0x14  Code  Gb  exit.o [6]
__iar_Atan              0x08005a91  0x148  Code  Gb  xatan.o [4]
__iar_Memchr            0x080034b7   0x18  Code  Gb  memchr.o [5]
__iar_Memset4_word      0x08005529         Code  Gb  ABImemset.o [5]
__iar_Memset_word       0x08005515         Code  Gb  ABImemset.o [5]
__iar_Strchr            0x08003493   0x14  Code  Gb  strchr.o [5]
__iar_copy_init3        0x0800661d   0x30  Code  Gb  copy_init3.o [5]
__iar_d2uiz             0x080037b5         Code  Gb  DblToI32.o [4]
__iar_data_init3        0x08006791   0x28  Code  Gb  data_init.o [5]
__iar_program_start     0x08006c09         Code  Gb  cstartup_M.o [5]
__iar_ui2d              0x080037f9         Code  Gb  I32ToDbl.o [4]
__iar_ui2f              0x08005a19         Code  Gb  I32ToFlt.o [4]
__iar_zero_init3        0x080065e1   0x3c  Code  Gb  zero_init3.o [5]
__low_level_init        0x08006aef    0x4  Code  Gb  low_level_init.o [3]
__vector_table          0x08000000         Data  Gb  startup_stm32f042x6.o [1]
_call_main              0x08006ae1         Code  Gb  cmain.o [5]
_exit                   0x08006afd         Code  Gb  cexit.o [5]
_main                   0x08006aeb         Code  Gb  cmain.o [5]
a                       0x08005c30   0x40  Data  Lc  xatan.o [4]
about                   0x080069f4   0x20  Data  Gb  main.o [1]
accel                   0x20000a40   0x18  Data  Gb  lis3.o [1]
atan                    0x08005859   0x9c  Code  Gb  atan.o [4]
buttonCnts              0x20000a58    0x4  Data  Gb  main.o [1]
delay_us                0x08005499   0x60  Code  Gb  delay.o [1]
display                 0x080069d4   0x20  Data  Gb  main.o [1]
div                     0x080039c9   0x20  Code  Gb  div.o [3]
drawMainScreen          0x0800420d  0x260  Code  Gb  main.o [1]
drawMenu                0x08004115   0xce  Code  Gb  main.o [1]
exit                    0x08006af3    0x8  Code  Gb  exit.o [3]
font12x16               0x08006270  0x180  Data  Gb  ssdFonts.o [1]
font6x8                 0x08005c70  0x600  Data  Gb  ssdFonts.o [1]
getButtonState          0x08003ddd  0x1a6  Code  Gb  main.o [1]
gppin_init              0x080045a7  0x1cc  Code  Gb  gpio.o [1]
hdma_i2c1_rx            0x2000097c   0x3c  Data  Gb  i2c.o [1]
hdma_i2c1_tx            0x200009b8   0x3c  Data  Gb  i2c.o [1]
hi2c1                   0x20000930   0x4c  Data  Gb  i2c.o [1]
initGpios               0x0800456d   0x3a  Code  Gb  gpio.o [1]
kalman                  0x20000a24   0x1c  Data  Gb  main.o [1]
lis3_getXYZ             0x08005311   0x74  Code  Gb  lis3.o [1]
lis3_read               0x080052c1   0x50  Code  Gb  lis3.o [1]
lis3_write              0x0800528f   0x32  Code  Gb  lis3.o [1]
lis3init                0x0800524d   0x42  Code  Gb  lis3.o [1]
lpfx                    0x08004471   0x2e  Code  Gb  main.o [1]
lpfx::Dacc              0x20000a64    0x4  Data  Lc  main.o [1]
lpfx::Dout              0x20000a74    0x2  Data  Lc  main.o [1]
lpfy                    0x080044a5   0x2e  Code  Gb  main.o [1]
lpfy::Dacc              0x20000a68    0x4  Data  Lc  main.o [1]
lpfy::Dout              0x20000a76    0x2  Data  Lc  main.o [1]
lpfz                    0x080044d9   0x2e  Code  Gb  main.o [1]
lpfz::Dacc              0x20000a6c    0x4  Data  Lc  main.o [1]
lpfz::Dout              0x20000a78    0x2  Data  Lc  main.o [1]
main                    0x080039ed  0x26e  Code  Gb  main.o [1]
mchron                  0x08006800   0x24  Data  Gb  main.o [1]
meas                    0x200009f4   0x30  Data  Gb  main.o [1]
menu                    0x2000081c  0x114  Data  Gb  MicroMenu.o [1]
menuFolder              0x08006b94   0x10  Data  Gb  ssdGraph.o [1]
menuScroll              0x08006c54    0x4  Data  Gb  ssdGraph.o [1]
mgeneral                0x08006a14   0x20  Data  Gb  main.o [1]
mincline                0x080066a0   0x28  Data  Gb  main.o [1]
mode                    0x08006678   0x28  Data  Gb  main.o [1]
modeEdit                0x08003d31   0x90  Code  Gb  main.o [1]
parEdit                 0x08003cb9   0x48  Code  Gb  main.o [1]
parEditRedir            0x08003c5b   0x4e  Code  Gb  main.o [1]
pellets                 0x20000004    0x8  Data  Gb  main.o [1]
pinNum                  0x20000000    0x4  Data  Gb  gpio.o [1]
pinsMode                0x080063f0   0xc0  Data  Gb  gpio.o [1]
s16fNorm                0x08003ff5   0x3c  Code  Gb  main.o [1]
scbind                  0x08006a94   0x20  Data  Gb  main.o [1]
scdist                  0x08006740   0x28  Data  Gb  main.o [1]
schrono                 0x08006848   0x24  Data  Gb  main.o [1]
scir                    0x080068b4   0x24  Data  Gb  main.o [1]
sdatime                 0x0800686c   0x24  Data  Gb  main.o [1]
sdcntr                  0x08006920   0x24  Data  Gb  main.o [1]
sdfreq                  0x08006944   0x24  Data  Gb  main.o [1]
sdisplay                0x08006a34   0x20  Data  Gb  main.o [1]
service                 0x08006768   0x28  Data  Gb  main.o [1]
setts                   0x080067dc   0x24  Data  Gb  main.o [1]
sibrdr                  0x0800664c   0x2c  Data  Gb  main.o [1]
sical                   0x080068fc   0x24  Data  Gb  main.o [1]
sifilt                  0x080068d8   0x24  Data  Gb  main.o [1]
sincline                0x080066c8   0x28  Data  Gb  main.o [1]
smag                    0x08006824   0x24  Data  Gb  main.o [1]
smcapacity              0x08006890   0x24  Data  Gb  main.o [1]
smoff                   0x08006a74   0x20  Data  Gb  main.o [1]
smon                    0x08006a54   0x20  Data  Gb  main.o [1]
spdoff                  0x08006968   0x24  Data  Gb  main.o [1]
sppd                    0x0800698c   0x24  Data  Gb  main.o [1]
sprintf                 0x08005559   0x38  Code  Gb  sprintf.o [3]
spslp                   0x08006ab4   0x20  Data  Gb  main.o [1]
spsupply                0x08006718   0x28  Data  Gb  main.o [1]
ssdBatt                 0x08006ba4   0x10  Data  Gb  ssdGraph.o [1]
ssdVideoBff             0x20000418  0x404  Data  Gb  ug2864.o [1]
ssd_putBatt             0x08004dd9   0xb0  Code  Gb  ug2864.o [1]
ssd_putChar12x16        0x08004e95   0xf4  Code  Gb  ug2864.o [1]
ssd_putChar6x8          0x08004fad   0x5a  Code  Gb  ug2864.o [1]
ssd_putMenuFolder       0x08004d89   0x50  Code  Gb  ug2864.o [1]
ssd_putMenuScroll       0x08004b99   0xae  Code  Gb  ug2864.o [1]
ssd_putMsgBox           0x080048e5   0x8a  Code  Gb  ug2864.o [1]
ssd_putParBox           0x08004825   0xb8  Code  Gb  ug2864.o [1]
ssd_putPitchBar         0x08004c47  0x13e  Code  Gb  ug2864.o [1]
ssd_putRollBar          0x0800496f  0x220  Code  Gb  ug2864.o [1]
ssd_putString12x16      0x08004f89   0x24  Code  Gb  ug2864.o [1]
ssd_putString6x8        0x0800500d   0x24  Code  Gb  ug2864.o [1]
ssd_setpix              0x08005031   0xc8  Code  Gb  ug2864.o [1]
stats                   0x080067b8   0x24  Data  Gb  main.o [1]
strcpy                  0x080054f9         Code  Gb  strcpy.o [5]
strlen                  0x080034a7   0x10  Code  Gb  strlen.o [5]
swusrc                  0x080066f0   0x28  Data  Gb  main.o [1]
sysSettings             0x20000a60    0x4  Data  Gb  main.o [1]
tiltAngCalc             0x08003f89   0x5e  Code  Gb  main.o [1]
trxAccData              0x08004065   0xb0  Code  Gb  main.o [1]
ug2864_com              0x080051cd   0x36  Code  Gb  ug2864.o [1]
ug2864_refresh          0x08005209   0x1e  Code  Gb  ug2864.o [1]
ug2864init              0x080050fd   0xd0  Code  Gb  ug2864.o [1]
uwTick                  0x20000a70    0x4  Data  Gb  stm32f0xx_hal.o [1]


[1] = C:\Users\4eef\Projects\Chronograph+\SW\Chrono-Terminal-V1.0\firmware\PROJ_DIR\Debug\Obj
[2] = command line
[3] = dl6M_tln.a
[4] = m6M_tl.a
[5] = rt6M_tl.a
[6] = shb_l.a

  24 230 bytes of readonly  code memory
   3 542 bytes of readonly  data memory
   2 678 bytes of readwrite data memory

Errors: none
Warnings: none
