###############################################################################
#
# IAR ELF Linker V7.80.2.11947/W32 for ARM                18/Jan/2017  00:50:34
# Copyright 2007-2016 IAR Systems AB.
#
#    Output file  =  
#        C:\Users\4eef\Projects\Chronograph+\SW\Chrono-Terminal-V1.0\firmware\PROJ_DIR\Debug\Exe\Chrono-Terminal-V1.0.out
#    Map file     =  
#        C:\Users\4eef\Projects\Chronograph+\SW\Chrono-Terminal-V1.0\firmware\PROJ_DIR\Debug\List\Chrono-Terminal-V1.0.map
#    Command line =  
#        C:\Users\4eef\Projects\Chronograph+\SW\Chrono-Terminal-V1.0\firmware\PROJ_DIR\Debug\Obj\adc.o
#        C:\Users\4eef\Projects\Chronograph+\SW\Chrono-Terminal-V1.0\firmware\PROJ_DIR\Debug\Obj\clock.o
#        C:\Users\4eef\Projects\Chronograph+\SW\Chrono-Terminal-V1.0\firmware\PROJ_DIR\Debug\Obj\delay.o
#        C:\Users\4eef\Projects\Chronograph+\SW\Chrono-Terminal-V1.0\firmware\PROJ_DIR\Debug\Obj\filter.o
#        C:\Users\4eef\Projects\Chronograph+\SW\Chrono-Terminal-V1.0\firmware\PROJ_DIR\Debug\Obj\gpio.o
#        C:\Users\4eef\Projects\Chronograph+\SW\Chrono-Terminal-V1.0\firmware\PROJ_DIR\Debug\Obj\i2c.o
#        C:\Users\4eef\Projects\Chronograph+\SW\Chrono-Terminal-V1.0\firmware\PROJ_DIR\Debug\Obj\IR.o
#        C:\Users\4eef\Projects\Chronograph+\SW\Chrono-Terminal-V1.0\firmware\PROJ_DIR\Debug\Obj\lis3.o
#        C:\Users\4eef\Projects\Chronograph+\SW\Chrono-Terminal-V1.0\firmware\PROJ_DIR\Debug\Obj\main.o
#        C:\Users\4eef\Projects\Chronograph+\SW\Chrono-Terminal-V1.0\firmware\PROJ_DIR\Debug\Obj\MicroMenu.o
#        C:\Users\4eef\Projects\Chronograph+\SW\Chrono-Terminal-V1.0\firmware\PROJ_DIR\Debug\Obj\ssdFonts.o
#        C:\Users\4eef\Projects\Chronograph+\SW\Chrono-Terminal-V1.0\firmware\PROJ_DIR\Debug\Obj\ssdGraph.o
#        C:\Users\4eef\Projects\Chronograph+\SW\Chrono-Terminal-V1.0\firmware\PROJ_DIR\Debug\Obj\startup_stm32f042x6.o
#        C:\Users\4eef\Projects\Chronograph+\SW\Chrono-Terminal-V1.0\firmware\PROJ_DIR\Debug\Obj\stm32f0xx_hal.o
#        C:\Users\4eef\Projects\Chronograph+\SW\Chrono-Terminal-V1.0\firmware\PROJ_DIR\Debug\Obj\stm32f0xx_hal_adc.o
#        C:\Users\4eef\Projects\Chronograph+\SW\Chrono-Terminal-V1.0\firmware\PROJ_DIR\Debug\Obj\stm32f0xx_hal_adc_ex.o
#        C:\Users\4eef\Projects\Chronograph+\SW\Chrono-Terminal-V1.0\firmware\PROJ_DIR\Debug\Obj\stm32f0xx_hal_can.o
#        C:\Users\4eef\Projects\Chronograph+\SW\Chrono-Terminal-V1.0\firmware\PROJ_DIR\Debug\Obj\stm32f0xx_hal_cec.o
#        C:\Users\4eef\Projects\Chronograph+\SW\Chrono-Terminal-V1.0\firmware\PROJ_DIR\Debug\Obj\stm32f0xx_hal_comp.o
#        C:\Users\4eef\Projects\Chronograph+\SW\Chrono-Terminal-V1.0\firmware\PROJ_DIR\Debug\Obj\stm32f0xx_hal_cortex.o
#        C:\Users\4eef\Projects\Chronograph+\SW\Chrono-Terminal-V1.0\firmware\PROJ_DIR\Debug\Obj\stm32f0xx_hal_crc.o
#        C:\Users\4eef\Projects\Chronograph+\SW\Chrono-Terminal-V1.0\firmware\PROJ_DIR\Debug\Obj\stm32f0xx_hal_crc_ex.o
#        C:\Users\4eef\Projects\Chronograph+\SW\Chrono-Terminal-V1.0\firmware\PROJ_DIR\Debug\Obj\stm32f0xx_hal_dac.o
#        C:\Users\4eef\Projects\Chronograph+\SW\Chrono-Terminal-V1.0\firmware\PROJ_DIR\Debug\Obj\stm32f0xx_hal_dac_ex.o
#        C:\Users\4eef\Projects\Chronograph+\SW\Chrono-Terminal-V1.0\firmware\PROJ_DIR\Debug\Obj\stm32f0xx_hal_dma.o
#        C:\Users\4eef\Projects\Chronograph+\SW\Chrono-Terminal-V1.0\firmware\PROJ_DIR\Debug\Obj\stm32f0xx_hal_flash.o
#        C:\Users\4eef\Projects\Chronograph+\SW\Chrono-Terminal-V1.0\firmware\PROJ_DIR\Debug\Obj\stm32f0xx_hal_flash_ex.o
#        C:\Users\4eef\Projects\Chronograph+\SW\Chrono-Terminal-V1.0\firmware\PROJ_DIR\Debug\Obj\stm32f0xx_hal_gpio.o
#        C:\Users\4eef\Projects\Chronograph+\SW\Chrono-Terminal-V1.0\firmware\PROJ_DIR\Debug\Obj\stm32f0xx_hal_i2c.o
#        C:\Users\4eef\Projects\Chronograph+\SW\Chrono-Terminal-V1.0\firmware\PROJ_DIR\Debug\Obj\stm32f0xx_hal_i2c_ex.o
#        C:\Users\4eef\Projects\Chronograph+\SW\Chrono-Terminal-V1.0\firmware\PROJ_DIR\Debug\Obj\stm32f0xx_hal_i2s.o
#        C:\Users\4eef\Projects\Chronograph+\SW\Chrono-Terminal-V1.0\firmware\PROJ_DIR\Debug\Obj\stm32f0xx_hal_irda.o
#        C:\Users\4eef\Projects\Chronograph+\SW\Chrono-Terminal-V1.0\firmware\PROJ_DIR\Debug\Obj\stm32f0xx_hal_iwdg.o
#        C:\Users\4eef\Projects\Chronograph+\SW\Chrono-Terminal-V1.0\firmware\PROJ_DIR\Debug\Obj\stm32f0xx_hal_msp.o
#        C:\Users\4eef\Projects\Chronograph+\SW\Chrono-Terminal-V1.0\firmware\PROJ_DIR\Debug\Obj\stm32f0xx_hal_pcd.o
#        C:\Users\4eef\Projects\Chronograph+\SW\Chrono-Terminal-V1.0\firmware\PROJ_DIR\Debug\Obj\stm32f0xx_hal_pcd_ex.o
#        C:\Users\4eef\Projects\Chronograph+\SW\Chrono-Terminal-V1.0\firmware\PROJ_DIR\Debug\Obj\stm32f0xx_hal_pwr.o
#        C:\Users\4eef\Projects\Chronograph+\SW\Chrono-Terminal-V1.0\firmware\PROJ_DIR\Debug\Obj\stm32f0xx_hal_pwr_ex.o
#        C:\Users\4eef\Projects\Chronograph+\SW\Chrono-Terminal-V1.0\firmware\PROJ_DIR\Debug\Obj\stm32f0xx_hal_rcc.o
#        C:\Users\4eef\Projects\Chronograph+\SW\Chrono-Terminal-V1.0\firmware\PROJ_DIR\Debug\Obj\stm32f0xx_hal_rcc_ex.o
#        C:\Users\4eef\Projects\Chronograph+\SW\Chrono-Terminal-V1.0\firmware\PROJ_DIR\Debug\Obj\stm32f0xx_hal_rtc.o
#        C:\Users\4eef\Projects\Chronograph+\SW\Chrono-Terminal-V1.0\firmware\PROJ_DIR\Debug\Obj\stm32f0xx_hal_rtc_ex.o
#        C:\Users\4eef\Projects\Chronograph+\SW\Chrono-Terminal-V1.0\firmware\PROJ_DIR\Debug\Obj\stm32f0xx_hal_smartcard.o
#        C:\Users\4eef\Projects\Chronograph+\SW\Chrono-Terminal-V1.0\firmware\PROJ_DIR\Debug\Obj\stm32f0xx_hal_smartcard_ex.o
#        C:\Users\4eef\Projects\Chronograph+\SW\Chrono-Terminal-V1.0\firmware\PROJ_DIR\Debug\Obj\stm32f0xx_hal_smbus.o
#        C:\Users\4eef\Projects\Chronograph+\SW\Chrono-Terminal-V1.0\firmware\PROJ_DIR\Debug\Obj\stm32f0xx_hal_spi.o
#        C:\Users\4eef\Projects\Chronograph+\SW\Chrono-Terminal-V1.0\firmware\PROJ_DIR\Debug\Obj\stm32f0xx_hal_spi_ex.o
#        C:\Users\4eef\Projects\Chronograph+\SW\Chrono-Terminal-V1.0\firmware\PROJ_DIR\Debug\Obj\stm32f0xx_hal_tim.o
#        C:\Users\4eef\Projects\Chronograph+\SW\Chrono-Terminal-V1.0\firmware\PROJ_DIR\Debug\Obj\stm32f0xx_hal_tim_ex.o
#        C:\Users\4eef\Projects\Chronograph+\SW\Chrono-Terminal-V1.0\firmware\PROJ_DIR\Debug\Obj\stm32f0xx_hal_tsc.o
#        C:\Users\4eef\Projects\Chronograph+\SW\Chrono-Terminal-V1.0\firmware\PROJ_DIR\Debug\Obj\stm32f0xx_hal_uart.o
#        C:\Users\4eef\Projects\Chronograph+\SW\Chrono-Terminal-V1.0\firmware\PROJ_DIR\Debug\Obj\stm32f0xx_hal_uart_ex.o
#        C:\Users\4eef\Projects\Chronograph+\SW\Chrono-Terminal-V1.0\firmware\PROJ_DIR\Debug\Obj\stm32f0xx_hal_usart.o
#        C:\Users\4eef\Projects\Chronograph+\SW\Chrono-Terminal-V1.0\firmware\PROJ_DIR\Debug\Obj\stm32f0xx_hal_wwdg.o
#        C:\Users\4eef\Projects\Chronograph+\SW\Chrono-Terminal-V1.0\firmware\PROJ_DIR\Debug\Obj\stm32f0xx_it.o
#        C:\Users\4eef\Projects\Chronograph+\SW\Chrono-Terminal-V1.0\firmware\PROJ_DIR\Debug\Obj\stm32f0xx_ll_adc.o
#        C:\Users\4eef\Projects\Chronograph+\SW\Chrono-Terminal-V1.0\firmware\PROJ_DIR\Debug\Obj\stm32f0xx_ll_comp.o
#        C:\Users\4eef\Projects\Chronograph+\SW\Chrono-Terminal-V1.0\firmware\PROJ_DIR\Debug\Obj\stm32f0xx_ll_crc.o
#        C:\Users\4eef\Projects\Chronograph+\SW\Chrono-Terminal-V1.0\firmware\PROJ_DIR\Debug\Obj\stm32f0xx_ll_crs.o
#        C:\Users\4eef\Projects\Chronograph+\SW\Chrono-Terminal-V1.0\firmware\PROJ_DIR\Debug\Obj\stm32f0xx_ll_dac.o
#        C:\Users\4eef\Projects\Chronograph+\SW\Chrono-Terminal-V1.0\firmware\PROJ_DIR\Debug\Obj\stm32f0xx_ll_dma.o
#        C:\Users\4eef\Projects\Chronograph+\SW\Chrono-Terminal-V1.0\firmware\PROJ_DIR\Debug\Obj\stm32f0xx_ll_exti.o
#        C:\Users\4eef\Projects\Chronograph+\SW\Chrono-Terminal-V1.0\firmware\PROJ_DIR\Debug\Obj\stm32f0xx_ll_gpio.o
#        C:\Users\4eef\Projects\Chronograph+\SW\Chrono-Terminal-V1.0\firmware\PROJ_DIR\Debug\Obj\stm32f0xx_ll_i2c.o
#        C:\Users\4eef\Projects\Chronograph+\SW\Chrono-Terminal-V1.0\firmware\PROJ_DIR\Debug\Obj\stm32f0xx_ll_pwr.o
#        C:\Users\4eef\Projects\Chronograph+\SW\Chrono-Terminal-V1.0\firmware\PROJ_DIR\Debug\Obj\stm32f0xx_ll_rcc.o
#        C:\Users\4eef\Projects\Chronograph+\SW\Chrono-Terminal-V1.0\firmware\PROJ_DIR\Debug\Obj\stm32f0xx_ll_rtc.o
#        C:\Users\4eef\Projects\Chronograph+\SW\Chrono-Terminal-V1.0\firmware\PROJ_DIR\Debug\Obj\stm32f0xx_ll_spi.o
#        C:\Users\4eef\Projects\Chronograph+\SW\Chrono-Terminal-V1.0\firmware\PROJ_DIR\Debug\Obj\stm32f0xx_ll_tim.o
#        C:\Users\4eef\Projects\Chronograph+\SW\Chrono-Terminal-V1.0\firmware\PROJ_DIR\Debug\Obj\stm32f0xx_ll_usart.o
#        C:\Users\4eef\Projects\Chronograph+\SW\Chrono-Terminal-V1.0\firmware\PROJ_DIR\Debug\Obj\stm32f0xx_ll_utils.o
#        C:\Users\4eef\Projects\Chronograph+\SW\Chrono-Terminal-V1.0\firmware\PROJ_DIR\Debug\Obj\sync.o
#        C:\Users\4eef\Projects\Chronograph+\SW\Chrono-Terminal-V1.0\firmware\PROJ_DIR\Debug\Obj\system_stm32f0xx.o
#        C:\Users\4eef\Projects\Chronograph+\SW\Chrono-Terminal-V1.0\firmware\PROJ_DIR\Debug\Obj\ug2864.o
#        -o
#        C:\Users\4eef\Projects\Chronograph+\SW\Chrono-Terminal-V1.0\firmware\PROJ_DIR\Debug\Exe\Chrono-Terminal-V1.0.out
#        --redirect _Printf=_PrintfLargeNoMb --map
#        C:\Users\4eef\Projects\Chronograph+\SW\Chrono-Terminal-V1.0\firmware\PROJ_DIR\Debug\List\Chrono-Terminal-V1.0.map
#        --config "C:\Program Files (x86)\IAR Systems\Embedded Workbench
#        7.5\arm\config\linker\ST\stm32f042x6.icf" --semihosting --entry
#        __iar_program_start --vfe
#
###############################################################################

*******************************************************************************
*** RUNTIME MODEL ATTRIBUTES
***

CppFlavor       = *
__SystemLibrary = DLib


*******************************************************************************
*** PLACEMENT SUMMARY
***

"A0":  place at 0x08000000 { ro section .intvec };
"P1":  place in [from 0x08000000 to 0x08007fff] { ro };
"P2":  place in [from 0x20000000 to 0x200017ff] { rw, block CSTACK, block HEAP };
initialize by copy { rw };

  Section            Kind        Address    Size  Object
  -------            ----        -------    ----  ------
"A0":                                       0xc0
  .intvec            ro code  0x08000000    0xc0  startup_stm32f042x6.o [1]
                            - 0x080000c0    0xc0

"P1":                                     0x7564
  .text              ro code  0x080000c0  0x12e8  stm32f0xx_hal_i2c.o [1]
  .text              ro code  0x080013a8   0x15c  stm32f0xx_hal_msp.o [1]
  .text              ro code  0x08001504     0xc  stm32f0xx_hal.o [1]
  .text              ro code  0x08001510   0x27c  stm32f0xx_hal_dma.o [1]
  .text              ro code  0x0800178c     0x2  stm32f0xx_hal_i2c.o [1]
  .text              ro code  0x0800178e     0x2  stm32f0xx_hal_i2c.o [1]
  .text              ro code  0x08001790     0x2  stm32f0xx_hal_i2c.o [1]
  .text              ro code  0x08001792     0x2  stm32f0xx_hal_i2c.o [1]
  .text              ro code  0x08001794     0x2  stm32f0xx_hal_i2c.o [1]
  .text              ro code  0x08001796     0x2  stm32f0xx_hal_i2c.o [1]
  .text              ro code  0x08001798     0x2  stm32f0xx_hal_i2c.o [1]
  .text              ro code  0x0800179a     0x2  stm32f0xx_hal_i2c.o [1]
  .text              ro code  0x0800179c     0x2  stm32f0xx_hal_i2c.o [1]
  .text              ro code  0x0800179e     0x2  stm32f0xx_hal_i2c.o [1]
  .text              ro code  0x080017a0   0x136  stm32f0xx_hal_cortex.o [1]
  .text              ro code  0x080018d6     0xa  xsprout.o [3]
  .text              ro code  0x080018e0   0x1ec  stm32f0xx_hal_gpio.o [1]
  .text              ro code  0x08001acc    0x98  clock.o [1]
  .text              ro code  0x08001b64    0xe0  I32DivModFast.o [5]
  .text              ro code  0x08001c44   0x810  stm32f0xx_hal_rcc.o [1]
  .text              ro code  0x08002454   0x170  stm32f0xx_hal_rcc_ex.o [1]
  .text              ro code  0x080025c4     0x2  IntDivZer.o [5]
  .text              ro code  0x080025c6    0x24  stm32f0xx_hal.o [1]
  .rodata            const    0x080025ea     0x2  main.o [1]
  .text              ro code  0x080025ec    0x5c  ABImemcpy.o [5]
  .text              ro code  0x08002648   0xff4  main.o [1]
  .text              ro code  0x0800363c    0x20  stm32f0xx_hal.o [1]
  .text              ro code  0x0800365c   0x220  gpio.o [1]
  .text              ro code  0x0800387c    0x98  i2c.o [1]
  .text              ro code  0x08003914   0xa10  ug2864.o [1]
  .text              ro code  0x08004324   0x148  lis3.o [1]
  .text              ro code  0x0800446c   0x47c  IR.o [1]
  .text              ro code  0x080048e8    0xbc  sync.o [1]
  .text              ro code  0x080049a4   0x1c0  adc.o [1]
  .text              ro code  0x08004b64    0x10  strcpy.o [5]
  .text              ro code  0x08004b74    0x38  sprintf.o [3]
  .text              ro code  0x08004bac    0xdc  MicroMenu.o [1]
  .text              ro code  0x08004c88    0x50  ABImemset.o [5]
  .text              ro code  0x08004cd8    0x10  strlen.o [5]
  .text              ro code  0x08004ce8    0xb0  FltMul.o [4]
  .text              ro code  0x08004d98   0x116  FltAddSub.o [4]
  .rodata            const    0x08004eae     0x2  ug2864.o [1]
  .text              ro code  0x08004eb0    0x20  FltCmpEq.o [4]
  .text              ro code  0x08004ed0    0xaa  FltDiv.o [4]
  .rodata            const    0x08004f7a     0x2  ug2864.o [1]
  .text              ro code  0x08004f7c    0x32  FltToDbl.o [4]
  .text              ro code  0x08004fae     0x2  startup_stm32f042x6.o [1]
  .text              ro code  0x08004fb0    0x9c  atan.o [4]
  .text              ro code  0x0800504c   0x184  DblMul.o [4]
  .text              ro code  0x080051d0    0x62  DblToFlt.o [4]
  .text              ro code  0x08005232     0x2  startup_stm32f042x6.o [1]
  .text              ro code  0x08005234    0x34  I32ToDbl.o [4]
  .text              ro code  0x08005268    0xc2  DblDiv.o [4]
  .text              ro code  0x0800532a     0x2  startup_stm32f042x6.o [1]
  .text              ro code  0x0800532c    0xa4  filter.o [1]
  .text              ro code  0x080053d0    0x6c  stm32f0xx_hal_i2c_ex.o [1]
  .text              ro code  0x0800543c    0x3a  FltToS32.o [4]
  .text              ro code  0x08005476     0x2  startup_stm32f042x6.o [1]
  .text              ro code  0x08005478    0x32  I32ToFlt.o [4]
  .text              ro code  0x080054aa     0x2  startup_stm32f042x6.o [1]
  .text              ro code  0x080054ac    0x28  FltCmpGe.o [4]
  .text              ro code  0x080054d4    0x60  delay.o [1]
  .text              ro code  0x08005534   0xd0a  xprintflarge_nomb.o [3]
  .text              ro code  0x0800623e    0x32  DblCmpLe.o [4]
  .text              ro code  0x08006270    0x32  DblCmpGe.o [4]
  .text              ro code  0x080062a2    0x3c  zero_init3.o [5]
  .text              ro code  0x080062de     0x2  startup_stm32f042x6.o [1]
  .text              ro code  0x080062e0   0x1e0  xatan.o [4]
  .text              ro code  0x080064c0    0x14  strchr.o [5]
  .text              ro code  0x080064d4    0x18  memchr.o [5]
  .text              ro code  0x080064ec    0x6a  I64DivMod.o [5]
  .text              ro code  0x08006556     0x2  startup_stm32f042x6.o [1]
  .text              ro code  0x08006558    0x2e  DblToI32.o [4]
  .text              ro code  0x08006586   0x1b4  DblAddSub.o [4]
  .text              ro code  0x0800673a    0x20  div.o [3]
  .text              ro code  0x0800675a     0x2  startup_stm32f042x6.o [1]
  .text              ro code  0x0800675c     0x2  I64DivZer.o [5]
  .text              ro code  0x0800675e     0x2  startup_stm32f042x6.o [1]
  .rodata            const    0x08006760   0x600  ssdFonts.o [1]
  .rodata            const    0x08006d60   0x180  ssdFonts.o [1]
  .rodata            const    0x08006ee0    0xa8  gpio.o [1]
  .text              ro code  0x08006f88    0x94  system_stm32f0xx.o [1]
  .text              ro code  0x0800701c    0x4e  stm32f0xx_it.o [1]
  .text              ro code  0x0800706a     0x2  startup_stm32f042x6.o [1]
  .text              ro code  0x0800706c    0x10  stm32f0xx_hal.o [1]
  .text              ro code  0x0800707c    0x3c  startup_stm32f042x6.o [1]
  .text              ro code  0x080070b8    0x30  copy_init3.o [5]
  .rodata            const    0x080070e8    0x2c  main.o [1]
  .rodata            const    0x08007114    0x2c  main.o [1]
  .rodata            const    0x08007140    0x28  main.o [1]
  .rodata            const    0x08007168    0x28  main.o [1]
  .rodata            const    0x08007190    0x28  main.o [1]
  .rodata            const    0x080071b8    0x28  main.o [1]
  .rodata            const    0x080071e0    0x28  main.o [1]
  .rodata            const    0x08007208    0x28  main.o [1]
  .rodata            const    0x08007230    0x28  main.o [1]
  .text              ro code  0x08007258    0x28  data_init.o [5]
  .rodata            const    0x08007280    0x24  main.o [1]
  .rodata            const    0x080072a4    0x24  main.o [1]
  .rodata            const    0x080072c8    0x24  main.o [1]
  .rodata            const    0x080072ec    0x24  main.o [1]
  .rodata            const    0x08007310    0x24  main.o [1]
  .rodata            const    0x08007334    0x24  main.o [1]
  .iar.init_table    const    0x08007358    0x24  - Linker created -
  .rodata            const    0x0800737c    0x20  main.o [1]
  .rodata            const    0x0800739c    0x20  main.o [1]
  .rodata            const    0x080073bc    0x20  main.o [1]
  .rodata            const    0x080073dc    0x20  main.o [1]
  .rodata            const    0x080073fc    0x20  main.o [1]
  .rodata            const    0x0800741c    0x20  main.o [1]
  .text              ro code  0x0800743c    0x1a  cmain.o [5]
  .text              ro code  0x08007456     0x4  low_level_init.o [3]
  .text              ro code  0x0800745a     0x8  exit.o [3]
  .text              ro code  0x08007462     0x2  startup_stm32f042x6.o [1]
  .text              ro code  0x08007464     0xa  cexit.o [5]
  .text              ro code  0x0800746e     0x2  startup_stm32f042x6.o [1]
  .text              ro code  0x08007470    0x14  exit.o [6]
  .rodata            const    0x08007484    0x18  main.o [1]
  .rodata            const    0x0800749c    0x18  MicroMenu.o [1]
  .rodata            const    0x080074b4    0x14  main.o [1]
  .rodata            const    0x080074c8    0x14  main.o [1]
  .rodata            const    0x080074dc    0x14  main.o [1]
  .rodata            const    0x080074f0    0x10  main.o [1]
  .rodata            const    0x08007500    0x10  main.o [1]
  .rodata            const    0x08007510    0x10  main.o [1]
  .rodata            const    0x08007520    0x10  ssdGraph.o [1]
  .rodata            const    0x08007530    0x10  ssdGraph.o [1]
  .rodata            const    0x08007540    0x10  stm32f0xx_hal_rcc.o [1]
  .rodata            const    0x08007550    0x10  stm32f0xx_hal_rcc.o [1]
  .rodata            const    0x08007560    0x10  system_stm32f0xx.o [1]
  .rodata            const    0x08007570     0xc  main.o [1]
  .rodata            const    0x0800757c     0xc  main.o [1]
  .rodata            const    0x08007588     0xc  main.o [1]
  .rodata            const    0x08007594     0xc  main.o [1]
  .rodata            const    0x080075a0     0xc  main.o [1]
  .text              ro code  0x080075ac     0xc  cstartup_M.o [5]
  Initializer bytes  const    0x080075b8     0xc  <for P2-1>
  .rodata            const    0x080075c4     0x8  main.o [1]
  .rodata            const    0x080075cc     0x8  main.o [1]
  .rodata            const    0x080075d4     0x8  main.o [1]
  .rodata            const    0x080075dc     0x8  main.o [1]
  .rodata            const    0x080075e4     0x8  main.o [1]
  .rodata            const    0x080075ec     0x8  ug2864.o [1]
  .rodata            const    0x080075f4     0x8  ug2864.o [1]
  .rodata            const    0x080075fc     0x8  xprintflarge_nomb.o [3]
  .rodata            const    0x08007604     0x4  ssdGraph.o [1]
  .text              ro code  0x08007608     0x2  startup_stm32f042x6.o [1]
  .text              ro code  0x0800760a     0x2  startup_stm32f042x6.o [1]
  .text              ro code  0x0800760c     0x2  startup_stm32f042x6.o [1]
  .text              ro code  0x0800760e     0x2  startup_stm32f042x6.o [1]
  .text              ro code  0x08007610     0x2  startup_stm32f042x6.o [1]
  .text              ro code  0x08007612     0x2  startup_stm32f042x6.o [1]
  .text              ro code  0x08007614     0x2  startup_stm32f042x6.o [1]
  .text              ro code  0x08007616     0x2  startup_stm32f042x6.o [1]
  .text              ro code  0x08007618     0x2  startup_stm32f042x6.o [1]
  .text              ro code  0x0800761a     0x2  startup_stm32f042x6.o [1]
  .text              ro code  0x0800761c     0x2  startup_stm32f042x6.o [1]
  .text              ro code  0x0800761e     0x2  startup_stm32f042x6.o [1]
  .text              ro code  0x08007620     0x2  startup_stm32f042x6.o [1]
  .text              ro code  0x08007622     0x2  startup_stm32f042x6.o [1]
  .rodata            const    0x08007624     0x0  zero_init3.o [5]
  .rodata            const    0x08007624     0x0  copy_init3.o [5]
                            - 0x08007624  0x7564

"P2", part 1 of 3:                           0xc
  P2-1                        0x20000000     0xc  <Init block>
    .data            inited   0x20000000     0x4  gpio.o [1]
    .data            inited   0x20000004     0x4  MicroMenu.o [1]
    .data            inited   0x20000008     0x4  system_stm32f0xx.o [1]
                            - 0x2000000c     0xc

"P2", part 2 of 3:                         0x400
  CSTACK                      0x20000010   0x400  <Block>
    CSTACK           uninit   0x20000010   0x400  <Block tail>
                            - 0x20000410   0x400

"P2", part 3 of 3:                         0xa0c
  .bss               zero     0x20000410   0x404  ug2864.o [1]
  .bss               zero     0x20000814   0x248  main.o [1]
  .bss               zero     0x20000a5c   0x16c  main.o [1]
  .bss               zero     0x20000bc8   0x114  MicroMenu.o [1]
  .bss               zero     0x20000cdc    0x4c  i2c.o [1]
  .bss               zero     0x20000d28    0x44  i2c.o [1]
  .bss               zero     0x20000d6c    0x44  i2c.o [1]
  .bss               zero     0x20000db0    0x1c  filter.o [1]
  .bss               zero     0x20000dcc    0x18  lis3.o [1]
  .bss               zero     0x20000de4    0x14  IR.o [1]
  .bss               zero     0x20000df8     0x4  adc.o [1]
  .bss               zero     0x20000dfc     0x4  filter.o [1]
  .bss               zero     0x20000e00     0x4  filter.o [1]
  .bss               zero     0x20000e04     0x4  filter.o [1]
  .bss               zero     0x20000e08     0x4  main.o [1]
  .bss               zero     0x20000e0c     0x4  main.o [1]
  .bss               zero     0x20000e10     0x4  stm32f0xx_hal.o [1]
  .bss               zero     0x20000e14     0x2  filter.o [1]
  .bss               zero     0x20000e16     0x2  filter.o [1]
  .bss               zero     0x20000e18     0x2  filter.o [1]
                            - 0x20000e1a   0xa0a


*******************************************************************************
*** INIT TABLE
***

          Address     Size
          -------     ----
Zero (__iar_zero_init3)
    1 destination range, total size 0xa0a:
          0x20000410  0xa0a

Copy (__iar_copy_init3)
    1 source range, total size 0xc:
          0x080075b8    0xc
    1 destination range, total size 0xc:
          0x20000000    0xc



*******************************************************************************
*** MODULE SUMMARY
***

    Module                  ro code  ro data  rw data
    ------                  -------  -------  -------
C:\Users\4eef\Projects\Chronograph+\SW\Chrono-Terminal-V1.0\firmware\PROJ_DIR\Debug\Obj: [1]
    IR.o                      1 148                20
    MicroMenu.o                 220       28      280
    adc.o                       448                 4
    clock.o                     152
    delay.o                      96
    filter.o                    164                46
    gpio.o                      544      172        4
    i2c.o                       152               212
    lis3.o                      328                24
    main.o                    4 084    1 010      956
    ssdFonts.o                         1 920
    ssdGraph.o                            36
    startup_stm32f042x6.o       304
    stm32f0xx_hal.o              96                 4
    stm32f0xx_hal_cortex.o      310
    stm32f0xx_hal_dma.o         636
    stm32f0xx_hal_gpio.o        492
    stm32f0xx_hal_i2c.o       4 860
    stm32f0xx_hal_i2c_ex.o      108
    stm32f0xx_hal_msp.o         348
    stm32f0xx_hal_rcc.o       2 064       32
    stm32f0xx_hal_rcc_ex.o      368
    stm32f0xx_it.o               78
    sync.o                      188
    system_stm32f0xx.o          148       20        4
    ug2864.o                  2 576       20    1 028
    -------------------------------------------------
    Total:                   19 912    3 238    2 582

command line: [2]
    -------------------------------------------------
    Total:

dl6M_tln.a: [3]
    div.o                        32
    exit.o                        8
    low_level_init.o              4
    sprintf.o                    56
    xprintflarge_nomb.o       3 338        8
    xsprout.o                    10
    -------------------------------------------------
    Total:                    3 448        8

m6M_tl.a: [4]
    DblAddSub.o                 436
    DblCmpGe.o                   50
    DblCmpLe.o                   50
    DblDiv.o                    194
    DblMul.o                    388
    DblToFlt.o                   98
    DblToI32.o                   46
    FltAddSub.o                 278
    FltCmpEq.o                   32
    FltCmpGe.o                   40
    FltDiv.o                    170
    FltMul.o                    176
    FltToDbl.o                   50
    FltToS32.o                   58
    I32ToDbl.o                   52
    I32ToFlt.o                   50
    atan.o                      156
    xatan.o                     480
    -------------------------------------------------
    Total:                    2 804

rt6M_tl.a: [5]
    ABImemcpy.o                  92
    ABImemset.o                  80
    I32DivModFast.o             224
    I64DivMod.o                 106
    I64DivZer.o                   2
    IntDivZer.o                   2
    cexit.o                      10
    cmain.o                      26
    copy_init3.o                 48
    cstartup_M.o                 12
    data_init.o                  40
    memchr.o                     24
    strchr.o                     20
    strcpy.o                     16
    strlen.o                     16
    zero_init3.o                 60
    -------------------------------------------------
    Total:                      778

shb_l.a: [6]
    exit.o                       20
    -------------------------------------------------
    Total:                       20

    Linker created                        36    1 024
-----------------------------------------------------
    Grand Total:             26 962    3 282    3 606


*******************************************************************************
*** ENTRY LIST
***

Entry                      Address   Size  Type      Object
-----                      -------   ----  ----      ------
.iar.init_table$$Base   0x08007358          --   Gb  - Linker created -
.iar.init_table$$Limit  0x0800737c          --   Gb  - Linker created -
?main                   0x0800743d         Code  Gb  cmain.o [5]
ADC1_IRQHandler         0x08004ab3   0x82  Code  Gb  adc.o [1]
AHBPrescTable           0x08007560   0x10  Data  Gb  system_stm32f0xx.o [1]
CSTACK$$Base            0x20000010          --   Gb  - Linker created -
CSTACK$$Limit           0x20000410          --   Gb  - Linker created -
CurrentMenuItem         0x20000e08    0x4  Data  Gb  main.o [1]
CurrentMenuItem         0x20000004    0x4  Data  Lc  MicroMenu.o [1]
DMA1_Channel2_3_IRQHandler
                        0x08007029   0x10  Code  Gb  stm32f0xx_it.o [1]
DMA_CalcBaseAndBitshift
                        0x08001767   0x1a  Code  Lc  stm32f0xx_hal_dma.o [1]
DMA_SetConfig           0x0800173d   0x2a  Code  Lc  stm32f0xx_hal_dma.o [1]
Error_Handler           0x08001b61    0x4  Code  Gb  clock.o [1]
HAL_DMA_Abort_IT        0x08001611   0x58  Code  Gb  stm32f0xx_hal_dma.o [1]
HAL_DMA_IRQHandler      0x08001669   0xd4  Code  Gb  stm32f0xx_hal_dma.o [1]
HAL_DMA_Init            0x08001511   0x6c  Code  Gb  stm32f0xx_hal_dma.o [1]
HAL_DMA_Start_IT        0x08001581   0x90  Code  Gb  stm32f0xx_hal_dma.o [1]
HAL_GPIO_Init           0x080018e1  0x1cc  Code  Gb  stm32f0xx_hal_gpio.o [1]
HAL_GetTick             0x08001505    0xc  Code  Wk  stm32f0xx_hal.o [1]
HAL_I2CEx_ConfigAnalogFilter
                        0x080053d1   0x66  Code  Gb  stm32f0xx_hal_i2c_ex.o [1]
HAL_I2C_AbortCpltCallback
                        0x0800179d    0x2  Code  Wk  stm32f0xx_hal_i2c.o [1]
HAL_I2C_AddrCallback    0x0800178d    0x2  Code  Wk  stm32f0xx_hal_i2c.o [1]
HAL_I2C_ER_IRQHandler   0x080005e7   0x68  Code  Gb  stm32f0xx_hal_i2c.o [1]
HAL_I2C_EV_IRQHandler   0x080005c9   0x1e  Code  Gb  stm32f0xx_hal_i2c.o [1]
HAL_I2C_ErrorCallback   0x0800179f    0x2  Code  Wk  stm32f0xx_hal_i2c.o [1]
HAL_I2C_GetState        0x0800064f    0x6  Code  Gb  stm32f0xx_hal_i2c.o [1]
HAL_I2C_Init            0x080000c1   0xcc  Code  Gb  stm32f0xx_hal_i2c.o [1]
HAL_I2C_ListenCpltCallback
                        0x0800179b    0x2  Code  Wk  stm32f0xx_hal_i2c.o [1]
HAL_I2C_MasterRxCpltCallback
                        0x08001791    0x2  Code  Wk  stm32f0xx_hal_i2c.o [1]
HAL_I2C_MasterTxCpltCallback
                        0x0800178f    0x2  Code  Wk  stm32f0xx_hal_i2c.o [1]
HAL_I2C_Master_Receive  0x08000321  0x184  Code  Gb  stm32f0xx_hal_i2c.o [1]
HAL_I2C_Master_Transmit
                        0x0800018d  0x184  Code  Gb  stm32f0xx_hal_i2c.o [1]
HAL_I2C_Master_Transmit_DMA
                        0x080004a9  0x10a  Code  Gb  stm32f0xx_hal_i2c.o [1]
HAL_I2C_MemRxCpltCallback
                        0x08001799    0x2  Code  Wk  stm32f0xx_hal_i2c.o [1]
HAL_I2C_MemTxCpltCallback
                        0x08001797    0x2  Code  Wk  stm32f0xx_hal_i2c.o [1]
HAL_I2C_MspInit         0x080013f7   0xea  Code  Gb  stm32f0xx_hal_msp.o [1]
HAL_I2C_SlaveRxCpltCallback
                        0x08001795    0x2  Code  Wk  stm32f0xx_hal_i2c.o [1]
HAL_I2C_SlaveTxCpltCallback
                        0x08001793    0x2  Code  Wk  stm32f0xx_hal_i2c.o [1]
HAL_IncTick             0x0800706d   0x10  Code  Wk  stm32f0xx_hal.o [1]
HAL_Init                0x0800363d   0x1c  Code  Gb  stm32f0xx_hal.o [1]
HAL_InitTick            0x080025c7   0x24  Code  Wk  stm32f0xx_hal.o [1]
HAL_MspInit             0x080013a9   0x4e  Code  Gb  stm32f0xx_hal_msp.o [1]
HAL_NVIC_EnableIRQ      0x08001879    0xe  Code  Gb  stm32f0xx_hal_cortex.o [1]
HAL_NVIC_SetPriority    0x08001865   0x14  Code  Gb  stm32f0xx_hal_cortex.o [1]
HAL_RCCEx_PeriphCLKConfig
                        0x08002455  0x14e  Code  Gb  stm32f0xx_hal_rcc_ex.o [1]
HAL_RCC_ClockConfig     0x080021c1  0x192  Code  Gb  stm32f0xx_hal_rcc.o [1]
HAL_RCC_GetHCLKFreq     0x08002421    0x6  Code  Gb  stm32f0xx_hal_rcc.o [1]
HAL_RCC_GetSysClockFreq
                        0x0800236d   0xb4  Code  Gb  stm32f0xx_hal_rcc.o [1]
HAL_RCC_OscConfig       0x08001c45  0x566  Code  Gb  stm32f0xx_hal_rcc.o [1]
HAL_SYSTICK_CLKSourceConfig
                        0x08001893   0x22  Code  Gb  stm32f0xx_hal_cortex.o [1]
HAL_SYSTICK_Callback    0x080018d5    0x2  Code  Wk  stm32f0xx_hal_cortex.o [1]
HAL_SYSTICK_Config      0x08001887    0xc  Code  Gb  stm32f0xx_hal_cortex.o [1]
HAL_SYSTICK_IRQHandler  0x080018cd    0x8  Code  Gb  stm32f0xx_hal_cortex.o [1]
I2C1_IRQHandler         0x08007039   0x22  Code  Gb  stm32f0xx_it.o [1]
I2C_DMAAbort            0x08001007   0x3e  Code  Lc  stm32f0xx_hal_i2c.o [1]
I2C_DMAError            0x08000fe9   0x1e  Code  Lc  stm32f0xx_hal_i2c.o [1]
I2C_DMAMasterTransmitCplt
                        0x08000f83   0x54  Code  Lc  stm32f0xx_hal_i2c.o [1]
I2C_Disable_IRQ         0x0800131d   0x8c  Code  Lc  stm32f0xx_hal_i2c.o [1]
I2C_Enable_IRQ          0x08001277   0x96  Code  Lc  stm32f0xx_hal_i2c.o [1]
I2C_Flush_TXDR          0x08000f5d   0x26  Code  Lc  stm32f0xx_hal_i2c.o [1]
I2C_ITAddrCplt          0x08000a67   0xe6  Code  Lc  stm32f0xx_hal_i2c.o [1]
I2C_ITError             0x08000e5d   0xfa  Code  Lc  stm32f0xx_hal_i2c.o [1]
I2C_ITListenCplt        0x08000df1   0x64  Code  Lc  stm32f0xx_hal_i2c.o [1]
I2C_ITMasterCplt        0x08000c01   0xd8  Code  Lc  stm32f0xx_hal_i2c.o [1]
I2C_ITMasterSequentialCplt
                        0x08000b4d   0x5a  Code  Lc  stm32f0xx_hal_i2c.o [1]
I2C_ITSlaveCplt         0x08000cd9  0x118  Code  Lc  stm32f0xx_hal_i2c.o [1]
I2C_ITSlaveSequentialCplt
                        0x08000ba7   0x5a  Code  Lc  stm32f0xx_hal_i2c.o [1]
I2C_IsAcknowledgeFailed
                        0x080011c9   0x80  Code  Lc  stm32f0xx_hal_i2c.o [1]
I2C_Master_ISR_DMA      0x080008f5   0xf4  Code  Lc  stm32f0xx_hal_i2c.o [1]
I2C_Master_ISR_IT       0x08000655  0x16a  Code  Lc  stm32f0xx_hal_i2c.o [1]
I2C_Slave_ISR_DMA       0x080009e9   0x7e  Code  Lc  stm32f0xx_hal_i2c.o [1]
I2C_Slave_ISR_IT        0x080007bf  0x130  Code  Lc  stm32f0xx_hal_i2c.o [1]
I2C_TransferConfig      0x08001249   0x2e  Code  Lc  stm32f0xx_hal_i2c.o [1]
I2C_WaitOnFlagUntilTimeout
                        0x08001045   0x52  Code  Lc  stm32f0xx_hal_i2c.o [1]
I2C_WaitOnRXNEFlagUntilTimeout
                        0x08001143   0x80  Code  Lc  stm32f0xx_hal_i2c.o [1]
I2C_WaitOnSTOPFlagUntilTimeout
                        0x080010f1   0x52  Code  Lc  stm32f0xx_hal_i2c.o [1]
I2C_WaitOnTXISFlagUntilTimeout
                        0x08001097   0x5a  Code  Lc  stm32f0xx_hal_i2c.o [1]
IRRXData                0x20000de4   0x14  Data  Gb  IR.o [1]
LoadInt                 0x08005af5   0x68  Code  Lc  xprintflarge_nomb.o [3]
MX_DMA_Init             0x080038d5   0x2e  Code  Gb  i2c.o [1]
MX_I2C1_Init            0x0800387d   0x58  Code  Gb  i2c.o [1]
Menu_GetCurrentMenu     0x08004bad    0x6  Code  Gb  MicroMenu.o [1]
Menu_Navigate           0x08004bb3   0xbe  Code  Gb  MicroMenu.o [1]
NULL_MENU               0x0800749c   0x18  Data  Gb  MicroMenu.o [1]
NVIC_EnableIRQ          0x080049a5    0xe  Code  Lc  adc.o [1]
NVIC_EnableIRQ          0x0800446d    0xe  Code  Lc  IR.o [1]
NVIC_EnableIRQ          0x080017a1    0xe  Code  Lc  stm32f0xx_hal_cortex.o [1]
NVIC_SetPriority        0x080049b3   0x84  Code  Lc  adc.o [1]
NVIC_SetPriority        0x0800447b   0x84  Code  Lc  IR.o [1]
NVIC_SetPriority        0x080017af   0x84  Code  Lc  stm32f0xx_hal_cortex.o [1]
Region$$Table$$Base     0x08007358          --   Gb  - Linker created -
Region$$Table$$Limit    0x0800737c          --   Gb  - Linker created -
SysTick_Config          0x08001833   0x32  Code  Lc  stm32f0xx_hal_cortex.o [1]
SysTick_Handler         0x0800701d    0xc  Code  Gb  stm32f0xx_it.o [1]
SystemClock_Config      0x08001acd   0x8e  Code  Gb  clock.o [1]
SystemCoreClock         0x20000008    0x4  Data  Gb  system_stm32f0xx.o [1]
SystemInit              0x08006f89   0x68  Code  Gb  system_stm32f0xx.o [1]
TIM2_IRQHandler         0x0800462d  0x28a  Code  Gb  IR.o [1]
USB_IRQHandler          0x08007069    0x2  Code  Gb  stm32f0xx_it.o [1]
_GenldLargeNoMb         0x08005f71  0x29a  Code  Lc  xprintflarge_nomb.o [3]
_LdtobLargeNoMb         0x08005c89  0x2b0  Code  Lc  xprintflarge_nomb.o [3]
_LitobLargeNoMb         0x08005b5d  0x12a  Code  Lc  xprintflarge_nomb.o [3]
_PrintfLargeNoMb        0x08005535  0x5c0  Code  Gb  xprintflarge_nomb.o [3]
_PutcharsLargeNoMb      0x0800620b   0x30  Code  Lc  xprintflarge_nomb.o [3]
_SProut                 0x080018d7    0xa  Code  Gb  xsprout.o [3]
__ICFEDIT_region_RAM_end__ {Abs}
                        0x200017ff         Data  Gb  command line/config [2]
__ICFEDIT_region_RAM_start__ {Abs}
                        0x20000000         Data  Gb  command line/config [2]
__aeabi_cdcmple         0x0800623f         Code  Gb  DblCmpLe.o [4]
__aeabi_cdrcmple        0x08006271         Code  Gb  DblCmpGe.o [4]
__aeabi_cfcmpeq         0x08004eb1         Code  Gb  FltCmpEq.o [4]
__aeabi_cfrcmple        0x080054ad         Code  Gb  FltCmpGe.o [4]
__aeabi_d2f             0x080051d1         Code  Gb  DblToFlt.o [4]
__aeabi_d2uiz           0x08006559         Code  Gb  DblToI32.o [4]
__aeabi_dadd            0x08006587         Code  Gb  DblAddSub.o [4]
__aeabi_ddiv            0x08005269         Code  Gb  DblDiv.o [4]
__aeabi_dmul            0x0800504d         Code  Gb  DblMul.o [4]
__aeabi_dsub            0x0800664d         Code  Gb  DblAddSub.o [4]
__aeabi_f2d             0x08004f7d         Code  Gb  FltToDbl.o [4]
__aeabi_f2iz            0x0800543d         Code  Gb  FltToS32.o [4]
__aeabi_fadd            0x08004d99         Code  Gb  FltAddSub.o [4]
__aeabi_fdiv            0x08004ed1         Code  Gb  FltDiv.o [4]
__aeabi_fmul            0x08004ce9         Code  Gb  FltMul.o [4]
__aeabi_i2d             0x08005235         Code  Gb  I32ToDbl.o [4]
__aeabi_i2f             0x08005479         Code  Gb  I32ToFlt.o [4]
__aeabi_idiv            0x08001b91         Code  Gb  I32DivModFast.o [5]
__aeabi_idiv0           0x080025c5         Code  Gb  IntDivZer.o [5]
__aeabi_idivmod         0x08001b91         Code  Gb  I32DivModFast.o [5]
__aeabi_ldiv0           0x0800675d         Code  Gb  I64DivZer.o [5]
__aeabi_memcpy          0x080025ed         Code  Gb  ABImemcpy.o [5]
__aeabi_memcpy4         0x08002615         Code  Wk  ABImemcpy.o [5]
__aeabi_memset          0x08004c89         Code  Gb  ABImemset.o [5]
__aeabi_ui2d            0x08005249         Code  Gb  I32ToDbl.o [4]
__aeabi_uidiv           0x08001b97         Code  Gb  I32DivModFast.o [5]
__aeabi_uidivmod        0x08001b97         Code  Gb  I32DivModFast.o [5]
__aeabi_uldivmod        0x080064ed         Code  Gb  I64DivMod.o [5]
__cmain                 0x0800743d         Code  Gb  cmain.o [5]
__exit                  0x08007471   0x14  Code  Gb  exit.o [6]
__iar_Atan              0x080062e1  0x148  Code  Gb  xatan.o [4]
__iar_Memchr            0x080064d5   0x18  Code  Gb  memchr.o [5]
__iar_Memset4_word      0x08004ca9         Code  Gb  ABImemset.o [5]
__iar_Memset_word       0x08004c95         Code  Gb  ABImemset.o [5]
__iar_Strchr            0x080064c1   0x14  Code  Gb  strchr.o [5]
__iar_copy_init3        0x080070b9   0x30  Code  Gb  copy_init3.o [5]
__iar_d2uiz             0x0800655d         Code  Gb  DblToI32.o [4]
__iar_data_init3        0x08007259   0x28  Code  Gb  data_init.o [5]
__iar_program_start     0x080075ad         Code  Gb  cstartup_M.o [5]
__iar_ui2d              0x0800524d         Code  Gb  I32ToDbl.o [4]
__iar_ui2f              0x08005491         Code  Gb  I32ToFlt.o [4]
__iar_zero_init3        0x080062a3   0x3c  Code  Gb  zero_init3.o [5]
__low_level_init        0x08007457    0x4  Code  Gb  low_level_init.o [3]
__vector_table          0x08000000         Data  Gb  startup_stm32f042x6.o [1]
_call_main              0x08007449         Code  Gb  cmain.o [5]
_exit                   0x08007465         Code  Gb  cexit.o [5]
_main                   0x08007453         Code  Gb  cmain.o [5]
a                       0x08006480   0x40  Data  Lc  xatan.o [4]
about                   0x0800739c   0x20  Data  Gb  main.o [1]
accel                   0x20000dcc   0x18  Data  Gb  lis3.o [1]
adcData                 0x20000df8    0x4  Data  Gb  adc.o [1]
adcInit                 0x08004a37   0x7c  Code  Gb  adc.o [1]
atan                    0x08004fb1   0x9c  Code  Gb  atan.o [4]
delay_us                0x080054d5   0x60  Code  Gb  delay.o [1]
display                 0x0800737c   0x20  Data  Gb  main.o [1]
div                     0x0800673b   0x20  Code  Gb  div.o [3]
drawMainScreen          0x080032ed  0x304  Code  Gb  main.o [1]
drawMenu                0x080031e5   0xce  Code  Gb  main.o [1]
exit                    0x0800745b    0x8  Code  Gb  exit.o [3]
font12x16               0x08006d60  0x180  Data  Gb  ssdFonts.o [1]
font6x8                 0x08006760  0x600  Data  Gb  ssdFonts.o [1]
gppin_init              0x08003697  0x1cc  Code  Gb  gpio.o [1]
hdma_i2c1_rx            0x20000d28   0x44  Data  Gb  i2c.o [1]
hdma_i2c1_tx            0x20000d6c   0x44  Data  Gb  i2c.o [1]
hi2c1                   0x20000cdc   0x4c  Data  Gb  i2c.o [1]
initGpios               0x0800365d   0x3a  Code  Gb  gpio.o [1]
initIRConfig            0x080044ff   0xea  Code  Gb  IR.o [1]
kalman                  0x20000db0   0x1c  Data  Gb  filter.o [1]
lis3_getXYZ             0x080043e9   0x74  Code  Gb  lis3.o [1]
lis3_read               0x08004399   0x50  Code  Gb  lis3.o [1]
lis3_write              0x08004367   0x32  Code  Gb  lis3.o [1]
lis3init                0x08004325   0x42  Code  Gb  lis3.o [1]
lpfx                    0x0800532d   0x2e  Code  Gb  filter.o [1]
lpfx::Dacc              0x20000dfc    0x4  Data  Lc  filter.o [1]
lpfx::Dout              0x20000e14    0x2  Data  Lc  filter.o [1]
lpfy                    0x0800535b   0x2e  Code  Gb  filter.o [1]
lpfy::Dacc              0x20000e00    0x4  Data  Lc  filter.o [1]
lpfy::Dout              0x20000e16    0x2  Data  Lc  filter.o [1]
lpfz                    0x08005389   0x2e  Code  Gb  filter.o [1]
lpfz::Dacc              0x20000e04    0x4  Data  Lc  filter.o [1]
lpfz::Dout              0x20000e18    0x2  Data  Lc  filter.o [1]
main                    0x08002649  0x824  Code  Gb  main.o [1]
mchron                  0x080072c8   0x24  Data  Gb  main.o [1]
mcommon                 0x080073bc   0x20  Data  Gb  main.o [1]
meas                    0x20000814  0x248  Data  Gb  main.o [1]
menu                    0x20000bc8  0x114  Data  Gb  MicroMenu.o [1]
menuFolder              0x08007520   0x10  Data  Gb  ssdGraph.o [1]
menuScroll              0x08007604    0x4  Data  Gb  ssdGraph.o [1]
mincline                0x08007190   0x28  Data  Gb  main.o [1]
mode                    0x08007140   0x28  Data  Gb  main.o [1]
modeEdit                0x08002fc5   0x72  Code  Gb  main.o [1]
parEdit                 0x08002f4d   0x54  Code  Gb  main.o [1]
parEditRedir            0x08002e99   0xa8  Code  Gb  main.o [1]
pellets                 0x20000a5c  0x16c  Data  Gb  main.o [1]
pinNum                  0x20000000    0x4  Data  Gb  gpio.o [1]
pinsMode                0x08006ee0   0xa8  Data  Gb  gpio.o [1]
s16fNorm                0x080030ed   0x3c  Code  Gb  main.o [1]
scbind                  0x0800741c   0x20  Data  Gb  main.o [1]
scdist                  0x08007230   0x28  Data  Gb  main.o [1]
schrono                 0x080072ec   0x24  Data  Gb  main.o [1]
sclipc                  0x080071b8   0x28  Data  Gb  main.o [1]
sdcntr                  0x08007334   0x24  Data  Gb  main.o [1]
sdisplay                0x080073dc   0x20  Data  Gb  main.o [1]
sdpoff                  0x08007114   0x2c  Data  Gb  main.o [1]
service                 0x08007168   0x28  Data  Gb  main.o [1]
setts                   0x080072a4   0x24  Data  Gb  main.o [1]
sibrdr                  0x080070e8   0x2c  Data  Gb  main.o [1]
sical                   0x08007310   0x24  Data  Gb  main.o [1]
sincline                0x080071e0   0x28  Data  Gb  main.o [1]
sprintf                 0x08004b75   0x38  Code  Gb  sprintf.o [3]
ssdBatt                 0x08007530   0x10  Data  Gb  ssdGraph.o [1]
ssdVideoBff             0x20000410  0x404  Data  Gb  ug2864.o [1]
ssd_putBatt             0x08003ec9   0xb0  Code  Gb  ug2864.o [1]
ssd_putChar12x16        0x08003f85   0xf4  Code  Gb  ug2864.o [1]
ssd_putChar6x8          0x0800409d   0x5a  Code  Gb  ug2864.o [1]
ssd_putMenuFolder       0x08003e79   0x50  Code  Gb  ug2864.o [1]
ssd_putMenuScroll       0x08003c89   0xae  Code  Gb  ug2864.o [1]
ssd_putMsgBox           0x080039d5   0x8a  Code  Gb  ug2864.o [1]
ssd_putParBox           0x08003915   0xb8  Code  Gb  ug2864.o [1]
ssd_putPitchBar         0x08003d37  0x13e  Code  Gb  ug2864.o [1]
ssd_putRollBar          0x08003a5f  0x220  Code  Gb  ug2864.o [1]
ssd_putString12x16      0x08004079   0x24  Code  Gb  ug2864.o [1]
ssd_putString6x8        0x080040fd   0x24  Code  Gb  ug2864.o [1]
ssd_setpix              0x08004121   0xc8  Code  Gb  ug2864.o [1]
ssleep                  0x080073fc   0x20  Data  Gb  main.o [1]
stats                   0x08007280   0x24  Data  Gb  main.o [1]
strcpy                  0x08004b65         Code  Gb  strcpy.o [5]
strlen                  0x08004cd9   0x10  Code  Gb  strlen.o [5]
swusrc                  0x08007208   0x28  Data  Gb  main.o [1]
sync                    0x08004943   0x3c  Code  Gb  sync.o [1]
syncInit                0x080048e9   0x5a  Code  Gb  sync.o [1]
sysSettings             0x20000e0c    0x4  Data  Gb  main.o [1]
tiltAngCalc             0x0800307d   0x5e  Code  Gb  main.o [1]
trxAccData              0x08003135   0xb0  Code  Gb  main.o [1]
ug2864_com              0x080042ab   0x36  Code  Gb  ug2864.o [1]
ug2864_refresh          0x080042e5   0x1e  Code  Gb  ug2864.o [1]
ug2864init              0x080041ed   0xbe  Code  Gb  ug2864.o [1]
uwTick                  0x20000e10    0x4  Data  Gb  stm32f0xx_hal.o [1]


[1] = C:\Users\4eef\Projects\Chronograph+\SW\Chrono-Terminal-V1.0\firmware\PROJ_DIR\Debug\Obj
[2] = command line
[3] = dl6M_tln.a
[4] = m6M_tl.a
[5] = rt6M_tl.a
[6] = shb_l.a

  26 962 bytes of readonly  code memory
   3 282 bytes of readonly  data memory
   3 606 bytes of readwrite data memory

Errors: none
Warnings: none
