###############################################################################
#
# IAR ELF Linker V7.80.2.11947/W32 for ARM                20/Oct/2018  23:52:09
# Copyright 2007-2016 IAR Systems AB.
#
#    Output file  =  
#        C:\Users\4eef\Projects\Chronograph+\SW\Chrono-Terminal-V1.0\firmware\PROJ_DIR\Debug\Exe\Chrono-Terminal-V1.0.out
#    Map file     =  
#        C:\Users\4eef\Projects\Chronograph+\SW\Chrono-Terminal-V1.0\firmware\PROJ_DIR\Debug\List\Chrono-Terminal-V1.0.map
#    Command line =  
#        C:\Users\4eef\Projects\Chronograph+\SW\Chrono-Terminal-V1.0\firmware\PROJ_DIR\Debug\Obj\adc.o
#        C:\Users\4eef\Projects\Chronograph+\SW\Chrono-Terminal-V1.0\firmware\PROJ_DIR\Debug\Obj\battery.o
#        C:\Users\4eef\Projects\Chronograph+\SW\Chrono-Terminal-V1.0\firmware\PROJ_DIR\Debug\Obj\buttons.o
#        C:\Users\4eef\Projects\Chronograph+\SW\Chrono-Terminal-V1.0\firmware\PROJ_DIR\Debug\Obj\clock.o
#        C:\Users\4eef\Projects\Chronograph+\SW\Chrono-Terminal-V1.0\firmware\PROJ_DIR\Debug\Obj\delay.o
#        C:\Users\4eef\Projects\Chronograph+\SW\Chrono-Terminal-V1.0\firmware\PROJ_DIR\Debug\Obj\filter.o
#        C:\Users\4eef\Projects\Chronograph+\SW\Chrono-Terminal-V1.0\firmware\PROJ_DIR\Debug\Obj\fix16.o
#        C:\Users\4eef\Projects\Chronograph+\SW\Chrono-Terminal-V1.0\firmware\PROJ_DIR\Debug\Obj\fix16_exp.o
#        C:\Users\4eef\Projects\Chronograph+\SW\Chrono-Terminal-V1.0\firmware\PROJ_DIR\Debug\Obj\fix16_sqrt.o
#        C:\Users\4eef\Projects\Chronograph+\SW\Chrono-Terminal-V1.0\firmware\PROJ_DIR\Debug\Obj\fix16_trig.o
#        C:\Users\4eef\Projects\Chronograph+\SW\Chrono-Terminal-V1.0\firmware\PROJ_DIR\Debug\Obj\fract32.o
#        C:\Users\4eef\Projects\Chronograph+\SW\Chrono-Terminal-V1.0\firmware\PROJ_DIR\Debug\Obj\gpio.o
#        C:\Users\4eef\Projects\Chronograph+\SW\Chrono-Terminal-V1.0\firmware\PROJ_DIR\Debug\Obj\i2c.o
#        C:\Users\4eef\Projects\Chronograph+\SW\Chrono-Terminal-V1.0\firmware\PROJ_DIR\Debug\Obj\IR.o
#        C:\Users\4eef\Projects\Chronograph+\SW\Chrono-Terminal-V1.0\firmware\PROJ_DIR\Debug\Obj\lis3.o
#        C:\Users\4eef\Projects\Chronograph+\SW\Chrono-Terminal-V1.0\firmware\PROJ_DIR\Debug\Obj\main.o
#        C:\Users\4eef\Projects\Chronograph+\SW\Chrono-Terminal-V1.0\firmware\PROJ_DIR\Debug\Obj\MicroMenu.o
#        C:\Users\4eef\Projects\Chronograph+\SW\Chrono-Terminal-V1.0\firmware\PROJ_DIR\Debug\Obj\power.o
#        C:\Users\4eef\Projects\Chronograph+\SW\Chrono-Terminal-V1.0\firmware\PROJ_DIR\Debug\Obj\ssdFonts.o
#        C:\Users\4eef\Projects\Chronograph+\SW\Chrono-Terminal-V1.0\firmware\PROJ_DIR\Debug\Obj\ssdGraph.o
#        C:\Users\4eef\Projects\Chronograph+\SW\Chrono-Terminal-V1.0\firmware\PROJ_DIR\Debug\Obj\startup_stm32f042x6.o
#        C:\Users\4eef\Projects\Chronograph+\SW\Chrono-Terminal-V1.0\firmware\PROJ_DIR\Debug\Obj\sync.o
#        C:\Users\4eef\Projects\Chronograph+\SW\Chrono-Terminal-V1.0\firmware\PROJ_DIR\Debug\Obj\system.o
#        C:\Users\4eef\Projects\Chronograph+\SW\Chrono-Terminal-V1.0\firmware\PROJ_DIR\Debug\Obj\system_stm32f0xx.o
#        C:\Users\4eef\Projects\Chronograph+\SW\Chrono-Terminal-V1.0\firmware\PROJ_DIR\Debug\Obj\ug2864.o
#        C:\Users\4eef\Projects\Chronograph+\SW\Chrono-Terminal-V1.0\firmware\PROJ_DIR\Debug\Obj\uint32.o
#        --redirect _Printf=_PrintfLargeNoMb -o
#        C:\Users\4eef\Projects\Chronograph+\SW\Chrono-Terminal-V1.0\firmware\PROJ_DIR\Debug\Exe\Chrono-Terminal-V1.0.out
#        --map
#        C:\Users\4eef\Projects\Chronograph+\SW\Chrono-Terminal-V1.0\firmware\PROJ_DIR\Debug\List\Chrono-Terminal-V1.0.map
#        --config "C:\Program Files (x86)\IAR Systems\Embedded Workbench
#        7.5\arm\config\linker\ST\stm32f042x6.icf" --semihosting --entry
#        __iar_program_start --vfe
#
###############################################################################

*******************************************************************************
*** RUNTIME MODEL ATTRIBUTES
***

CppFlavor       = *
__SystemLibrary = DLib


*******************************************************************************
*** PLACEMENT SUMMARY
***

"A0":  place at 0x08000000 { ro section .intvec };
"P1":  place in [from 0x08000000 to 0x08007fff] { ro };
"P2":  place in [from 0x20000000 to 0x200017ff] { rw, block CSTACK, block HEAP };
initialize by copy { rw };

  Section            Kind        Address    Size  Object
  -------            ----        -------    ----  ------
"A0":                                       0xc0
  .intvec            ro code  0x08000000    0xc0  startup_stm32f042x6.o [1]
                            - 0x080000c0    0xc0

"P1":                                     0x701c
  .text              ro code  0x080000c0   0xd0a  xprintflarge_nomb.o [3]
  .text              ro code  0x08000dca    0x14  strchr.o [5]
  .text              ro code  0x08000dde    0x10  strlen.o [5]
  .text              ro code  0x08000dee    0x18  memchr.o [5]
  .text              ro code  0x08000e06    0x6a  I64DivMod.o [5]
  .text              ro code  0x08000e70    0x5c  ABImemcpy.o [5]
  .text              ro code  0x08000ecc    0xe0  I32DivModFast.o [5]
  .text              ro code  0x08000fac    0x32  DblCmpLe.o [4]
  .text              ro code  0x08000fde   0x184  DblMul.o [4]
  .text              ro code  0x08001162    0xc2  DblDiv.o [4]
  .text              ro code  0x08001224    0x2e  DblToI32.o [4]
  .text              ro code  0x08001252     0xa  xsprout.o [3]
  .text              ro code  0x0800125c    0x20  I32ToDbl.o [4]
  .text              ro code  0x0800127c   0x1a8  DblAddSub.o [4]
  .text              ro code  0x08001424    0x20  div.o [3]
  .text              ro code  0x08001444     0x2  I64DivZer.o [5]
  .rodata            const    0x08001446     0x2  main.o [1]
  .text              ro code  0x08001448     0x2  IntDivZer.o [5]
  .rodata            const    0x0800144a     0x2  system.o [1]
  .text              ro code  0x0800144c   0xc3c  ug2864.o [1]
  .text              ro code  0x08002088    0x38  sprintf.o [3]
  .text              ro code  0x080020c0    0x1c  strcat.o [3]
  .text              ro code  0x080020dc     0x8  abs.o [3]
  .text              ro code  0x080020e4    0x50  ABImemset.o [5]
  .text              ro code  0x08002134    0x60  delay.o [1]
  .text              ro code  0x08002194   0x3e2  i2c.o [1]
  .rodata            const    0x08002576     0x2  ug2864.o [1]
  .text              ro code  0x08002578   0xb70  MicroMenu.o [1]
  .text              ro code  0x080030e8    0x10  strcpy.o [5]
  .text              ro code  0x080030f8   0xa2c  IR.o [1]
  .text              ro code  0x08003b24   0x70c  system.o [1]
  .rodata            const    0x08004230   0x600  ssdFonts.o [1]
  .text              ro code  0x08004830   0x35c  lis3.o [1]
  .text              ro code  0x08004b8c   0x1c4  fix16.o [1]
  .text              ro code  0x08004d50    0xc8  fix16_trig.o [1]
  .text              ro code  0x08004e18   0x1f4  filter.o [1]
  .text              ro code  0x0800500c    0x32  I64Mul.o [5]
  .rodata            const    0x0800503e     0x2  ug2864.o [1]
  .text              ro code  0x08005040    0x32  I32ToFlt.o [4]
  .text              ro code  0x08005072    0xb0  FltMul.o [4]
  .rodata            const    0x08005122     0x2  ug2864.o [1]
  .text              ro code  0x08005124    0x3a  FltToS32.o [4]
  .text              ro code  0x0800515e   0x120  FltAddSub.o [4]
  .text              ro code  0x0800527e    0xaa  FltDiv.o [4]
  .text              ro code  0x08005328    0x26  FltCmpLe.o [4]
  .rodata            const    0x0800534e     0x2  ug2864.o [1]
  .text              ro code  0x08005350    0x28  FltCmpGe.o [4]
  .text              ro code  0x08005378    0x22  xfdtest.o [4]
  .rodata            const    0x0800539a     0x2  ug2864.o [1]
  .text              ro code  0x0800539c   0x334  buttons.o [1]
  .text              ro code  0x080056d0   0x2d8  main.o [1]
  .text              ro code  0x080059a8   0x1e0  power.o [1]
  .text              ro code  0x08005b88   0x1f8  adc.o [1]
  .text              ro code  0x08005d80   0x160  sync.o [1]
  .text              ro code  0x08005ee0   0x1c0  battery.o [1]
  .text              ro code  0x080060a0    0xa0  clock.o [1]
  .text              ro code  0x08006140   0x220  gpio.o [1]
  .rodata            const    0x08006360   0x198  ssdFonts.o [1]
  .rodata            const    0x080064f8    0xc0  gpio.o [1]
  .text              ro code  0x080065b8    0x94  system_stm32f0xx.o [1]
  .text              ro code  0x0800664c    0x3c  startup_stm32f042x6.o [1]
  .text              ro code  0x08006688    0x3c  zero_init3.o [5]
  .text              ro code  0x080066c4    0x30  copy_init3.o [5]
  .text              ro code  0x080066f4    0x28  data_init.o [5]
  .iar.init_table    const    0x0800671c    0x24  - Linker created -
  .rodata            const    0x08006740    0x1c  main.o [1]
  .rodata            const    0x0800675c    0x1c  main.o [1]
  .rodata            const    0x08006778    0x1c  main.o [1]
  .rodata            const    0x08006794    0x1c  main.o [1]
  .rodata            const    0x080067b0    0x1c  main.o [1]
  .rodata            const    0x080067cc    0x1c  main.o [1]
  .rodata            const    0x080067e8    0x1c  main.o [1]
  .rodata            const    0x08006804    0x1c  main.o [1]
  .rodata            const    0x08006820    0x1c  main.o [1]
  .rodata            const    0x0800683c    0x1c  main.o [1]
  .rodata            const    0x08006858    0x1c  main.o [1]
  .rodata            const    0x08006874    0x1c  main.o [1]
  .rodata            const    0x08006890    0x1c  main.o [1]
  .rodata            const    0x080068ac    0x1c  main.o [1]
  .rodata            const    0x080068c8    0x1c  main.o [1]
  .rodata            const    0x080068e4    0x1c  main.o [1]
  .rodata            const    0x08006900    0x1c  main.o [1]
  .rodata            const    0x0800691c    0x1c  main.o [1]
  .rodata            const    0x08006938    0x1c  main.o [1]
  .rodata            const    0x08006954    0x1c  main.o [1]
  .rodata            const    0x08006970    0x1c  main.o [1]
  .rodata            const    0x0800698c    0x1c  main.o [1]
  .rodata            const    0x080069a8    0x1c  main.o [1]
  .rodata            const    0x080069c4    0x1c  main.o [1]
  .rodata            const    0x080069e0    0x1c  main.o [1]
  .rodata            const    0x080069fc    0x1c  main.o [1]
  .rodata            const    0x08006a18    0x1c  main.o [1]
  .rodata            const    0x08006a34    0x1c  main.o [1]
  .rodata            const    0x08006a50    0x1c  main.o [1]
  .rodata            const    0x08006a6c    0x1c  main.o [1]
  .rodata            const    0x08006a88    0x1c  main.o [1]
  .rodata            const    0x08006aa4    0x1c  MicroMenu.o [1]
  .text              ro code  0x08006ac0    0x1a  cmain.o [5]
  .text              ro code  0x08006ada     0x4  low_level_init.o [3]
  .text              ro code  0x08006ade     0x8  exit.o [3]
  .rodata            const    0x08006ae6     0x2  ug2864.o [1]
  .text              ro code  0x08006ae8     0xa  cexit.o [5]
  .rodata            const    0x08006af2     0x2  ug2864.o [1]
  .text              ro code  0x08006af4    0x14  exit.o [6]
  .rodata            const    0x08006b08    0x18  main.o [1]
  .rodata            const    0x08006b20    0x18  main.o [1]
  .rodata            const    0x08006b38    0x18  main.o [1]
  .rodata            const    0x08006b50    0x18  main.o [1]
  .rodata            const    0x08006b68    0x18  main.o [1]
  .rodata            const    0x08006b80    0x18  main.o [1]
  .rodata            const    0x08006b98    0x18  main.o [1]
  .rodata            const    0x08006bb0    0x18  main.o [1]
  .rodata            const    0x08006bc8    0x18  main.o [1]
  .rodata            const    0x08006be0    0x18  main.o [1]
  .rodata            const    0x08006bf8    0x18  main.o [1]
  .rodata            const    0x08006c10    0x18  main.o [1]
  .rodata            const    0x08006c28    0x18  main.o [1]
  .rodata            const    0x08006c40    0x18  main.o [1]
  .rodata            const    0x08006c58    0x18  main.o [1]
  .rodata            const    0x08006c70    0x18  main.o [1]
  .rodata            const    0x08006c88    0x18  main.o [1]
  .rodata            const    0x08006ca0    0x18  main.o [1]
  .rodata            const    0x08006cb8    0x18  main.o [1]
  .rodata            const    0x08006cd0    0x18  main.o [1]
  .rodata            const    0x08006ce8    0x18  main.o [1]
  .rodata            const    0x08006d00    0x18  main.o [1]
  .rodata            const    0x08006d18    0x18  main.o [1]
  .rodata            const    0x08006d30    0x18  main.o [1]
  .rodata            const    0x08006d48    0x18  main.o [1]
  .rodata            const    0x08006d60    0x18  main.o [1]
  .rodata            const    0x08006d78    0x18  main.o [1]
  .rodata            const    0x08006d90    0x18  MicroMenu.o [1]
  .rodata            const    0x08006da8    0x14  battery.o [1]
  .rodata            const    0x08006dbc    0x14  main.o [1]
  .rodata            const    0x08006dd0    0x14  main.o [1]
  .rodata            const    0x08006de4    0x14  main.o [1]
  .rodata            const    0x08006df8    0x14  main.o [1]
  .rodata            const    0x08006e0c    0x14  main.o [1]
  .rodata            const    0x08006e20    0x14  main.o [1]
  .rodata            const    0x08006e34    0x14  MicroMenu.o [1]
  .rodata            const    0x08006e48    0x14  sync.o [1]
  .rodata            const    0x08006e5c    0x10  IR.o [1]
  .rodata            const    0x08006e6c    0x10  IR.o [1]
  .rodata            const    0x08006e7c    0x10  IR.o [1]
  .rodata            const    0x08006e8c    0x10  IR.o [1]
  .rodata            const    0x08006e9c    0x10  main.o [1]
  .rodata            const    0x08006eac    0x10  main.o [1]
  .rodata            const    0x08006ebc    0x10  main.o [1]
  .rodata            const    0x08006ecc    0x10  main.o [1]
  .rodata            const    0x08006edc    0x10  main.o [1]
  .rodata            const    0x08006eec    0x10  main.o [1]
  .rodata            const    0x08006efc    0x10  MicroMenu.o [1]
  .rodata            const    0x08006f0c    0x10  ssdGraph.o [1]
  .rodata            const    0x08006f1c    0x10  ssdGraph.o [1]
  .rodata            const    0x08006f2c    0x10  system.o [1]
  .rodata            const    0x08006f3c    0x10  system.o [1]
  .rodata            const    0x08006f4c     0xc  battery.o [1]
  .rodata            const    0x08006f58     0xc  main.o [1]
  .rodata            const    0x08006f64     0xc  main.o [1]
  .rodata            const    0x08006f70     0xc  main.o [1]
  .rodata            const    0x08006f7c     0xc  main.o [1]
  .rodata            const    0x08006f88     0xc  MicroMenu.o [1]
  .rodata            const    0x08006f94     0xc  MicroMenu.o [1]
  .rodata            const    0x08006fa0     0xc  MicroMenu.o [1]
  .rodata            const    0x08006fac     0xc  system.o [1]
  .rodata            const    0x08006fb8     0xc  system.o [1]
  .rodata            const    0x08006fc4     0xc  system.o [1]
  .text              ro code  0x08006fd0     0xc  cstartup_M.o [5]
  .rodata            const    0x08006fdc     0x8  IR.o [1]
  .rodata            const    0x08006fe4     0x8  main.o [1]
  .rodata            const    0x08006fec     0x8  main.o [1]
  .rodata            const    0x08006ff4     0x8  main.o [1]
  .rodata            const    0x08006ffc     0x8  MicroMenu.o [1]
  .rodata            const    0x08007004     0x8  MicroMenu.o [1]
  .rodata            const    0x0800700c     0x8  MicroMenu.o [1]
  .rodata            const    0x08007014     0x8  MicroMenu.o [1]
  .rodata            const    0x0800701c     0x8  ssdGraph.o [1]
  .rodata            const    0x08007024     0x8  system.o [1]
  .rodata            const    0x0800702c     0x8  system.o [1]
  .rodata            const    0x08007034     0x8  ug2864.o [1]
  .rodata            const    0x0800703c     0x8  ug2864.o [1]
  .rodata            const    0x08007044     0x8  ug2864.o [1]
  .rodata            const    0x0800704c     0x8  ug2864.o [1]
  .rodata            const    0x08007054     0x8  ug2864.o [1]
  .rodata            const    0x0800705c     0x8  ug2864.o [1]
  .rodata            const    0x08007064     0x8  xprintflarge_nomb.o [3]
  Initializer bytes  const    0x0800706c     0x8  <for P2-1>
  .rodata            const    0x08007074     0x4  fix16.o [1]
  .rodata            const    0x08007078     0x4  fix16.o [1]
  .rodata            const    0x0800707c     0x4  fix16_trig.o [1]
  .rodata            const    0x08007080     0x4  fix16_trig.o [1]
  .rodata            const    0x08007084     0x4  fix16_trig.o [1]
  .rodata            const    0x08007088     0x4  lis3.o [1]
  .rodata            const    0x0800708c     0x4  main.o [1]
  .rodata            const    0x08007090     0x4  main.o [1]
  .rodata            const    0x08007094     0x4  main.o [1]
  .rodata            const    0x08007098     0x4  main.o [1]
  .rodata            const    0x0800709c     0x4  ssdGraph.o [1]
  .rodata            const    0x080070a0     0x2  ug2864.o [1]
  .rodata            const    0x080070a2     0x2  ug2864.o [1]
  .text              ro code  0x080070a4     0x2  startup_stm32f042x6.o [1]
  .text              ro code  0x080070a6     0x2  startup_stm32f042x6.o [1]
  .text              ro code  0x080070a8     0x2  startup_stm32f042x6.o [1]
  .text              ro code  0x080070aa     0x2  startup_stm32f042x6.o [1]
  .text              ro code  0x080070ac     0x2  startup_stm32f042x6.o [1]
  .text              ro code  0x080070ae     0x2  startup_stm32f042x6.o [1]
  .text              ro code  0x080070b0     0x2  startup_stm32f042x6.o [1]
  .text              ro code  0x080070b2     0x2  startup_stm32f042x6.o [1]
  .text              ro code  0x080070b4     0x2  startup_stm32f042x6.o [1]
  .text              ro code  0x080070b6     0x2  startup_stm32f042x6.o [1]
  .text              ro code  0x080070b8     0x2  startup_stm32f042x6.o [1]
  .text              ro code  0x080070ba     0x2  startup_stm32f042x6.o [1]
  .text              ro code  0x080070bc     0x2  startup_stm32f042x6.o [1]
  .text              ro code  0x080070be     0x2  startup_stm32f042x6.o [1]
  .text              ro code  0x080070c0     0x2  startup_stm32f042x6.o [1]
  .text              ro code  0x080070c2     0x2  startup_stm32f042x6.o [1]
  .text              ro code  0x080070c4     0x2  startup_stm32f042x6.o [1]
  .text              ro code  0x080070c6     0x2  startup_stm32f042x6.o [1]
  .text              ro code  0x080070c8     0x2  startup_stm32f042x6.o [1]
  .text              ro code  0x080070ca     0x2  startup_stm32f042x6.o [1]
  .text              ro code  0x080070cc     0x2  startup_stm32f042x6.o [1]
  .text              ro code  0x080070ce     0x2  startup_stm32f042x6.o [1]
  .text              ro code  0x080070d0     0x2  startup_stm32f042x6.o [1]
  .text              ro code  0x080070d2     0x2  startup_stm32f042x6.o [1]
  .text              ro code  0x080070d4     0x2  startup_stm32f042x6.o [1]
  .text              ro code  0x080070d6     0x2  startup_stm32f042x6.o [1]
  .text              ro code  0x080070d8     0x2  startup_stm32f042x6.o [1]
  .text              ro code  0x080070da     0x2  startup_stm32f042x6.o [1]
  .rodata            const    0x080070dc     0x0  zero_init3.o [5]
  .rodata            const    0x080070dc     0x0  copy_init3.o [5]
                            - 0x080070dc  0x701c

"P2", part 1 of 3:                           0x8
  P2-1                        0x20000000     0x8  <Init block>
    .data            inited   0x20000000     0x4  gpio.o [1]
    .data            inited   0x20000004     0x4  MicroMenu.o [1]
                            - 0x20000008     0x8

"P2", part 2 of 3:                         0x400
  CSTACK                      0x20000008   0x400  <Block>
    CSTACK           uninit   0x20000008   0x400  <Block tail>
                            - 0x20000408   0x400

"P2", part 3 of 3:                         0xe6c
  .bss               zero     0x20000408   0x578  MicroMenu.o [1]
  .bss               zero     0x20000980   0x404  ug2864.o [1]
  .bss               zero     0x20000d84   0x22c  system.o [1]
  .bss               zero     0x20000fb0   0x178  system.o [1]
  .bss               zero     0x20001128    0x5c  filter.o [1]
  .bss               zero     0x20001184    0x3c  system.o [1]
  .bss               zero     0x200011c0    0x1c  system.o [1]
  .bss               zero     0x200011dc    0x18  filter.o [1]
  .bss               zero     0x200011f4    0x18  lis3.o [1]
  .bss               zero     0x2000120c    0x18  system.o [1]
  .bss               zero     0x20001224    0x14  IR.o [1]
  .bss               zero     0x20001238    0x14  lis3.o [1]
  .bss               zero     0x2000124c     0x8  buttons.o [1]
  .bss               zero     0x20001254     0x8  power.o [1]
  .bss               zero     0x2000125c     0x8  system.o [1]
  .bss               zero     0x20001264     0x4  adc.o [1]
  .bss               zero     0x20001268     0x4  filter.o [1]
  .bss               zero     0x2000126c     0x4  main.o [1]
  .bss               zero     0x20001270     0x2  filter.o [1]
  .bss               zero     0x20001272     0x1  battery.o [1]
                            - 0x20001273   0xe6b


*******************************************************************************
*** INIT TABLE
***

          Address     Size
          -------     ----
Zero (__iar_zero_init3)
    1 destination range, total size 0xe6b:
          0x20000408  0xe6b

Copy (__iar_copy_init3)
    1 source range, total size 0x8:
          0x0800706c    0x8
    1 destination range, total size 0x8:
          0x20000000    0x8



*******************************************************************************
*** MODULE SUMMARY
***

    Module                 ro code  ro data  rw data
    ------                 -------  -------  -------
C:\Users\4eef\Projects\Chronograph+\SW\Chrono-Terminal-V1.0\firmware\PROJ_DIR\Debug\Obj: [1]
    IR.o                     2 604       72       20
    MicroMenu.o              2 928      160    1 404
    adc.o                      504                 4
    battery.o                  448       32        1
    buttons.o                  820                 8
    clock.o                    160
    delay.o                     96
    filter.o                   500               122
    fix16.o                    452        8
    fix16_trig.o               200       12
    gpio.o                     544      196        4
    i2c.o                      994
    lis3.o                     860        4       44
    main.o                     728    1 822        4
    power.o                    480                 8
    ssdFonts.o                        1 944
    ssdGraph.o                           44
    startup_stm32f042x6.o      308
    sync.o                     352       20
    system.o                 1 804       86    1 052
    system_stm32f0xx.o         148
    ug2864.o                 3 132       66    1 028
    ------------------------------------------------
    Total:                  18 062    4 466    3 699

command line: [2]
    ------------------------------------------------
    Total:

dl6M_tln.a: [3]
    abs.o                        8
    div.o                       32
    exit.o                       8
    low_level_init.o             4
    sprintf.o                   56
    strcat.o                    28
    xprintflarge_nomb.o      3 338        8
    xsprout.o                   10
    ------------------------------------------------
    Total:                   3 484        8

m6M_tl.a: [4]
    DblAddSub.o                424
    DblCmpLe.o                  50
    DblDiv.o                   194
    DblMul.o                   388
    DblToI32.o                  46
    FltAddSub.o                288
    FltCmpGe.o                  40
    FltCmpLe.o                  38
    FltDiv.o                   170
    FltMul.o                   176
    FltToS32.o                  58
    I32ToDbl.o                  32
    I32ToFlt.o                  50
    xfdtest.o                   34
    ------------------------------------------------
    Total:                   1 988

rt6M_tl.a: [5]
    ABImemcpy.o                 92
    ABImemset.o                 80
    I32DivModFast.o            224
    I64DivMod.o                106
    I64DivZer.o                  2
    I64Mul.o                    50
    IntDivZer.o                  2
    cexit.o                     10
    cmain.o                     26
    copy_init3.o                48
    cstartup_M.o                12
    data_init.o                 40
    memchr.o                    24
    strchr.o                    20
    strcpy.o                    16
    strlen.o                    16
    zero_init3.o                60
    ------------------------------------------------
    Total:                     828

shb_l.a: [6]
    exit.o                      20
    ------------------------------------------------
    Total:                      20

    Linker created                       36    1 024
----------------------------------------------------
    Grand Total:            24 382    4 510    4 723


*******************************************************************************
*** ENTRY LIST
***

Entry                      Address   Size  Type      Object
-----                      -------   ----  ----      ------
.iar.init_table$$Base   0x0800671c          --   Gb  - Linker created -
.iar.init_table$$Limit  0x08006740          --   Gb  - Linker created -
?main                   0x08006ac1         Code  Gb  cmain.o [5]
ADC1_IRQHandler         0x08005cc9   0x82  Code  Gb  adc.o [1]
CSTACK$$Base            0x20000008          --   Gb  - Linker created -
CSTACK$$Limit           0x20000408          --   Gb  - Linker created -
EXTI4_15_IRQHandler     0x08005a49   0x22  Code  Gb  power.o [1]
I2C1_IRQHandler         0x08002575    0x2  Code  Gb  i2c.o [1]
I2CRx                   0x080022c5   0xec  Code  Gb  i2c.o [1]
I2CRxInit               0x0800222d   0x98  Code  Gb  i2c.o [1]
I2CTx                   0x08002469   0xec  Code  Gb  i2c.o [1]
I2CTxInit               0x080023b1   0x96  Code  Gb  i2c.o [1]
LoadInt                 0x08000681   0x68  Code  Lc  xprintflarge_nomb.o [3]
Menu_GetCurrentMenu     0x08002fad    0x6  Code  Gb  MicroMenu.o [1]
Menu_Navigate           0x08002fbd   0xdc  Code  Gb  MicroMenu.o [1]
Menu_infoWndRun         0x08002969   0x2c  Code  Gb  MicroMenu.o [1]
Menu_navDisp            0x08002609   0xa2  Code  Gb  MicroMenu.o [1]
Menu_navMenu            0x080026ab   0xd8  Code  Gb  MicroMenu.o [1]
Menu_navPwrOff          0x080025f5   0x14  Code  Gb  MicroMenu.o [1]
Menu_parWndRun          0x08002ec3   0xbc  Code  Gb  MicroMenu.o [1]
Menu_putInfoWnd         0x08002911   0x54  Code  Gb  MicroMenu.o [1]
Menu_putMessage         0x08002f7f   0x2e  Code  Gb  MicroMenu.o [1]
Menu_putParWnd          0x08002e79   0x4a  Code  Gb  MicroMenu.o [1]
Menu_putTxtEditWnd      0x08002aa5   0x44  Code  Gb  MicroMenu.o [1]
Menu_putTxtParSelWnd    0x08002995   0x40  Code  Gb  MicroMenu.o [1]
Menu_pwrSw              0x08002783   0x36  Code  Gb  MicroMenu.o [1]
Menu_run                0x08002579   0x7c  Code  Gb  MicroMenu.o [1]
Menu_setParEdit         0x080027c5  0x13e  Code  Gb  MicroMenu.o [1]
Menu_txtEditWndRun      0x08002b39  0x330  Code  Gb  MicroMenu.o [1]
Menu_txtParSelWndRun    0x080029e1   0xc4  Code  Gb  MicroMenu.o [1]
NULL_MENU               0x08006aa4   0x1c  Data  Gb  MicroMenu.o [1]
NULL_PRM                0x08006d90   0x18  Data  Gb  MicroMenu.o [1]
NVIC_DisableIRQ         0x08005b97    0xe  Code  Lc  adc.o [1]
NVIC_DisableIRQ         0x08003107    0xe  Code  Lc  IR.o [1]
NVIC_DisableIRQ         0x080059b7    0xe  Code  Lc  power.o [1]
NVIC_EnableIRQ          0x08005b89    0xe  Code  Lc  adc.o [1]
NVIC_EnableIRQ          0x080030f9    0xe  Code  Lc  IR.o [1]
NVIC_EnableIRQ          0x080059a9    0xe  Code  Lc  power.o [1]
NVIC_SetPriority        0x08005ba5   0x84  Code  Lc  adc.o [1]
NVIC_SetPriority        0x08003115   0x84  Code  Lc  IR.o [1]
NVIC_SetPriority        0x080059c5   0x84  Code  Lc  power.o [1]
PI_DIV_4                0x0800707c    0x4  Data  Lc  fix16_trig.o [1]
Region$$Table$$Base     0x0800671c          --   Gb  - Linker created -
Region$$Table$$Limit    0x08006740          --   Gb  - Linker created -
SystemInit              0x080065b9   0x68  Code  Gb  system_stm32f0xx.o [1]
THREE_PI_DIV_4          0x08007080    0x4  Data  Lc  fix16_trig.o [1]
TIM2_IRQHandler         0x08003869  0x28a  Code  Gb  IR.o [1]
_GenldLargeNoMb         0x08000afd  0x29a  Code  Lc  xprintflarge_nomb.o [3]
_LdtobLargeNoMb         0x08000815  0x2b0  Code  Lc  xprintflarge_nomb.o [3]
_LitobLargeNoMb         0x080006e9  0x12a  Code  Lc  xprintflarge_nomb.o [3]
_PrintfLargeNoMb        0x080000c1  0x5c0  Code  Gb  xprintflarge_nomb.o [3]
_PutcharsLargeNoMb      0x08000d97   0x30  Code  Lc  xprintflarge_nomb.o [3]
_SProut                 0x08001253    0xa  Code  Gb  xsprout.o [3]
__ICFEDIT_region_RAM_end__ {Abs}
                        0x200017ff         Data  Gb  command line/config [2]
__ICFEDIT_region_RAM_start__ {Abs}
                        0x20000000         Data  Gb  command line/config [2]
__aeabi_cdcmple         0x08000fad         Code  Gb  DblCmpLe.o [4]
__aeabi_cfcmple         0x08005329         Code  Gb  FltCmpLe.o [4]
__aeabi_cfrcmple        0x08005351         Code  Gb  FltCmpGe.o [4]
__aeabi_d2uiz           0x08001225         Code  Gb  DblToI32.o [4]
__aeabi_ddiv            0x08001163         Code  Gb  DblDiv.o [4]
__aeabi_dmul            0x08000fdf         Code  Gb  DblMul.o [4]
__aeabi_dsub            0x08001337         Code  Gb  DblAddSub.o [4]
__aeabi_f2iz            0x08005125         Code  Gb  FltToS32.o [4]
__aeabi_fadd            0x0800515f         Code  Gb  FltAddSub.o [4]
__aeabi_fdiv            0x0800527f         Code  Gb  FltDiv.o [4]
__aeabi_fmul            0x08005073         Code  Gb  FltMul.o [4]
__aeabi_fsub            0x080051cf         Code  Gb  FltAddSub.o [4]
__aeabi_i2f             0x08005041         Code  Gb  I32ToFlt.o [4]
__aeabi_idiv            0x08000ef9         Code  Gb  I32DivModFast.o [5]
__aeabi_idiv0           0x08001449         Code  Gb  IntDivZer.o [5]
__aeabi_idivmod         0x08000ef9         Code  Gb  I32DivModFast.o [5]
__aeabi_ldiv0           0x08001445         Code  Gb  I64DivZer.o [5]
__aeabi_lmul            0x0800500d         Code  Gb  I64Mul.o [5]
__aeabi_memcpy          0x08000e71         Code  Gb  ABImemcpy.o [5]
__aeabi_memset          0x080020e5         Code  Gb  ABImemset.o [5]
__aeabi_ui2d            0x0800125d         Code  Gb  I32ToDbl.o [4]
__aeabi_uidiv           0x08000eff         Code  Gb  I32DivModFast.o [5]
__aeabi_uidivmod        0x08000eff         Code  Gb  I32DivModFast.o [5]
__aeabi_uldivmod        0x08000e07         Code  Gb  I64DivMod.o [5]
__cmain                 0x08006ac1         Code  Gb  cmain.o [5]
__exit                  0x08006af5   0x14  Code  Gb  exit.o [6]
__iar_FDtest            0x08005379   0x22  Code  Gb  xfdtest.o [4]
__iar_Memchr            0x08000def   0x18  Code  Gb  memchr.o [5]
__iar_Memset4_word      0x08002105         Code  Gb  ABImemset.o [5]
__iar_Memset_word       0x080020f1         Code  Gb  ABImemset.o [5]
__iar_Strchr            0x08000dcb   0x14  Code  Gb  strchr.o [5]
__iar_copy_init3        0x080066c5   0x30  Code  Gb  copy_init3.o [5]
__iar_d2uiz             0x08001229         Code  Gb  DblToI32.o [4]
__iar_data_init3        0x080066f5   0x28  Code  Gb  data_init.o [5]
__iar_program_start     0x08006fd1         Code  Gb  cstartup_M.o [5]
__iar_ui2d              0x08001261         Code  Gb  I32ToDbl.o [4]
__iar_ui2f              0x08005059         Code  Gb  I32ToFlt.o [4]
__iar_zero_init3        0x08006689   0x3c  Code  Gb  zero_init3.o [5]
__low_level_init        0x08006adb    0x4  Code  Gb  low_level_init.o [3]
__vector_table          0x08000000         Data  Gb  startup_stm32f042x6.o [1]
_call_main              0x08006acd         Code  Gb  cmain.o [5]
_exit                   0x08006ae9         Code  Gb  cexit.o [5]
_main                   0x08006ad7         Code  Gb  cmain.o [5]
abs                     0x080020dd    0x8  Code  Gb  abs.o [3]
accel                   0x200011f4   0x18  Data  Gb  lis3.o [1]
adcData                 0x20001264    0x4  Data  Gb  adc.o [1]
adcDeinit               0x08005c29   0x24  Code  Gb  adc.o [1]
adcInit                 0x08005c4d   0x7c  Code  Gb  adc.o [1]
battCalc                0x08005ee1  0x1c0  Code  Gb  battery.o [1]
battCalc::percFlag      0x20001272    0x1  Data  Lc  battery.o [1]
battery                 0x200011c0   0x1c  Data  Gb  system.o [1]
btnCntsClr              0x080056a5   0x1a  Code  Gb  buttons.o [1]
buttons                 0x2000124c    0x8  Data  Gb  buttons.o [1]
chrSetsRst              0x08003b25   0x6a  Code  Gb  system.o [1]
chrgSym                 0x0800701c    0x8  Data  Gb  ssdGraph.o [1]
chron                   0x20000d84  0x22c  Data  Gb  system.o [1]
clz                     0x08004c19   0x2c  Code  Lc  fix16.o [1]
currMenuItem            0x2000126c    0x4  Data  Gb  main.o [1]
currMenuItem            0x20000004    0x4  Data  Lc  MicroMenu.o [1]
deInitIR                0x080037bd   0x4a  Code  Gb  IR.o [1]
delay_us                0x08002135   0x60  Code  Gb  delay.o [1]
div                     0x08001425   0x20  Code  Gb  div.o [3]
drawChrScr              0x08003f35  0x1da  Code  Gb  system.o [1]
drawDisplay             0x08005869   0xb8  Code  Gb  main.o [1]
drawHybrScr             0x08003d3d  0x1ce  Code  Gb  system.o [1]
drawIncScr              0x0800411d   0xe4  Code  Gb  system.o [1]
drawMenu                0x08003b8f  0x186  Code  Gb  system.o [1]
exit                    0x08006adf    0x8  Code  Gb  exit.o [3]
fix16_add               0x08004b8d   0x24  Code  Gb  fix16.o [1]
fix16_atan              0x08004df7   0x10  Code  Gb  fix16_trig.o [1]
fix16_atan2             0x08004d51   0xa6  Code  Gb  fix16_trig.o [1]
fix16_div               0x08004c45  0x104  Code  Gb  fix16.o [1]
fix16_min               0x08007074    0x4  Data  Lc  fix16.o [1]
fix16_mul               0x08004bb1   0x68  Code  Gb  fix16.o [1]
fix16_one               0x08007084    0x4  Data  Lc  fix16_trig.o [1]
fix16_one               0x08007088    0x4  Data  Lc  lis3.o [1]
fix16_overflow          0x08007078    0x4  Data  Lc  fix16.o [1]
font12x16               0x08006360  0x198  Data  Gb  ssdFonts.o [1]
font6x8                 0x08004230  0x600  Data  Gb  ssdFonts.o [1]
getNavEvent             0x0800539d  0x2f8  Code  Gb  buttons.o [1]
gppin_init              0x0800617b  0x1cc  Code  Gb  gpio.o [1]
hndlIRData              0x080031a9  0x4fe  Code  Gb  IR.o [1]
initClocks              0x080060a1   0xa0  Code  Gb  clock.o [1]
initGpios               0x08006141   0x3a  Code  Gb  gpio.o [1]
initI2C1                0x08002195   0x98  Code  Gb  i2c.o [1]
initIRConfig            0x080036cd   0xea  Code  Gb  IR.o [1]
initPeriphs             0x08005b6d   0x1c  Code  Gb  power.o [1]
irRxData                0x20001224   0x14  Data  Gb  IR.o [1]
kalman                  0x20001128   0x5c  Data  Gb  filter.o [1]
kalmanAccCorr           0x08004e3d  0x186  Code  Gb  filter.o [1]
lis3AxisCal             0x20001238   0x14  Data  Gb  lis3.o [1]
lis3_getXYZ             0x080048d7   0x40  Code  Gb  lis3.o [1]
lis3_read               0x08004899   0x3e  Code  Gb  lis3.o [1]
lis3_write              0x0800486d   0x2c  Code  Gb  lis3.o [1]
lis3init                0x08004831   0x3c  Code  Gb  lis3.o [1]
lpf                     0x08004fc3   0x2e  Code  Gb  filter.o [1]
lpf::Dacc               0x20001268    0x4  Data  Lc  filter.o [1]
lpf::Dout               0x20001270    0x2  Data  Lc  filter.o [1]
lpfAccPrim              0x08004e19   0x24  Code  Gb  filter.o [1]
lpfPrim                 0x200011dc   0x18  Data  Gb  filter.o [1]
main                    0x080056d1  0x176  Code  Gb  main.o [1]
meas                    0x2000125c    0x8  Data  Gb  system.o [1]
menu                    0x20000408  0x578  Data  Gb  MicroMenu.o [1]
menuFolder              0x08006f0c   0x10  Data  Gb  ssdGraph.o [1]
menuScroll              0x0800709c    0x4  Data  Gb  ssdGraph.o [1]
pabout                  0x08006b20   0x18  Data  Gb  main.o [1]
pcc                     0x08006b98   0x18  Data  Gb  main.o [1]
pchrbnd                 0x08006bc8   0x18  Data  Gb  main.o [1]
pdb10edit               0x08006cb8   0x18  Data  Gb  main.o [1]
pdb11edit               0x08006cd0   0x18  Data  Gb  main.o [1]
pdb12edit               0x08006ce8   0x18  Data  Gb  main.o [1]
pdb13edit               0x08006d00   0x18  Data  Gb  main.o [1]
pdb14edit               0x08006d18   0x18  Data  Gb  main.o [1]
pdb15edit               0x08006d30   0x18  Data  Gb  main.o [1]
pdb1edit                0x08006be0   0x18  Data  Gb  main.o [1]
pdb2edit                0x08006bf8   0x18  Data  Gb  main.o [1]
pdb3edit                0x08006c10   0x18  Data  Gb  main.o [1]
pdb4edit                0x08006c28   0x18  Data  Gb  main.o [1]
pdb5edit                0x08006c40   0x18  Data  Gb  main.o [1]
pdb6edit                0x08006c58   0x18  Data  Gb  main.o [1]
pdb7edit                0x08006c70   0x18  Data  Gb  main.o [1]
pdb8edit                0x08006c88   0x18  Data  Gb  main.o [1]
pdb9edit                0x08006ca0   0x18  Data  Gb  main.o [1]
pellets                 0x20000fb0  0x178  Data  Gb  system.o [1]
pigc                    0x08006d78   0x18  Data  Gb  main.o [1]
pinNum                  0x20000000    0x4  Data  Gb  gpio.o [1]
pinsMode                0x080064f8   0xc0  Data  Gb  gpio.o [1]
pioc                    0x08006d60   0x18  Data  Gb  main.o [1]
pmode                   0x08006b50   0x18  Data  Gb  main.o [1]
power                   0x20001254    0x8  Data  Gb  power.o [1]
powerOff                0x08005af9   0x32  Code  Gb  power.o [1]
powerOn                 0x08005ae7   0x12  Code  Gb  power.o [1]
powerTimRst             0x08005b2b    0x8  Code  Gb  power.o [1]
ppot                    0x08006b68   0x18  Data  Gb  main.o [1]
prgb                    0x08006d48   0x18  Data  Gb  main.o [1]
psd                     0x08006bb0   0x18  Data  Gb  main.o [1]
psinfo                  0x08006b38   0x18  Data  Gb  main.o [1]
pstats                  0x08006b08   0x18  Data  Gb  main.o [1]
pswres                  0x08006b80   0x18  Data  Gb  main.o [1]
q16TiltCalc             0x08004917   0x48  Code  Gb  lis3.o [1]
rabout                  0x08006778   0x1c  Data  Gb  main.o [1]
rservice                0x08006794   0x1c  Data  Gb  main.o [1]
rsetts                  0x0800675c   0x1c  Data  Gb  main.o [1]
rstats                  0x08006740   0x1c  Data  Gb  main.o [1]
scbind                  0x08006890   0x1c  Data  Gb  main.o [1]
scclipc                 0x0800683c   0x1c  Data  Gb  main.o [1]
scdist                  0x08006874   0x1c  Data  Gb  main.o [1]
schrono                 0x080067cc   0x1c  Data  Gb  main.o [1]
scpeldb                 0x08006858   0x1c  Data  Gb  main.o [1]
sibrdr                  0x08006a50   0x1c  Data  Gb  main.o [1]
sigacal                 0x08006a88   0x1c  Data  Gb  main.o [1]
sincline                0x080067e8   0x1c  Data  Gb  main.o [1]
siofcal                 0x08006a6c   0x1c  Data  Gb  main.o [1]
smode                   0x080067b0   0x1c  Data  Gb  main.o [1]
spdbp1                  0x080068ac   0x1c  Data  Gb  main.o [1]
spdbp10                 0x080069a8   0x1c  Data  Gb  main.o [1]
spdbp11                 0x080069c4   0x1c  Data  Gb  main.o [1]
spdbp12                 0x080069e0   0x1c  Data  Gb  main.o [1]
spdbp13                 0x080069fc   0x1c  Data  Gb  main.o [1]
spdbp14                 0x08006a18   0x1c  Data  Gb  main.o [1]
spdbp15                 0x08006a34   0x1c  Data  Gb  main.o [1]
spdbp2                  0x080068c8   0x1c  Data  Gb  main.o [1]
spdbp3                  0x080068e4   0x1c  Data  Gb  main.o [1]
spdbp4                  0x08006900   0x1c  Data  Gb  main.o [1]
spdbp5                  0x0800691c   0x1c  Data  Gb  main.o [1]
spdbp6                  0x08006938   0x1c  Data  Gb  main.o [1]
spdbp7                  0x08006954   0x1c  Data  Gb  main.o [1]
spdbp8                  0x08006970   0x1c  Data  Gb  main.o [1]
spdbp9                  0x0800698c   0x1c  Data  Gb  main.o [1]
spofft                  0x08006804   0x1c  Data  Gb  main.o [1]
sprintf                 0x08002089   0x38  Code  Gb  sprintf.o [3]
ssdBatt                 0x08006f1c   0x10  Data  Gb  ssdGraph.o [1]
ssdVideoBff             0x20000980  0x404  Data  Gb  ug2864.o [1]
ssd_clearVidBff         0x08001ead   0x16  Code  Gb  ug2864.o [1]
ssd_clrAreaBff          0x08001ec9   0x68  Code  Gb  ug2864.o [1]
ssd_putBatt             0x08001b79  0x100  Code  Gb  ug2864.o [1]
ssd_putChar12x16        0x08001c79   0xf4  Code  Gb  ug2864.o [1]
ssd_putChar6x8          0x08001d91   0x5a  Code  Gb  ug2864.o [1]
ssd_putMessage          0x0800169d   0xd0  Code  Gb  ug2864.o [1]
ssd_putParWnd           0x08001587   0xfc  Code  Gb  ug2864.o [1]
ssd_putPitchBar         0x08001a09  0x16c  Code  Gb  ug2864.o [1]
ssd_putRollBar          0x080017b9  0x24c  Code  Gb  ug2864.o [1]
ssd_putString12x16      0x08001d6d   0x24  Code  Gb  ug2864.o [1]
ssd_putString6x8        0x08001deb   0x24  Code  Gb  ug2864.o [1]
ssd_putTxtEditWnd       0x0800144d   0xae  Code  Gb  ug2864.o [1]
ssd_putTxtParSelWnd     0x080014fb   0x8c  Code  Gb  ug2864.o [1]
ssd_setpix              0x08001e0f   0x9e  Code  Gb  ug2864.o [1]
stats                   0x2000120c   0x18  Data  Gb  system.o [1]
stopModeConfig          0x08005a6b   0x7c  Code  Gb  power.o [1]
strcat                  0x080020c1   0x1c  Code  Gb  strcat.o [3]
strcpy                  0x080030e9         Code  Gb  strcpy.o [5]
strlen                  0x08000ddf   0x10  Code  Gb  strlen.o [5]
swrst                   0x08006820   0x1c  Data  Gb  main.o [1]
sync                    0x08005ddb   0xce  Code  Gb  sync.o [1]
syncInit                0x08005d81   0x5a  Code  Gb  sync.o [1]
sysPars                 0x20001184   0x3c  Data  Gb  system.o [1]
trxAccData              0x0800496d  0x1ea  Code  Gb  lis3.o [1]
ug2864_com              0x0800201b   0x2c  Code  Gb  ug2864.o [1]
ug2864_refresh          0x08002047   0x20  Code  Gb  ug2864.o [1]
ug2864init              0x08001f69   0xb2  Code  Gb  ug2864.o [1]
ug2864off               0x08001f3d   0x16  Code  Gb  ug2864.o [1]
ug2864on                0x08001f53   0x16  Code  Gb  ug2864.o [1]


[1] = C:\Users\4eef\Projects\Chronograph+\SW\Chrono-Terminal-V1.0\firmware\PROJ_DIR\Debug\Obj
[2] = command line
[3] = dl6M_tln.a
[4] = m6M_tl.a
[5] = rt6M_tl.a
[6] = shb_l.a

  24 382 bytes of readonly  code memory
   4 510 bytes of readonly  data memory
   4 723 bytes of readwrite data memory

Errors: none
Warnings: none
