###############################################################################
#
# IAR ELF Linker V7.80.2.11947/W32 for ARM                12/Mar/2017  19:38:44
# Copyright 2007-2016 IAR Systems AB.
#
#    Output file  =  
#        C:\Users\4eef\Projects\Chronograph+\SW\Chrono-Terminal-V1.0\firmware\PROJ_DIR\Debug\Exe\Chrono-Terminal-V1.0.out
#    Map file     =  
#        C:\Users\4eef\Projects\Chronograph+\SW\Chrono-Terminal-V1.0\firmware\PROJ_DIR\Debug\List\Chrono-Terminal-V1.0.map
#    Command line =  
#        C:\Users\4eef\Projects\Chronograph+\SW\Chrono-Terminal-V1.0\firmware\PROJ_DIR\Debug\Obj\adc.o
#        C:\Users\4eef\Projects\Chronograph+\SW\Chrono-Terminal-V1.0\firmware\PROJ_DIR\Debug\Obj\battery.o
#        C:\Users\4eef\Projects\Chronograph+\SW\Chrono-Terminal-V1.0\firmware\PROJ_DIR\Debug\Obj\buttons.o
#        C:\Users\4eef\Projects\Chronograph+\SW\Chrono-Terminal-V1.0\firmware\PROJ_DIR\Debug\Obj\clock.o
#        C:\Users\4eef\Projects\Chronograph+\SW\Chrono-Terminal-V1.0\firmware\PROJ_DIR\Debug\Obj\delay.o
#        C:\Users\4eef\Projects\Chronograph+\SW\Chrono-Terminal-V1.0\firmware\PROJ_DIR\Debug\Obj\filter.o
#        C:\Users\4eef\Projects\Chronograph+\SW\Chrono-Terminal-V1.0\firmware\PROJ_DIR\Debug\Obj\fix16.o
#        C:\Users\4eef\Projects\Chronograph+\SW\Chrono-Terminal-V1.0\firmware\PROJ_DIR\Debug\Obj\fix16_exp.o
#        C:\Users\4eef\Projects\Chronograph+\SW\Chrono-Terminal-V1.0\firmware\PROJ_DIR\Debug\Obj\fix16_sqrt.o
#        C:\Users\4eef\Projects\Chronograph+\SW\Chrono-Terminal-V1.0\firmware\PROJ_DIR\Debug\Obj\fix16_trig.o
#        C:\Users\4eef\Projects\Chronograph+\SW\Chrono-Terminal-V1.0\firmware\PROJ_DIR\Debug\Obj\fract32.o
#        C:\Users\4eef\Projects\Chronograph+\SW\Chrono-Terminal-V1.0\firmware\PROJ_DIR\Debug\Obj\gpio.o
#        C:\Users\4eef\Projects\Chronograph+\SW\Chrono-Terminal-V1.0\firmware\PROJ_DIR\Debug\Obj\i2c.o
#        C:\Users\4eef\Projects\Chronograph+\SW\Chrono-Terminal-V1.0\firmware\PROJ_DIR\Debug\Obj\IR.o
#        C:\Users\4eef\Projects\Chronograph+\SW\Chrono-Terminal-V1.0\firmware\PROJ_DIR\Debug\Obj\lis3.o
#        C:\Users\4eef\Projects\Chronograph+\SW\Chrono-Terminal-V1.0\firmware\PROJ_DIR\Debug\Obj\main.o
#        C:\Users\4eef\Projects\Chronograph+\SW\Chrono-Terminal-V1.0\firmware\PROJ_DIR\Debug\Obj\MicroMenu.o
#        C:\Users\4eef\Projects\Chronograph+\SW\Chrono-Terminal-V1.0\firmware\PROJ_DIR\Debug\Obj\power.o
#        C:\Users\4eef\Projects\Chronograph+\SW\Chrono-Terminal-V1.0\firmware\PROJ_DIR\Debug\Obj\ssdFonts.o
#        C:\Users\4eef\Projects\Chronograph+\SW\Chrono-Terminal-V1.0\firmware\PROJ_DIR\Debug\Obj\ssdGraph.o
#        C:\Users\4eef\Projects\Chronograph+\SW\Chrono-Terminal-V1.0\firmware\PROJ_DIR\Debug\Obj\startup_stm32f042x6.o
#        C:\Users\4eef\Projects\Chronograph+\SW\Chrono-Terminal-V1.0\firmware\PROJ_DIR\Debug\Obj\sync.o
#        C:\Users\4eef\Projects\Chronograph+\SW\Chrono-Terminal-V1.0\firmware\PROJ_DIR\Debug\Obj\system.o
#        C:\Users\4eef\Projects\Chronograph+\SW\Chrono-Terminal-V1.0\firmware\PROJ_DIR\Debug\Obj\system_stm32f0xx.o
#        C:\Users\4eef\Projects\Chronograph+\SW\Chrono-Terminal-V1.0\firmware\PROJ_DIR\Debug\Obj\ug2864.o
#        C:\Users\4eef\Projects\Chronograph+\SW\Chrono-Terminal-V1.0\firmware\PROJ_DIR\Debug\Obj\uint32.o
#        -o
#        C:\Users\4eef\Projects\Chronograph+\SW\Chrono-Terminal-V1.0\firmware\PROJ_DIR\Debug\Exe\Chrono-Terminal-V1.0.out
#        --redirect _Printf=_PrintfLargeNoMb --map
#        C:\Users\4eef\Projects\Chronograph+\SW\Chrono-Terminal-V1.0\firmware\PROJ_DIR\Debug\List\Chrono-Terminal-V1.0.map
#        --config "C:\Program Files (x86)\IAR Systems\Embedded Workbench
#        7.5\arm\config\linker\ST\stm32f042x6.icf" --semihosting --entry
#        __iar_program_start --vfe
#
###############################################################################

*******************************************************************************
*** RUNTIME MODEL ATTRIBUTES
***

CppFlavor       = *
__SystemLibrary = DLib


*******************************************************************************
*** PLACEMENT SUMMARY
***

"A0":  place at 0x08000000 { ro section .intvec };
"P1":  place in [from 0x08000000 to 0x08007fff] { ro };
"P2":  place in [from 0x20000000 to 0x200017ff] { rw, block CSTACK, block HEAP };
initialize by copy { rw };

  Section            Kind        Address    Size  Object
  -------            ----        -------    ----  ------
"A0":                                       0xc0
  .intvec            ro code  0x08000000    0xc0  startup_stm32f042x6.o [1]
                            - 0x080000c0    0xc0

"P1":                                     0x5fbc
  .text              ro code  0x080000c0  0x1318  main.o [1]
  .text              ro code  0x080013d8    0x10  strcpy.o [5]
  .text              ro code  0x080013e8    0x38  sprintf.o [3]
  .text              ro code  0x08001420    0xdc  MicroMenu.o [1]
  .text              ro code  0x080014fc   0x1d8  power.o [1]
  .text              ro code  0x080016d4   0x1f8  adc.o [1]
  .text              ro code  0x080018cc   0x164  sync.o [1]
  .text              ro code  0x08001a30   0x1c0  battery.o [1]
  .text              ro code  0x08001bf0   0xb74  ug2864.o [1]
  .text              ro code  0x08002764    0xe0  I32DivModFast.o [5]
  .text              ro code  0x08002844    0x10  strlen.o [5]
  .text              ro code  0x08002854   0x230  lis3.o [1]
  .text              ro code  0x08002a84   0x1c4  fix16.o [1]
  .text              ro code  0x08002c48    0xc8  fix16_trig.o [1]
  .text              ro code  0x08002d10   0x1f4  filter.o [1]
  .text              ro code  0x08002f04     0x8  abs.o [3]
  .text              ro code  0x08002f0c   0xd0a  xprintflarge_nomb.o [3]
  .text              ro code  0x08003c16     0xa  xsprout.o [3]
  .text              ro code  0x08003c20    0x50  ABImemset.o [5]
  .text              ro code  0x08003c70    0x94  clock.o [1]
  .text              ro code  0x08003d04   0x4d8  IR.o [1]
  .text              ro code  0x080041dc   0x220  gpio.o [1]
  .text              ro code  0x080043fc   0x3da  i2c.o [1]
  .rodata            const    0x080047d6     0x2  main.o [1]
  .text              ro code  0x080047d8    0x60  delay.o [1]
  .text              ro code  0x08004838     0x2  IntDivZer.o [5]
  .rodata            const    0x0800483a     0x2  ug2864.o [1]
  .text              ro code  0x0800483c    0x32  I64Mul.o [5]
  .rodata            const    0x0800486e     0x2  ug2864.o [1]
  .text              ro code  0x08004870    0x32  I32ToFlt.o [4]
  .text              ro code  0x080048a2    0xb0  FltMul.o [4]
  .text              ro code  0x08004952     0x2  startup_stm32f042x6.o [1]
  .text              ro code  0x08004954    0x3a  FltToS32.o [4]
  .text              ro code  0x0800498e   0x120  FltAddSub.o [4]
  .text              ro code  0x08004aae    0xaa  FltDiv.o [4]
  .text              ro code  0x08004b58    0x26  FltCmpLe.o [4]
  .text              ro code  0x08004b7e     0x2  startup_stm32f042x6.o [1]
  .text              ro code  0x08004b80    0x28  FltCmpGe.o [4]
  .text              ro code  0x08004ba8    0x22  xfdtest.o [4]
  .text              ro code  0x08004bca    0x14  strchr.o [5]
  .text              ro code  0x08004bde    0x18  memchr.o [5]
  .text              ro code  0x08004bf6    0x6a  I64DivMod.o [5]
  .text              ro code  0x08004c60    0x5c  ABImemcpy.o [5]
  .text              ro code  0x08004cbc    0x32  DblCmpLe.o [4]
  .text              ro code  0x08004cee   0x184  DblMul.o [4]
  .text              ro code  0x08004e72    0xc2  DblDiv.o [4]
  .text              ro code  0x08004f34    0x2e  DblToI32.o [4]
  .text              ro code  0x08004f62     0x2  startup_stm32f042x6.o [1]
  .text              ro code  0x08004f64    0x20  I32ToDbl.o [4]
  .text              ro code  0x08004f84   0x1a8  DblAddSub.o [4]
  .text              ro code  0x0800512c    0x20  div.o [3]
  .text              ro code  0x0800514c     0x2  I64DivZer.o [5]
  .text              ro code  0x0800514e     0x2  startup_stm32f042x6.o [1]
  .rodata            const    0x08005150   0x600  ssdFonts.o [1]
  .rodata            const    0x08005750   0x180  ssdFonts.o [1]
  .rodata            const    0x080058d0    0xa8  gpio.o [1]
  .text              ro code  0x08005978    0x94  system_stm32f0xx.o [1]
  .text              ro code  0x08005a0c    0x3c  startup_stm32f042x6.o [1]
  .text              ro code  0x08005a48    0x3c  zero_init3.o [5]
  .text              ro code  0x08005a84    0x30  copy_init3.o [5]
  .rodata            const    0x08005ab4    0x2c  main.o [1]
  .rodata            const    0x08005ae0    0x2c  main.o [1]
  .rodata            const    0x08005b0c    0x2c  main.o [1]
  .rodata            const    0x08005b38    0x28  main.o [1]
  .rodata            const    0x08005b60    0x28  main.o [1]
  .rodata            const    0x08005b88    0x28  main.o [1]
  .rodata            const    0x08005bb0    0x28  main.o [1]
  .rodata            const    0x08005bd8    0x28  main.o [1]
  .rodata            const    0x08005c00    0x28  main.o [1]
  .rodata            const    0x08005c28    0x28  main.o [1]
  .text              ro code  0x08005c50    0x28  data_init.o [5]
  .rodata            const    0x08005c78    0x24  main.o [1]
  .rodata            const    0x08005c9c    0x24  main.o [1]
  .rodata            const    0x08005cc0    0x24  main.o [1]
  .rodata            const    0x08005ce4    0x24  main.o [1]
  .rodata            const    0x08005d08    0x24  main.o [1]
  .iar.init_table    const    0x08005d2c    0x24  - Linker created -
  .rodata            const    0x08005d50    0x20  main.o [1]
  .rodata            const    0x08005d70    0x20  main.o [1]
  .rodata            const    0x08005d90    0x20  main.o [1]
  .rodata            const    0x08005db0    0x20  main.o [1]
  .text              ro code  0x08005dd0    0x1a  cmain.o [5]
  .text              ro code  0x08005dea     0x4  low_level_init.o [3]
  .text              ro code  0x08005dee     0x8  exit.o [3]
  .text              ro code  0x08005df6     0x2  startup_stm32f042x6.o [1]
  .text              ro code  0x08005df8     0xa  cexit.o [5]
  .text              ro code  0x08005e02     0x2  startup_stm32f042x6.o [1]
  .text              ro code  0x08005e04    0x14  exit.o [6]
  .rodata            const    0x08005e18    0x18  main.o [1]
  .rodata            const    0x08005e30    0x18  MicroMenu.o [1]
  .rodata            const    0x08005e48    0x14  battery.o [1]
  .rodata            const    0x08005e5c    0x14  main.o [1]
  .rodata            const    0x08005e70    0x14  main.o [1]
  .rodata            const    0x08005e84    0x14  main.o [1]
  .rodata            const    0x08005e98    0x14  main.o [1]
  .rodata            const    0x08005eac    0x14  main.o [1]
  .rodata            const    0x08005ec0    0x14  main.o [1]
  .rodata            const    0x08005ed4    0x14  main.o [1]
  .rodata            const    0x08005ee8    0x14  main.o [1]
  .rodata            const    0x08005efc    0x14  main.o [1]
  .rodata            const    0x08005f10    0x14  sync.o [1]
  .rodata            const    0x08005f24    0x10  main.o [1]
  .rodata            const    0x08005f34    0x10  main.o [1]
  .rodata            const    0x08005f44    0x10  main.o [1]
  .rodata            const    0x08005f54    0x10  main.o [1]
  .rodata            const    0x08005f64    0x10  ssdGraph.o [1]
  .rodata            const    0x08005f74    0x10  ssdGraph.o [1]
  .rodata            const    0x08005f84     0xc  battery.o [1]
  .rodata            const    0x08005f90     0xc  main.o [1]
  .rodata            const    0x08005f9c     0xc  main.o [1]
  .rodata            const    0x08005fa8     0xc  main.o [1]
  .rodata            const    0x08005fb4     0xc  main.o [1]
  .text              ro code  0x08005fc0     0xc  cstartup_M.o [5]
  .rodata            const    0x08005fcc     0x8  main.o [1]
  .rodata            const    0x08005fd4     0x8  main.o [1]
  .rodata            const    0x08005fdc     0x8  main.o [1]
  .rodata            const    0x08005fe4     0x8  main.o [1]
  .rodata            const    0x08005fec     0x8  main.o [1]
  .rodata            const    0x08005ff4     0x8  main.o [1]
  .rodata            const    0x08005ffc     0x8  main.o [1]
  .rodata            const    0x08006004     0x8  main.o [1]
  .rodata            const    0x0800600c     0x8  ssdGraph.o [1]
  .rodata            const    0x08006014     0x8  ug2864.o [1]
  .rodata            const    0x0800601c     0x8  ug2864.o [1]
  .rodata            const    0x08006024     0x8  xprintflarge_nomb.o [3]
  Initializer bytes  const    0x0800602c     0x8  <for P2-1>
  .rodata            const    0x08006034     0x4  fix16.o [1]
  .rodata            const    0x08006038     0x4  fix16.o [1]
  .rodata            const    0x0800603c     0x4  fix16_trig.o [1]
  .rodata            const    0x08006040     0x4  fix16_trig.o [1]
  .rodata            const    0x08006044     0x4  fix16_trig.o [1]
  .rodata            const    0x08006048     0x4  main.o [1]
  .rodata            const    0x0800604c     0x4  ssdGraph.o [1]
  .text              ro code  0x08006050     0x2  startup_stm32f042x6.o [1]
  .text              ro code  0x08006052     0x2  startup_stm32f042x6.o [1]
  .text              ro code  0x08006054     0x2  startup_stm32f042x6.o [1]
  .text              ro code  0x08006056     0x2  startup_stm32f042x6.o [1]
  .text              ro code  0x08006058     0x2  startup_stm32f042x6.o [1]
  .text              ro code  0x0800605a     0x2  startup_stm32f042x6.o [1]
  .text              ro code  0x0800605c     0x2  startup_stm32f042x6.o [1]
  .text              ro code  0x0800605e     0x2  startup_stm32f042x6.o [1]
  .text              ro code  0x08006060     0x2  startup_stm32f042x6.o [1]
  .text              ro code  0x08006062     0x2  startup_stm32f042x6.o [1]
  .text              ro code  0x08006064     0x2  startup_stm32f042x6.o [1]
  .text              ro code  0x08006066     0x2  startup_stm32f042x6.o [1]
  .text              ro code  0x08006068     0x2  startup_stm32f042x6.o [1]
  .text              ro code  0x0800606a     0x2  startup_stm32f042x6.o [1]
  .text              ro code  0x0800606c     0x2  startup_stm32f042x6.o [1]
  .text              ro code  0x0800606e     0x2  startup_stm32f042x6.o [1]
  .text              ro code  0x08006070     0x2  startup_stm32f042x6.o [1]
  .text              ro code  0x08006072     0x2  startup_stm32f042x6.o [1]
  .text              ro code  0x08006074     0x2  startup_stm32f042x6.o [1]
  .text              ro code  0x08006076     0x2  startup_stm32f042x6.o [1]
  .text              ro code  0x08006078     0x2  startup_stm32f042x6.o [1]
  .text              ro code  0x0800607a     0x2  startup_stm32f042x6.o [1]
  .rodata            const    0x0800607c     0x0  zero_init3.o [5]
  .rodata            const    0x0800607c     0x0  copy_init3.o [5]
                            - 0x0800607c  0x5fbc

"P2", part 1 of 3:                           0x8
  P2-1                        0x20000000     0x8  <Init block>
    .data            inited   0x20000000     0x4  gpio.o [1]
    .data            inited   0x20000004     0x4  MicroMenu.o [1]
                            - 0x20000008     0x8

"P2", part 2 of 3:                         0x400
  CSTACK                      0x20000008   0x400  <Block>
    CSTACK           uninit   0x20000008   0x400  <Block tail>
                            - 0x20000408   0x400

"P2", part 3 of 3:                         0x9e8
  .bss               zero     0x20000408   0x404  ug2864.o [1]
  .bss               zero     0x2000080c   0x260  system.o [1]
  .bss               zero     0x20000a6c   0x16c  system.o [1]
  .bss               zero     0x20000bd8   0x128  MicroMenu.o [1]
  .bss               zero     0x20000d00    0x5c  filter.o [1]
  .bss               zero     0x20000d5c    0x18  filter.o [1]
  .bss               zero     0x20000d74    0x18  lis3.o [1]
  .bss               zero     0x20000d8c    0x18  ug2864.o [1]
  .bss               zero     0x20000da4    0x14  IR.o [1]
  .bss               zero     0x20000db8    0x14  lis3.o [1]
  .bss               zero     0x20000dcc     0x8  buttons.o [1]
  .bss               zero     0x20000dd4     0x8  power.o [1]
  .bss               zero     0x20000ddc     0x4  adc.o [1]
  .bss               zero     0x20000de0     0x4  filter.o [1]
  .bss               zero     0x20000de4     0x4  main.o [1]
  .bss               zero     0x20000de8     0x4  system.o [1]
  .bss               zero     0x20000dec     0x2  filter.o [1]
  .bss               zero     0x20000dee     0x1  battery.o [1]
  .bss               zero     0x20000def     0x1  ug2864.o [1]
                            - 0x20000df0   0x9e8


*******************************************************************************
*** INIT TABLE
***

          Address     Size
          -------     ----
Zero (__iar_zero_init3)
    1 destination range, total size 0x9e8:
          0x20000408  0x9e8

Copy (__iar_copy_init3)
    1 source range, total size 0x8:
          0x0800602c    0x8
    1 destination range, total size 0x8:
          0x20000000    0x8



*******************************************************************************
*** MODULE SUMMARY
***

    Module                 ro code  ro data  rw data
    ------                 -------  -------  -------
C:\Users\4eef\Projects\Chronograph+\SW\Chrono-Terminal-V1.0\firmware\PROJ_DIR\Debug\Obj: [1]
    IR.o                     1 240                20
    MicroMenu.o                220       28      300
    adc.o                      504                 4
    battery.o                  448       32        1
    buttons.o                                      8
    clock.o                    148
    delay.o                     96
    filter.o                   500               122
    fix16.o                    452        8
    fix16_trig.o               200       12
    gpio.o                     544      172        4
    i2c.o                      986
    lis3.o                     560                44
    main.o                   4 888    1 106        4
    power.o                    472                 8
    ssdFonts.o                        1 920
    ssdGraph.o                           44
    startup_stm32f042x6.o      308
    sync.o                     356       20
    system.o                                     976
    system_stm32f0xx.o         148
    ug2864.o                 2 932       20    1 053
    ------------------------------------------------
    Total:                  15 002    3 362    2 544

command line: [2]
    ------------------------------------------------
    Total:

dl6M_tln.a: [3]
    abs.o                        8
    div.o                       32
    exit.o                       8
    low_level_init.o             4
    sprintf.o                   56
    xprintflarge_nomb.o      3 338        8
    xsprout.o                   10
    ------------------------------------------------
    Total:                   3 456        8

m6M_tl.a: [4]
    DblAddSub.o                424
    DblCmpLe.o                  50
    DblDiv.o                   194
    DblMul.o                   388
    DblToI32.o                  46
    FltAddSub.o                288
    FltCmpGe.o                  40
    FltCmpLe.o                  38
    FltDiv.o                   170
    FltMul.o                   176
    FltToS32.o                  58
    I32ToDbl.o                  32
    I32ToFlt.o                  50
    xfdtest.o                   34
    ------------------------------------------------
    Total:                   1 988

rt6M_tl.a: [5]
    ABImemcpy.o                 92
    ABImemset.o                 80
    I32DivModFast.o            224
    I64DivMod.o                106
    I64DivZer.o                  2
    I64Mul.o                    50
    IntDivZer.o                  2
    cexit.o                     10
    cmain.o                     26
    copy_init3.o                48
    cstartup_M.o                12
    data_init.o                 40
    memchr.o                    24
    strchr.o                    20
    strcpy.o                    16
    strlen.o                    16
    zero_init3.o                60
    ------------------------------------------------
    Total:                     828

shb_l.a: [6]
    exit.o                      20
    ------------------------------------------------
    Total:                      20

    Linker created                       36    1 024
----------------------------------------------------
    Grand Total:            21 294    3 406    3 568


*******************************************************************************
*** ENTRY LIST
***

Entry                      Address   Size  Type      Object
-----                      -------   ----  ----      ------
.iar.init_table$$Base   0x08005d2c          --   Gb  - Linker created -
.iar.init_table$$Limit  0x08005d50          --   Gb  - Linker created -
?main                   0x08005dd1         Code  Gb  cmain.o [5]
ADC1_IRQHandler         0x08001815   0x82  Code  Gb  adc.o [1]
CSTACK$$Base            0x20000008          --   Gb  - Linker created -
CSTACK$$Limit           0x20000408          --   Gb  - Linker created -
CurrentMenuItem         0x20000de4    0x4  Data  Gb  main.o [1]
CurrentMenuItem         0x20000004    0x4  Data  Lc  MicroMenu.o [1]
EXTI4_15_IRQHandler     0x0800159d   0x22  Code  Gb  power.o [1]
I2C1_IRQHandler         0x080047d5    0x2  Code  Gb  i2c.o [1]
I2CRx                   0x08004525   0xec  Code  Gb  i2c.o [1]
I2CRxInit               0x0800448d   0x98  Code  Gb  i2c.o [1]
I2CTx                   0x080046c9   0xec  Code  Gb  i2c.o [1]
I2CTxInit               0x08004611   0x96  Code  Gb  i2c.o [1]
IRRXData                0x20000da4   0x14  Data  Gb  IR.o [1]
LoadInt                 0x080034cd   0x68  Code  Lc  xprintflarge_nomb.o [3]
Menu_GetCurrentMenu     0x08001421    0x6  Code  Gb  MicroMenu.o [1]
Menu_Navigate           0x08001427   0xbe  Code  Gb  MicroMenu.o [1]
NULL_MENU               0x08005e30   0x18  Data  Gb  MicroMenu.o [1]
NVIC_DisableIRQ         0x080016e3    0xe  Code  Lc  adc.o [1]
NVIC_DisableIRQ         0x08003d13    0xe  Code  Lc  IR.o [1]
NVIC_DisableIRQ         0x0800150b    0xe  Code  Lc  power.o [1]
NVIC_EnableIRQ          0x080016d5    0xe  Code  Lc  adc.o [1]
NVIC_EnableIRQ          0x08003d05    0xe  Code  Lc  IR.o [1]
NVIC_EnableIRQ          0x080014fd    0xe  Code  Lc  power.o [1]
NVIC_SetPriority        0x080016f1   0x84  Code  Lc  adc.o [1]
NVIC_SetPriority        0x08003d21   0x84  Code  Lc  IR.o [1]
NVIC_SetPriority        0x08001519   0x84  Code  Lc  power.o [1]
PI_DIV_4                0x0800603c    0x4  Data  Lc  fix16_trig.o [1]
Region$$Table$$Base     0x08005d2c          --   Gb  - Linker created -
Region$$Table$$Limit    0x08005d50          --   Gb  - Linker created -
SystemInit              0x08005979   0x68  Code  Gb  system_stm32f0xx.o [1]
THREE_PI_DIV_4          0x08006040    0x4  Data  Lc  fix16_trig.o [1]
TIM2_IRQHandler         0x08003f21  0x28a  Code  Gb  IR.o [1]
_GenldLargeNoMb         0x08003949  0x29a  Code  Lc  xprintflarge_nomb.o [3]
_LdtobLargeNoMb         0x08003661  0x2b0  Code  Lc  xprintflarge_nomb.o [3]
_LitobLargeNoMb         0x08003535  0x12a  Code  Lc  xprintflarge_nomb.o [3]
_PrintfLargeNoMb        0x08002f0d  0x5c0  Code  Gb  xprintflarge_nomb.o [3]
_PutcharsLargeNoMb      0x08003be3   0x30  Code  Lc  xprintflarge_nomb.o [3]
_SProut                 0x08003c17    0xa  Code  Gb  xsprout.o [3]
__ICFEDIT_region_RAM_end__ {Abs}
                        0x200017ff         Data  Gb  command line/config [2]
__ICFEDIT_region_RAM_start__ {Abs}
                        0x20000000         Data  Gb  command line/config [2]
__aeabi_cdcmple         0x08004cbd         Code  Gb  DblCmpLe.o [4]
__aeabi_cfcmple         0x08004b59         Code  Gb  FltCmpLe.o [4]
__aeabi_cfrcmple        0x08004b81         Code  Gb  FltCmpGe.o [4]
__aeabi_d2uiz           0x08004f35         Code  Gb  DblToI32.o [4]
__aeabi_ddiv            0x08004e73         Code  Gb  DblDiv.o [4]
__aeabi_dmul            0x08004cef         Code  Gb  DblMul.o [4]
__aeabi_dsub            0x0800503f         Code  Gb  DblAddSub.o [4]
__aeabi_f2iz            0x08004955         Code  Gb  FltToS32.o [4]
__aeabi_fadd            0x0800498f         Code  Gb  FltAddSub.o [4]
__aeabi_fdiv            0x08004aaf         Code  Gb  FltDiv.o [4]
__aeabi_fmul            0x080048a3         Code  Gb  FltMul.o [4]
__aeabi_fsub            0x080049ff         Code  Gb  FltAddSub.o [4]
__aeabi_i2f             0x08004871         Code  Gb  I32ToFlt.o [4]
__aeabi_idiv            0x08002791         Code  Gb  I32DivModFast.o [5]
__aeabi_idiv0           0x08004839         Code  Gb  IntDivZer.o [5]
__aeabi_idivmod         0x08002791         Code  Gb  I32DivModFast.o [5]
__aeabi_ldiv0           0x0800514d         Code  Gb  I64DivZer.o [5]
__aeabi_lmul            0x0800483d         Code  Gb  I64Mul.o [5]
__aeabi_memcpy          0x08004c61         Code  Gb  ABImemcpy.o [5]
__aeabi_memset          0x08003c21         Code  Gb  ABImemset.o [5]
__aeabi_ui2d            0x08004f65         Code  Gb  I32ToDbl.o [4]
__aeabi_uidiv           0x08002797         Code  Gb  I32DivModFast.o [5]
__aeabi_uidivmod        0x08002797         Code  Gb  I32DivModFast.o [5]
__aeabi_uldivmod        0x08004bf7         Code  Gb  I64DivMod.o [5]
__cmain                 0x08005dd1         Code  Gb  cmain.o [5]
__exit                  0x08005e05   0x14  Code  Gb  exit.o [6]
__iar_FDtest            0x08004ba9   0x22  Code  Gb  xfdtest.o [4]
__iar_Memchr            0x08004bdf   0x18  Code  Gb  memchr.o [5]
__iar_Memset4_word      0x08003c41         Code  Gb  ABImemset.o [5]
__iar_Memset_word       0x08003c2d         Code  Gb  ABImemset.o [5]
__iar_Strchr            0x08004bcb   0x14  Code  Gb  strchr.o [5]
__iar_copy_init3        0x08005a85   0x30  Code  Gb  copy_init3.o [5]
__iar_d2uiz             0x08004f39         Code  Gb  DblToI32.o [4]
__iar_data_init3        0x08005c51   0x28  Code  Gb  data_init.o [5]
__iar_program_start     0x08005fc1         Code  Gb  cstartup_M.o [5]
__iar_ui2d              0x08004f69         Code  Gb  I32ToDbl.o [4]
__iar_ui2f              0x08004889         Code  Gb  I32ToFlt.o [4]
__iar_zero_init3        0x08005a49   0x3c  Code  Gb  zero_init3.o [5]
__low_level_init        0x08005deb    0x4  Code  Gb  low_level_init.o [3]
__vector_table          0x08000000         Data  Gb  startup_stm32f042x6.o [1]
_call_main              0x08005ddd         Code  Gb  cmain.o [5]
_exit                   0x08005df9         Code  Gb  cexit.o [5]
_main                   0x08005de7         Code  Gb  cmain.o [5]
about                   0x08005d70   0x20  Data  Gb  main.o [1]
abs                     0x08002f05    0x8  Code  Gb  abs.o [3]
accGainCal              0x0800293b  0x12e  Code  Gb  lis3.o [1]
accel                   0x20000d74   0x18  Data  Gb  lis3.o [1]
adcData                 0x20000ddc    0x4  Data  Gb  adc.o [1]
adcDeinit               0x08001775   0x24  Code  Gb  adc.o [1]
adcInit                 0x08001799   0x7c  Code  Gb  adc.o [1]
battCalc                0x08001a31  0x1c0  Code  Gb  battery.o [1]
battCalc::percFlag      0x20000dee    0x1  Data  Lc  battery.o [1]
buttons                 0x20000dcc    0x8  Data  Gb  buttons.o [1]
chrgSym                 0x0800600c    0x8  Data  Gb  ssdGraph.o [1]
clz                     0x08002b11   0x2c  Code  Lc  fix16.o [1]
deInitIR                0x08003e8f   0x4a  Code  Gb  IR.o [1]
delay_us                0x080047d9   0x60  Code  Gb  delay.o [1]
display                 0x08005d50   0x20  Data  Gb  main.o [1]
div                     0x0800512d   0x20  Code  Gb  div.o [3]
drawMainScreen          0x08001025  0x370  Code  Gb  main.o [1]
drawMenu                0x08000f25   0xba  Code  Gb  main.o [1]
exit                    0x08005def    0x8  Code  Gb  exit.o [3]
fix16_add               0x08002a85   0x24  Code  Gb  fix16.o [1]
fix16_atan              0x08002cef   0x10  Code  Gb  fix16_trig.o [1]
fix16_atan2             0x08002c49   0xa6  Code  Gb  fix16_trig.o [1]
fix16_div               0x08002b3d  0x104  Code  Gb  fix16.o [1]
fix16_min               0x08006034    0x4  Data  Lc  fix16.o [1]
fix16_mul               0x08002aa9   0x68  Code  Gb  fix16.o [1]
fix16_one               0x08006044    0x4  Data  Lc  fix16_trig.o [1]
fix16_one               0x08006048    0x4  Data  Lc  main.o [1]
fix16_overflow          0x08006038    0x4  Data  Lc  fix16.o [1]
font12x16               0x08005750  0x180  Data  Gb  ssdFonts.o [1]
font6x8                 0x08005150  0x600  Data  Gb  ssdFonts.o [1]
gppin_init              0x08004217  0x1cc  Code  Gb  gpio.o [1]
initClocks              0x08003c71   0x94  Code  Gb  clock.o [1]
initGpios               0x080041dd   0x3a  Code  Gb  gpio.o [1]
initI2C1                0x080043fd   0x90  Code  Gb  i2c.o [1]
initIRConfig            0x08003da5   0xea  Code  Gb  IR.o [1]
initPeriphs             0x080016b9   0x1c  Code  Gb  power.o [1]
kalman                  0x20000d00   0x5c  Data  Gb  filter.o [1]
kalmanAccCorr           0x08002d35  0x186  Code  Gb  filter.o [1]
lis3AxisCal             0x20000db8   0x14  Data  Gb  lis3.o [1]
lis3_getXYZ             0x080028fb   0x40  Code  Gb  lis3.o [1]
lis3_read               0x080028bd   0x3e  Code  Gb  lis3.o [1]
lis3_write              0x08002891   0x2c  Code  Gb  lis3.o [1]
lis3init                0x08002855   0x3c  Code  Gb  lis3.o [1]
lpf                     0x08002ebb   0x2e  Code  Gb  filter.o [1]
lpf::Dacc               0x20000de0    0x4  Data  Lc  filter.o [1]
lpf::Dout               0x20000dec    0x2  Data  Lc  filter.o [1]
lpfAccPrim              0x08002d11   0x24  Code  Gb  filter.o [1]
lpfPrim                 0x20000d5c   0x18  Data  Gb  filter.o [1]
main                    0x080000c1  0xa3c  Code  Gb  main.o [1]
mchron                  0x08005ce4   0x24  Data  Gb  main.o [1]
mcommon                 0x08005d90   0x20  Data  Gb  main.o [1]
meas                    0x2000080c  0x260  Data  Gb  system.o [1]
menu                    0x20000bd8  0x128  Data  Gb  MicroMenu.o [1]
menuFolder              0x08005f64   0x10  Data  Gb  ssdGraph.o [1]
menuScroll              0x0800604c    0x4  Data  Gb  ssdGraph.o [1]
mincline                0x08005b60   0x28  Data  Gb  main.o [1]
mode                    0x08005c78   0x24  Data  Gb  main.o [1]
modeEdit                0x08000c91   0x6c  Code  Gb  main.o [1]
parEdit                 0x08000c35   0x48  Code  Gb  main.o [1]
parEditRedir            0x08000b35   0xf6  Code  Gb  main.o [1]
pellets                 0x20000a6c  0x16c  Data  Gb  system.o [1]
pinNum                  0x20000000    0x4  Data  Gb  gpio.o [1]
pinsMode                0x080058d0   0xa8  Data  Gb  gpio.o [1]
power                   0x20000dd4    0x8  Data  Gb  power.o [1]
powerOff                0x0800163b   0x32  Code  Gb  power.o [1]
powerOn                 0x0800166d   0x12  Code  Gb  power.o [1]
q16TiltCalc             0x08000d0d   0x48  Code  Gb  main.o [1]
scbind                  0x08005db0   0x20  Data  Gb  main.o [1]
scdist                  0x08005c28   0x28  Data  Gb  main.o [1]
schrono                 0x08005d08   0x24  Data  Gb  main.o [1]
sclipc                  0x08005b88   0x28  Data  Gb  main.o [1]
service                 0x08005b38   0x28  Data  Gb  main.o [1]
setts                   0x08005cc0   0x24  Data  Gb  main.o [1]
sibrdr                  0x08005ab4   0x2c  Data  Gb  main.o [1]
sigacal                 0x08005b0c   0x2c  Data  Gb  main.o [1]
sincline                0x08005bb0   0x28  Data  Gb  main.o [1]
siofcal                 0x08005ae0   0x2c  Data  Gb  main.o [1]
spofft                  0x08005bd8   0x28  Data  Gb  main.o [1]
sprintf                 0x080013e9   0x38  Code  Gb  sprintf.o [3]
ssdBatt                 0x08005f74   0x10  Data  Gb  ssdGraph.o [1]
ssdVideoBff             0x20000408  0x404  Data  Gb  ug2864.o [1]
ssd_putBatt             0x0800229b  0x100  Code  Gb  ug2864.o [1]
ssd_putChar12x16        0x080023a9   0xf4  Code  Gb  ug2864.o [1]
ssd_putChar6x8          0x080024c1   0x5a  Code  Gb  ug2864.o [1]
ssd_putMenuFolder       0x0800224b   0x50  Code  Gb  ug2864.o [1]
ssd_putMenuScroll       0x0800206d   0xae  Code  Gb  ug2864.o [1]
ssd_putMessage          0x08001cb1   0xf4  Code  Gb  ug2864.o [1]
ssd_putMessage::msgCnt  0x20000def    0x1  Data  Lc  ug2864.o [1]
ssd_putMessage::msgStr  0x20000d8c   0x18  Data  Lc  ug2864.o [1]
ssd_putMsgBox           0x08001dbd   0x8a  Code  Gb  ug2864.o [1]
ssd_putParBox           0x08001bf1   0xc0  Code  Gb  ug2864.o [1]
ssd_putPitchBar         0x0800211b  0x130  Code  Gb  ug2864.o [1]
ssd_putRollBar          0x08001e47  0x226  Code  Gb  ug2864.o [1]
ssd_putString12x16      0x0800249d   0x24  Code  Gb  ug2864.o [1]
ssd_putString6x8        0x08002521   0x24  Code  Gb  ug2864.o [1]
ssd_setpix              0x08002545   0xc8  Code  Gb  ug2864.o [1]
sswrst                  0x08005c00   0x28  Data  Gb  main.o [1]
stats                   0x08005c9c   0x24  Data  Gb  main.o [1]
stopModeConfig          0x080015bf   0x7c  Code  Gb  power.o [1]
strcpy                  0x080013d9         Code  Gb  strcpy.o [5]
strlen                  0x08002845   0x10  Code  Gb  strlen.o [5]
sync                    0x08001927   0xc4  Code  Gb  sync.o [1]
syncInit                0x080018cd   0x5a  Code  Gb  sync.o [1]
sysPars                 0x20000de8    0x4  Data  Gb  system.o [1]
trxAccData              0x08000d99  0x16e  Code  Gb  main.o [1]
ug2864_com              0x080026f3   0x2c  Code  Gb  ug2864.o [1]
ug2864_refresh          0x08002729   0x20  Code  Gb  ug2864.o [1]
ug2864init              0x08002641   0xb2  Code  Gb  ug2864.o [1]
ug2864off               0x08002615   0x16  Code  Gb  ug2864.o [1]
ug2864on                0x0800262b   0x16  Code  Gb  ug2864.o [1]


[1] = C:\Users\4eef\Projects\Chronograph+\SW\Chrono-Terminal-V1.0\firmware\PROJ_DIR\Debug\Obj
[2] = command line
[3] = dl6M_tln.a
[4] = m6M_tl.a
[5] = rt6M_tl.a
[6] = shb_l.a

  21 294 bytes of readonly  code memory
   3 406 bytes of readonly  data memory
   3 568 bytes of readwrite data memory

Errors: none
Warnings: none
