###############################################################################
#
# IAR ELF Linker V7.80.2.11947/W32 for ARM                01/Nov/2018  20:26:14
# Copyright 2007-2016 IAR Systems AB.
#
#    Output file  =  
#        C:\Users\4eef\Projects\Chronograph+\SW\Chrono-Terminal-V1.0\firmware\PROJ_DIR\Debug\Exe\Chrono-Terminal-V1.0.out
#    Map file     =  
#        C:\Users\4eef\Projects\Chronograph+\SW\Chrono-Terminal-V1.0\firmware\PROJ_DIR\Debug\List\Chrono-Terminal-V1.0.map
#    Command line =  
#        C:\Users\4eef\Projects\Chronograph+\SW\Chrono-Terminal-V1.0\firmware\PROJ_DIR\Debug\Obj\adc.o
#        C:\Users\4eef\Projects\Chronograph+\SW\Chrono-Terminal-V1.0\firmware\PROJ_DIR\Debug\Obj\battery.o
#        C:\Users\4eef\Projects\Chronograph+\SW\Chrono-Terminal-V1.0\firmware\PROJ_DIR\Debug\Obj\buttons.o
#        C:\Users\4eef\Projects\Chronograph+\SW\Chrono-Terminal-V1.0\firmware\PROJ_DIR\Debug\Obj\clock.o
#        C:\Users\4eef\Projects\Chronograph+\SW\Chrono-Terminal-V1.0\firmware\PROJ_DIR\Debug\Obj\delay.o
#        C:\Users\4eef\Projects\Chronograph+\SW\Chrono-Terminal-V1.0\firmware\PROJ_DIR\Debug\Obj\filter.o
#        C:\Users\4eef\Projects\Chronograph+\SW\Chrono-Terminal-V1.0\firmware\PROJ_DIR\Debug\Obj\fix16.o
#        C:\Users\4eef\Projects\Chronograph+\SW\Chrono-Terminal-V1.0\firmware\PROJ_DIR\Debug\Obj\fix16_exp.o
#        C:\Users\4eef\Projects\Chronograph+\SW\Chrono-Terminal-V1.0\firmware\PROJ_DIR\Debug\Obj\fix16_sqrt.o
#        C:\Users\4eef\Projects\Chronograph+\SW\Chrono-Terminal-V1.0\firmware\PROJ_DIR\Debug\Obj\fix16_trig.o
#        C:\Users\4eef\Projects\Chronograph+\SW\Chrono-Terminal-V1.0\firmware\PROJ_DIR\Debug\Obj\fract32.o
#        C:\Users\4eef\Projects\Chronograph+\SW\Chrono-Terminal-V1.0\firmware\PROJ_DIR\Debug\Obj\gpio.o
#        C:\Users\4eef\Projects\Chronograph+\SW\Chrono-Terminal-V1.0\firmware\PROJ_DIR\Debug\Obj\i2c.o
#        C:\Users\4eef\Projects\Chronograph+\SW\Chrono-Terminal-V1.0\firmware\PROJ_DIR\Debug\Obj\IR.o
#        C:\Users\4eef\Projects\Chronograph+\SW\Chrono-Terminal-V1.0\firmware\PROJ_DIR\Debug\Obj\lis3.o
#        C:\Users\4eef\Projects\Chronograph+\SW\Chrono-Terminal-V1.0\firmware\PROJ_DIR\Debug\Obj\main.o
#        C:\Users\4eef\Projects\Chronograph+\SW\Chrono-Terminal-V1.0\firmware\PROJ_DIR\Debug\Obj\menuFunctions.o
#        C:\Users\4eef\Projects\Chronograph+\SW\Chrono-Terminal-V1.0\firmware\PROJ_DIR\Debug\Obj\MicroMenu.o
#        C:\Users\4eef\Projects\Chronograph+\SW\Chrono-Terminal-V1.0\firmware\PROJ_DIR\Debug\Obj\power.o
#        C:\Users\4eef\Projects\Chronograph+\SW\Chrono-Terminal-V1.0\firmware\PROJ_DIR\Debug\Obj\ssdFonts.o
#        C:\Users\4eef\Projects\Chronograph+\SW\Chrono-Terminal-V1.0\firmware\PROJ_DIR\Debug\Obj\ssdGraph.o
#        C:\Users\4eef\Projects\Chronograph+\SW\Chrono-Terminal-V1.0\firmware\PROJ_DIR\Debug\Obj\startup_stm32f042x6.o
#        C:\Users\4eef\Projects\Chronograph+\SW\Chrono-Terminal-V1.0\firmware\PROJ_DIR\Debug\Obj\sync.o
#        C:\Users\4eef\Projects\Chronograph+\SW\Chrono-Terminal-V1.0\firmware\PROJ_DIR\Debug\Obj\system.o
#        C:\Users\4eef\Projects\Chronograph+\SW\Chrono-Terminal-V1.0\firmware\PROJ_DIR\Debug\Obj\system_stm32f0xx.o
#        C:\Users\4eef\Projects\Chronograph+\SW\Chrono-Terminal-V1.0\firmware\PROJ_DIR\Debug\Obj\ug2864.o
#        C:\Users\4eef\Projects\Chronograph+\SW\Chrono-Terminal-V1.0\firmware\PROJ_DIR\Debug\Obj\uint32.o
#        --redirect _Printf=_PrintfLargeNoMb -o
#        C:\Users\4eef\Projects\Chronograph+\SW\Chrono-Terminal-V1.0\firmware\PROJ_DIR\Debug\Exe\Chrono-Terminal-V1.0.out
#        --map
#        C:\Users\4eef\Projects\Chronograph+\SW\Chrono-Terminal-V1.0\firmware\PROJ_DIR\Debug\List\Chrono-Terminal-V1.0.map
#        --config "C:\Program Files (x86)\IAR Systems\Embedded Workbench
#        7.5\arm\config\linker\ST\stm32f042x6.icf" --semihosting --entry
#        __iar_program_start --vfe
#
###############################################################################

*******************************************************************************
*** RUNTIME MODEL ATTRIBUTES
***

CppFlavor       = *
__SystemLibrary = DLib


*******************************************************************************
*** PLACEMENT SUMMARY
***

"A0":  place at 0x08000000 { ro section .intvec };
"P1":  place in [from 0x08000000 to 0x08007fff] { ro };
"P2":  place in [from 0x20000000 to 0x200017ff] { rw, block CSTACK, block HEAP };
initialize by copy { rw };

  Section            Kind        Address    Size  Object
  -------            ----        -------    ----  ------
"A0":                                       0xc0
  .intvec            ro code  0x08000000    0xc0  startup_stm32f042x6.o [1]
                            - 0x080000c0    0xc0

"P1":                                     0x75b8
  .text              ro code  0x080000c0   0xe28  MicroMenu.o [1]
  .text              ro code  0x08000ee8    0x50  ABImemset.o [5]
  .text              ro code  0x08000f38    0x10  strcpy.o [5]
  .text              ro code  0x08000f48    0x10  strlen.o [5]
  .text              ro code  0x08000f58   0xd9c  ug2864.o [1]
  .text              ro code  0x08001cf4    0xe0  I32DivModFast.o [5]
  .text              ro code  0x08001dd4    0x38  sprintf.o [3]
  .text              ro code  0x08001e0c    0x1c  strcat.o [3]
  .text              ro code  0x08001e28     0x8  abs.o [3]
  .text              ro code  0x08001e30    0x60  delay.o [1]
  .text              ro code  0x08001e90   0x3e2  i2c.o [1]
  .text              ro code  0x08002272     0xa  xsprout.o [3]
  .text              ro code  0x0800227c     0x2  IntDivZer.o [5]
  .rodata            const    0x0800227e     0x2  main.o [1]
  .text              ro code  0x08002280   0xd0a  xprintflarge_nomb.o [3]
  .text              ro code  0x08002f8a    0x14  strchr.o [5]
  .text              ro code  0x08002f9e    0x18  memchr.o [5]
  .text              ro code  0x08002fb6    0x6a  I64DivMod.o [5]
  .text              ro code  0x08003020    0x5c  ABImemcpy.o [5]
  .text              ro code  0x0800307c    0x32  DblCmpLe.o [4]
  .text              ro code  0x080030ae   0x184  DblMul.o [4]
  .text              ro code  0x08003232    0xc2  DblDiv.o [4]
  .text              ro code  0x080032f4    0x2e  DblToI32.o [4]
  .rodata            const    0x08003322     0x2  system.o [1]
  .text              ro code  0x08003324    0x20  I32ToDbl.o [4]
  .text              ro code  0x08003344   0x1a8  DblAddSub.o [4]
  .text              ro code  0x080034ec    0x20  div.o [3]
  .text              ro code  0x0800350c     0x2  I64DivZer.o [5]
  .rodata            const    0x0800350e     0x2  ug2864.o [1]
  .text              ro code  0x08003510   0xa2c  IR.o [1]
  .text              ro code  0x08003f3c   0x684  system.o [1]
  .rodata            const    0x080045c0   0x600  ssdFonts.o [1]
  .text              ro code  0x08004bc0   0x35c  lis3.o [1]
  .text              ro code  0x08004f1c   0x1c4  fix16.o [1]
  .text              ro code  0x080050e0    0xc8  fix16_trig.o [1]
  .text              ro code  0x080051a8   0x1f4  filter.o [1]
  .text              ro code  0x0800539c    0x32  I64Mul.o [5]
  .rodata            const    0x080053ce     0x2  ug2864.o [1]
  .text              ro code  0x080053d0    0x32  I32ToFlt.o [4]
  .text              ro code  0x08005402    0xb0  FltMul.o [4]
  .rodata            const    0x080054b2     0x2  ug2864.o [1]
  .text              ro code  0x080054b4    0x3a  FltToS32.o [4]
  .text              ro code  0x080054ee   0x120  FltAddSub.o [4]
  .text              ro code  0x0800560e    0xaa  FltDiv.o [4]
  .text              ro code  0x080056b8    0x26  FltCmpLe.o [4]
  .rodata            const    0x080056de     0x2  ug2864.o [1]
  .text              ro code  0x080056e0    0x28  FltCmpGe.o [4]
  .text              ro code  0x08005708    0x22  xfdtest.o [4]
  .rodata            const    0x0800572a     0x2  ug2864.o [1]
  .text              ro code  0x0800572c   0x334  buttons.o [1]
  .text              ro code  0x08005a60   0x2d4  main.o [1]
  .text              ro code  0x08005d34   0x1e0  power.o [1]
  .text              ro code  0x08005f14   0x1f8  adc.o [1]
  .text              ro code  0x0800610c   0x160  sync.o [1]
  .text              ro code  0x0800626c   0x1c0  battery.o [1]
  .text              ro code  0x0800642c    0xa0  clock.o [1]
  .text              ro code  0x080064cc   0x220  gpio.o [1]
  .rodata            const    0x080066ec   0x198  ssdFonts.o [1]
  .rodata            const    0x08006884    0xd4  menuFunctions.o [1]
  .rodata            const    0x08006958    0xc0  gpio.o [1]
  .text              ro code  0x08006a18    0xac  menuFunctions.o [1]
  .text              ro code  0x08006ac4    0x94  system_stm32f0xx.o [1]
  .rodata            const    0x08006b58    0x48  menuFunctions.o [1]
  .text              ro code  0x08006ba0    0x3c  startup_stm32f042x6.o [1]
  .text              ro code  0x08006bdc    0x3c  zero_init3.o [5]
  .text              ro code  0x08006c18    0x30  copy_init3.o [5]
  .text              ro code  0x08006c48    0x28  data_init.o [5]
  .iar.init_table    const    0x08006c70    0x24  - Linker created -
  .rodata            const    0x08006c94    0x1c  main.o [1]
  .rodata            const    0x08006cb0    0x1c  main.o [1]
  .rodata            const    0x08006ccc    0x1c  main.o [1]
  .rodata            const    0x08006ce8    0x1c  main.o [1]
  .rodata            const    0x08006d04    0x1c  main.o [1]
  .rodata            const    0x08006d20    0x1c  main.o [1]
  .rodata            const    0x08006d3c    0x1c  main.o [1]
  .rodata            const    0x08006d58    0x1c  main.o [1]
  .rodata            const    0x08006d74    0x1c  main.o [1]
  .rodata            const    0x08006d90    0x1c  main.o [1]
  .rodata            const    0x08006dac    0x1c  main.o [1]
  .rodata            const    0x08006dc8    0x1c  main.o [1]
  .rodata            const    0x08006de4    0x1c  main.o [1]
  .rodata            const    0x08006e00    0x1c  main.o [1]
  .rodata            const    0x08006e1c    0x1c  main.o [1]
  .rodata            const    0x08006e38    0x1c  main.o [1]
  .rodata            const    0x08006e54    0x1c  main.o [1]
  .rodata            const    0x08006e70    0x1c  main.o [1]
  .rodata            const    0x08006e8c    0x1c  main.o [1]
  .rodata            const    0x08006ea8    0x1c  main.o [1]
  .rodata            const    0x08006ec4    0x1c  main.o [1]
  .rodata            const    0x08006ee0    0x1c  main.o [1]
  .rodata            const    0x08006efc    0x1c  main.o [1]
  .rodata            const    0x08006f18    0x1c  main.o [1]
  .rodata            const    0x08006f34    0x1c  main.o [1]
  .rodata            const    0x08006f50    0x1c  main.o [1]
  .rodata            const    0x08006f6c    0x1c  main.o [1]
  .rodata            const    0x08006f88    0x1c  main.o [1]
  .rodata            const    0x08006fa4    0x1c  main.o [1]
  .rodata            const    0x08006fc0    0x1c  main.o [1]
  .rodata            const    0x08006fdc    0x1c  main.o [1]
  .rodata            const    0x08006ff8    0x1c  MicroMenu.o [1]
  .text              ro code  0x08007014    0x1a  cmain.o [5]
  .text              ro code  0x0800702e     0x4  low_level_init.o [3]
  .text              ro code  0x08007032     0x8  exit.o [3]
  .rodata            const    0x0800703a     0x2  ug2864.o [1]
  .text              ro code  0x0800703c     0xa  cexit.o [5]
  .rodata            const    0x08007046     0x2  ug2864.o [1]
  .text              ro code  0x08007048    0x14  exit.o [6]
  .rodata            const    0x0800705c    0x18  main.o [1]
  .rodata            const    0x08007074    0x18  main.o [1]
  .rodata            const    0x0800708c    0x18  main.o [1]
  .rodata            const    0x080070a4    0x18  main.o [1]
  .rodata            const    0x080070bc    0x18  main.o [1]
  .rodata            const    0x080070d4    0x18  main.o [1]
  .rodata            const    0x080070ec    0x18  main.o [1]
  .rodata            const    0x08007104    0x18  main.o [1]
  .rodata            const    0x0800711c    0x18  main.o [1]
  .rodata            const    0x08007134    0x18  main.o [1]
  .rodata            const    0x0800714c    0x18  main.o [1]
  .rodata            const    0x08007164    0x18  main.o [1]
  .rodata            const    0x0800717c    0x18  main.o [1]
  .rodata            const    0x08007194    0x18  main.o [1]
  .rodata            const    0x080071ac    0x18  main.o [1]
  .rodata            const    0x080071c4    0x18  main.o [1]
  .rodata            const    0x080071dc    0x18  main.o [1]
  .rodata            const    0x080071f4    0x18  main.o [1]
  .rodata            const    0x0800720c    0x18  main.o [1]
  .rodata            const    0x08007224    0x18  main.o [1]
  .rodata            const    0x0800723c    0x18  main.o [1]
  .rodata            const    0x08007254    0x18  main.o [1]
  .rodata            const    0x0800726c    0x18  main.o [1]
  .rodata            const    0x08007284    0x18  main.o [1]
  .rodata            const    0x0800729c    0x18  main.o [1]
  .rodata            const    0x080072b4    0x18  main.o [1]
  .rodata            const    0x080072cc    0x18  main.o [1]
  .rodata            const    0x080072e4    0x18  MicroMenu.o [1]
  .rodata            const    0x080072fc    0x14  battery.o [1]
  .rodata            const    0x08007310    0x14  main.o [1]
  .rodata            const    0x08007324    0x14  main.o [1]
  .rodata            const    0x08007338    0x14  main.o [1]
  .rodata            const    0x0800734c    0x14  main.o [1]
  .rodata            const    0x08007360    0x14  main.o [1]
  .rodata            const    0x08007374    0x14  main.o [1]
  .rodata            const    0x08007388    0x14  MicroMenu.o [1]
  .rodata            const    0x0800739c    0x14  MicroMenu.o [1]
  .rodata            const    0x080073b0    0x14  MicroMenu.o [1]
  .rodata            const    0x080073c4    0x14  sync.o [1]
  .rodata            const    0x080073d8    0x10  IR.o [1]
  .rodata            const    0x080073e8    0x10  IR.o [1]
  .rodata            const    0x080073f8    0x10  IR.o [1]
  .rodata            const    0x08007408    0x10  IR.o [1]
  .rodata            const    0x08007418    0x10  main.o [1]
  .rodata            const    0x08007428    0x10  main.o [1]
  .rodata            const    0x08007438    0x10  main.o [1]
  .rodata            const    0x08007448    0x10  main.o [1]
  .rodata            const    0x08007458    0x10  main.o [1]
  .rodata            const    0x08007468    0x10  main.o [1]
  .rodata            const    0x08007478    0x10  menuFunctions.o [1]
  .rodata            const    0x08007488    0x10  menuFunctions.o [1]
  .rodata            const    0x08007498    0x10  MicroMenu.o [1]
  .rodata            const    0x080074a8    0x10  MicroMenu.o [1]
  .rodata            const    0x080074b8    0x10  MicroMenu.o [1]
  .rodata            const    0x080074c8    0x10  MicroMenu.o [1]
  .rodata            const    0x080074d8    0x10  ssdGraph.o [1]
  .rodata            const    0x080074e8    0x10  ssdGraph.o [1]
  .rodata            const    0x080074f8     0xc  battery.o [1]
  .rodata            const    0x08007504     0xc  main.o [1]
  .rodata            const    0x08007510     0xc  main.o [1]
  .rodata            const    0x0800751c     0xc  main.o [1]
  .rodata            const    0x08007528     0xc  main.o [1]
  .rodata            const    0x08007534     0xc  MicroMenu.o [1]
  .rodata            const    0x08007540     0xc  MicroMenu.o [1]
  .rodata            const    0x0800754c     0xc  MicroMenu.o [1]
  .rodata            const    0x08007558     0xc  system.o [1]
  .rodata            const    0x08007564     0xc  system.o [1]
  .rodata            const    0x08007570     0xc  system.o [1]
  .text              ro code  0x0800757c     0xc  cstartup_M.o [5]
  .rodata            const    0x08007588     0x8  IR.o [1]
  .rodata            const    0x08007590     0x8  main.o [1]
  .rodata            const    0x08007598     0x8  main.o [1]
  .rodata            const    0x080075a0     0x8  main.o [1]
  .rodata            const    0x080075a8     0x8  MicroMenu.o [1]
  .rodata            const    0x080075b0     0x8  MicroMenu.o [1]
  .rodata            const    0x080075b8     0x8  ssdGraph.o [1]
  .rodata            const    0x080075c0     0x8  system.o [1]
  .rodata            const    0x080075c8     0x8  system.o [1]
  .rodata            const    0x080075d0     0x8  ug2864.o [1]
  .rodata            const    0x080075d8     0x8  ug2864.o [1]
  .rodata            const    0x080075e0     0x8  ug2864.o [1]
  .rodata            const    0x080075e8     0x8  ug2864.o [1]
  .rodata            const    0x080075f0     0x8  ug2864.o [1]
  .rodata            const    0x080075f8     0x8  ug2864.o [1]
  .rodata            const    0x08007600     0x8  xprintflarge_nomb.o [3]
  Initializer bytes  const    0x08007608     0x8  <for P2-1>
  .rodata            const    0x08007610     0x4  fix16.o [1]
  .rodata            const    0x08007614     0x4  fix16.o [1]
  .rodata            const    0x08007618     0x4  fix16_trig.o [1]
  .rodata            const    0x0800761c     0x4  fix16_trig.o [1]
  .rodata            const    0x08007620     0x4  fix16_trig.o [1]
  .rodata            const    0x08007624     0x4  lis3.o [1]
  .rodata            const    0x08007628     0x4  main.o [1]
  .rodata            const    0x0800762c     0x4  main.o [1]
  .rodata            const    0x08007630     0x4  main.o [1]
  .rodata            const    0x08007634     0x4  main.o [1]
  .rodata            const    0x08007638     0x4  ssdGraph.o [1]
  .rodata            const    0x0800763c     0x2  ug2864.o [1]
  .rodata            const    0x0800763e     0x2  ug2864.o [1]
  .text              ro code  0x08007640     0x2  startup_stm32f042x6.o [1]
  .text              ro code  0x08007642     0x2  startup_stm32f042x6.o [1]
  .text              ro code  0x08007644     0x2  startup_stm32f042x6.o [1]
  .text              ro code  0x08007646     0x2  startup_stm32f042x6.o [1]
  .text              ro code  0x08007648     0x2  startup_stm32f042x6.o [1]
  .text              ro code  0x0800764a     0x2  startup_stm32f042x6.o [1]
  .text              ro code  0x0800764c     0x2  startup_stm32f042x6.o [1]
  .text              ro code  0x0800764e     0x2  startup_stm32f042x6.o [1]
  .text              ro code  0x08007650     0x2  startup_stm32f042x6.o [1]
  .text              ro code  0x08007652     0x2  startup_stm32f042x6.o [1]
  .text              ro code  0x08007654     0x2  startup_stm32f042x6.o [1]
  .text              ro code  0x08007656     0x2  startup_stm32f042x6.o [1]
  .text              ro code  0x08007658     0x2  startup_stm32f042x6.o [1]
  .text              ro code  0x0800765a     0x2  startup_stm32f042x6.o [1]
  .text              ro code  0x0800765c     0x2  startup_stm32f042x6.o [1]
  .text              ro code  0x0800765e     0x2  startup_stm32f042x6.o [1]
  .text              ro code  0x08007660     0x2  startup_stm32f042x6.o [1]
  .text              ro code  0x08007662     0x2  startup_stm32f042x6.o [1]
  .text              ro code  0x08007664     0x2  startup_stm32f042x6.o [1]
  .text              ro code  0x08007666     0x2  startup_stm32f042x6.o [1]
  .text              ro code  0x08007668     0x2  startup_stm32f042x6.o [1]
  .text              ro code  0x0800766a     0x2  startup_stm32f042x6.o [1]
  .text              ro code  0x0800766c     0x2  startup_stm32f042x6.o [1]
  .text              ro code  0x0800766e     0x2  startup_stm32f042x6.o [1]
  .text              ro code  0x08007670     0x2  startup_stm32f042x6.o [1]
  .text              ro code  0x08007672     0x2  startup_stm32f042x6.o [1]
  .text              ro code  0x08007674     0x2  startup_stm32f042x6.o [1]
  .text              ro code  0x08007676     0x2  startup_stm32f042x6.o [1]
  .rodata            const    0x08007678     0x0  zero_init3.o [5]
  .rodata            const    0x08007678     0x0  copy_init3.o [5]
                            - 0x08007678  0x75b8

"P2", part 1 of 3:                           0x8
  P2-1                        0x20000000     0x8  <Init block>
    .data            inited   0x20000000     0x4  gpio.o [1]
    .data            inited   0x20000004     0x4  MicroMenu.o [1]
                            - 0x20000008     0x8

"P2", part 2 of 3:                         0x400
  CSTACK                      0x20000008   0x400  <Block>
    CSTACK           uninit   0x20000008   0x400  <Block tail>
                            - 0x20000408   0x400

"P2", part 3 of 3:                         0xe78
  .bss               zero     0x20000408   0x588  MicroMenu.o [1]
  .bss               zero     0x20000990   0x404  ug2864.o [1]
  .bss               zero     0x20000d94   0x22c  system.o [1]
  .bss               zero     0x20000fc0   0x178  system.o [1]
  .bss               zero     0x20001138    0x5c  filter.o [1]
  .bss               zero     0x20001194    0x3c  system.o [1]
  .bss               zero     0x200011d0    0x1c  system.o [1]
  .bss               zero     0x200011ec    0x18  filter.o [1]
  .bss               zero     0x20001204    0x18  lis3.o [1]
  .bss               zero     0x2000121c    0x18  system.o [1]
  .bss               zero     0x20001234    0x14  IR.o [1]
  .bss               zero     0x20001248    0x14  lis3.o [1]
  .bss               zero     0x2000125c     0x8  buttons.o [1]
  .bss               zero     0x20001264     0x8  power.o [1]
  .bss               zero     0x2000126c     0x8  system.o [1]
  .bss               zero     0x20001274     0x4  adc.o [1]
  .bss               zero     0x20001278     0x4  filter.o [1]
  .bss               zero     0x2000127c     0x2  filter.o [1]
  .bss               zero     0x2000127e     0x1  battery.o [1]
                            - 0x2000127f   0xe77


*******************************************************************************
*** INIT TABLE
***

          Address     Size
          -------     ----
Zero (__iar_zero_init3)
    1 destination range, total size 0xe77:
          0x20000408  0xe77

Copy (__iar_copy_init3)
    1 source range, total size 0x8:
          0x08007608    0x8
    1 destination range, total size 0x8:
          0x20000000    0x8



*******************************************************************************
*** MODULE SUMMARY
***

    Module                 ro code  ro data  rw data
    ------                 -------  -------  -------
C:\Users\4eef\Projects\Chronograph+\SW\Chrono-Terminal-V1.0\firmware\PROJ_DIR\Debug\Obj: [1]
    IR.o                     2 604       72       20
    MicroMenu.o              3 624      232    1 420
    adc.o                      504                 4
    battery.o                  448       32        1
    buttons.o                  820                 8
    clock.o                    160
    delay.o                     96
    filter.o                   500               122
    fix16.o                    452        8
    fix16_trig.o               200       12
    gpio.o                     544      196        4
    i2c.o                      994
    lis3.o                     860        4       44
    main.o                     724    1 822
    menuFunctions.o            172      316
    power.o                    480                 8
    ssdFonts.o                        1 944
    ssdGraph.o                           44
    startup_stm32f042x6.o      308
    sync.o                     352       20
    system.o                 1 668       54    1 052
    system_stm32f0xx.o         148
    ug2864.o                 3 484       66    1 028
    ------------------------------------------------
    Total:                  19 142    4 822    3 711

command line: [2]
    ------------------------------------------------
    Total:

dl6M_tln.a: [3]
    abs.o                        8
    div.o                       32
    exit.o                       8
    low_level_init.o             4
    sprintf.o                   56
    strcat.o                    28
    xprintflarge_nomb.o      3 338        8
    xsprout.o                   10
    ------------------------------------------------
    Total:                   3 484        8

m6M_tl.a: [4]
    DblAddSub.o                424
    DblCmpLe.o                  50
    DblDiv.o                   194
    DblMul.o                   388
    DblToI32.o                  46
    FltAddSub.o                288
    FltCmpGe.o                  40
    FltCmpLe.o                  38
    FltDiv.o                   170
    FltMul.o                   176
    FltToS32.o                  58
    I32ToDbl.o                  32
    I32ToFlt.o                  50
    xfdtest.o                   34
    ------------------------------------------------
    Total:                   1 988

rt6M_tl.a: [5]
    ABImemcpy.o                 92
    ABImemset.o                 80
    I32DivModFast.o            224
    I64DivMod.o                106
    I64DivZer.o                  2
    I64Mul.o                    50
    IntDivZer.o                  2
    cexit.o                     10
    cmain.o                     26
    copy_init3.o                48
    cstartup_M.o                12
    data_init.o                 40
    memchr.o                    24
    strchr.o                    20
    strcpy.o                    16
    strlen.o                    16
    zero_init3.o                60
    ------------------------------------------------
    Total:                     828

shb_l.a: [6]
    exit.o                      20
    ------------------------------------------------
    Total:                      20

    Linker created                       36    1 024
----------------------------------------------------
    Grand Total:            25 462    4 866    4 735


*******************************************************************************
*** ENTRY LIST
***

Entry                      Address   Size  Type      Object
-----                      -------   ----  ----      ------
.iar.init_table$$Base   0x08006c70          --   Gb  - Linker created -
.iar.init_table$$Limit  0x08006c94          --   Gb  - Linker created -
?main                   0x08007015         Code  Gb  cmain.o [5]
ADC1_IRQHandler         0x08006055   0x82  Code  Gb  adc.o [1]
CSTACK$$Base            0x20000008          --   Gb  - Linker created -
CSTACK$$Limit           0x20000408          --   Gb  - Linker created -
EXTI4_15_IRQHandler     0x08005dd5   0x22  Code  Gb  power.o [1]
I2C1_IRQHandler         0x08002271    0x2  Code  Gb  i2c.o [1]
I2CRx                   0x08001fc1   0xec  Code  Gb  i2c.o [1]
I2CRxInit               0x08001f29   0x98  Code  Gb  i2c.o [1]
I2CTx                   0x08002165   0xec  Code  Gb  i2c.o [1]
I2CTxInit               0x080020ad   0x96  Code  Gb  i2c.o [1]
LoadInt                 0x08002841   0x68  Code  Lc  xprintflarge_nomb.o [3]
Menu_exeConfirm         0x0800033d   0x38  Code  Gb  MicroMenu.o [1]
Menu_getCurrItem        0x08000db3    0x6  Code  Gb  MicroMenu.o [1]
Menu_infoWndRun         0x080006a5   0x84  Code  Gb  MicroMenu.o [1]
Menu_infoWndTxtSplit    0x080004f9  0x112  Code  Gb  MicroMenu.o [1]
Menu_msgClr             0x08000d69    0xe  Code  Gb  MicroMenu.o [1]
Menu_msgRun             0x08000d3b   0x2e  Code  Gb  MicroMenu.o [1]
Menu_navDisp            0x0800018b   0xbc  Code  Gb  MicroMenu.o [1]
Menu_navMenu            0x08000247   0xd8  Code  Gb  MicroMenu.o [1]
Menu_navPwrOff          0x08000141   0x14  Code  Gb  MicroMenu.o [1]
Menu_navigate           0x08000dd5   0xce  Code  Gb  MicroMenu.o [1]
Menu_parWndRun          0x08000c7f   0xbc  Code  Gb  MicroMenu.o [1]
Menu_putConfirm         0x0800031f   0x18  Code  Gb  MicroMenu.o [1]
Menu_putInfoWnd         0x08000615   0x90  Code  Gb  MicroMenu.o [1]
Menu_putMsg             0x08000d77   0x3c  Code  Gb  MicroMenu.o [1]
Menu_putParWnd          0x08000c31   0x4e  Code  Gb  MicroMenu.o [1]
Menu_putTxtEditWnd      0x08000865   0x48  Code  Gb  MicroMenu.o [1]
Menu_putTxtParSelWnd    0x08000735   0x44  Code  Gb  MicroMenu.o [1]
Menu_pwrSw              0x08000155   0x36  Code  Gb  MicroMenu.o [1]
Menu_run                0x080000c1   0x80  Code  Gb  MicroMenu.o [1]
Menu_setParEdit         0x08000395  0x15c  Code  Gb  MicroMenu.o [1]
Menu_txtEditWndRun      0x080008f1  0x330  Code  Gb  MicroMenu.o [1]
Menu_txtParSelWndRun    0x08000791   0xc4  Code  Gb  MicroMenu.o [1]
NULL_MENU               0x08006ff8   0x1c  Data  Gb  MicroMenu.o [1]
NULL_PRM                0x080072e4   0x18  Data  Gb  MicroMenu.o [1]
NVIC_DisableIRQ         0x08005f23    0xe  Code  Lc  adc.o [1]
NVIC_DisableIRQ         0x0800351f    0xe  Code  Lc  IR.o [1]
NVIC_DisableIRQ         0x08005d43    0xe  Code  Lc  power.o [1]
NVIC_EnableIRQ          0x08005f15    0xe  Code  Lc  adc.o [1]
NVIC_EnableIRQ          0x08003511    0xe  Code  Lc  IR.o [1]
NVIC_EnableIRQ          0x08005d35    0xe  Code  Lc  power.o [1]
NVIC_SetPriority        0x08005f31   0x84  Code  Lc  adc.o [1]
NVIC_SetPriority        0x0800352d   0x84  Code  Lc  IR.o [1]
NVIC_SetPriority        0x08005d51   0x84  Code  Lc  power.o [1]
PI_DIV_4                0x08007618    0x4  Data  Lc  fix16_trig.o [1]
Region$$Table$$Base     0x08006c70          --   Gb  - Linker created -
Region$$Table$$Limit    0x08006c94          --   Gb  - Linker created -
SystemInit              0x08006ac5   0x68  Code  Gb  system_stm32f0xx.o [1]
THREE_PI_DIV_4          0x0800761c    0x4  Data  Lc  fix16_trig.o [1]
TIM2_IRQHandler         0x08003c81  0x28a  Code  Gb  IR.o [1]
_GenldLargeNoMb         0x08002cbd  0x29a  Code  Lc  xprintflarge_nomb.o [3]
_LdtobLargeNoMb         0x080029d5  0x2b0  Code  Lc  xprintflarge_nomb.o [3]
_LitobLargeNoMb         0x080028a9  0x12a  Code  Lc  xprintflarge_nomb.o [3]
_PrintfLargeNoMb        0x08002281  0x5c0  Code  Gb  xprintflarge_nomb.o [3]
_PutcharsLargeNoMb      0x08002f57   0x30  Code  Lc  xprintflarge_nomb.o [3]
_SProut                 0x08002273    0xa  Code  Gb  xsprout.o [3]
__ICFEDIT_region_RAM_end__ {Abs}
                        0x200017ff         Data  Gb  command line/config [2]
__ICFEDIT_region_RAM_start__ {Abs}
                        0x20000000         Data  Gb  command line/config [2]
__aeabi_cdcmple         0x0800307d         Code  Gb  DblCmpLe.o [4]
__aeabi_cfcmple         0x080056b9         Code  Gb  FltCmpLe.o [4]
__aeabi_cfrcmple        0x080056e1         Code  Gb  FltCmpGe.o [4]
__aeabi_d2uiz           0x080032f5         Code  Gb  DblToI32.o [4]
__aeabi_ddiv            0x08003233         Code  Gb  DblDiv.o [4]
__aeabi_dmul            0x080030af         Code  Gb  DblMul.o [4]
__aeabi_dsub            0x080033ff         Code  Gb  DblAddSub.o [4]
__aeabi_f2iz            0x080054b5         Code  Gb  FltToS32.o [4]
__aeabi_fadd            0x080054ef         Code  Gb  FltAddSub.o [4]
__aeabi_fdiv            0x0800560f         Code  Gb  FltDiv.o [4]
__aeabi_fmul            0x08005403         Code  Gb  FltMul.o [4]
__aeabi_fsub            0x0800555f         Code  Gb  FltAddSub.o [4]
__aeabi_i2f             0x080053d1         Code  Gb  I32ToFlt.o [4]
__aeabi_idiv            0x08001d21         Code  Gb  I32DivModFast.o [5]
__aeabi_idiv0           0x0800227d         Code  Gb  IntDivZer.o [5]
__aeabi_idivmod         0x08001d21         Code  Gb  I32DivModFast.o [5]
__aeabi_ldiv0           0x0800350d         Code  Gb  I64DivZer.o [5]
__aeabi_lmul            0x0800539d         Code  Gb  I64Mul.o [5]
__aeabi_memcpy          0x08003021         Code  Gb  ABImemcpy.o [5]
__aeabi_memset          0x08000ee9         Code  Gb  ABImemset.o [5]
__aeabi_ui2d            0x08003325         Code  Gb  I32ToDbl.o [4]
__aeabi_uidiv           0x08001d27         Code  Gb  I32DivModFast.o [5]
__aeabi_uidivmod        0x08001d27         Code  Gb  I32DivModFast.o [5]
__aeabi_uldivmod        0x08002fb7         Code  Gb  I64DivMod.o [5]
__cmain                 0x08007015         Code  Gb  cmain.o [5]
__exit                  0x08007049   0x14  Code  Gb  exit.o [6]
__iar_FDtest            0x08005709   0x22  Code  Gb  xfdtest.o [4]
__iar_Memchr            0x08002f9f   0x18  Code  Gb  memchr.o [5]
__iar_Memset4_word      0x08000f09         Code  Gb  ABImemset.o [5]
__iar_Memset_word       0x08000ef5         Code  Gb  ABImemset.o [5]
__iar_Strchr            0x08002f8b   0x14  Code  Gb  strchr.o [5]
__iar_copy_init3        0x08006c19   0x30  Code  Gb  copy_init3.o [5]
__iar_d2uiz             0x080032f9         Code  Gb  DblToI32.o [4]
__iar_data_init3        0x08006c49   0x28  Code  Gb  data_init.o [5]
__iar_program_start     0x0800757d         Code  Gb  cstartup_M.o [5]
__iar_ui2d              0x08003329         Code  Gb  I32ToDbl.o [4]
__iar_ui2f              0x080053e9         Code  Gb  I32ToFlt.o [4]
__iar_zero_init3        0x08006bdd   0x3c  Code  Gb  zero_init3.o [5]
__low_level_init        0x0800702f    0x4  Code  Gb  low_level_init.o [3]
__vector_table          0x08000000         Data  Gb  startup_stm32f042x6.o [1]
_call_main              0x08007021         Code  Gb  cmain.o [5]
_exit                   0x0800703d         Code  Gb  cexit.o [5]
_main                   0x0800702b         Code  Gb  cmain.o [5]
aboutParser             0x08006a25    0x2  Code  Gb  menuFunctions.o [1]
abs                     0x08001e29    0x8  Code  Gb  abs.o [3]
accel                   0x20001204   0x18  Data  Gb  lis3.o [1]
adcData                 0x20001274    0x4  Data  Gb  adc.o [1]
adcDeinit               0x08005fb5   0x24  Code  Gb  adc.o [1]
adcInit                 0x08005fd9   0x7c  Code  Gb  adc.o [1]
battCalc                0x0800626d  0x1c0  Code  Gb  battery.o [1]
battCalc::percFlag      0x2000127e    0x1  Data  Lc  battery.o [1]
battery                 0x200011d0   0x1c  Data  Gb  system.o [1]
btnCntsClr              0x08005a35   0x1a  Code  Gb  buttons.o [1]
buttons                 0x2000125c    0x8  Data  Gb  buttons.o [1]
chrBindFunc             0x08006a29    0x2  Code  Gb  menuFunctions.o [1]
chrSetsRst              0x08006a2f   0x34  Code  Gb  menuFunctions.o [1]
chrgSym                 0x080075b8    0x8  Data  Gb  ssdGraph.o [1]
chron                   0x20000d94  0x22c  Data  Gb  system.o [1]
clipReload              0x08006a63   0x38  Code  Gb  menuFunctions.o [1]
clz                     0x08004fa9   0x2c  Code  Lc  fix16.o [1]
currMenuItem            0x20000004    0x4  Data  Gb  MicroMenu.o [1]
deInitIR                0x08003bd5   0x4a  Code  Gb  IR.o [1]
delay_us                0x08001e31   0x60  Code  Gb  delay.o [1]
div                     0x080034ed   0x20  Code  Gb  div.o [3]
drawChrScr              0x080042c5  0x1da  Code  Gb  system.o [1]
drawDisplay             0x08005bed   0xbc  Code  Gb  main.o [1]
drawHybrScr             0x080040c9  0x1ce  Code  Gb  system.o [1]
drawIncScr              0x080044ad   0xe4  Code  Gb  system.o [1]
drawMenu                0x08003f3d  0x182  Code  Gb  system.o [1]
exit                    0x08007033    0x8  Code  Gb  exit.o [3]
fix16_add               0x08004f1d   0x24  Code  Gb  fix16.o [1]
fix16_atan              0x08005187   0x10  Code  Gb  fix16_trig.o [1]
fix16_atan2             0x080050e1   0xa6  Code  Gb  fix16_trig.o [1]
fix16_div               0x08004fd5  0x104  Code  Gb  fix16.o [1]
fix16_min               0x08007610    0x4  Data  Lc  fix16.o [1]
fix16_mul               0x08004f41   0x68  Code  Gb  fix16.o [1]
fix16_one               0x08007620    0x4  Data  Lc  fix16_trig.o [1]
fix16_one               0x08007624    0x4  Data  Lc  lis3.o [1]
fix16_overflow          0x08007614    0x4  Data  Lc  fix16.o [1]
font12x16               0x080066ec  0x198  Data  Gb  ssdFonts.o [1]
font6x8                 0x080045c0  0x600  Data  Gb  ssdFonts.o [1]
gainCalFunc             0x08006a2d    0x2  Code  Gb  menuFunctions.o [1]
getNavEvent             0x0800572d  0x2f8  Code  Gb  buttons.o [1]
gppin_init              0x08006507  0x1cc  Code  Gb  gpio.o [1]
hndlIRData              0x080035c1  0x4fe  Code  Gb  IR.o [1]
initClocks              0x0800642d   0xa0  Code  Gb  clock.o [1]
initGpios               0x080064cd   0x3a  Code  Gb  gpio.o [1]
initI2C1                0x08001e91   0x98  Code  Gb  i2c.o [1]
initIRConfig            0x08003ae5   0xea  Code  Gb  IR.o [1]
initPeriphs             0x08005ef9   0x1c  Code  Gb  power.o [1]
irRxData                0x20001234   0x14  Data  Gb  IR.o [1]
kalman                  0x20001138   0x5c  Data  Gb  filter.o [1]
kalmanAccCorr           0x080051cd  0x186  Code  Gb  filter.o [1]
lis3AxisCal             0x20001248   0x14  Data  Gb  lis3.o [1]
lis3_getXYZ             0x08004c67   0x40  Code  Gb  lis3.o [1]
lis3_read               0x08004c29   0x3e  Code  Gb  lis3.o [1]
lis3_write              0x08004bfd   0x2c  Code  Gb  lis3.o [1]
lis3init                0x08004bc1   0x3c  Code  Gb  lis3.o [1]
lpf                     0x08005353   0x2e  Code  Gb  filter.o [1]
lpf::Dacc               0x20001278    0x4  Data  Lc  filter.o [1]
lpf::Dout               0x2000127c    0x2  Data  Lc  filter.o [1]
lpfAccPrim              0x080051a9   0x24  Code  Gb  filter.o [1]
lpfPrim                 0x200011ec   0x18  Data  Gb  filter.o [1]
main                    0x08005a61  0x16e  Code  Gb  main.o [1]
meas                    0x2000126c    0x8  Data  Gb  system.o [1]
menu                    0x20000408  0x588  Data  Gb  MicroMenu.o [1]
menuFolder              0x080074d8   0x10  Data  Gb  ssdGraph.o [1]
menuScroll              0x08007638    0x4  Data  Gb  ssdGraph.o [1]
offsCalFunc             0x08006a2b    0x2  Code  Gb  menuFunctions.o [1]
pabout                  0x08007074   0x18  Data  Gb  main.o [1]
pcc                     0x080070ec   0x18  Data  Gb  main.o [1]
pchrbnd                 0x0800711c   0x18  Data  Gb  main.o [1]
pdb10edit               0x0800720c   0x18  Data  Gb  main.o [1]
pdb11edit               0x08007224   0x18  Data  Gb  main.o [1]
pdb12edit               0x0800723c   0x18  Data  Gb  main.o [1]
pdb13edit               0x08007254   0x18  Data  Gb  main.o [1]
pdb14edit               0x0800726c   0x18  Data  Gb  main.o [1]
pdb15edit               0x08007284   0x18  Data  Gb  main.o [1]
pdb1edit                0x08007134   0x18  Data  Gb  main.o [1]
pdb2edit                0x0800714c   0x18  Data  Gb  main.o [1]
pdb3edit                0x08007164   0x18  Data  Gb  main.o [1]
pdb4edit                0x0800717c   0x18  Data  Gb  main.o [1]
pdb5edit                0x08007194   0x18  Data  Gb  main.o [1]
pdb6edit                0x080071ac   0x18  Data  Gb  main.o [1]
pdb7edit                0x080071c4   0x18  Data  Gb  main.o [1]
pdb8edit                0x080071dc   0x18  Data  Gb  main.o [1]
pdb9edit                0x080071f4   0x18  Data  Gb  main.o [1]
pellets                 0x20000fc0  0x178  Data  Gb  system.o [1]
pigc                    0x080072cc   0x18  Data  Gb  main.o [1]
pinNum                  0x20000000    0x4  Data  Gb  gpio.o [1]
pinsMode                0x08006958   0xc0  Data  Gb  gpio.o [1]
pioc                    0x080072b4   0x18  Data  Gb  main.o [1]
pmode                   0x080070a4   0x18  Data  Gb  main.o [1]
power                   0x20001264    0x8  Data  Gb  power.o [1]
powerOff                0x08005e85   0x32  Code  Gb  power.o [1]
powerOn                 0x08005e73   0x12  Code  Gb  power.o [1]
powerTimRst             0x08005eb7    0x8  Code  Gb  power.o [1]
ppot                    0x080070bc   0x18  Data  Gb  main.o [1]
prgb                    0x0800729c   0x18  Data  Gb  main.o [1]
psd                     0x08007104   0x18  Data  Gb  main.o [1]
psinfo                  0x0800708c   0x18  Data  Gb  main.o [1]
pstats                  0x0800705c   0x18  Data  Gb  main.o [1]
pswres                  0x080070d4   0x18  Data  Gb  main.o [1]
q16TiltCalc             0x08004ca7   0x48  Code  Gb  lis3.o [1]
rabout                  0x08006ccc   0x1c  Data  Gb  main.o [1]
rservice                0x08006ce8   0x1c  Data  Gb  main.o [1]
rsetts                  0x08006cb0   0x1c  Data  Gb  main.o [1]
rstats                  0x08006c94   0x1c  Data  Gb  main.o [1]
scbind                  0x08006de4   0x1c  Data  Gb  main.o [1]
scclipc                 0x08006d90   0x1c  Data  Gb  main.o [1]
scdist                  0x08006dc8   0x1c  Data  Gb  main.o [1]
schrono                 0x08006d20   0x1c  Data  Gb  main.o [1]
scpeldb                 0x08006dac   0x1c  Data  Gb  main.o [1]
sibrdr                  0x08006fa4   0x1c  Data  Gb  main.o [1]
sigacal                 0x08006fdc   0x1c  Data  Gb  main.o [1]
sincline                0x08006d3c   0x1c  Data  Gb  main.o [1]
siofcal                 0x08006fc0   0x1c  Data  Gb  main.o [1]
smode                   0x08006d04   0x1c  Data  Gb  main.o [1]
spdbp1                  0x08006e00   0x1c  Data  Gb  main.o [1]
spdbp10                 0x08006efc   0x1c  Data  Gb  main.o [1]
spdbp11                 0x08006f18   0x1c  Data  Gb  main.o [1]
spdbp12                 0x08006f34   0x1c  Data  Gb  main.o [1]
spdbp13                 0x08006f50   0x1c  Data  Gb  main.o [1]
spdbp14                 0x08006f6c   0x1c  Data  Gb  main.o [1]
spdbp15                 0x08006f88   0x1c  Data  Gb  main.o [1]
spdbp2                  0x08006e1c   0x1c  Data  Gb  main.o [1]
spdbp3                  0x08006e38   0x1c  Data  Gb  main.o [1]
spdbp4                  0x08006e54   0x1c  Data  Gb  main.o [1]
spdbp5                  0x08006e70   0x1c  Data  Gb  main.o [1]
spdbp6                  0x08006e8c   0x1c  Data  Gb  main.o [1]
spdbp7                  0x08006ea8   0x1c  Data  Gb  main.o [1]
spdbp8                  0x08006ec4   0x1c  Data  Gb  main.o [1]
spdbp9                  0x08006ee0   0x1c  Data  Gb  main.o [1]
spofft                  0x08006d58   0x1c  Data  Gb  main.o [1]
sprintf                 0x08001dd5   0x38  Code  Gb  sprintf.o [3]
ssdBatt                 0x080074e8   0x10  Data  Gb  ssdGraph.o [1]
ssdVideoBff             0x20000990  0x404  Data  Gb  ug2864.o [1]
ssd_clearVidBff         0x08001b19   0x16  Code  Gb  ug2864.o [1]
ssd_clrAreaBff          0x08001b35   0x68  Code  Gb  ug2864.o [1]
ssd_putBatt             0x080017e5  0x100  Code  Gb  ug2864.o [1]
ssd_putChar12x16        0x080018e5   0xf4  Code  Gb  ug2864.o [1]
ssd_putChar6x8          0x080019fd   0x5a  Code  Gb  ug2864.o [1]
ssd_putInfoTxtWnd       0x08000f59  0x15a  Code  Gb  ug2864.o [1]
ssd_putMessage          0x08001319   0xb8  Code  Gb  ug2864.o [1]
ssd_putParWnd           0x080011fd   0xfc  Code  Gb  ug2864.o [1]
ssd_putPitchBar         0x08001675  0x16c  Code  Gb  ug2864.o [1]
ssd_putRollBar          0x08001421  0x24c  Code  Gb  ug2864.o [1]
ssd_putString12x16      0x080019d9   0x24  Code  Gb  ug2864.o [1]
ssd_putString6x8        0x08001a57   0x24  Code  Gb  ug2864.o [1]
ssd_putTxtEditWnd       0x080010b3   0xae  Code  Gb  ug2864.o [1]
ssd_putTxtParSelWnd     0x08001161   0x8c  Code  Gb  ug2864.o [1]
ssd_setpix              0x08001a7b   0x9e  Code  Gb  ug2864.o [1]
stats                   0x2000121c   0x18  Data  Gb  system.o [1]
statsParser             0x08006a19    0xc  Code  Gb  menuFunctions.o [1]
statsTxt                0x08006884   0xd4  Data  Gb  menuFunctions.o [1]
stopModeConfig          0x08005df7   0x7c  Code  Gb  power.o [1]
strcat                  0x08001e0d   0x1c  Code  Gb  strcat.o [3]
strcpy                  0x08000f39         Code  Gb  strcpy.o [5]
strlen                  0x08000f49   0x10  Code  Gb  strlen.o [5]
swResFunc               0x08006a27    0x2  Code  Gb  menuFunctions.o [1]
swrst                   0x08006d74   0x1c  Data  Gb  main.o [1]
sync                    0x08006167   0xce  Code  Gb  sync.o [1]
syncInit                0x0800610d   0x5a  Code  Gb  sync.o [1]
sysPars                 0x20001194   0x3c  Data  Gb  system.o [1]
trxAccData              0x08004cfd  0x1ea  Code  Gb  lis3.o [1]
ug2864_com              0x08001c87   0x2c  Code  Gb  ug2864.o [1]
ug2864_refresh          0x08001cb3   0x20  Code  Gb  ug2864.o [1]
ug2864init              0x08001bd5   0xb2  Code  Gb  ug2864.o [1]
ug2864off               0x08001ba9   0x16  Code  Gb  ug2864.o [1]
ug2864on                0x08001bbf   0x16  Code  Gb  ug2864.o [1]


[1] = C:\Users\4eef\Projects\Chronograph+\SW\Chrono-Terminal-V1.0\firmware\PROJ_DIR\Debug\Obj
[2] = command line
[3] = dl6M_tln.a
[4] = m6M_tl.a
[5] = rt6M_tl.a
[6] = shb_l.a

  25 462 bytes of readonly  code memory
   4 866 bytes of readonly  data memory
   4 735 bytes of readwrite data memory

Errors: none
Warnings: none
