###############################################################################
#
# IAR ELF Linker V7.80.2.11947/W32 for ARM                18/Jan/2017  14:54:26
# Copyright 2007-2016 IAR Systems AB.
#
#    Output file  =  
#        C:\Users\4eef\Projects\Chronograph+\SW\Chrono-Terminal-V1.0\firmware\PROJ_DIR\Debug\Exe\Chrono-Terminal-V1.0.out
#    Map file     =  
#        C:\Users\4eef\Projects\Chronograph+\SW\Chrono-Terminal-V1.0\firmware\PROJ_DIR\Debug\List\Chrono-Terminal-V1.0.map
#    Command line =  
#        C:\Users\4eef\Projects\Chronograph+\SW\Chrono-Terminal-V1.0\firmware\PROJ_DIR\Debug\Obj\adc.o
#        C:\Users\4eef\Projects\Chronograph+\SW\Chrono-Terminal-V1.0\firmware\PROJ_DIR\Debug\Obj\clock.o
#        C:\Users\4eef\Projects\Chronograph+\SW\Chrono-Terminal-V1.0\firmware\PROJ_DIR\Debug\Obj\delay.o
#        C:\Users\4eef\Projects\Chronograph+\SW\Chrono-Terminal-V1.0\firmware\PROJ_DIR\Debug\Obj\filter.o
#        C:\Users\4eef\Projects\Chronograph+\SW\Chrono-Terminal-V1.0\firmware\PROJ_DIR\Debug\Obj\gpio.o
#        C:\Users\4eef\Projects\Chronograph+\SW\Chrono-Terminal-V1.0\firmware\PROJ_DIR\Debug\Obj\i2c.o
#        C:\Users\4eef\Projects\Chronograph+\SW\Chrono-Terminal-V1.0\firmware\PROJ_DIR\Debug\Obj\IR.o
#        C:\Users\4eef\Projects\Chronograph+\SW\Chrono-Terminal-V1.0\firmware\PROJ_DIR\Debug\Obj\lis3.o
#        C:\Users\4eef\Projects\Chronograph+\SW\Chrono-Terminal-V1.0\firmware\PROJ_DIR\Debug\Obj\main.o
#        C:\Users\4eef\Projects\Chronograph+\SW\Chrono-Terminal-V1.0\firmware\PROJ_DIR\Debug\Obj\MicroMenu.o
#        C:\Users\4eef\Projects\Chronograph+\SW\Chrono-Terminal-V1.0\firmware\PROJ_DIR\Debug\Obj\ssdFonts.o
#        C:\Users\4eef\Projects\Chronograph+\SW\Chrono-Terminal-V1.0\firmware\PROJ_DIR\Debug\Obj\ssdGraph.o
#        C:\Users\4eef\Projects\Chronograph+\SW\Chrono-Terminal-V1.0\firmware\PROJ_DIR\Debug\Obj\startup_stm32f042x6.o
#        C:\Users\4eef\Projects\Chronograph+\SW\Chrono-Terminal-V1.0\firmware\PROJ_DIR\Debug\Obj\stm32f0xx_hal.o
#        C:\Users\4eef\Projects\Chronograph+\SW\Chrono-Terminal-V1.0\firmware\PROJ_DIR\Debug\Obj\stm32f0xx_hal_adc.o
#        C:\Users\4eef\Projects\Chronograph+\SW\Chrono-Terminal-V1.0\firmware\PROJ_DIR\Debug\Obj\stm32f0xx_hal_adc_ex.o
#        C:\Users\4eef\Projects\Chronograph+\SW\Chrono-Terminal-V1.0\firmware\PROJ_DIR\Debug\Obj\stm32f0xx_hal_can.o
#        C:\Users\4eef\Projects\Chronograph+\SW\Chrono-Terminal-V1.0\firmware\PROJ_DIR\Debug\Obj\stm32f0xx_hal_cec.o
#        C:\Users\4eef\Projects\Chronograph+\SW\Chrono-Terminal-V1.0\firmware\PROJ_DIR\Debug\Obj\stm32f0xx_hal_comp.o
#        C:\Users\4eef\Projects\Chronograph+\SW\Chrono-Terminal-V1.0\firmware\PROJ_DIR\Debug\Obj\stm32f0xx_hal_cortex.o
#        C:\Users\4eef\Projects\Chronograph+\SW\Chrono-Terminal-V1.0\firmware\PROJ_DIR\Debug\Obj\stm32f0xx_hal_crc.o
#        C:\Users\4eef\Projects\Chronograph+\SW\Chrono-Terminal-V1.0\firmware\PROJ_DIR\Debug\Obj\stm32f0xx_hal_crc_ex.o
#        C:\Users\4eef\Projects\Chronograph+\SW\Chrono-Terminal-V1.0\firmware\PROJ_DIR\Debug\Obj\stm32f0xx_hal_dac.o
#        C:\Users\4eef\Projects\Chronograph+\SW\Chrono-Terminal-V1.0\firmware\PROJ_DIR\Debug\Obj\stm32f0xx_hal_dac_ex.o
#        C:\Users\4eef\Projects\Chronograph+\SW\Chrono-Terminal-V1.0\firmware\PROJ_DIR\Debug\Obj\stm32f0xx_hal_dma.o
#        C:\Users\4eef\Projects\Chronograph+\SW\Chrono-Terminal-V1.0\firmware\PROJ_DIR\Debug\Obj\stm32f0xx_hal_flash.o
#        C:\Users\4eef\Projects\Chronograph+\SW\Chrono-Terminal-V1.0\firmware\PROJ_DIR\Debug\Obj\stm32f0xx_hal_flash_ex.o
#        C:\Users\4eef\Projects\Chronograph+\SW\Chrono-Terminal-V1.0\firmware\PROJ_DIR\Debug\Obj\stm32f0xx_hal_gpio.o
#        C:\Users\4eef\Projects\Chronograph+\SW\Chrono-Terminal-V1.0\firmware\PROJ_DIR\Debug\Obj\stm32f0xx_hal_i2c.o
#        C:\Users\4eef\Projects\Chronograph+\SW\Chrono-Terminal-V1.0\firmware\PROJ_DIR\Debug\Obj\stm32f0xx_hal_i2c_ex.o
#        C:\Users\4eef\Projects\Chronograph+\SW\Chrono-Terminal-V1.0\firmware\PROJ_DIR\Debug\Obj\stm32f0xx_hal_i2s.o
#        C:\Users\4eef\Projects\Chronograph+\SW\Chrono-Terminal-V1.0\firmware\PROJ_DIR\Debug\Obj\stm32f0xx_hal_irda.o
#        C:\Users\4eef\Projects\Chronograph+\SW\Chrono-Terminal-V1.0\firmware\PROJ_DIR\Debug\Obj\stm32f0xx_hal_iwdg.o
#        C:\Users\4eef\Projects\Chronograph+\SW\Chrono-Terminal-V1.0\firmware\PROJ_DIR\Debug\Obj\stm32f0xx_hal_msp.o
#        C:\Users\4eef\Projects\Chronograph+\SW\Chrono-Terminal-V1.0\firmware\PROJ_DIR\Debug\Obj\stm32f0xx_hal_pcd.o
#        C:\Users\4eef\Projects\Chronograph+\SW\Chrono-Terminal-V1.0\firmware\PROJ_DIR\Debug\Obj\stm32f0xx_hal_pcd_ex.o
#        C:\Users\4eef\Projects\Chronograph+\SW\Chrono-Terminal-V1.0\firmware\PROJ_DIR\Debug\Obj\stm32f0xx_hal_pwr.o
#        C:\Users\4eef\Projects\Chronograph+\SW\Chrono-Terminal-V1.0\firmware\PROJ_DIR\Debug\Obj\stm32f0xx_hal_pwr_ex.o
#        C:\Users\4eef\Projects\Chronograph+\SW\Chrono-Terminal-V1.0\firmware\PROJ_DIR\Debug\Obj\stm32f0xx_hal_rcc.o
#        C:\Users\4eef\Projects\Chronograph+\SW\Chrono-Terminal-V1.0\firmware\PROJ_DIR\Debug\Obj\stm32f0xx_hal_rcc_ex.o
#        C:\Users\4eef\Projects\Chronograph+\SW\Chrono-Terminal-V1.0\firmware\PROJ_DIR\Debug\Obj\stm32f0xx_hal_rtc.o
#        C:\Users\4eef\Projects\Chronograph+\SW\Chrono-Terminal-V1.0\firmware\PROJ_DIR\Debug\Obj\stm32f0xx_hal_rtc_ex.o
#        C:\Users\4eef\Projects\Chronograph+\SW\Chrono-Terminal-V1.0\firmware\PROJ_DIR\Debug\Obj\stm32f0xx_hal_smartcard.o
#        C:\Users\4eef\Projects\Chronograph+\SW\Chrono-Terminal-V1.0\firmware\PROJ_DIR\Debug\Obj\stm32f0xx_hal_smartcard_ex.o
#        C:\Users\4eef\Projects\Chronograph+\SW\Chrono-Terminal-V1.0\firmware\PROJ_DIR\Debug\Obj\stm32f0xx_hal_smbus.o
#        C:\Users\4eef\Projects\Chronograph+\SW\Chrono-Terminal-V1.0\firmware\PROJ_DIR\Debug\Obj\stm32f0xx_hal_spi.o
#        C:\Users\4eef\Projects\Chronograph+\SW\Chrono-Terminal-V1.0\firmware\PROJ_DIR\Debug\Obj\stm32f0xx_hal_spi_ex.o
#        C:\Users\4eef\Projects\Chronograph+\SW\Chrono-Terminal-V1.0\firmware\PROJ_DIR\Debug\Obj\stm32f0xx_hal_tim.o
#        C:\Users\4eef\Projects\Chronograph+\SW\Chrono-Terminal-V1.0\firmware\PROJ_DIR\Debug\Obj\stm32f0xx_hal_tim_ex.o
#        C:\Users\4eef\Projects\Chronograph+\SW\Chrono-Terminal-V1.0\firmware\PROJ_DIR\Debug\Obj\stm32f0xx_hal_tsc.o
#        C:\Users\4eef\Projects\Chronograph+\SW\Chrono-Terminal-V1.0\firmware\PROJ_DIR\Debug\Obj\stm32f0xx_hal_uart.o
#        C:\Users\4eef\Projects\Chronograph+\SW\Chrono-Terminal-V1.0\firmware\PROJ_DIR\Debug\Obj\stm32f0xx_hal_uart_ex.o
#        C:\Users\4eef\Projects\Chronograph+\SW\Chrono-Terminal-V1.0\firmware\PROJ_DIR\Debug\Obj\stm32f0xx_hal_usart.o
#        C:\Users\4eef\Projects\Chronograph+\SW\Chrono-Terminal-V1.0\firmware\PROJ_DIR\Debug\Obj\stm32f0xx_hal_wwdg.o
#        C:\Users\4eef\Projects\Chronograph+\SW\Chrono-Terminal-V1.0\firmware\PROJ_DIR\Debug\Obj\stm32f0xx_it.o
#        C:\Users\4eef\Projects\Chronograph+\SW\Chrono-Terminal-V1.0\firmware\PROJ_DIR\Debug\Obj\stm32f0xx_ll_adc.o
#        C:\Users\4eef\Projects\Chronograph+\SW\Chrono-Terminal-V1.0\firmware\PROJ_DIR\Debug\Obj\stm32f0xx_ll_comp.o
#        C:\Users\4eef\Projects\Chronograph+\SW\Chrono-Terminal-V1.0\firmware\PROJ_DIR\Debug\Obj\stm32f0xx_ll_crc.o
#        C:\Users\4eef\Projects\Chronograph+\SW\Chrono-Terminal-V1.0\firmware\PROJ_DIR\Debug\Obj\stm32f0xx_ll_crs.o
#        C:\Users\4eef\Projects\Chronograph+\SW\Chrono-Terminal-V1.0\firmware\PROJ_DIR\Debug\Obj\stm32f0xx_ll_dac.o
#        C:\Users\4eef\Projects\Chronograph+\SW\Chrono-Terminal-V1.0\firmware\PROJ_DIR\Debug\Obj\stm32f0xx_ll_dma.o
#        C:\Users\4eef\Projects\Chronograph+\SW\Chrono-Terminal-V1.0\firmware\PROJ_DIR\Debug\Obj\stm32f0xx_ll_exti.o
#        C:\Users\4eef\Projects\Chronograph+\SW\Chrono-Terminal-V1.0\firmware\PROJ_DIR\Debug\Obj\stm32f0xx_ll_gpio.o
#        C:\Users\4eef\Projects\Chronograph+\SW\Chrono-Terminal-V1.0\firmware\PROJ_DIR\Debug\Obj\stm32f0xx_ll_i2c.o
#        C:\Users\4eef\Projects\Chronograph+\SW\Chrono-Terminal-V1.0\firmware\PROJ_DIR\Debug\Obj\stm32f0xx_ll_pwr.o
#        C:\Users\4eef\Projects\Chronograph+\SW\Chrono-Terminal-V1.0\firmware\PROJ_DIR\Debug\Obj\stm32f0xx_ll_rcc.o
#        C:\Users\4eef\Projects\Chronograph+\SW\Chrono-Terminal-V1.0\firmware\PROJ_DIR\Debug\Obj\stm32f0xx_ll_rtc.o
#        C:\Users\4eef\Projects\Chronograph+\SW\Chrono-Terminal-V1.0\firmware\PROJ_DIR\Debug\Obj\stm32f0xx_ll_spi.o
#        C:\Users\4eef\Projects\Chronograph+\SW\Chrono-Terminal-V1.0\firmware\PROJ_DIR\Debug\Obj\stm32f0xx_ll_tim.o
#        C:\Users\4eef\Projects\Chronograph+\SW\Chrono-Terminal-V1.0\firmware\PROJ_DIR\Debug\Obj\stm32f0xx_ll_usart.o
#        C:\Users\4eef\Projects\Chronograph+\SW\Chrono-Terminal-V1.0\firmware\PROJ_DIR\Debug\Obj\stm32f0xx_ll_utils.o
#        C:\Users\4eef\Projects\Chronograph+\SW\Chrono-Terminal-V1.0\firmware\PROJ_DIR\Debug\Obj\sync.o
#        C:\Users\4eef\Projects\Chronograph+\SW\Chrono-Terminal-V1.0\firmware\PROJ_DIR\Debug\Obj\system_stm32f0xx.o
#        C:\Users\4eef\Projects\Chronograph+\SW\Chrono-Terminal-V1.0\firmware\PROJ_DIR\Debug\Obj\ug2864.o
#        -o
#        C:\Users\4eef\Projects\Chronograph+\SW\Chrono-Terminal-V1.0\firmware\PROJ_DIR\Debug\Exe\Chrono-Terminal-V1.0.out
#        --redirect _Printf=_PrintfLargeNoMb --map
#        C:\Users\4eef\Projects\Chronograph+\SW\Chrono-Terminal-V1.0\firmware\PROJ_DIR\Debug\List\Chrono-Terminal-V1.0.map
#        --config "C:\Program Files (x86)\IAR Systems\Embedded Workbench
#        7.5\arm\config\linker\ST\stm32f042x6.icf" --semihosting --entry
#        __iar_program_start --vfe
#
###############################################################################

*******************************************************************************
*** RUNTIME MODEL ATTRIBUTES
***

CppFlavor       = *
__SystemLibrary = DLib


*******************************************************************************
*** PLACEMENT SUMMARY
***

"A0":  place at 0x08000000 { ro section .intvec };
"P1":  place in [from 0x08000000 to 0x08007fff] { ro };
"P2":  place in [from 0x20000000 to 0x200017ff] { rw, block CSTACK, block HEAP };
initialize by copy { rw };

  Section            Kind        Address    Size  Object
  -------            ----        -------    ----  ------
"A0":                                       0xc0
  .intvec            ro code  0x08000000    0xc0  startup_stm32f042x6.o [1]
                            - 0x080000c0    0xc0

"P1":                                     0x7b64
  .text              ro code  0x080000c0  0x15e8  main.o [1]
  .text              ro code  0x080016a8    0x20  stm32f0xx_hal.o [1]
  .text              ro code  0x080016c8    0x98  clock.o [1]
  .text              ro code  0x08001760   0x220  gpio.o [1]
  .text              ro code  0x08001980    0x98  i2c.o [1]
  .text              ro code  0x08001a18   0xa10  ug2864.o [1]
  .text              ro code  0x08002428   0x148  lis3.o [1]
  .text              ro code  0x08002570   0x47c  IR.o [1]
  .text              ro code  0x080029ec    0xbc  sync.o [1]
  .text              ro code  0x08002aa8   0x1c0  adc.o [1]
  .text              ro code  0x08002c68    0x10  strcpy.o [5]
  .text              ro code  0x08002c78    0x38  sprintf.o [3]
  .text              ro code  0x08002cb0   0x104  MicroMenu.o [1]
  .text              ro code  0x08002db4    0xe0  I32DivModFast.o [5]
  .text              ro code  0x08002e94    0x38  filter.o [1]
  .text              ro code  0x08002ecc    0x50  ABImemset.o [5]
  .text              ro code  0x08002f1c    0x10  strlen.o [5]
  .text              ro code  0x08002f2c    0xb0  FltMul.o [4]
  .text              ro code  0x08002fdc   0x116  FltAddSub.o [4]
  .text              ro code  0x080030f2     0xa  xsprout.o [3]
  .text              ro code  0x080030fc    0x20  FltCmpEq.o [4]
  .text              ro code  0x0800311c    0xaa  FltDiv.o [4]
  .rodata            const    0x080031c6     0x2  main.o [1]
  .text              ro code  0x080031c8    0x32  FltToDbl.o [4]
  .rodata            const    0x080031fa     0x2  ug2864.o [1]
  .text              ro code  0x080031fc    0x9c  atan.o [4]
  .text              ro code  0x08003298   0x184  DblMul.o [4]
  .text              ro code  0x0800341c    0x62  DblToFlt.o [4]
  .rodata            const    0x0800347e     0x2  ug2864.o [1]
  .text              ro code  0x08003480    0x34  I32ToDbl.o [4]
  .text              ro code  0x080034b4    0xc2  DblDiv.o [4]
  .text              ro code  0x08003576    0x24  stm32f0xx_hal.o [1]
  .text              ro code  0x0800359a     0x2  startup_stm32f042x6.o [1]
  .text              ro code  0x0800359c   0x15c  stm32f0xx_hal_msp.o [1]
  .text              ro code  0x080036f8   0x810  stm32f0xx_hal_rcc.o [1]
  .text              ro code  0x08003f08   0x170  stm32f0xx_hal_rcc_ex.o [1]
  .text              ro code  0x08004078   0x136  stm32f0xx_hal_cortex.o [1]
  .text              ro code  0x080041ae     0x2  startup_stm32f042x6.o [1]
  .text              ro code  0x080041b0  0x12e8  stm32f0xx_hal_i2c.o [1]
  .text              ro code  0x08005498    0x6c  stm32f0xx_hal_i2c_ex.o [1]
  .text              ro code  0x08005504    0x3a  FltToS32.o [4]
  .text              ro code  0x0800553e     0x2  startup_stm32f042x6.o [1]
  .text              ro code  0x08005540    0x32  I32ToFlt.o [4]
  .text              ro code  0x08005572     0x2  startup_stm32f042x6.o [1]
  .text              ro code  0x08005574    0x28  FltCmpGe.o [4]
  .text              ro code  0x0800559c    0x60  delay.o [1]
  .text              ro code  0x080055fc   0xd0a  xprintflarge_nomb.o [3]
  .text              ro code  0x08006306     0x2  startup_stm32f042x6.o [1]
  .text              ro code  0x08006308     0x2  IntDivZer.o [5]
  .text              ro code  0x0800630a    0x32  DblCmpLe.o [4]
  .text              ro code  0x0800633c    0x32  DblCmpGe.o [4]
  .text              ro code  0x0800636e     0x2  startup_stm32f042x6.o [1]
  .text              ro code  0x08006370   0x1e0  xatan.o [4]
  .text              ro code  0x08006550   0x1ec  stm32f0xx_hal_gpio.o [1]
  .text              ro code  0x0800673c   0x27c  stm32f0xx_hal_dma.o [1]
  .text              ro code  0x080069b8     0xc  stm32f0xx_hal.o [1]
  .text              ro code  0x080069c4    0x5c  ABImemcpy.o [5]
  .text              ro code  0x08006a20     0x2  stm32f0xx_hal_i2c.o [1]
  .text              ro code  0x08006a22     0x2  stm32f0xx_hal_i2c.o [1]
  .text              ro code  0x08006a24     0x2  stm32f0xx_hal_i2c.o [1]
  .text              ro code  0x08006a26     0x2  stm32f0xx_hal_i2c.o [1]
  .text              ro code  0x08006a28     0x2  stm32f0xx_hal_i2c.o [1]
  .text              ro code  0x08006a2a     0x2  stm32f0xx_hal_i2c.o [1]
  .text              ro code  0x08006a2c     0x2  stm32f0xx_hal_i2c.o [1]
  .text              ro code  0x08006a2e     0x2  stm32f0xx_hal_i2c.o [1]
  .text              ro code  0x08006a30     0x2  stm32f0xx_hal_i2c.o [1]
  .text              ro code  0x08006a32     0x2  stm32f0xx_hal_i2c.o [1]
  .text              ro code  0x08006a34    0x14  strchr.o [5]
  .text              ro code  0x08006a48    0x18  memchr.o [5]
  .text              ro code  0x08006a60    0x6a  I64DivMod.o [5]
  .text              ro code  0x08006aca     0x2  startup_stm32f042x6.o [1]
  .text              ro code  0x08006acc    0x2e  DblToI32.o [4]
  .text              ro code  0x08006afa   0x1b4  DblAddSub.o [4]
  .text              ro code  0x08006cae    0x20  div.o [3]
  .text              ro code  0x08006cce     0x2  startup_stm32f042x6.o [1]
  .text              ro code  0x08006cd0     0x2  I64DivZer.o [5]
  .text              ro code  0x08006cd2     0x2  startup_stm32f042x6.o [1]
  .rodata            const    0x08006cd4   0x600  ssdFonts.o [1]
  .rodata            const    0x080072d4   0x180  ssdFonts.o [1]
  .rodata            const    0x08007454    0xc0  gpio.o [1]
  .text              ro code  0x08007514    0x94  system_stm32f0xx.o [1]
  .text              ro code  0x080075a8    0x4e  stm32f0xx_it.o [1]
  .text              ro code  0x080075f6     0x2  startup_stm32f042x6.o [1]
  .text              ro code  0x080075f8    0x10  stm32f0xx_hal.o [1]
  .text              ro code  0x08007608    0x3c  startup_stm32f042x6.o [1]
  .text              ro code  0x08007644    0x3c  zero_init3.o [5]
  .text              ro code  0x08007680    0x30  copy_init3.o [5]
  .rodata            const    0x080076b0    0x2c  main.o [1]
  .rodata            const    0x080076dc    0x2c  main.o [1]
  .rodata            const    0x08007708    0x28  main.o [1]
  .rodata            const    0x08007730    0x28  main.o [1]
  .rodata            const    0x08007758    0x28  main.o [1]
  .rodata            const    0x08007780    0x28  main.o [1]
  .rodata            const    0x080077a8    0x28  main.o [1]
  .rodata            const    0x080077d0    0x28  main.o [1]
  .rodata            const    0x080077f8    0x28  main.o [1]
  .text              ro code  0x08007820    0x28  data_init.o [5]
  .rodata            const    0x08007848    0x24  main.o [1]
  .rodata            const    0x0800786c    0x24  main.o [1]
  .rodata            const    0x08007890    0x24  main.o [1]
  .rodata            const    0x080078b4    0x24  main.o [1]
  .rodata            const    0x080078d8    0x24  main.o [1]
  .rodata            const    0x080078fc    0x24  main.o [1]
  .iar.init_table    const    0x08007920    0x24  - Linker created -
  .rodata            const    0x08007944    0x20  main.o [1]
  .rodata            const    0x08007964    0x20  main.o [1]
  .rodata            const    0x08007984    0x20  main.o [1]
  .rodata            const    0x080079a4    0x20  main.o [1]
  .rodata            const    0x080079c4    0x20  main.o [1]
  .rodata            const    0x080079e4    0x20  main.o [1]
  .text              ro code  0x08007a04    0x1a  cmain.o [5]
  .text              ro code  0x08007a1e     0x4  low_level_init.o [3]
  .text              ro code  0x08007a22     0x8  exit.o [3]
  .text              ro code  0x08007a2a     0x2  startup_stm32f042x6.o [1]
  .text              ro code  0x08007a2c     0xa  cexit.o [5]
  .text              ro code  0x08007a36     0x2  startup_stm32f042x6.o [1]
  .text              ro code  0x08007a38    0x14  exit.o [6]
  .rodata            const    0x08007a4c    0x18  main.o [1]
  .rodata            const    0x08007a64    0x18  MicroMenu.o [1]
  .rodata            const    0x08007a7c    0x14  main.o [1]
  .rodata            const    0x08007a90    0x14  main.o [1]
  .rodata            const    0x08007aa4    0x14  main.o [1]
  .rodata            const    0x08007ab8    0x14  main.o [1]
  .rodata            const    0x08007acc    0x10  main.o [1]
  .rodata            const    0x08007adc    0x10  main.o [1]
  .rodata            const    0x08007aec    0x10  main.o [1]
  .rodata            const    0x08007afc    0x10  main.o [1]
  .rodata            const    0x08007b0c    0x10  ssdGraph.o [1]
  .rodata            const    0x08007b1c    0x10  ssdGraph.o [1]
  .rodata            const    0x08007b2c    0x10  stm32f0xx_hal_rcc.o [1]
  .rodata            const    0x08007b3c    0x10  stm32f0xx_hal_rcc.o [1]
  .rodata            const    0x08007b4c    0x10  system_stm32f0xx.o [1]
  .rodata            const    0x08007b5c     0xc  main.o [1]
  .rodata            const    0x08007b68     0xc  main.o [1]
  .rodata            const    0x08007b74     0xc  main.o [1]
  .rodata            const    0x08007b80     0xc  main.o [1]
  .rodata            const    0x08007b8c     0xc  main.o [1]
  .rodata            const    0x08007b98     0xc  main.o [1]
  .text              ro code  0x08007ba4     0xc  cstartup_M.o [5]
  Initializer bytes  const    0x08007bb0     0xc  <for P2-1>
  .rodata            const    0x08007bbc     0x8  main.o [1]
  .rodata            const    0x08007bc4     0x8  main.o [1]
  .rodata            const    0x08007bcc     0x8  main.o [1]
  .rodata            const    0x08007bd4     0x8  main.o [1]
  .rodata            const    0x08007bdc     0x8  main.o [1]
  .rodata            const    0x08007be4     0x8  main.o [1]
  .rodata            const    0x08007bec     0x8  ug2864.o [1]
  .rodata            const    0x08007bf4     0x8  ug2864.o [1]
  .rodata            const    0x08007bfc     0x8  xprintflarge_nomb.o [3]
  .rodata            const    0x08007c04     0x4  ssdGraph.o [1]
  .text              ro code  0x08007c08     0x2  startup_stm32f042x6.o [1]
  .text              ro code  0x08007c0a     0x2  startup_stm32f042x6.o [1]
  .text              ro code  0x08007c0c     0x2  startup_stm32f042x6.o [1]
  .text              ro code  0x08007c0e     0x2  startup_stm32f042x6.o [1]
  .text              ro code  0x08007c10     0x2  startup_stm32f042x6.o [1]
  .text              ro code  0x08007c12     0x2  startup_stm32f042x6.o [1]
  .text              ro code  0x08007c14     0x2  startup_stm32f042x6.o [1]
  .text              ro code  0x08007c16     0x2  startup_stm32f042x6.o [1]
  .text              ro code  0x08007c18     0x2  startup_stm32f042x6.o [1]
  .text              ro code  0x08007c1a     0x2  startup_stm32f042x6.o [1]
  .text              ro code  0x08007c1c     0x2  startup_stm32f042x6.o [1]
  .text              ro code  0x08007c1e     0x2  startup_stm32f042x6.o [1]
  .text              ro code  0x08007c20     0x2  startup_stm32f042x6.o [1]
  .text              ro code  0x08007c22     0x2  startup_stm32f042x6.o [1]
  .rodata            const    0x08007c24     0x0  zero_init3.o [5]
  .rodata            const    0x08007c24     0x0  copy_init3.o [5]
                            - 0x08007c24  0x7b64

"P2", part 1 of 3:                           0xc
  P2-1                        0x20000000     0xc  <Init block>
    .data            inited   0x20000000     0x4  gpio.o [1]
    .data            inited   0x20000004     0x4  MicroMenu.o [1]
    .data            inited   0x20000008     0x4  system_stm32f0xx.o [1]
                            - 0x2000000c     0xc

"P2", part 2 of 3:                         0x400
  CSTACK                      0x20000010   0x400  <Block>
    CSTACK           uninit   0x20000010   0x400  <Block tail>
                            - 0x20000410   0x400

"P2", part 3 of 3:                         0xa04
  .bss               zero     0x20000410   0x404  ug2864.o [1]
  .bss               zero     0x20000814   0x248  main.o [1]
  .bss               zero     0x20000a5c   0x16c  main.o [1]
  .bss               zero     0x20000bc8   0x114  MicroMenu.o [1]
  .bss               zero     0x20000cdc    0x4c  i2c.o [1]
  .bss               zero     0x20000d28    0x44  i2c.o [1]
  .bss               zero     0x20000d6c    0x44  i2c.o [1]
  .bss               zero     0x20000db0    0x1c  filter.o [1]
  .bss               zero     0x20000dcc    0x18  lis3.o [1]
  .bss               zero     0x20000de4    0x14  IR.o [1]
  .bss               zero     0x20000df8     0x4  adc.o [1]
  .bss               zero     0x20000dfc     0x4  filter.o [1]
  .bss               zero     0x20000e00     0x4  main.o [1]
  .bss               zero     0x20000e04     0x4  main.o [1]
  .bss               zero     0x20000e08     0x4  main.o [1]
  .bss               zero     0x20000e0c     0x4  stm32f0xx_hal.o [1]
  .bss               zero     0x20000e10     0x2  filter.o [1]
                            - 0x20000e12   0xa02


*******************************************************************************
*** INIT TABLE
***

          Address     Size
          -------     ----
Zero (__iar_zero_init3)
    1 destination range, total size 0xa02:
          0x20000410  0xa02

Copy (__iar_copy_init3)
    1 source range, total size 0xc:
          0x08007bb0    0xc
    1 destination range, total size 0xc:
          0x20000000    0xc



*******************************************************************************
*** MODULE SUMMARY
***

    Module                  ro code  ro data  rw data
    ------                  -------  -------  -------
C:\Users\4eef\Projects\Chronograph+\SW\Chrono-Terminal-V1.0\firmware\PROJ_DIR\Debug\Obj: [1]
    IR.o                      1 148                20
    MicroMenu.o                 260       28      280
    adc.o                       448                 4
    clock.o                     152
    delay.o                      96
    filter.o                     56                34
    gpio.o                      544      196        4
    i2c.o                       152               212
    lis3.o                      328                24
    main.o                    5 608    1 066      960
    ssdFonts.o                         1 920
    ssdGraph.o                            36
    startup_stm32f042x6.o       304
    stm32f0xx_hal.o              96                 4
    stm32f0xx_hal_cortex.o      310
    stm32f0xx_hal_dma.o         636
    stm32f0xx_hal_gpio.o        492
    stm32f0xx_hal_i2c.o       4 860
    stm32f0xx_hal_i2c_ex.o      108
    stm32f0xx_hal_msp.o         348
    stm32f0xx_hal_rcc.o       2 064       32
    stm32f0xx_hal_rcc_ex.o      368
    stm32f0xx_it.o               78
    sync.o                      188
    system_stm32f0xx.o          148       20        4
    ug2864.o                  2 576       20    1 028
    -------------------------------------------------
    Total:                   21 368    3 318    2 574

command line: [2]
    -------------------------------------------------
    Total:

dl6M_tln.a: [3]
    div.o                        32
    exit.o                        8
    low_level_init.o              4
    sprintf.o                    56
    xprintflarge_nomb.o       3 338        8
    xsprout.o                    10
    -------------------------------------------------
    Total:                    3 448        8

m6M_tl.a: [4]
    DblAddSub.o                 436
    DblCmpGe.o                   50
    DblCmpLe.o                   50
    DblDiv.o                    194
    DblMul.o                    388
    DblToFlt.o                   98
    DblToI32.o                   46
    FltAddSub.o                 278
    FltCmpEq.o                   32
    FltCmpGe.o                   40
    FltDiv.o                    170
    FltMul.o                    176
    FltToDbl.o                   50
    FltToS32.o                   58
    I32ToDbl.o                   52
    I32ToFlt.o                   50
    atan.o                      156
    xatan.o                     480
    -------------------------------------------------
    Total:                    2 804

rt6M_tl.a: [5]
    ABImemcpy.o                  92
    ABImemset.o                  80
    I32DivModFast.o             224
    I64DivMod.o                 106
    I64DivZer.o                   2
    IntDivZer.o                   2
    cexit.o                      10
    cmain.o                      26
    copy_init3.o                 48
    cstartup_M.o                 12
    data_init.o                  40
    memchr.o                     24
    strchr.o                     20
    strcpy.o                     16
    strlen.o                     16
    zero_init3.o                 60
    -------------------------------------------------
    Total:                      778

shb_l.a: [6]
    exit.o                       20
    -------------------------------------------------
    Total:                       20

    Linker created                        36    1 024
-----------------------------------------------------
    Grand Total:             28 418    3 362    3 598


*******************************************************************************
*** ENTRY LIST
***

Entry                      Address   Size  Type      Object
-----                      -------   ----  ----      ------
.iar.init_table$$Base   0x08007920          --   Gb  - Linker created -
.iar.init_table$$Limit  0x08007944          --   Gb  - Linker created -
?main                   0x08007a05         Code  Gb  cmain.o [5]
ADC1_IRQHandler         0x08002bb7   0x82  Code  Gb  adc.o [1]
AHBPrescTable           0x08007b4c   0x10  Data  Gb  system_stm32f0xx.o [1]
CSTACK$$Base            0x20000010          --   Gb  - Linker created -
CSTACK$$Limit           0x20000410          --   Gb  - Linker created -
CurrentMenuItem         0x20000e04    0x4  Data  Gb  main.o [1]
CurrentMenuItem         0x20000004    0x4  Data  Lc  MicroMenu.o [1]
DMA1_Channel2_3_IRQHandler
                        0x080075b5   0x10  Code  Gb  stm32f0xx_it.o [1]
DMA_CalcBaseAndBitshift
                        0x08006993   0x1a  Code  Lc  stm32f0xx_hal_dma.o [1]
DMA_SetConfig           0x08006969   0x2a  Code  Lc  stm32f0xx_hal_dma.o [1]
Error_Handler           0x0800175d    0x4  Code  Gb  clock.o [1]
HAL_DMA_Abort_IT        0x0800683d   0x58  Code  Gb  stm32f0xx_hal_dma.o [1]
HAL_DMA_IRQHandler      0x08006895   0xd4  Code  Gb  stm32f0xx_hal_dma.o [1]
HAL_DMA_Init            0x0800673d   0x6c  Code  Gb  stm32f0xx_hal_dma.o [1]
HAL_DMA_Start_IT        0x080067ad   0x90  Code  Gb  stm32f0xx_hal_dma.o [1]
HAL_GPIO_Init           0x08006551  0x1cc  Code  Gb  stm32f0xx_hal_gpio.o [1]
HAL_GetTick             0x080069b9    0xc  Code  Wk  stm32f0xx_hal.o [1]
HAL_I2CEx_ConfigAnalogFilter
                        0x08005499   0x66  Code  Gb  stm32f0xx_hal_i2c_ex.o [1]
HAL_I2C_AbortCpltCallback
                        0x08006a31    0x2  Code  Wk  stm32f0xx_hal_i2c.o [1]
HAL_I2C_AddrCallback    0x08006a21    0x2  Code  Wk  stm32f0xx_hal_i2c.o [1]
HAL_I2C_ER_IRQHandler   0x080046d7   0x68  Code  Gb  stm32f0xx_hal_i2c.o [1]
HAL_I2C_EV_IRQHandler   0x080046b9   0x1e  Code  Gb  stm32f0xx_hal_i2c.o [1]
HAL_I2C_ErrorCallback   0x08006a33    0x2  Code  Wk  stm32f0xx_hal_i2c.o [1]
HAL_I2C_GetState        0x0800473f    0x6  Code  Gb  stm32f0xx_hal_i2c.o [1]
HAL_I2C_Init            0x080041b1   0xcc  Code  Gb  stm32f0xx_hal_i2c.o [1]
HAL_I2C_ListenCpltCallback
                        0x08006a2f    0x2  Code  Wk  stm32f0xx_hal_i2c.o [1]
HAL_I2C_MasterRxCpltCallback
                        0x08006a25    0x2  Code  Wk  stm32f0xx_hal_i2c.o [1]
HAL_I2C_MasterTxCpltCallback
                        0x08006a23    0x2  Code  Wk  stm32f0xx_hal_i2c.o [1]
HAL_I2C_Master_Receive  0x08004411  0x184  Code  Gb  stm32f0xx_hal_i2c.o [1]
HAL_I2C_Master_Transmit
                        0x0800427d  0x184  Code  Gb  stm32f0xx_hal_i2c.o [1]
HAL_I2C_Master_Transmit_DMA
                        0x08004599  0x10a  Code  Gb  stm32f0xx_hal_i2c.o [1]
HAL_I2C_MemRxCpltCallback
                        0x08006a2d    0x2  Code  Wk  stm32f0xx_hal_i2c.o [1]
HAL_I2C_MemTxCpltCallback
                        0x08006a2b    0x2  Code  Wk  stm32f0xx_hal_i2c.o [1]
HAL_I2C_MspInit         0x080035eb   0xea  Code  Gb  stm32f0xx_hal_msp.o [1]
HAL_I2C_SlaveRxCpltCallback
                        0x08006a29    0x2  Code  Wk  stm32f0xx_hal_i2c.o [1]
HAL_I2C_SlaveTxCpltCallback
                        0x08006a27    0x2  Code  Wk  stm32f0xx_hal_i2c.o [1]
HAL_IncTick             0x080075f9   0x10  Code  Wk  stm32f0xx_hal.o [1]
HAL_Init                0x080016a9   0x1c  Code  Gb  stm32f0xx_hal.o [1]
HAL_InitTick            0x08003577   0x24  Code  Wk  stm32f0xx_hal.o [1]
HAL_MspInit             0x0800359d   0x4e  Code  Gb  stm32f0xx_hal_msp.o [1]
HAL_NVIC_EnableIRQ      0x08004151    0xe  Code  Gb  stm32f0xx_hal_cortex.o [1]
HAL_NVIC_SetPriority    0x0800413d   0x14  Code  Gb  stm32f0xx_hal_cortex.o [1]
HAL_RCCEx_PeriphCLKConfig
                        0x08003f09  0x14e  Code  Gb  stm32f0xx_hal_rcc_ex.o [1]
HAL_RCC_ClockConfig     0x08003c75  0x192  Code  Gb  stm32f0xx_hal_rcc.o [1]
HAL_RCC_GetHCLKFreq     0x08003ed5    0x6  Code  Gb  stm32f0xx_hal_rcc.o [1]
HAL_RCC_GetSysClockFreq
                        0x08003e21   0xb4  Code  Gb  stm32f0xx_hal_rcc.o [1]
HAL_RCC_OscConfig       0x080036f9  0x566  Code  Gb  stm32f0xx_hal_rcc.o [1]
HAL_SYSTICK_CLKSourceConfig
                        0x0800416b   0x22  Code  Gb  stm32f0xx_hal_cortex.o [1]
HAL_SYSTICK_Callback    0x080041ad    0x2  Code  Wk  stm32f0xx_hal_cortex.o [1]
HAL_SYSTICK_Config      0x0800415f    0xc  Code  Gb  stm32f0xx_hal_cortex.o [1]
HAL_SYSTICK_IRQHandler  0x080041a5    0x8  Code  Gb  stm32f0xx_hal_cortex.o [1]
I2C1_IRQHandler         0x080075c5   0x22  Code  Gb  stm32f0xx_it.o [1]
I2C_DMAAbort            0x080050f7   0x3e  Code  Lc  stm32f0xx_hal_i2c.o [1]
I2C_DMAError            0x080050d9   0x1e  Code  Lc  stm32f0xx_hal_i2c.o [1]
I2C_DMAMasterTransmitCplt
                        0x08005073   0x54  Code  Lc  stm32f0xx_hal_i2c.o [1]
I2C_Disable_IRQ         0x0800540d   0x8c  Code  Lc  stm32f0xx_hal_i2c.o [1]
I2C_Enable_IRQ          0x08005367   0x96  Code  Lc  stm32f0xx_hal_i2c.o [1]
I2C_Flush_TXDR          0x0800504d   0x26  Code  Lc  stm32f0xx_hal_i2c.o [1]
I2C_ITAddrCplt          0x08004b57   0xe6  Code  Lc  stm32f0xx_hal_i2c.o [1]
I2C_ITError             0x08004f4d   0xfa  Code  Lc  stm32f0xx_hal_i2c.o [1]
I2C_ITListenCplt        0x08004ee1   0x64  Code  Lc  stm32f0xx_hal_i2c.o [1]
I2C_ITMasterCplt        0x08004cf1   0xd8  Code  Lc  stm32f0xx_hal_i2c.o [1]
I2C_ITMasterSequentialCplt
                        0x08004c3d   0x5a  Code  Lc  stm32f0xx_hal_i2c.o [1]
I2C_ITSlaveCplt         0x08004dc9  0x118  Code  Lc  stm32f0xx_hal_i2c.o [1]
I2C_ITSlaveSequentialCplt
                        0x08004c97   0x5a  Code  Lc  stm32f0xx_hal_i2c.o [1]
I2C_IsAcknowledgeFailed
                        0x080052b9   0x80  Code  Lc  stm32f0xx_hal_i2c.o [1]
I2C_Master_ISR_DMA      0x080049e5   0xf4  Code  Lc  stm32f0xx_hal_i2c.o [1]
I2C_Master_ISR_IT       0x08004745  0x16a  Code  Lc  stm32f0xx_hal_i2c.o [1]
I2C_Slave_ISR_DMA       0x08004ad9   0x7e  Code  Lc  stm32f0xx_hal_i2c.o [1]
I2C_Slave_ISR_IT        0x080048af  0x130  Code  Lc  stm32f0xx_hal_i2c.o [1]
I2C_TransferConfig      0x08005339   0x2e  Code  Lc  stm32f0xx_hal_i2c.o [1]
I2C_WaitOnFlagUntilTimeout
                        0x08005135   0x52  Code  Lc  stm32f0xx_hal_i2c.o [1]
I2C_WaitOnRXNEFlagUntilTimeout
                        0x08005233   0x80  Code  Lc  stm32f0xx_hal_i2c.o [1]
I2C_WaitOnSTOPFlagUntilTimeout
                        0x080051e1   0x52  Code  Lc  stm32f0xx_hal_i2c.o [1]
I2C_WaitOnTXISFlagUntilTimeout
                        0x08005187   0x5a  Code  Lc  stm32f0xx_hal_i2c.o [1]
IRRXData                0x20000de4   0x14  Data  Gb  IR.o [1]
LoadInt                 0x08005bbd   0x68  Code  Lc  xprintflarge_nomb.o [3]
MX_DMA_Init             0x080019d9   0x2e  Code  Gb  i2c.o [1]
MX_I2C1_Init            0x08001981   0x58  Code  Gb  i2c.o [1]
Menu_EnterCurrentItem   0x08002d75   0x26  Code  Gb  MicroMenu.o [1]
Menu_GetCurrentMenu     0x08002cb1    0x6  Code  Gb  MicroMenu.o [1]
Menu_Navigate           0x08002cb7   0xbe  Code  Gb  MicroMenu.o [1]
NULL_MENU               0x08007a64   0x18  Data  Gb  MicroMenu.o [1]
NVIC_EnableIRQ          0x08002aa9    0xe  Code  Lc  adc.o [1]
NVIC_EnableIRQ          0x08002571    0xe  Code  Lc  IR.o [1]
NVIC_EnableIRQ          0x08004079    0xe  Code  Lc  stm32f0xx_hal_cortex.o [1]
NVIC_SetPriority        0x08002ab7   0x84  Code  Lc  adc.o [1]
NVIC_SetPriority        0x0800257f   0x84  Code  Lc  IR.o [1]
NVIC_SetPriority        0x08004087   0x84  Code  Lc  stm32f0xx_hal_cortex.o [1]
Region$$Table$$Base     0x08007920          --   Gb  - Linker created -
Region$$Table$$Limit    0x08007944          --   Gb  - Linker created -
SysTick_Config          0x0800410b   0x32  Code  Lc  stm32f0xx_hal_cortex.o [1]
SysTick_Handler         0x080075a9    0xc  Code  Gb  stm32f0xx_it.o [1]
SystemClock_Config      0x080016c9   0x8e  Code  Gb  clock.o [1]
SystemCoreClock         0x20000008    0x4  Data  Gb  system_stm32f0xx.o [1]
SystemInit              0x08007515   0x68  Code  Gb  system_stm32f0xx.o [1]
TIM2_IRQHandler         0x08002731  0x28a  Code  Gb  IR.o [1]
USB_IRQHandler          0x080075f5    0x2  Code  Gb  stm32f0xx_it.o [1]
_GenldLargeNoMb         0x08006039  0x29a  Code  Lc  xprintflarge_nomb.o [3]
_LdtobLargeNoMb         0x08005d51  0x2b0  Code  Lc  xprintflarge_nomb.o [3]
_LitobLargeNoMb         0x08005c25  0x12a  Code  Lc  xprintflarge_nomb.o [3]
_PrintfLargeNoMb        0x080055fd  0x5c0  Code  Gb  xprintflarge_nomb.o [3]
_PutcharsLargeNoMb      0x080062d3   0x30  Code  Lc  xprintflarge_nomb.o [3]
_SProut                 0x080030f3    0xa  Code  Gb  xsprout.o [3]
__ICFEDIT_region_RAM_end__ {Abs}
                        0x200017ff         Data  Gb  command line/config [2]
__ICFEDIT_region_RAM_start__ {Abs}
                        0x20000000         Data  Gb  command line/config [2]
__aeabi_cdcmple         0x0800630b         Code  Gb  DblCmpLe.o [4]
__aeabi_cdrcmple        0x0800633d         Code  Gb  DblCmpGe.o [4]
__aeabi_cfcmpeq         0x080030fd         Code  Gb  FltCmpEq.o [4]
__aeabi_cfrcmple        0x08005575         Code  Gb  FltCmpGe.o [4]
__aeabi_d2f             0x0800341d         Code  Gb  DblToFlt.o [4]
__aeabi_d2uiz           0x08006acd         Code  Gb  DblToI32.o [4]
__aeabi_dadd            0x08006afb         Code  Gb  DblAddSub.o [4]
__aeabi_ddiv            0x080034b5         Code  Gb  DblDiv.o [4]
__aeabi_dmul            0x08003299         Code  Gb  DblMul.o [4]
__aeabi_dsub            0x08006bc1         Code  Gb  DblAddSub.o [4]
__aeabi_f2d             0x080031c9         Code  Gb  FltToDbl.o [4]
__aeabi_f2iz            0x08005505         Code  Gb  FltToS32.o [4]
__aeabi_fadd            0x08002fdd         Code  Gb  FltAddSub.o [4]
__aeabi_fdiv            0x0800311d         Code  Gb  FltDiv.o [4]
__aeabi_fmul            0x08002f2d         Code  Gb  FltMul.o [4]
__aeabi_i2d             0x08003481         Code  Gb  I32ToDbl.o [4]
__aeabi_i2f             0x08005541         Code  Gb  I32ToFlt.o [4]
__aeabi_idiv            0x08002de1         Code  Gb  I32DivModFast.o [5]
__aeabi_idiv0           0x08006309         Code  Gb  IntDivZer.o [5]
__aeabi_idivmod         0x08002de1         Code  Gb  I32DivModFast.o [5]
__aeabi_ldiv0           0x08006cd1         Code  Gb  I64DivZer.o [5]
__aeabi_memcpy          0x080069c5         Code  Gb  ABImemcpy.o [5]
__aeabi_memcpy4         0x080069ed         Code  Wk  ABImemcpy.o [5]
__aeabi_memset          0x08002ecd         Code  Gb  ABImemset.o [5]
__aeabi_ui2d            0x08003495         Code  Gb  I32ToDbl.o [4]
__aeabi_uidiv           0x08002de7         Code  Gb  I32DivModFast.o [5]
__aeabi_uidivmod        0x08002de7         Code  Gb  I32DivModFast.o [5]
__aeabi_uldivmod        0x08006a61         Code  Gb  I64DivMod.o [5]
__cmain                 0x08007a05         Code  Gb  cmain.o [5]
__exit                  0x08007a39   0x14  Code  Gb  exit.o [6]
__iar_Atan              0x08006371  0x148  Code  Gb  xatan.o [4]
__iar_Memchr            0x08006a49   0x18  Code  Gb  memchr.o [5]
__iar_Memset4_word      0x08002eed         Code  Gb  ABImemset.o [5]
__iar_Memset_word       0x08002ed9         Code  Gb  ABImemset.o [5]
__iar_Strchr            0x08006a35   0x14  Code  Gb  strchr.o [5]
__iar_copy_init3        0x08007681   0x30  Code  Gb  copy_init3.o [5]
__iar_d2uiz             0x08006ad1         Code  Gb  DblToI32.o [4]
__iar_data_init3        0x08007821   0x28  Code  Gb  data_init.o [5]
__iar_program_start     0x08007ba5         Code  Gb  cstartup_M.o [5]
__iar_ui2d              0x08003499         Code  Gb  I32ToDbl.o [4]
__iar_ui2f              0x08005559         Code  Gb  I32ToFlt.o [4]
__iar_zero_init3        0x08007645   0x3c  Code  Gb  zero_init3.o [5]
__low_level_init        0x08007a1f    0x4  Code  Gb  low_level_init.o [3]
__vector_table          0x08000000         Data  Gb  startup_stm32f042x6.o [1]
_call_main              0x08007a11         Code  Gb  cmain.o [5]
_exit                   0x08007a2d         Code  Gb  cexit.o [5]
_main                   0x08007a1b         Code  Gb  cmain.o [5]
a                       0x08006510   0x40  Data  Lc  xatan.o [4]
about                   0x08007964   0x20  Data  Gb  main.o [1]
accel                   0x20000dcc   0x18  Data  Gb  lis3.o [1]
adcData                 0x20000df8    0x4  Data  Gb  adc.o [1]
adcInit                 0x08002b3b   0x7c  Code  Gb  adc.o [1]
atan                    0x080031fd   0x9c  Code  Gb  atan.o [4]
buttonCnts              0x20000e00    0x4  Data  Gb  main.o [1]
delay_us                0x0800559d   0x60  Code  Gb  delay.o [1]
display                 0x08007944   0x20  Data  Gb  main.o [1]
div                     0x08006caf   0x20  Code  Gb  div.o [3]
drawMainScreen          0x08001359  0x304  Code  Gb  main.o [1]
drawMenu                0x08001251   0xce  Code  Gb  main.o [1]
exit                    0x08007a23    0x8  Code  Gb  exit.o [3]
font12x16               0x080072d4  0x180  Data  Gb  ssdFonts.o [1]
font6x8                 0x08006cd4  0x600  Data  Gb  ssdFonts.o [1]
getButtonState          0x08000f3d  0x1a6  Code  Gb  main.o [1]
gppin_init              0x0800179b  0x1cc  Code  Gb  gpio.o [1]
hdma_i2c1_rx            0x20000d28   0x44  Data  Gb  i2c.o [1]
hdma_i2c1_tx            0x20000d6c   0x44  Data  Gb  i2c.o [1]
hi2c1                   0x20000cdc   0x4c  Data  Gb  i2c.o [1]
initGpios               0x08001761   0x3a  Code  Gb  gpio.o [1]
initIRConfig            0x08002603   0xea  Code  Gb  IR.o [1]
kalman                  0x20000db0   0x1c  Data  Gb  filter.o [1]
lis3_getXYZ             0x080024ed   0x74  Code  Gb  lis3.o [1]
lis3_read               0x0800249d   0x50  Code  Gb  lis3.o [1]
lis3_write              0x0800246b   0x32  Code  Gb  lis3.o [1]
lis3init                0x08002429   0x42  Code  Gb  lis3.o [1]
lpf                     0x08002e95   0x2e  Code  Gb  filter.o [1]
lpf::Dacc               0x20000dfc    0x4  Data  Lc  filter.o [1]
lpf::Dout               0x20000e10    0x2  Data  Lc  filter.o [1]
main                    0x080000c1  0xc80  Code  Gb  main.o [1]
mchron                  0x08007890   0x24  Data  Gb  main.o [1]
mcommon                 0x08007984   0x20  Data  Gb  main.o [1]
meas                    0x20000814  0x248  Data  Gb  main.o [1]
menu                    0x20000bc8  0x114  Data  Gb  MicroMenu.o [1]
menuFolder              0x08007b0c   0x10  Data  Gb  ssdGraph.o [1]
menuScroll              0x08007c04    0x4  Data  Gb  ssdGraph.o [1]
mincline                0x08007758   0x28  Data  Gb  main.o [1]
mode                    0x08007708   0x28  Data  Gb  main.o [1]
modeEdit                0x08000e89   0x72  Code  Gb  main.o [1]
parEdit                 0x08000e1d   0x54  Code  Gb  main.o [1]
parEditRedir            0x08000d61   0xa8  Code  Gb  main.o [1]
pellets                 0x20000a5c  0x16c  Data  Gb  main.o [1]
pinNum                  0x20000000    0x4  Data  Gb  gpio.o [1]
pinsMode                0x08007454   0xc0  Data  Gb  gpio.o [1]
s16fNorm                0x0800115d   0x3c  Code  Gb  main.o [1]
scbind                  0x080079e4   0x20  Data  Gb  main.o [1]
scdist                  0x080077f8   0x28  Data  Gb  main.o [1]
schrono                 0x080078b4   0x24  Data  Gb  main.o [1]
sclipc                  0x08007780   0x28  Data  Gb  main.o [1]
sdcntr                  0x080078fc   0x24  Data  Gb  main.o [1]
sdisplay                0x080079a4   0x20  Data  Gb  main.o [1]
sdpoff                  0x080076dc   0x2c  Data  Gb  main.o [1]
service                 0x08007730   0x28  Data  Gb  main.o [1]
setts                   0x0800786c   0x24  Data  Gb  main.o [1]
sibrdr                  0x080076b0   0x2c  Data  Gb  main.o [1]
sical                   0x080078d8   0x24  Data  Gb  main.o [1]
sincline                0x080077a8   0x28  Data  Gb  main.o [1]
sprintf                 0x08002c79   0x38  Code  Gb  sprintf.o [3]
ssdBatt                 0x08007b1c   0x10  Data  Gb  ssdGraph.o [1]
ssdVideoBff             0x20000410  0x404  Data  Gb  ug2864.o [1]
ssd_putBatt             0x08001fcd   0xb0  Code  Gb  ug2864.o [1]
ssd_putChar12x16        0x08002089   0xf4  Code  Gb  ug2864.o [1]
ssd_putChar6x8          0x080021a1   0x5a  Code  Gb  ug2864.o [1]
ssd_putMenuFolder       0x08001f7d   0x50  Code  Gb  ug2864.o [1]
ssd_putMenuScroll       0x08001d8d   0xae  Code  Gb  ug2864.o [1]
ssd_putMsgBox           0x08001ad9   0x8a  Code  Gb  ug2864.o [1]
ssd_putParBox           0x08001a19   0xb8  Code  Gb  ug2864.o [1]
ssd_putPitchBar         0x08001e3b  0x13e  Code  Gb  ug2864.o [1]
ssd_putRollBar          0x08001b63  0x220  Code  Gb  ug2864.o [1]
ssd_putString12x16      0x0800217d   0x24  Code  Gb  ug2864.o [1]
ssd_putString6x8        0x08002201   0x24  Code  Gb  ug2864.o [1]
ssd_setpix              0x08002225   0xc8  Code  Gb  ug2864.o [1]
ssleep                  0x080079c4   0x20  Data  Gb  main.o [1]
stats                   0x08007848   0x24  Data  Gb  main.o [1]
strcpy                  0x08002c69         Code  Gb  strcpy.o [5]
strlen                  0x08002f1d   0x10  Code  Gb  strlen.o [5]
swusrc                  0x080077d0   0x28  Data  Gb  main.o [1]
sync                    0x08002a47   0x3c  Code  Gb  sync.o [1]
syncInit                0x080029ed   0x5a  Code  Gb  sync.o [1]
sysPars                 0x20000e08    0x4  Data  Gb  main.o [1]
tiltAngCalc             0x080010ed   0x5e  Code  Gb  main.o [1]
trxAccData              0x080011a5   0x86  Code  Gb  main.o [1]
ug2864_com              0x080023af   0x36  Code  Gb  ug2864.o [1]
ug2864_refresh          0x080023e9   0x1e  Code  Gb  ug2864.o [1]
ug2864init              0x080022f1   0xbe  Code  Gb  ug2864.o [1]
uwTick                  0x20000e0c    0x4  Data  Gb  stm32f0xx_hal.o [1]


[1] = C:\Users\4eef\Projects\Chronograph+\SW\Chrono-Terminal-V1.0\firmware\PROJ_DIR\Debug\Obj
[2] = command line
[3] = dl6M_tln.a
[4] = m6M_tl.a
[5] = rt6M_tl.a
[6] = shb_l.a

  28 418 bytes of readonly  code memory
   3 362 bytes of readonly  data memory
   3 598 bytes of readwrite data memory

Errors: none
Warnings: none
