###############################################################################
#
# IAR ELF Linker V7.80.2.11947/W32 for ARM                23/Feb/2017  00:03:09
# Copyright 2007-2016 IAR Systems AB.
#
#    Output file  =  
#        C:\Users\4eef\Projects\Chronograph+\SW\Chrono-Terminal-V1.0\firmware\PROJ_DIR\Debug\Exe\Chrono-Terminal-V1.0.out
#    Map file     =  
#        C:\Users\4eef\Projects\Chronograph+\SW\Chrono-Terminal-V1.0\firmware\PROJ_DIR\Debug\List\Chrono-Terminal-V1.0.map
#    Command line =  
#        C:\Users\4eef\Projects\Chronograph+\SW\Chrono-Terminal-V1.0\firmware\PROJ_DIR\Debug\Obj\adc.o
#        C:\Users\4eef\Projects\Chronograph+\SW\Chrono-Terminal-V1.0\firmware\PROJ_DIR\Debug\Obj\clock.o
#        C:\Users\4eef\Projects\Chronograph+\SW\Chrono-Terminal-V1.0\firmware\PROJ_DIR\Debug\Obj\delay.o
#        C:\Users\4eef\Projects\Chronograph+\SW\Chrono-Terminal-V1.0\firmware\PROJ_DIR\Debug\Obj\filter.o
#        C:\Users\4eef\Projects\Chronograph+\SW\Chrono-Terminal-V1.0\firmware\PROJ_DIR\Debug\Obj\gpio.o
#        C:\Users\4eef\Projects\Chronograph+\SW\Chrono-Terminal-V1.0\firmware\PROJ_DIR\Debug\Obj\i2c.o
#        C:\Users\4eef\Projects\Chronograph+\SW\Chrono-Terminal-V1.0\firmware\PROJ_DIR\Debug\Obj\IR.o
#        C:\Users\4eef\Projects\Chronograph+\SW\Chrono-Terminal-V1.0\firmware\PROJ_DIR\Debug\Obj\lis3.o
#        C:\Users\4eef\Projects\Chronograph+\SW\Chrono-Terminal-V1.0\firmware\PROJ_DIR\Debug\Obj\main.o
#        C:\Users\4eef\Projects\Chronograph+\SW\Chrono-Terminal-V1.0\firmware\PROJ_DIR\Debug\Obj\MicroMenu.o
#        C:\Users\4eef\Projects\Chronograph+\SW\Chrono-Terminal-V1.0\firmware\PROJ_DIR\Debug\Obj\power.o
#        C:\Users\4eef\Projects\Chronograph+\SW\Chrono-Terminal-V1.0\firmware\PROJ_DIR\Debug\Obj\ssdFonts.o
#        C:\Users\4eef\Projects\Chronograph+\SW\Chrono-Terminal-V1.0\firmware\PROJ_DIR\Debug\Obj\ssdGraph.o
#        C:\Users\4eef\Projects\Chronograph+\SW\Chrono-Terminal-V1.0\firmware\PROJ_DIR\Debug\Obj\startup_stm32f042x6.o
#        C:\Users\4eef\Projects\Chronograph+\SW\Chrono-Terminal-V1.0\firmware\PROJ_DIR\Debug\Obj\sync.o
#        C:\Users\4eef\Projects\Chronograph+\SW\Chrono-Terminal-V1.0\firmware\PROJ_DIR\Debug\Obj\system_stm32f0xx.o
#        C:\Users\4eef\Projects\Chronograph+\SW\Chrono-Terminal-V1.0\firmware\PROJ_DIR\Debug\Obj\ug2864.o
#        -o
#        C:\Users\4eef\Projects\Chronograph+\SW\Chrono-Terminal-V1.0\firmware\PROJ_DIR\Debug\Exe\Chrono-Terminal-V1.0.out
#        --redirect _Printf=_PrintfLargeNoMb --map
#        C:\Users\4eef\Projects\Chronograph+\SW\Chrono-Terminal-V1.0\firmware\PROJ_DIR\Debug\List\Chrono-Terminal-V1.0.map
#        --config "C:\Program Files (x86)\IAR Systems\Embedded Workbench
#        7.5\arm\config\linker\ST\stm32f042x6.icf" --semihosting --entry
#        __iar_program_start --vfe
#
###############################################################################

*******************************************************************************
*** RUNTIME MODEL ATTRIBUTES
***

CppFlavor       = *
__SystemLibrary = DLib


*******************************************************************************
*** PLACEMENT SUMMARY
***

"A0":  place at 0x08000000 { ro section .intvec };
"P1":  place in [from 0x08000000 to 0x08007fff] { ro };
"P2":  place in [from 0x20000000 to 0x200017ff] { rw, block CSTACK, block HEAP };
initialize by copy { rw };

  Section             Kind        Address    Size  Object
  -------             ----        -------    ----  ------
"A0":                                        0xc0
  .intvec             ro code  0x08000000    0xc0  startup_stm32f042x6.o [1]
                             - 0x080000c0    0xc0

"P1":                                      0x67e6
  .text               ro code  0x080000c0  0x1a44  main.o [1]
  .text               ro code  0x08001b04    0x10  strcpy.o [5]
  .text               ro code  0x08001b14    0x38  sprintf.o [3]
  .text               ro code  0x08001b4c   0x104  MicroMenu.o [1]
  .text               ro code  0x08001c50   0x204  power.o [1]
  .text               ro code  0x08001e54   0x154  sync.o [1]
  .text               ro code  0x08001fa8    0xe0  I32DivModFast.o [5]
  .text               ro code  0x08002088   0x1fc  filter.o [1]
  .text               ro code  0x08002284    0x50  ABImemset.o [5]
  .text               ro code  0x080022d4   0xa30  ug2864.o [1]
  .text               ro code  0x08002d04   0x388  lis3.o [1]
  .text               ro code  0x0800308c    0x10  strlen.o [5]
  .text               ro code  0x0800309c    0xb0  FltMul.o [4]
  .text               ro code  0x0800314c   0x116  FltAddSub.o [4]
  .text               ro code  0x08003262     0xa  xsprout.o [3]
  .text               ro code  0x0800326c    0x20  FltCmpEq.o [4]
  .text               ro code  0x0800328c    0xaa  FltDiv.o [4]
  .rodata             const    0x08003336     0x2  main.o [1]
  .text               ro code  0x08003338    0x32  FltToDbl.o [4]
  .rodata             const    0x0800336a     0x2  ug2864.o [1]
  .text               ro code  0x0800336c    0x9c  atan.o [4]
  .text               ro code  0x08003408   0x184  DblMul.o [4]
  .text               ro code  0x0800358c    0x62  DblToFlt.o [4]
  .rodata             const    0x080035ee     0x2  ug2864.o [1]
  .text               ro code  0x080035f0    0x34  I32ToDbl.o [4]
  .text               ro code  0x08003624    0xc2  DblDiv.o [4]
  .text               ro code  0x080036e6     0x2  startup_stm32f042x6.o [1]
  .text               ro code  0x080036e8   0xd0a  xprintflarge_nomb.o [3]
  .text               ro code  0x080043f2     0x2  startup_stm32f042x6.o [1]
  .text               ro code  0x080043f4   0x4d8  IR.o [1]
  .text               ro code  0x080048cc   0x1f8  adc.o [1]
  .text               ro code  0x08004ac4    0x94  clock.o [1]
  .text               ro code  0x08004b58   0x220  gpio.o [1]
  .text               ro code  0x08004d78   0x3da  i2c.o [1]
  .text               ro code  0x08005152     0x2  startup_stm32f042x6.o [1]
  .text               ro code  0x08005154     0x2  IntDivZer.o [5]
  .text               ro code  0x08005156     0x2  startup_stm32f042x6.o [1]
  .text               ro code  0x08005158    0x52  DblToI32.o [4]
  .text               ro code  0x080051aa   0x1b4  DblAddSub.o [4]
  .text               ro code  0x0800535e    0x32  DblCmpLe.o [4]
  .text               ro code  0x08005390    0x32  DblCmpGe.o [4]
  .text               ro code  0x080053c2     0x2  startup_stm32f042x6.o [1]
  .text               ro code  0x080053c4    0xec  asin.o [4]
  .text               ro code  0x080054b0    0x30  xdtest.o [4]
  .text               ro code  0x080054e0    0x3a  FltToS32.o [4]
  .text               ro code  0x0800551a     0x2  startup_stm32f042x6.o [1]
  .text               ro code  0x0800551c    0x32  I32ToFlt.o [4]
  .text               ro code  0x0800554e     0x2  startup_stm32f042x6.o [1]
  .text               ro code  0x08005550    0x28  FltCmpGe.o [4]
  .text               ro code  0x08005578    0x60  delay.o [1]
  .text               ro code  0x080055d8   0x1e0  xatan.o [4]
  .text               ro code  0x080057b8    0x14  strchr.o [5]
  .text               ro code  0x080057cc    0x18  memchr.o [5]
  .text               ro code  0x080057e4    0x6a  I64DivMod.o [5]
  .text               ro code  0x0800584e     0x2  startup_stm32f042x6.o [1]
  .text               ro code  0x08005850    0x5c  ABImemcpy.o [5]
  .text               ro code  0x080058ac    0x20  div.o [3]
  .text               ro code  0x080058cc    0xbe  sqrt.o [4]
  .text               ro code  0x0800598a     0x2  startup_stm32f042x6.o [1]
  .text               ro code  0x0800598c    0x10  errno.o [3]
  .text               ro code  0x0800599c     0x2  I64DivZer.o [5]
  .text               ro code  0x0800599e     0x2  startup_stm32f042x6.o [1]
  .text               ro code  0x080059a0     0xc  iarEdom.o [5]
  .text               ro code  0x080059ac     0x2  xtls.o [3]
  .text               ro code  0x080059ae     0x2  startup_stm32f042x6.o [1]
  .rodata             const    0x080059b0   0x600  ssdFonts.o [1]
  .rodata             const    0x08005fb0   0x180  ssdFonts.o [1]
  .rodata             const    0x08006130    0xc0  gpio.o [1]
  .text               ro code  0x080061f0    0x94  system_stm32f0xx.o [1]
  .text               ro code  0x08006284    0x3c  startup_stm32f042x6.o [1]
  .text               ro code  0x080062c0    0x3c  zero_init3.o [5]
  .text               ro code  0x080062fc    0x30  copy_init3.o [5]
  .rodata             const    0x0800632c    0x2c  main.o [1]
  .rodata             const    0x08006358    0x28  main.o [1]
  .rodata             const    0x08006380    0x28  main.o [1]
  .rodata             const    0x080063a8    0x28  main.o [1]
  .rodata             const    0x080063d0    0x28  main.o [1]
  .rodata             const    0x080063f8    0x28  main.o [1]
  .rodata             const    0x08006420    0x28  main.o [1]
  .rodata             const    0x08006448    0x28  main.o [1]
  .text               ro code  0x08006470    0x28  data_init.o [5]
  .rodata             const    0x08006498    0x24  main.o [1]
  .rodata             const    0x080064bc    0x24  main.o [1]
  .rodata             const    0x080064e0    0x24  main.o [1]
  .rodata             const    0x08006504    0x24  main.o [1]
  .rodata             const    0x08006528    0x24  main.o [1]
  .rodata             const    0x0800654c    0x24  main.o [1]
  .iar.init_table     const    0x08006570    0x24  - Linker created -
  .rodata             const    0x08006594    0x20  main.o [1]
  .rodata             const    0x080065b4    0x20  main.o [1]
  .rodata             const    0x080065d4    0x20  main.o [1]
  .rodata             const    0x080065f4    0x20  main.o [1]
  .text               ro code  0x08006614    0x1a  cmain.o [5]
  .text               ro code  0x0800662e     0x4  low_level_init.o [3]
  .text               ro code  0x08006632     0x8  exit.o [3]
  .text               ro code  0x0800663a     0x2  startup_stm32f042x6.o [1]
  .text               ro code  0x0800663c     0xa  cexit.o [5]
  .text               ro code  0x08006646     0x2  startup_stm32f042x6.o [1]
  .text               ro code  0x08006648    0x14  exit.o [6]
  .rodata             const    0x0800665c    0x18  main.o [1]
  .rodata             const    0x08006674    0x18  MicroMenu.o [1]
  .rodata             const    0x0800668c    0x14  lis3.o [1]
  .rodata             const    0x080066a0    0x14  main.o [1]
  .rodata             const    0x080066b4    0x14  main.o [1]
  .rodata             const    0x080066c8    0x14  main.o [1]
  .rodata             const    0x080066dc    0x14  main.o [1]
  .rodata             const    0x080066f0    0x14  sync.o [1]
  .rodata             const    0x08006704    0x10  main.o [1]
  .rodata             const    0x08006714    0x10  main.o [1]
  .rodata             const    0x08006724    0x10  main.o [1]
  .rodata             const    0x08006734    0x10  main.o [1]
  .rodata             const    0x08006744    0x10  main.o [1]
  .rodata             const    0x08006754    0x10  main.o [1]
  .rodata             const    0x08006764    0x10  main.o [1]
  .rodata             const    0x08006774    0x10  main.o [1]
  .rodata             const    0x08006784    0x10  main.o [1]
  .rodata             const    0x08006794    0x10  main.o [1]
  .rodata             const    0x080067a4    0x10  ssdGraph.o [1]
  .rodata             const    0x080067b4    0x10  ssdGraph.o [1]
  .rodata             const    0x080067c4     0xc  main.o [1]
  .rodata             const    0x080067d0     0xc  main.o [1]
  .rodata             const    0x080067dc     0xc  main.o [1]
  .rodata             const    0x080067e8     0xc  main.o [1]
  .rodata             const    0x080067f4     0xc  main.o [1]
  .rodata             const    0x08006800     0xc  main.o [1]
  .text               ro code  0x0800680c     0xc  cstartup_M.o [5]
  Initializer bytes   const    0x08006818     0xc  <for P2-1>
  .rodata             const    0x08006824     0x8  main.o [1]
  .rodata             const    0x0800682c     0x8  main.o [1]
  .rodata             const    0x08006834     0x8  main.o [1]
  .rodata             const    0x0800683c     0x8  main.o [1]
  .rodata             const    0x08006844     0x8  main.o [1]
  .rodata             const    0x0800684c     0x8  main.o [1]
  .rodata             const    0x08006854     0x8  main.o [1]
  .rodata             const    0x0800685c     0x8  main.o [1]
  .rodata             const    0x08006864     0x8  main.o [1]
  .rodata             const    0x0800686c     0x8  ug2864.o [1]
  .rodata             const    0x08006874     0x8  ug2864.o [1]
  .rodata             const    0x0800687c     0x8  xprintflarge_nomb.o [3]
  .rodata             const    0x08006884     0x4  ssdGraph.o [1]
  .text               ro code  0x08006888     0x2  startup_stm32f042x6.o [1]
  .text               ro code  0x0800688a     0x2  startup_stm32f042x6.o [1]
  .text               ro code  0x0800688c     0x2  startup_stm32f042x6.o [1]
  .text               ro code  0x0800688e     0x2  startup_stm32f042x6.o [1]
  .text               ro code  0x08006890     0x2  startup_stm32f042x6.o [1]
  .text               ro code  0x08006892     0x2  startup_stm32f042x6.o [1]
  .text               ro code  0x08006894     0x2  startup_stm32f042x6.o [1]
  .text               ro code  0x08006896     0x2  startup_stm32f042x6.o [1]
  .text               ro code  0x08006898     0x2  startup_stm32f042x6.o [1]
  .text               ro code  0x0800689a     0x2  startup_stm32f042x6.o [1]
  .text               ro code  0x0800689c     0x2  startup_stm32f042x6.o [1]
  .text               ro code  0x0800689e     0x2  startup_stm32f042x6.o [1]
  .text               ro code  0x080068a0     0x2  startup_stm32f042x6.o [1]
  .text               ro code  0x080068a2     0x2  startup_stm32f042x6.o [1]
  .text               ro code  0x080068a4     0x2  startup_stm32f042x6.o [1]
  .rodata             const    0x080068a6     0x0  zero_init3.o [5]
  .rodata             const    0x080068a6     0x0  copy_init3.o [5]
                             - 0x080068a6  0x67e6

"P2", part 1 of 3:                            0xc
  P2-1                         0x20000000     0xc  <Init block>
    .data             inited   0x20000000     0x4  gpio.o [1]
    .data             inited   0x20000004     0x4  MicroMenu.o [1]
    __DLIB_PERTHREAD  inited   0x20000008     0x4  errno.o [3]
                             - 0x2000000c     0xc

"P2", part 2 of 3:                          0x400
  CSTACK                       0x20000010   0x400  <Block>
    CSTACK            uninit   0x20000010   0x400  <Block tail>
                             - 0x20000410   0x400

"P2", part 3 of 3:                          0x9d4
  .bss                zero     0x20000410   0x404  ug2864.o [1]
  .bss                zero     0x20000814   0x248  main.o [1]
  .bss                zero     0x20000a5c   0x16c  main.o [1]
  .bss                zero     0x20000bc8   0x128  MicroMenu.o [1]
  .bss                zero     0x20000cf0    0x80  filter.o [1]
  .bss                zero     0x20000d70    0x24  lis3.o [1]
  .bss                zero     0x20000d94    0x1c  lis3.o [1]
  .bss                zero     0x20000db0    0x14  IR.o [1]
  .bss                zero     0x20000dc4     0x8  power.o [1]
  .bss                zero     0x20000dcc     0x4  adc.o [1]
  .bss                zero     0x20000dd0     0x4  filter.o [1]
  .bss                zero     0x20000dd4     0x4  main.o [1]
  .bss                zero     0x20000dd8     0x4  main.o [1]
  .bss                zero     0x20000ddc     0x4  main.o [1]
  .bss                zero     0x20000de0     0x2  filter.o [1]
  .bss                zero     0x20000de2     0x1  main.o [1]
                             - 0x20000de3   0x9d3


*******************************************************************************
*** INIT TABLE
***

          Address     Size
          -------     ----
Zero (__iar_zero_init3)
    1 destination range, total size 0x9d3:
          0x20000410  0x9d3

Copy (__iar_copy_init3)
    1 source range, total size 0xc:
          0x08006818    0xc
    1 destination range, total size 0xc:
          0x20000000    0xc



*******************************************************************************
*** MODULE SUMMARY
***

    Module                 ro code  ro data  rw data
    ------                 -------  -------  -------
C:\Users\4eef\Projects\Chronograph+\SW\Chrono-Terminal-V1.0\firmware\PROJ_DIR\Debug\Obj: [1]
    IR.o                     1 240                20
    MicroMenu.o                260       28      300
    adc.o                      504                 4
    clock.o                    148
    delay.o                     96
    filter.o                   508               134
    gpio.o                     544      196        4
    i2c.o                      986
    lis3.o                     904       20       64
    main.o                   6 724    1 078      961
    power.o                    516                 8
    ssdFonts.o                        1 920
    ssdGraph.o                           36
    startup_stm32f042x6.o      308
    sync.o                     340       20
    system_stm32f0xx.o         148
    ug2864.o                 2 608       20    1 028
    ------------------------------------------------
    Total:                  15 834    3 318    2 523

command line: [2]
    ------------------------------------------------
    Total:

dl6M_tln.a: [3]
    div.o                       32
    errno.o                     16        4        4
    exit.o                       8
    low_level_init.o             4
    sprintf.o                   56
    xprintflarge_nomb.o      3 338        8
    xsprout.o                   10
    xtls.o                       2
    ------------------------------------------------
    Total:                   3 466       12        4

m6M_tl.a: [4]
    DblAddSub.o                436
    DblCmpGe.o                  50
    DblCmpLe.o                  50
    DblDiv.o                   194
    DblMul.o                   388
    DblToFlt.o                  98
    DblToI32.o                  82
    FltAddSub.o                278
    FltCmpEq.o                  32
    FltCmpGe.o                  40
    FltDiv.o                   170
    FltMul.o                   176
    FltToDbl.o                  50
    FltToS32.o                  58
    I32ToDbl.o                  52
    I32ToFlt.o                  50
    asin.o                     236
    atan.o                     156
    sqrt.o                     190
    xatan.o                    480
    xdtest.o                    48
    ------------------------------------------------
    Total:                   3 314

rt6M_tl.a: [5]
    ABImemcpy.o                 92
    ABImemset.o                 80
    I32DivModFast.o            224
    I64DivMod.o                106
    I64DivZer.o                  2
    IntDivZer.o                  2
    cexit.o                     10
    cmain.o                     26
    copy_init3.o                48
    cstartup_M.o                12
    data_init.o                 40
    iarEdom.o                   12
    memchr.o                    24
    strchr.o                    20
    strcpy.o                    16
    strlen.o                    16
    zero_init3.o                60
    ------------------------------------------------
    Total:                     790

shb_l.a: [6]
    exit.o                      20
    ------------------------------------------------
    Total:                      20

    Linker created                       36    1 024
----------------------------------------------------
    Grand Total:            23 424    3 366    3 551


*******************************************************************************
*** ENTRY LIST
***

Entry                      Address   Size  Type      Object
-----                      -------   ----  ----      ------
.iar.init_table$$Base   0x08006570          --   Gb  - Linker created -
.iar.init_table$$Limit  0x08006594          --   Gb  - Linker created -
?main                   0x08006615         Code  Gb  cmain.o [5]
ADC1_IRQHandler         0x08004a0d   0x82  Code  Gb  adc.o [1]
CSTACK$$Base            0x20000010          --   Gb  - Linker created -
CSTACK$$Limit           0x20000410          --   Gb  - Linker created -
CurrentMenuItem         0x20000dd8    0x4  Data  Gb  main.o [1]
CurrentMenuItem         0x20000004    0x4  Data  Lc  MicroMenu.o [1]
EXTI4_15_IRQHandler     0x08001cf1   0x54  Code  Gb  power.o [1]
I2C1_IRQHandler         0x08005151    0x2  Code  Gb  i2c.o [1]
I2CRx                   0x08004ea1   0xec  Code  Gb  i2c.o [1]
I2CRxInit               0x08004e09   0x98  Code  Gb  i2c.o [1]
I2CTx                   0x08005045   0xec  Code  Gb  i2c.o [1]
I2CTxInit               0x08004f8d   0x96  Code  Gb  i2c.o [1]
IRRXData                0x20000db0   0x14  Data  Gb  IR.o [1]
LoadInt                 0x08003ca9   0x68  Code  Lc  xprintflarge_nomb.o [3]
Menu_EnterCurrentItem   0x08001c11   0x26  Code  Gb  MicroMenu.o [1]
Menu_GetCurrentMenu     0x08001b4d    0x6  Code  Gb  MicroMenu.o [1]
Menu_Navigate           0x08001b53   0xbe  Code  Gb  MicroMenu.o [1]
NULL_MENU               0x08006674   0x18  Data  Gb  MicroMenu.o [1]
NVIC_DisableIRQ         0x080048db    0xe  Code  Lc  adc.o [1]
NVIC_DisableIRQ         0x08004403    0xe  Code  Lc  IR.o [1]
NVIC_DisableIRQ         0x08001c5f    0xe  Code  Lc  power.o [1]
NVIC_EnableIRQ          0x080048cd    0xe  Code  Lc  adc.o [1]
NVIC_EnableIRQ          0x080043f5    0xe  Code  Lc  IR.o [1]
NVIC_EnableIRQ          0x08001c51    0xe  Code  Lc  power.o [1]
NVIC_SetPriority        0x080048e9   0x84  Code  Lc  adc.o [1]
NVIC_SetPriority        0x08004411   0x84  Code  Lc  IR.o [1]
NVIC_SetPriority        0x08001c6d   0x84  Code  Lc  power.o [1]
Region$$Table$$Base     0x08006570          --   Gb  - Linker created -
Region$$Table$$Limit    0x08006594          --   Gb  - Linker created -
SystemInit              0x080061f1   0x68  Code  Gb  system_stm32f0xx.o [1]
TIM2_IRQHandler         0x08004611  0x28a  Code  Gb  IR.o [1]
_GenldLargeNoMb         0x08004125  0x29a  Code  Lc  xprintflarge_nomb.o [3]
_LdtobLargeNoMb         0x08003e3d  0x2b0  Code  Lc  xprintflarge_nomb.o [3]
_LitobLargeNoMb         0x08003d11  0x12a  Code  Lc  xprintflarge_nomb.o [3]
_PrintfLargeNoMb        0x080036e9  0x5c0  Code  Gb  xprintflarge_nomb.o [3]
_PutcharsLargeNoMb      0x080043bf   0x30  Code  Lc  xprintflarge_nomb.o [3]
_SProut                 0x08003263    0xa  Code  Gb  xsprout.o [3]
__ICFEDIT_region_RAM_end__ {Abs}
                        0x200017ff         Data  Gb  command line/config [2]
__ICFEDIT_region_RAM_start__ {Abs}
                        0x20000000         Data  Gb  command line/config [2]
__aeabi_cdcmple         0x0800535f         Code  Gb  DblCmpLe.o [4]
__aeabi_cdrcmple        0x08005391         Code  Gb  DblCmpGe.o [4]
__aeabi_cfcmpeq         0x0800326d         Code  Gb  FltCmpEq.o [4]
__aeabi_cfrcmple        0x08005551         Code  Gb  FltCmpGe.o [4]
__aeabi_d2f             0x0800358d         Code  Gb  DblToFlt.o [4]
__aeabi_d2iz            0x08005159         Code  Gb  DblToI32.o [4]
__aeabi_d2uiz           0x0800517d         Code  Gb  DblToI32.o [4]
__aeabi_dadd            0x080051ab         Code  Gb  DblAddSub.o [4]
__aeabi_ddiv            0x08003625         Code  Gb  DblDiv.o [4]
__aeabi_dmul            0x08003409         Code  Gb  DblMul.o [4]
__aeabi_dsub            0x08005271         Code  Gb  DblAddSub.o [4]
__aeabi_errno_addr      0x0800598d    0xa  Code  Gb  errno.o [3]
__aeabi_f2d             0x08003339         Code  Gb  FltToDbl.o [4]
__aeabi_f2iz            0x080054e1         Code  Gb  FltToS32.o [4]
__aeabi_fadd            0x0800314d         Code  Gb  FltAddSub.o [4]
__aeabi_fdiv            0x0800328d         Code  Gb  FltDiv.o [4]
__aeabi_fmul            0x0800309d         Code  Gb  FltMul.o [4]
__aeabi_i2d             0x080035f1         Code  Gb  I32ToDbl.o [4]
__aeabi_i2f             0x0800551d         Code  Gb  I32ToFlt.o [4]
__aeabi_idiv            0x08001fd5         Code  Gb  I32DivModFast.o [5]
__aeabi_idiv0           0x08005155         Code  Gb  IntDivZer.o [5]
__aeabi_idivmod         0x08001fd5         Code  Gb  I32DivModFast.o [5]
__aeabi_ldiv0           0x0800599d         Code  Gb  I64DivZer.o [5]
__aeabi_memcpy          0x08005851         Code  Gb  ABImemcpy.o [5]
__aeabi_memset          0x08002285         Code  Gb  ABImemset.o [5]
__aeabi_ui2d            0x08003605         Code  Gb  I32ToDbl.o [4]
__aeabi_uidiv           0x08001fdb         Code  Gb  I32DivModFast.o [5]
__aeabi_uidivmod        0x08001fdb         Code  Gb  I32DivModFast.o [5]
__aeabi_uldivmod        0x080057e5         Code  Gb  I64DivMod.o [5]
__cmain                 0x08006615         Code  Gb  cmain.o [5]
__exit                  0x08006649   0x14  Code  Gb  exit.o [6]
__iar_Atan              0x080055d9  0x148  Code  Gb  xatan.o [4]
__iar_Dtest             0x080054b1   0x30  Code  Gb  xdtest.o [4]
__iar_Errno             0x20000008    0x4  Data  Gb  errno.o [3]
__iar_Memchr            0x080057cd   0x18  Code  Gb  memchr.o [5]
__iar_Memset4_word      0x080022a5         Code  Gb  ABImemset.o [5]
__iar_Memset_word       0x08002291         Code  Gb  ABImemset.o [5]
__iar_Strchr            0x080057b9   0x14  Code  Gb  strchr.o [5]
__iar_copy_init3        0x080062fd   0x30  Code  Gb  copy_init3.o [5]
__iar_d2uiz             0x08005181         Code  Gb  DblToI32.o [4]
__iar_data_init3        0x08006471   0x28  Code  Gb  data_init.o [5]
__iar_dlib_perthread_access
                        0x080059ad    0x2  Code  Gb  xtls.o [3]
__iar_edom              0x080059a1         Code  Gb  iarEdom.o [5]
__iar_program_start     0x0800680d         Code  Gb  cstartup_M.o [5]
__iar_sqrt              0x080058cd         Code  Gb  sqrt.o [4]
__iar_ui2d              0x08003609         Code  Gb  I32ToDbl.o [4]
__iar_ui2f              0x08005535         Code  Gb  I32ToFlt.o [4]
__iar_zero_init3        0x080062c1   0x3c  Code  Gb  zero_init3.o [5]
__low_level_init        0x0800662f    0x4  Code  Gb  low_level_init.o [3]
__vector_table          0x08000000         Data  Gb  startup_stm32f042x6.o [1]
_call_main              0x08006621         Code  Gb  cmain.o [5]
_exit                   0x0800663d         Code  Gb  cexit.o [5]
_main                   0x0800662b         Code  Gb  cmain.o [5]
a                       0x08005778   0x40  Data  Lc  xatan.o [4]
about                   0x080065b4   0x20  Data  Gb  main.o [1]
accAxisCal              0x08002e35  0x22e  Code  Gb  lis3.o [1]
accel                   0x20000d94   0x1c  Data  Gb  lis3.o [1]
adcData                 0x20000dcc    0x4  Data  Gb  adc.o [1]
adcDeinit               0x0800496d   0x24  Code  Gb  adc.o [1]
adcInit                 0x08004991   0x7c  Code  Gb  adc.o [1]
asin                    0x080053c5   0xec  Code  Gb  asin.o [4]
atan                    0x0800336d   0x9c  Code  Gb  atan.o [4]
buttonCnts              0x20000dd4    0x4  Data  Gb  main.o [1]
deInitIR                0x0800457f   0x4a  Code  Gb  IR.o [1]
delay_us                0x08005579   0x60  Code  Gb  delay.o [1]
display                 0x08006594   0x20  Data  Gb  main.o [1]
div                     0x080058ad   0x20  Code  Gb  div.o [3]
drawMainScreen          0x080017b9  0x304  Code  Gb  main.o [1]
drawMenu                0x080016b1   0xba  Code  Gb  main.o [1]
exit                    0x08006633    0x8  Code  Gb  exit.o [3]
font12x16               0x08005fb0  0x180  Data  Gb  ssdFonts.o [1]
font6x8                 0x080059b0  0x600  Data  Gb  ssdFonts.o [1]
getButtonState          0x080012bd  0x1c6  Code  Gb  main.o [1]
gppin_init              0x08004b93  0x1cc  Code  Gb  gpio.o [1]
initClocks              0x08004ac5   0x94  Code  Gb  clock.o [1]
initGpios               0x08004b59   0x3a  Code  Gb  gpio.o [1]
initI2C1                0x08004d79   0x90  Code  Gb  i2c.o [1]
initIRConfig            0x08004495   0xea  Code  Gb  IR.o [1]
initPeriphs             0x08001e39   0x1c  Code  Gb  power.o [1]
kalman                  0x20000cf0   0x80  Data  Gb  filter.o [1]
kalmanAccCorr           0x08002089  0x1ac  Code  Gb  filter.o [1]
lis3AxisCal             0x20000d70   0x24  Data  Gb  lis3.o [1]
lis3_getXYZ             0x08002dab   0x82  Code  Gb  lis3.o [1]
lis3_read               0x08002d6d   0x3e  Code  Gb  lis3.o [1]
lis3_write              0x08002d41   0x2c  Code  Gb  lis3.o [1]
lis3init                0x08002d05   0x3c  Code  Gb  lis3.o [1]
lpf                     0x08002235   0x2e  Code  Gb  filter.o [1]
lpf::Dacc               0x20000dd0    0x4  Data  Lc  filter.o [1]
lpf::Dout               0x20000de0    0x2  Data  Lc  filter.o [1]
main                    0x080000c1  0xf88  Code  Gb  main.o [1]
main::percFlag          0x20000de2    0x1  Data  Lc  main.o [1]
mchron                  0x08006504   0x24  Data  Gb  main.o [1]
mcommon                 0x080065d4   0x20  Data  Gb  main.o [1]
meas                    0x20000814  0x248  Data  Gb  main.o [1]
menu                    0x20000bc8  0x128  Data  Gb  MicroMenu.o [1]
menuFolder              0x080067a4   0x10  Data  Gb  ssdGraph.o [1]
menuScroll              0x08006884    0x4  Data  Gb  ssdGraph.o [1]
mincline                0x08006380   0x28  Data  Gb  main.o [1]
mode                    0x08006498   0x24  Data  Gb  main.o [1]
modeEdit                0x080011f9   0x72  Code  Gb  main.o [1]
parEdit                 0x08001195   0x48  Code  Gb  main.o [1]
parEditRedir            0x08001089   0xfe  Code  Gb  main.o [1]
pellets                 0x20000a5c  0x16c  Data  Gb  main.o [1]
pinNum                  0x20000000    0x4  Data  Gb  gpio.o [1]
pinsMode                0x08006130   0xc0  Data  Gb  gpio.o [1]
power                   0x20000dc4    0x8  Data  Gb  power.o [1]
powerOff                0x08001dc1   0x22  Code  Gb  power.o [1]
powerOn                 0x08001de3   0x1a  Code  Gb  power.o [1]
s16fNorm                0x08001501   0x3c  Code  Gb  main.o [1]
scbind                  0x080065f4   0x20  Data  Gb  main.o [1]
scdist                  0x08006448   0x28  Data  Gb  main.o [1]
schrono                 0x08006528   0x24  Data  Gb  main.o [1]
sclipc                  0x080063a8   0x28  Data  Gb  main.o [1]
service                 0x08006358   0x28  Data  Gb  main.o [1]
setts                   0x080064e0   0x24  Data  Gb  main.o [1]
sibrdr                  0x0800632c   0x2c  Data  Gb  main.o [1]
sical                   0x0800654c   0x24  Data  Gb  main.o [1]
sincline                0x080063d0   0x28  Data  Gb  main.o [1]
spofft                  0x080063f8   0x28  Data  Gb  main.o [1]
sprintf                 0x08001b15   0x38  Code  Gb  sprintf.o [3]
sqrt                    0x080058cd         Code  Gb  sqrt.o [4]
sqrtl                   0x080058cd         Code  Gb  sqrt.o [4]
ssdBatt                 0x080067b4   0x10  Data  Gb  ssdGraph.o [1]
ssdVideoBff             0x20000410  0x404  Data  Gb  ug2864.o [1]
ssd_putBatt             0x08002891   0xb0  Code  Gb  ug2864.o [1]
ssd_putChar12x16        0x0800294d   0xf4  Code  Gb  ug2864.o [1]
ssd_putChar6x8          0x08002a65   0x5a  Code  Gb  ug2864.o [1]
ssd_putMenuFolder       0x08002841   0x50  Code  Gb  ug2864.o [1]
ssd_putMenuScroll       0x08002651   0xae  Code  Gb  ug2864.o [1]
ssd_putMsgBox           0x0800239d   0x8a  Code  Gb  ug2864.o [1]
ssd_putParBox           0x080022d5   0xc0  Code  Gb  ug2864.o [1]
ssd_putPitchBar         0x080026ff  0x13e  Code  Gb  ug2864.o [1]
ssd_putRollBar          0x08002427  0x220  Code  Gb  ug2864.o [1]
ssd_putString12x16      0x08002a41   0x24  Code  Gb  ug2864.o [1]
ssd_putString6x8        0x08002ac5   0x24  Code  Gb  ug2864.o [1]
ssd_setpix              0x08002ae9   0xc8  Code  Gb  ug2864.o [1]
stats                   0x080064bc   0x24  Data  Gb  main.o [1]
stopModeConfig          0x08001d45   0x7c  Code  Gb  power.o [1]
strcpy                  0x08001b05         Code  Gb  strcpy.o [5]
strlen                  0x0800308d   0x10  Code  Gb  strlen.o [5]
swusrc                  0x08006420   0x28  Data  Gb  main.o [1]
sync                    0x08001eaf   0xbe  Code  Gb  sync.o [1]
syncInit                0x08001e55   0x5a  Code  Gb  sync.o [1]
sysPars                 0x20000ddc    0x4  Data  Gb  main.o [1]
tiltAngCalc             0x08001499   0x5e  Code  Gb  main.o [1]
trxAccData              0x08001569  0x148  Code  Gb  main.o [1]
ug2864_com              0x08002c93   0x2c  Code  Gb  ug2864.o [1]
ug2864_refresh          0x08002cc9   0x20  Code  Gb  ug2864.o [1]
ug2864init              0x08002be1   0xb2  Code  Gb  ug2864.o [1]
ug2864off               0x08002bb5   0x16  Code  Gb  ug2864.o [1]
ug2864on                0x08002bcb   0x16  Code  Gb  ug2864.o [1]


[1] = C:\Users\4eef\Projects\Chronograph+\SW\Chrono-Terminal-V1.0\firmware\PROJ_DIR\Debug\Obj
[2] = command line
[3] = dl6M_tln.a
[4] = m6M_tl.a
[5] = rt6M_tl.a
[6] = shb_l.a

  23 424 bytes of readonly  code memory
   3 366 bytes of readonly  data memory
   3 551 bytes of readwrite data memory

Errors: none
Warnings: none
