###############################################################################
#
# IAR ELF Linker V7.80.2.11947/W32 for ARM                20/Aug/2017  01:13:02
# Copyright 2007-2016 IAR Systems AB.
#
#    Output file  =  
#        C:\Users\4eef\Projects\Chronograph+\SW\Chrono-Terminal-V1.0\firmware\PROJ_DIR\Debug\Exe\Chrono-Terminal-V1.0.out
#    Map file     =  
#        C:\Users\4eef\Projects\Chronograph+\SW\Chrono-Terminal-V1.0\firmware\PROJ_DIR\Debug\List\Chrono-Terminal-V1.0.map
#    Command line =  
#        C:\Users\4eef\Projects\Chronograph+\SW\Chrono-Terminal-V1.0\firmware\PROJ_DIR\Debug\Obj\adc.o
#        C:\Users\4eef\Projects\Chronograph+\SW\Chrono-Terminal-V1.0\firmware\PROJ_DIR\Debug\Obj\battery.o
#        C:\Users\4eef\Projects\Chronograph+\SW\Chrono-Terminal-V1.0\firmware\PROJ_DIR\Debug\Obj\buttons.o
#        C:\Users\4eef\Projects\Chronograph+\SW\Chrono-Terminal-V1.0\firmware\PROJ_DIR\Debug\Obj\clock.o
#        C:\Users\4eef\Projects\Chronograph+\SW\Chrono-Terminal-V1.0\firmware\PROJ_DIR\Debug\Obj\delay.o
#        C:\Users\4eef\Projects\Chronograph+\SW\Chrono-Terminal-V1.0\firmware\PROJ_DIR\Debug\Obj\filter.o
#        C:\Users\4eef\Projects\Chronograph+\SW\Chrono-Terminal-V1.0\firmware\PROJ_DIR\Debug\Obj\fix16.o
#        C:\Users\4eef\Projects\Chronograph+\SW\Chrono-Terminal-V1.0\firmware\PROJ_DIR\Debug\Obj\fix16_exp.o
#        C:\Users\4eef\Projects\Chronograph+\SW\Chrono-Terminal-V1.0\firmware\PROJ_DIR\Debug\Obj\fix16_sqrt.o
#        C:\Users\4eef\Projects\Chronograph+\SW\Chrono-Terminal-V1.0\firmware\PROJ_DIR\Debug\Obj\fix16_trig.o
#        C:\Users\4eef\Projects\Chronograph+\SW\Chrono-Terminal-V1.0\firmware\PROJ_DIR\Debug\Obj\fract32.o
#        C:\Users\4eef\Projects\Chronograph+\SW\Chrono-Terminal-V1.0\firmware\PROJ_DIR\Debug\Obj\gpio.o
#        C:\Users\4eef\Projects\Chronograph+\SW\Chrono-Terminal-V1.0\firmware\PROJ_DIR\Debug\Obj\i2c.o
#        C:\Users\4eef\Projects\Chronograph+\SW\Chrono-Terminal-V1.0\firmware\PROJ_DIR\Debug\Obj\IR.o
#        C:\Users\4eef\Projects\Chronograph+\SW\Chrono-Terminal-V1.0\firmware\PROJ_DIR\Debug\Obj\lis3.o
#        C:\Users\4eef\Projects\Chronograph+\SW\Chrono-Terminal-V1.0\firmware\PROJ_DIR\Debug\Obj\main.o
#        C:\Users\4eef\Projects\Chronograph+\SW\Chrono-Terminal-V1.0\firmware\PROJ_DIR\Debug\Obj\MicroMenu.o
#        C:\Users\4eef\Projects\Chronograph+\SW\Chrono-Terminal-V1.0\firmware\PROJ_DIR\Debug\Obj\power.o
#        C:\Users\4eef\Projects\Chronograph+\SW\Chrono-Terminal-V1.0\firmware\PROJ_DIR\Debug\Obj\ssdFonts.o
#        C:\Users\4eef\Projects\Chronograph+\SW\Chrono-Terminal-V1.0\firmware\PROJ_DIR\Debug\Obj\ssdGraph.o
#        C:\Users\4eef\Projects\Chronograph+\SW\Chrono-Terminal-V1.0\firmware\PROJ_DIR\Debug\Obj\startup_stm32f042x6.o
#        C:\Users\4eef\Projects\Chronograph+\SW\Chrono-Terminal-V1.0\firmware\PROJ_DIR\Debug\Obj\sync.o
#        C:\Users\4eef\Projects\Chronograph+\SW\Chrono-Terminal-V1.0\firmware\PROJ_DIR\Debug\Obj\system.o
#        C:\Users\4eef\Projects\Chronograph+\SW\Chrono-Terminal-V1.0\firmware\PROJ_DIR\Debug\Obj\system_stm32f0xx.o
#        C:\Users\4eef\Projects\Chronograph+\SW\Chrono-Terminal-V1.0\firmware\PROJ_DIR\Debug\Obj\ug2864.o
#        C:\Users\4eef\Projects\Chronograph+\SW\Chrono-Terminal-V1.0\firmware\PROJ_DIR\Debug\Obj\uint32.o
#        -o
#        C:\Users\4eef\Projects\Chronograph+\SW\Chrono-Terminal-V1.0\firmware\PROJ_DIR\Debug\Exe\Chrono-Terminal-V1.0.out
#        --redirect _Printf=_PrintfLargeNoMb --map
#        C:\Users\4eef\Projects\Chronograph+\SW\Chrono-Terminal-V1.0\firmware\PROJ_DIR\Debug\List\Chrono-Terminal-V1.0.map
#        --config "C:\Program Files (x86)\IAR Systems\Embedded Workbench
#        7.5\arm\config\linker\ST\stm32f042x6.icf" --semihosting --entry
#        __iar_program_start --vfe
#
###############################################################################

*******************************************************************************
*** RUNTIME MODEL ATTRIBUTES
***

CppFlavor       = *
__SystemLibrary = DLib


*******************************************************************************
*** PLACEMENT SUMMARY
***

"A0":  place at 0x08000000 { ro section .intvec };
"P1":  place in [from 0x08000000 to 0x08007fff] { ro };
"P2":  place in [from 0x20000000 to 0x200017ff] { rw, block CSTACK, block HEAP };
initialize by copy { rw };

  Section            Kind        Address    Size  Object
  -------            ----        -------    ----  ------
"A0":                                       0xc0
  .intvec            ro code  0x08000000    0xc0  startup_stm32f042x6.o [1]
                            - 0x080000c0    0xc0

"P1":                                     0x6ba8
  .text              ro code  0x080000c0   0xd0a  xprintflarge_nomb.o [3]
  .text              ro code  0x08000dca    0x14  strchr.o [5]
  .text              ro code  0x08000dde    0x10  strlen.o [5]
  .text              ro code  0x08000dee    0x18  memchr.o [5]
  .text              ro code  0x08000e06    0x6a  I64DivMod.o [5]
  .text              ro code  0x08000e70    0x5c  ABImemcpy.o [5]
  .text              ro code  0x08000ecc    0xe0  I32DivModFast.o [5]
  .text              ro code  0x08000fac    0x32  DblCmpLe.o [4]
  .text              ro code  0x08000fde   0x184  DblMul.o [4]
  .text              ro code  0x08001162    0xc2  DblDiv.o [4]
  .text              ro code  0x08001224    0x2e  DblToI32.o [4]
  .text              ro code  0x08001252     0xa  xsprout.o [3]
  .text              ro code  0x0800125c    0x20  I32ToDbl.o [4]
  .text              ro code  0x0800127c   0x1a8  DblAddSub.o [4]
  .text              ro code  0x08001424    0x20  div.o [3]
  .text              ro code  0x08001444     0x2  I64DivZer.o [5]
  .rodata            const    0x08001446     0x2  system.o [1]
  .text              ro code  0x08001448     0x2  IntDivZer.o [5]
  .rodata            const    0x0800144a     0x2  ug2864.o [1]
  .text              ro code  0x0800144c   0xc5c  ug2864.o [1]
  .text              ro code  0x080020a8    0x38  sprintf.o [3]
  .text              ro code  0x080020e0    0x1c  strcat.o [3]
  .text              ro code  0x080020fc     0x8  abs.o [3]
  .text              ro code  0x08002104    0x50  ABImemset.o [5]
  .text              ro code  0x08002154    0x60  delay.o [1]
  .text              ro code  0x080021b4   0x3e2  i2c.o [1]
  .rodata            const    0x08002596     0x2  ug2864.o [1]
  .text              ro code  0x08002598   0xa50  IR.o [1]
  .text              ro code  0x08002fe8   0x3e0  MicroMenu.o [1]
  .text              ro code  0x080033c8    0x10  strcpy.o [5]
  .text              ro code  0x080033d8   0x764  system.o [1]
  .text              ro code  0x08003b3c   0x650  main.o [1]
  .text              ro code  0x0800418c   0x1d8  power.o [1]
  .text              ro code  0x08004364   0x160  sync.o [1]
  .text              ro code  0x080044c4   0x1c0  battery.o [1]
  .text              ro code  0x08004684   0x33c  buttons.o [1]
  .text              ro code  0x080049c0   0x49c  lis3.o [1]
  .text              ro code  0x08004e5c    0xa0  clock.o [1]
  .text              ro code  0x08004efc   0x1f8  adc.o [1]
  .text              ro code  0x080050f4   0x220  gpio.o [1]
  .text              ro code  0x08005314   0x1f4  filter.o [1]
  .text              ro code  0x08005508   0x1c4  fix16.o [1]
  .text              ro code  0x080056cc    0xc8  fix16_trig.o [1]
  .text              ro code  0x08005794    0x32  I32ToFlt.o [4]
  .text              ro code  0x080057c6    0xb0  FltMul.o [4]
  .rodata            const    0x08005876     0x2  ug2864.o [1]
  .text              ro code  0x08005878    0x3a  FltToS32.o [4]
  .text              ro code  0x080058b2   0x120  FltAddSub.o [4]
  .text              ro code  0x080059d2    0xaa  FltDiv.o [4]
  .text              ro code  0x08005a7c    0x26  FltCmpLe.o [4]
  .rodata            const    0x08005aa2     0x2  ug2864.o [1]
  .text              ro code  0x08005aa4    0x28  FltCmpGe.o [4]
  .text              ro code  0x08005acc    0x22  xfdtest.o [4]
  .text              ro code  0x08005aee     0x2  startup_stm32f042x6.o [1]
  .text              ro code  0x08005af0    0x32  I64Mul.o [5]
  .text              ro code  0x08005b22     0x2  startup_stm32f042x6.o [1]
  .rodata            const    0x08005b24   0x600  ssdFonts.o [1]
  .rodata            const    0x08006124   0x198  ssdFonts.o [1]
  .rodata            const    0x080062bc    0xc0  gpio.o [1]
  .text              ro code  0x0800637c    0x94  system_stm32f0xx.o [1]
  .text              ro code  0x08006410    0x3c  startup_stm32f042x6.o [1]
  .text              ro code  0x0800644c    0x3c  zero_init3.o [5]
  .text              ro code  0x08006488    0x30  copy_init3.o [5]
  .text              ro code  0x080064b8    0x28  data_init.o [5]
  .iar.init_table    const    0x080064e0    0x24  - Linker created -
  .rodata            const    0x08006504    0x1c  main.o [1]
  .rodata            const    0x08006520    0x1c  main.o [1]
  .rodata            const    0x0800653c    0x1c  main.o [1]
  .rodata            const    0x08006558    0x1c  main.o [1]
  .rodata            const    0x08006574    0x1c  main.o [1]
  .rodata            const    0x08006590    0x1c  main.o [1]
  .rodata            const    0x080065ac    0x1c  main.o [1]
  .rodata            const    0x080065c8    0x1c  main.o [1]
  .rodata            const    0x080065e4    0x1c  main.o [1]
  .rodata            const    0x08006600    0x1c  main.o [1]
  .rodata            const    0x0800661c    0x1c  main.o [1]
  .rodata            const    0x08006638    0x1c  main.o [1]
  .rodata            const    0x08006654    0x1c  main.o [1]
  .rodata            const    0x08006670    0x1c  main.o [1]
  .rodata            const    0x0800668c    0x1c  main.o [1]
  .rodata            const    0x080066a8    0x1c  main.o [1]
  .rodata            const    0x080066c4    0x1c  main.o [1]
  .rodata            const    0x080066e0    0x1c  main.o [1]
  .rodata            const    0x080066fc    0x1c  main.o [1]
  .rodata            const    0x08006718    0x1c  main.o [1]
  .rodata            const    0x08006734    0x1c  main.o [1]
  .rodata            const    0x08006750    0x1c  main.o [1]
  .rodata            const    0x0800676c    0x1c  main.o [1]
  .rodata            const    0x08006788    0x1c  main.o [1]
  .rodata            const    0x080067a4    0x1c  main.o [1]
  .rodata            const    0x080067c0    0x1c  main.o [1]
  .rodata            const    0x080067dc    0x1c  main.o [1]
  .rodata            const    0x080067f8    0x1c  main.o [1]
  .rodata            const    0x08006814    0x1c  main.o [1]
  .rodata            const    0x08006830    0x1c  main.o [1]
  .rodata            const    0x0800684c    0x1c  main.o [1]
  .rodata            const    0x08006868    0x1c  main.o [1]
  .rodata            const    0x08006884    0x1c  main.o [1]
  .rodata            const    0x080068a0    0x1c  main.o [1]
  .rodata            const    0x080068bc    0x1c  MicroMenu.o [1]
  .text              ro code  0x080068d8    0x1a  cmain.o [5]
  .text              ro code  0x080068f2     0x4  low_level_init.o [3]
  .text              ro code  0x080068f6     0x8  exit.o [3]
  .text              ro code  0x080068fe     0x2  startup_stm32f042x6.o [1]
  .text              ro code  0x08006900     0xa  cexit.o [5]
  .text              ro code  0x0800690a     0x2  startup_stm32f042x6.o [1]
  .text              ro code  0x0800690c    0x14  exit.o [6]
  .rodata            const    0x08006920    0x14  battery.o [1]
  .rodata            const    0x08006934    0x14  main.o [1]
  .rodata            const    0x08006948    0x14  main.o [1]
  .rodata            const    0x0800695c    0x14  main.o [1]
  .rodata            const    0x08006970    0x14  main.o [1]
  .rodata            const    0x08006984    0x14  main.o [1]
  .rodata            const    0x08006998    0x14  main.o [1]
  .rodata            const    0x080069ac    0x14  main.o [1]
  .rodata            const    0x080069c0    0x14  sync.o [1]
  .rodata            const    0x080069d4    0x10  IR.o [1]
  .rodata            const    0x080069e4    0x10  IR.o [1]
  .rodata            const    0x080069f4    0x10  IR.o [1]
  .rodata            const    0x08006a04    0x10  IR.o [1]
  .rodata            const    0x08006a14    0x10  main.o [1]
  .rodata            const    0x08006a24    0x10  main.o [1]
  .rodata            const    0x08006a34    0x10  main.o [1]
  .rodata            const    0x08006a44    0x10  main.o [1]
  .rodata            const    0x08006a54    0x10  main.o [1]
  .rodata            const    0x08006a64    0x10  main.o [1]
  .rodata            const    0x08006a74    0x10  main.o [1]
  .rodata            const    0x08006a84    0x10  main.o [1]
  .rodata            const    0x08006a94    0x10  main.o [1]
  .rodata            const    0x08006aa4    0x10  main.o [1]
  .rodata            const    0x08006ab4    0x10  main.o [1]
  .rodata            const    0x08006ac4    0x10  main.o [1]
  .rodata            const    0x08006ad4    0x10  ssdGraph.o [1]
  .rodata            const    0x08006ae4    0x10  ssdGraph.o [1]
  .rodata            const    0x08006af4     0xc  battery.o [1]
  .rodata            const    0x08006b00     0xc  main.o [1]
  .rodata            const    0x08006b0c     0xc  main.o [1]
  .rodata            const    0x08006b18     0xc  main.o [1]
  .rodata            const    0x08006b24     0xc  main.o [1]
  .rodata            const    0x08006b30     0xc  main.o [1]
  .rodata            const    0x08006b3c     0xc  main.o [1]
  .rodata            const    0x08006b48     0xc  MicroMenu.o [1]
  .rodata            const    0x08006b54     0xc  system.o [1]
  .rodata            const    0x08006b60     0xc  system.o [1]
  .rodata            const    0x08006b6c     0xc  system.o [1]
  .text              ro code  0x08006b78     0xc  cstartup_M.o [5]
  .rodata            const    0x08006b84     0x8  IR.o [1]
  .rodata            const    0x08006b8c     0x8  main.o [1]
  .rodata            const    0x08006b94     0x8  main.o [1]
  .rodata            const    0x08006b9c     0x8  main.o [1]
  .rodata            const    0x08006ba4     0x8  main.o [1]
  .rodata            const    0x08006bac     0x8  main.o [1]
  .rodata            const    0x08006bb4     0x8  MicroMenu.o [1]
  .rodata            const    0x08006bbc     0x8  MicroMenu.o [1]
  .rodata            const    0x08006bc4     0x8  MicroMenu.o [1]
  .rodata            const    0x08006bcc     0x8  ssdGraph.o [1]
  .rodata            const    0x08006bd4     0x8  system.o [1]
  .rodata            const    0x08006bdc     0x8  system.o [1]
  .rodata            const    0x08006be4     0x8  ug2864.o [1]
  .rodata            const    0x08006bec     0x8  ug2864.o [1]
  .rodata            const    0x08006bf4     0x8  ug2864.o [1]
  .rodata            const    0x08006bfc     0x8  ug2864.o [1]
  .rodata            const    0x08006c04     0x8  ug2864.o [1]
  .rodata            const    0x08006c0c     0x8  xprintflarge_nomb.o [3]
  Initializer bytes  const    0x08006c14     0x8  <for P2-1>
  .rodata            const    0x08006c1c     0x4  fix16.o [1]
  .rodata            const    0x08006c20     0x4  fix16.o [1]
  .rodata            const    0x08006c24     0x4  fix16_trig.o [1]
  .rodata            const    0x08006c28     0x4  fix16_trig.o [1]
  .rodata            const    0x08006c2c     0x4  fix16_trig.o [1]
  .rodata            const    0x08006c30     0x4  lis3.o [1]
  .rodata            const    0x08006c34     0x4  ssdGraph.o [1]
  .text              ro code  0x08006c38     0x2  startup_stm32f042x6.o [1]
  .text              ro code  0x08006c3a     0x2  startup_stm32f042x6.o [1]
  .text              ro code  0x08006c3c     0x2  startup_stm32f042x6.o [1]
  .text              ro code  0x08006c3e     0x2  startup_stm32f042x6.o [1]
  .text              ro code  0x08006c40     0x2  startup_stm32f042x6.o [1]
  .text              ro code  0x08006c42     0x2  startup_stm32f042x6.o [1]
  .text              ro code  0x08006c44     0x2  startup_stm32f042x6.o [1]
  .text              ro code  0x08006c46     0x2  startup_stm32f042x6.o [1]
  .text              ro code  0x08006c48     0x2  startup_stm32f042x6.o [1]
  .text              ro code  0x08006c4a     0x2  startup_stm32f042x6.o [1]
  .text              ro code  0x08006c4c     0x2  startup_stm32f042x6.o [1]
  .text              ro code  0x08006c4e     0x2  startup_stm32f042x6.o [1]
  .text              ro code  0x08006c50     0x2  startup_stm32f042x6.o [1]
  .text              ro code  0x08006c52     0x2  startup_stm32f042x6.o [1]
  .text              ro code  0x08006c54     0x2  startup_stm32f042x6.o [1]
  .text              ro code  0x08006c56     0x2  startup_stm32f042x6.o [1]
  .text              ro code  0x08006c58     0x2  startup_stm32f042x6.o [1]
  .text              ro code  0x08006c5a     0x2  startup_stm32f042x6.o [1]
  .text              ro code  0x08006c5c     0x2  startup_stm32f042x6.o [1]
  .text              ro code  0x08006c5e     0x2  startup_stm32f042x6.o [1]
  .text              ro code  0x08006c60     0x2  startup_stm32f042x6.o [1]
  .text              ro code  0x08006c62     0x2  startup_stm32f042x6.o [1]
  .text              ro code  0x08006c64     0x2  startup_stm32f042x6.o [1]
  .text              ro code  0x08006c66     0x2  startup_stm32f042x6.o [1]
  .rodata            const    0x08006c68     0x0  zero_init3.o [5]
  .rodata            const    0x08006c68     0x0  copy_init3.o [5]
                            - 0x08006c68  0x6ba8

"P2", part 1 of 3:                           0x8
  P2-1                        0x20000000     0x8  <Init block>
    .data            inited   0x20000000     0x4  gpio.o [1]
    .data            inited   0x20000004     0x4  MicroMenu.o [1]
                            - 0x20000008     0x8

"P2", part 2 of 3:                         0x400
  CSTACK                      0x20000008   0x400  <Block>
    CSTACK           uninit   0x20000008   0x400  <Block tail>
                            - 0x20000408   0x400

"P2", part 3 of 3:                         0xbe0
  .bss               zero     0x20000408   0x404  ug2864.o [1]
  .bss               zero     0x2000080c   0x330  MicroMenu.o [1]
  .bss               zero     0x20000b3c   0x268  system.o [1]
  .bss               zero     0x20000da4   0x16c  system.o [1]
  .bss               zero     0x20000f10    0x5c  filter.o [1]
  .bss               zero     0x20000f6c    0x18  filter.o [1]
  .bss               zero     0x20000f84    0x18  lis3.o [1]
  .bss               zero     0x20000f9c    0x14  IR.o [1]
  .bss               zero     0x20000fb0    0x14  lis3.o [1]
  .bss               zero     0x20000fc4     0x8  buttons.o [1]
  .bss               zero     0x20000fcc     0x8  power.o [1]
  .bss               zero     0x20000fd4     0x4  adc.o [1]
  .bss               zero     0x20000fd8     0x4  filter.o [1]
  .bss               zero     0x20000fdc     0x4  main.o [1]
  .bss               zero     0x20000fe0     0x4  system.o [1]
  .bss               zero     0x20000fe4     0x2  filter.o [1]
  .bss               zero     0x20000fe6     0x1  battery.o [1]
                            - 0x20000fe7   0xbdf


*******************************************************************************
*** INIT TABLE
***

          Address     Size
          -------     ----
Zero (__iar_zero_init3)
    1 destination range, total size 0xbdf:
          0x20000408  0xbdf

Copy (__iar_copy_init3)
    1 source range, total size 0x8:
          0x08006c14    0x8
    1 destination range, total size 0x8:
          0x20000000    0x8



*******************************************************************************
*** MODULE SUMMARY
***

    Module                 ro code  ro data  rw data
    ------                 -------  -------  -------
C:\Users\4eef\Projects\Chronograph+\SW\Chrono-Terminal-V1.0\firmware\PROJ_DIR\Debug\Obj: [1]
    IR.o                     2 640       72       20
    MicroMenu.o                992       68      820
    adc.o                      504                 4
    battery.o                  448       32        1
    buttons.o                  828                 8
    clock.o                    160
    delay.o                     96
    filter.o                   500               122
    fix16.o                    452        8
    fix16_trig.o               200       12
    gpio.o                     544      196        4
    i2c.o                      994
    lis3.o                   1 180        4       44
    main.o                   1 616    1 396        4
    power.o                    472                 8
    ssdFonts.o                        1 944
    ssdGraph.o                           44
    startup_stm32f042x6.o      308
    sync.o                     352       20
    system.o                 1 892       54      984
    system_stm32f0xx.o         148
    ug2864.o                 3 164       48    1 028
    ------------------------------------------------
    Total:                  17 490    3 898    3 047

command line: [2]
    ------------------------------------------------
    Total:

dl6M_tln.a: [3]
    abs.o                        8
    div.o                       32
    exit.o                       8
    low_level_init.o             4
    sprintf.o                   56
    strcat.o                    28
    xprintflarge_nomb.o      3 338        8
    xsprout.o                   10
    ------------------------------------------------
    Total:                   3 484        8

m6M_tl.a: [4]
    DblAddSub.o                424
    DblCmpLe.o                  50
    DblDiv.o                   194
    DblMul.o                   388
    DblToI32.o                  46
    FltAddSub.o                288
    FltCmpGe.o                  40
    FltCmpLe.o                  38
    FltDiv.o                   170
    FltMul.o                   176
    FltToS32.o                  58
    I32ToDbl.o                  32
    I32ToFlt.o                  50
    xfdtest.o                   34
    ------------------------------------------------
    Total:                   1 988

rt6M_tl.a: [5]
    ABImemcpy.o                 92
    ABImemset.o                 80
    I32DivModFast.o            224
    I64DivMod.o                106
    I64DivZer.o                  2
    I64Mul.o                    50
    IntDivZer.o                  2
    cexit.o                     10
    cmain.o                     26
    copy_init3.o                48
    cstartup_M.o                12
    data_init.o                 40
    memchr.o                    24
    strchr.o                    20
    strcpy.o                    16
    strlen.o                    16
    zero_init3.o                60
    ------------------------------------------------
    Total:                     828

shb_l.a: [6]
    exit.o                      20
    ------------------------------------------------
    Total:                      20

    Linker created                       36    1 024
----------------------------------------------------
    Grand Total:            23 810    3 942    4 071


*******************************************************************************
*** ENTRY LIST
***

Entry                      Address   Size  Type      Object
-----                      -------   ----  ----      ------
.iar.init_table$$Base   0x080064e0          --   Gb  - Linker created -
.iar.init_table$$Limit  0x08006504          --   Gb  - Linker created -
?main                   0x080068d9         Code  Gb  cmain.o [5]
ADC1_IRQHandler         0x0800503d   0x82  Code  Gb  adc.o [1]
CSTACK$$Base            0x20000008          --   Gb  - Linker created -
CSTACK$$Limit           0x20000408          --   Gb  - Linker created -
CurrentMenuItem         0x20000004    0x4  Data  Lc  MicroMenu.o [1]
EXTI4_15_IRQHandler     0x0800422d   0x22  Code  Gb  power.o [1]
I2C1_IRQHandler         0x08002595    0x2  Code  Gb  i2c.o [1]
I2CRx                   0x080022e5   0xec  Code  Gb  i2c.o [1]
I2CRxInit               0x0800224d   0x98  Code  Gb  i2c.o [1]
I2CTx                   0x08002489   0xec  Code  Gb  i2c.o [1]
I2CTxInit               0x080023d1   0x96  Code  Gb  i2c.o [1]
IRRXData                0x20000f9c   0x14  Data  Gb  IR.o [1]
LoadInt                 0x08000681   0x68  Code  Lc  xprintflarge_nomb.o [3]
Menu_EnterCurrentItem   0x0800336d   0x26  Code  Gb  MicroMenu.o [1]
Menu_GetCurrentMenu     0x08003205    0x6  Code  Gb  MicroMenu.o [1]
Menu_Navigate           0x08003215   0xa6  Code  Gb  MicroMenu.o [1]
Menu_infoWndRun         0x08003075   0x2c  Code  Gb  MicroMenu.o [1]
Menu_navRun             0x080032d5   0x8c  Code  Gb  MicroMenu.o [1]
Menu_parWndRun          0x08003125   0xb2  Code  Gb  MicroMenu.o [1]
Menu_putMessage         0x080031d7   0x2e  Code  Gb  MicroMenu.o [1]
Menu_putParWnd          0x080030cd   0x58  Code  Gb  MicroMenu.o [1]
Menu_run                0x08002fe9   0x8c  Code  Gb  MicroMenu.o [1]
Menu_txtWndRun          0x080030a1   0x2c  Code  Gb  MicroMenu.o [1]
NULL_MENU               0x080068bc   0x1c  Data  Gb  MicroMenu.o [1]
NVIC_DisableIRQ         0x08004f0b    0xe  Code  Lc  adc.o [1]
NVIC_DisableIRQ         0x080025a7    0xe  Code  Lc  IR.o [1]
NVIC_DisableIRQ         0x0800419b    0xe  Code  Lc  power.o [1]
NVIC_EnableIRQ          0x08004efd    0xe  Code  Lc  adc.o [1]
NVIC_EnableIRQ          0x08002599    0xe  Code  Lc  IR.o [1]
NVIC_EnableIRQ          0x0800418d    0xe  Code  Lc  power.o [1]
NVIC_SetPriority        0x08004f19   0x84  Code  Lc  adc.o [1]
NVIC_SetPriority        0x080025b5   0x84  Code  Lc  IR.o [1]
NVIC_SetPriority        0x080041a9   0x84  Code  Lc  power.o [1]
PI_DIV_4                0x08006c24    0x4  Data  Lc  fix16_trig.o [1]
Region$$Table$$Base     0x080064e0          --   Gb  - Linker created -
Region$$Table$$Limit    0x08006504          --   Gb  - Linker created -
SystemInit              0x0800637d   0x68  Code  Gb  system_stm32f0xx.o [1]
THREE_PI_DIV_4          0x08006c28    0x4  Data  Lc  fix16_trig.o [1]
TIM2_IRQHandler         0x08002d2d  0x28a  Code  Gb  IR.o [1]
_GenldLargeNoMb         0x08000afd  0x29a  Code  Lc  xprintflarge_nomb.o [3]
_LdtobLargeNoMb         0x08000815  0x2b0  Code  Lc  xprintflarge_nomb.o [3]
_LitobLargeNoMb         0x080006e9  0x12a  Code  Lc  xprintflarge_nomb.o [3]
_PrintfLargeNoMb        0x080000c1  0x5c0  Code  Gb  xprintflarge_nomb.o [3]
_PutcharsLargeNoMb      0x08000d97   0x30  Code  Lc  xprintflarge_nomb.o [3]
_SProut                 0x08001253    0xa  Code  Gb  xsprout.o [3]
__ICFEDIT_region_RAM_end__ {Abs}
                        0x200017ff         Data  Gb  command line/config [2]
__ICFEDIT_region_RAM_start__ {Abs}
                        0x20000000         Data  Gb  command line/config [2]
__aeabi_cdcmple         0x08000fad         Code  Gb  DblCmpLe.o [4]
__aeabi_cfcmple         0x08005a7d         Code  Gb  FltCmpLe.o [4]
__aeabi_cfrcmple        0x08005aa5         Code  Gb  FltCmpGe.o [4]
__aeabi_d2uiz           0x08001225         Code  Gb  DblToI32.o [4]
__aeabi_ddiv            0x08001163         Code  Gb  DblDiv.o [4]
__aeabi_dmul            0x08000fdf         Code  Gb  DblMul.o [4]
__aeabi_dsub            0x08001337         Code  Gb  DblAddSub.o [4]
__aeabi_f2iz            0x08005879         Code  Gb  FltToS32.o [4]
__aeabi_fadd            0x080058b3         Code  Gb  FltAddSub.o [4]
__aeabi_fdiv            0x080059d3         Code  Gb  FltDiv.o [4]
__aeabi_fmul            0x080057c7         Code  Gb  FltMul.o [4]
__aeabi_fsub            0x08005923         Code  Gb  FltAddSub.o [4]
__aeabi_i2f             0x08005795         Code  Gb  I32ToFlt.o [4]
__aeabi_idiv            0x08000ef9         Code  Gb  I32DivModFast.o [5]
__aeabi_idiv0           0x08001449         Code  Gb  IntDivZer.o [5]
__aeabi_idivmod         0x08000ef9         Code  Gb  I32DivModFast.o [5]
__aeabi_ldiv0           0x08001445         Code  Gb  I64DivZer.o [5]
__aeabi_lmul            0x08005af1         Code  Gb  I64Mul.o [5]
__aeabi_memcpy          0x08000e71         Code  Gb  ABImemcpy.o [5]
__aeabi_memset          0x08002105         Code  Gb  ABImemset.o [5]
__aeabi_ui2d            0x0800125d         Code  Gb  I32ToDbl.o [4]
__aeabi_uidiv           0x08000eff         Code  Gb  I32DivModFast.o [5]
__aeabi_uidivmod        0x08000eff         Code  Gb  I32DivModFast.o [5]
__aeabi_uldivmod        0x08000e07         Code  Gb  I64DivMod.o [5]
__cmain                 0x080068d9         Code  Gb  cmain.o [5]
__exit                  0x0800690d   0x14  Code  Gb  exit.o [6]
__iar_FDtest            0x08005acd   0x22  Code  Gb  xfdtest.o [4]
__iar_Memchr            0x08000def   0x18  Code  Gb  memchr.o [5]
__iar_Memset4_word      0x08002125         Code  Gb  ABImemset.o [5]
__iar_Memset_word       0x08002111         Code  Gb  ABImemset.o [5]
__iar_Strchr            0x08000dcb   0x14  Code  Gb  strchr.o [5]
__iar_copy_init3        0x08006489   0x30  Code  Gb  copy_init3.o [5]
__iar_d2uiz             0x08001229         Code  Gb  DblToI32.o [4]
__iar_data_init3        0x080064b9   0x28  Code  Gb  data_init.o [5]
__iar_program_start     0x08006b79         Code  Gb  cstartup_M.o [5]
__iar_ui2d              0x08001261         Code  Gb  I32ToDbl.o [4]
__iar_ui2f              0x080057ad         Code  Gb  I32ToFlt.o [4]
__iar_zero_init3        0x0800644d   0x3c  Code  Gb  zero_init3.o [5]
__low_level_init        0x080068f3    0x4  Code  Gb  low_level_init.o [3]
__vector_table          0x08000000         Data  Gb  startup_stm32f042x6.o [1]
_call_main              0x080068e5         Code  Gb  cmain.o [5]
_exit                   0x08006901         Code  Gb  cexit.o [5]
_main                   0x080068ef         Code  Gb  cmain.o [5]
about                   0x08006558   0x1c  Data  Gb  main.o [1]
abs                     0x080020fd    0x8  Code  Gb  abs.o [3]
accGainCal              0x08004cf5  0x12e  Code  Gb  lis3.o [1]
accel                   0x20000f84   0x18  Data  Gb  lis3.o [1]
adcData                 0x20000fd4    0x4  Data  Gb  adc.o [1]
adcDeinit               0x08004f9d   0x24  Code  Gb  adc.o [1]
adcInit                 0x08004fc1   0x7c  Code  Gb  adc.o [1]
battCalc                0x080044c5  0x1c0  Code  Gb  battery.o [1]
battCalc::percFlag      0x20000fe6    0x1  Data  Lc  battery.o [1]
btnCntsClr              0x08004995   0x1a  Code  Gb  buttons.o [1]
buttons                 0x20000fc4    0x8  Data  Gb  buttons.o [1]
chrgSym                 0x08006bcc    0x8  Data  Gb  ssdGraph.o [1]
clz                     0x08005595   0x2c  Code  Lc  fix16.o [1]
currMenuItem            0x20000fdc    0x4  Data  Gb  main.o [1]
deInitIR                0x08002c85   0x4a  Code  Gb  IR.o [1]
delay_us                0x08002155   0x60  Code  Gb  delay.o [1]
div                     0x08001425   0x20  Code  Gb  div.o [3]
drawChrScr              0x080037e1  0x21c  Code  Gb  system.o [1]
drawDisplay             0x08004025   0xe4  Code  Gb  main.o [1]
drawHybrScr             0x080035b9  0x204  Code  Gb  system.o [1]
drawIncScr              0x08003a11   0xf0  Code  Gb  system.o [1]
drawMenu                0x080033d9  0x1d0  Code  Gb  system.o [1]
exit                    0x080068f7    0x8  Code  Gb  exit.o [3]
fix16_add               0x08005509   0x24  Code  Gb  fix16.o [1]
fix16_atan              0x08005773   0x10  Code  Gb  fix16_trig.o [1]
fix16_atan2             0x080056cd   0xa6  Code  Gb  fix16_trig.o [1]
fix16_div               0x080055c1  0x104  Code  Gb  fix16.o [1]
fix16_min               0x08006c1c    0x4  Data  Lc  fix16.o [1]
fix16_mul               0x0800552d   0x68  Code  Gb  fix16.o [1]
fix16_one               0x08006c2c    0x4  Data  Lc  fix16_trig.o [1]
fix16_one               0x08006c30    0x4  Data  Lc  lis3.o [1]
fix16_overflow          0x08006c20    0x4  Data  Lc  fix16.o [1]
font12x16               0x08006124  0x198  Data  Gb  ssdFonts.o [1]
font6x8                 0x08005b24  0x600  Data  Gb  ssdFonts.o [1]
getButtonState          0x08004685  0x300  Code  Gb  buttons.o [1]
gppin_init              0x0800512f  0x1cc  Code  Gb  gpio.o [1]
hndlIRData              0x08002649  0x52c  Code  Gb  IR.o [1]
initClocks              0x08004e5d   0xa0  Code  Gb  clock.o [1]
initGpios               0x080050f5   0x3a  Code  Gb  gpio.o [1]
initI2C1                0x080021b5   0x98  Code  Gb  i2c.o [1]
initIRConfig            0x08002b91   0xea  Code  Gb  IR.o [1]
initPeriphs             0x08004349   0x1c  Code  Gb  power.o [1]
kalman                  0x20000f10   0x5c  Data  Gb  filter.o [1]
kalmanAccCorr           0x08005339  0x186  Code  Gb  filter.o [1]
lis3AxisCal             0x20000fb0   0x14  Data  Gb  lis3.o [1]
lis3_getXYZ             0x08004a67   0x40  Code  Gb  lis3.o [1]
lis3_read               0x08004a29   0x3e  Code  Gb  lis3.o [1]
lis3_write              0x080049fd   0x2c  Code  Gb  lis3.o [1]
lis3init                0x080049c1   0x3c  Code  Gb  lis3.o [1]
lpf                     0x080054bf   0x2e  Code  Gb  filter.o [1]
lpf::Dacc               0x20000fd8    0x4  Data  Lc  filter.o [1]
lpf::Dout               0x20000fe4    0x2  Data  Lc  filter.o [1]
lpfAccPrim              0x08005315   0x24  Code  Gb  filter.o [1]
lpfPrim                 0x20000f6c   0x18  Data  Gb  filter.o [1]
main                    0x08003b3d  0x354  Code  Gb  main.o [1]
mchron                  0x080065ac   0x1c  Data  Gb  main.o [1]
mcommon                 0x08006590   0x1c  Data  Gb  main.o [1]
meas                    0x20000b3c  0x268  Data  Gb  system.o [1]
menu                    0x2000080c  0x330  Data  Gb  MicroMenu.o [1]
menuFolder              0x08006ad4   0x10  Data  Gb  ssdGraph.o [1]
menuScroll              0x08006c34    0x4  Data  Gb  ssdGraph.o [1]
mincline                0x080065c8   0x1c  Data  Gb  main.o [1]
mode                    0x08006504   0x1c  Data  Gb  main.o [1]
modeEdit                0x08003fbd   0x46  Code  Gb  main.o [1]
parEditInit             0x08003ecd   0xe8  Code  Gb  main.o [1]
pellets                 0x20000da4  0x16c  Data  Gb  system.o [1]
pinNum                  0x20000000    0x4  Data  Gb  gpio.o [1]
pinsMode                0x080062bc   0xc0  Data  Gb  gpio.o [1]
power                   0x20000fcc    0x8  Data  Gb  power.o [1]
powerOff                0x080042cb   0x32  Code  Gb  power.o [1]
powerOn                 0x080042fd   0x12  Code  Gb  power.o [1]
q16TiltCalc             0x08004aa7   0x48  Code  Gb  lis3.o [1]
scbind                  0x080066a8   0x1c  Data  Gb  main.o [1]
scdist                  0x0800668c   0x1c  Data  Gb  main.o [1]
schrono                 0x08006600   0x1c  Data  Gb  main.o [1]
sclipc                  0x080065e4   0x1c  Data  Gb  main.o [1]
service                 0x08006574   0x1c  Data  Gb  main.o [1]
setts                   0x0800653c   0x1c  Data  Gb  main.o [1]
sibrdr                  0x080066c4   0x1c  Data  Gb  main.o [1]
sigacal                 0x080066fc   0x1c  Data  Gb  main.o [1]
sincline                0x0800661c   0x1c  Data  Gb  main.o [1]
siofcal                 0x080066e0   0x1c  Data  Gb  main.o [1]
spdbp1                  0x08006718   0x1c  Data  Gb  main.o [1]
spdbp10                 0x08006814   0x1c  Data  Gb  main.o [1]
spdbp11                 0x08006830   0x1c  Data  Gb  main.o [1]
spdbp12                 0x0800684c   0x1c  Data  Gb  main.o [1]
spdbp13                 0x08006868   0x1c  Data  Gb  main.o [1]
spdbp14                 0x08006884   0x1c  Data  Gb  main.o [1]
spdbp15                 0x080068a0   0x1c  Data  Gb  main.o [1]
spdbp2                  0x08006734   0x1c  Data  Gb  main.o [1]
spdbp3                  0x08006750   0x1c  Data  Gb  main.o [1]
spdbp4                  0x0800676c   0x1c  Data  Gb  main.o [1]
spdbp5                  0x08006788   0x1c  Data  Gb  main.o [1]
spdbp6                  0x080067a4   0x1c  Data  Gb  main.o [1]
spdbp7                  0x080067c0   0x1c  Data  Gb  main.o [1]
spdbp8                  0x080067dc   0x1c  Data  Gb  main.o [1]
spdbp9                  0x080067f8   0x1c  Data  Gb  main.o [1]
speldb                  0x08006638   0x1c  Data  Gb  main.o [1]
spofft                  0x08006654   0x1c  Data  Gb  main.o [1]
sprintf                 0x080020a9   0x38  Code  Gb  sprintf.o [3]
ssdBatt                 0x08006ae4   0x10  Data  Gb  ssdGraph.o [1]
ssdVideoBff             0x20000408  0x404  Data  Gb  ug2864.o [1]
ssd_clearVidBff         0x08001ecd   0x16  Code  Gb  ug2864.o [1]
ssd_clrAreaBff          0x08001ee9   0x68  Code  Gb  ug2864.o [1]
ssd_putBatt             0x08001b99  0x100  Code  Gb  ug2864.o [1]
ssd_putChar12x16        0x08001c99   0xf4  Code  Gb  ug2864.o [1]
ssd_putChar6x8          0x08001db1   0x5a  Code  Gb  ug2864.o [1]
ssd_putMessage          0x080016c7   0xd0  Code  Gb  ug2864.o [1]
ssd_putParBox           0x080014f7   0xc8  Code  Gb  ug2864.o [1]
ssd_putParWnd           0x080015bf  0x108  Code  Gb  ug2864.o [1]
ssd_putPitchBar         0x08001a29  0x16c  Code  Gb  ug2864.o [1]
ssd_putRollBar          0x080017d9  0x24c  Code  Gb  ug2864.o [1]
ssd_putStrClr           0x0800144d   0xaa  Code  Gb  ug2864.o [1]
ssd_putString12x16      0x08001d8d   0x24  Code  Gb  ug2864.o [1]
ssd_putString6x8        0x08001e0b   0x24  Code  Gb  ug2864.o [1]
ssd_setpix              0x08001e2f   0x9e  Code  Gb  ug2864.o [1]
sswrst                  0x08006670   0x1c  Data  Gb  main.o [1]
stats                   0x08006520   0x1c  Data  Gb  main.o [1]
stopModeConfig          0x0800424f   0x7c  Code  Gb  power.o [1]
strcat                  0x080020e1   0x1c  Code  Gb  strcat.o [3]
strcpy                  0x080033c9         Code  Gb  strcpy.o [5]
strlen                  0x08000ddf   0x10  Code  Gb  strlen.o [5]
sync                    0x080043bf   0xca  Code  Gb  sync.o [1]
syncInit                0x08004365   0x5a  Code  Gb  sync.o [1]
sysPars                 0x20000fe0    0x4  Data  Gb  system.o [1]
trxAccData              0x08004afd  0x1ea  Code  Gb  lis3.o [1]
ug2864_com              0x0800203b   0x2c  Code  Gb  ug2864.o [1]
ug2864_refresh          0x08002067   0x20  Code  Gb  ug2864.o [1]
ug2864init              0x08001f89   0xb2  Code  Gb  ug2864.o [1]
ug2864off               0x08001f5d   0x16  Code  Gb  ug2864.o [1]
ug2864on                0x08001f73   0x16  Code  Gb  ug2864.o [1]


[1] = C:\Users\4eef\Projects\Chronograph+\SW\Chrono-Terminal-V1.0\firmware\PROJ_DIR\Debug\Obj
[2] = command line
[3] = dl6M_tln.a
[4] = m6M_tl.a
[5] = rt6M_tl.a
[6] = shb_l.a

  23 810 bytes of readonly  code memory
   3 942 bytes of readonly  data memory
   4 071 bytes of readwrite data memory

Errors: none
Warnings: none
