###############################################################################
#
# IAR ELF Linker V7.80.2.11947/W32 for ARM                23/Oct/2018  23:35:35
# Copyright 2007-2016 IAR Systems AB.
#
#    Output file  =  
#        C:\Users\4eef\Projects\Chronograph+\SW\Chrono-Terminal-V1.0\firmware\PROJ_DIR\Debug\Exe\Chrono-Terminal-V1.0.out
#    Map file     =  
#        C:\Users\4eef\Projects\Chronograph+\SW\Chrono-Terminal-V1.0\firmware\PROJ_DIR\Debug\List\Chrono-Terminal-V1.0.map
#    Command line =  
#        C:\Users\4eef\Projects\Chronograph+\SW\Chrono-Terminal-V1.0\firmware\PROJ_DIR\Debug\Obj\adc.o
#        C:\Users\4eef\Projects\Chronograph+\SW\Chrono-Terminal-V1.0\firmware\PROJ_DIR\Debug\Obj\battery.o
#        C:\Users\4eef\Projects\Chronograph+\SW\Chrono-Terminal-V1.0\firmware\PROJ_DIR\Debug\Obj\buttons.o
#        C:\Users\4eef\Projects\Chronograph+\SW\Chrono-Terminal-V1.0\firmware\PROJ_DIR\Debug\Obj\clock.o
#        C:\Users\4eef\Projects\Chronograph+\SW\Chrono-Terminal-V1.0\firmware\PROJ_DIR\Debug\Obj\delay.o
#        C:\Users\4eef\Projects\Chronograph+\SW\Chrono-Terminal-V1.0\firmware\PROJ_DIR\Debug\Obj\filter.o
#        C:\Users\4eef\Projects\Chronograph+\SW\Chrono-Terminal-V1.0\firmware\PROJ_DIR\Debug\Obj\fix16.o
#        C:\Users\4eef\Projects\Chronograph+\SW\Chrono-Terminal-V1.0\firmware\PROJ_DIR\Debug\Obj\fix16_exp.o
#        C:\Users\4eef\Projects\Chronograph+\SW\Chrono-Terminal-V1.0\firmware\PROJ_DIR\Debug\Obj\fix16_sqrt.o
#        C:\Users\4eef\Projects\Chronograph+\SW\Chrono-Terminal-V1.0\firmware\PROJ_DIR\Debug\Obj\fix16_trig.o
#        C:\Users\4eef\Projects\Chronograph+\SW\Chrono-Terminal-V1.0\firmware\PROJ_DIR\Debug\Obj\fract32.o
#        C:\Users\4eef\Projects\Chronograph+\SW\Chrono-Terminal-V1.0\firmware\PROJ_DIR\Debug\Obj\gpio.o
#        C:\Users\4eef\Projects\Chronograph+\SW\Chrono-Terminal-V1.0\firmware\PROJ_DIR\Debug\Obj\i2c.o
#        C:\Users\4eef\Projects\Chronograph+\SW\Chrono-Terminal-V1.0\firmware\PROJ_DIR\Debug\Obj\IR.o
#        C:\Users\4eef\Projects\Chronograph+\SW\Chrono-Terminal-V1.0\firmware\PROJ_DIR\Debug\Obj\lis3.o
#        C:\Users\4eef\Projects\Chronograph+\SW\Chrono-Terminal-V1.0\firmware\PROJ_DIR\Debug\Obj\main.o
#        C:\Users\4eef\Projects\Chronograph+\SW\Chrono-Terminal-V1.0\firmware\PROJ_DIR\Debug\Obj\menuFunctions.o
#        C:\Users\4eef\Projects\Chronograph+\SW\Chrono-Terminal-V1.0\firmware\PROJ_DIR\Debug\Obj\MicroMenu.o
#        C:\Users\4eef\Projects\Chronograph+\SW\Chrono-Terminal-V1.0\firmware\PROJ_DIR\Debug\Obj\power.o
#        C:\Users\4eef\Projects\Chronograph+\SW\Chrono-Terminal-V1.0\firmware\PROJ_DIR\Debug\Obj\ssdFonts.o
#        C:\Users\4eef\Projects\Chronograph+\SW\Chrono-Terminal-V1.0\firmware\PROJ_DIR\Debug\Obj\ssdGraph.o
#        C:\Users\4eef\Projects\Chronograph+\SW\Chrono-Terminal-V1.0\firmware\PROJ_DIR\Debug\Obj\startup_stm32f042x6.o
#        C:\Users\4eef\Projects\Chronograph+\SW\Chrono-Terminal-V1.0\firmware\PROJ_DIR\Debug\Obj\sync.o
#        C:\Users\4eef\Projects\Chronograph+\SW\Chrono-Terminal-V1.0\firmware\PROJ_DIR\Debug\Obj\system.o
#        C:\Users\4eef\Projects\Chronograph+\SW\Chrono-Terminal-V1.0\firmware\PROJ_DIR\Debug\Obj\system_stm32f0xx.o
#        C:\Users\4eef\Projects\Chronograph+\SW\Chrono-Terminal-V1.0\firmware\PROJ_DIR\Debug\Obj\ug2864.o
#        C:\Users\4eef\Projects\Chronograph+\SW\Chrono-Terminal-V1.0\firmware\PROJ_DIR\Debug\Obj\uint32.o
#        --redirect _Printf=_PrintfLargeNoMb -o
#        C:\Users\4eef\Projects\Chronograph+\SW\Chrono-Terminal-V1.0\firmware\PROJ_DIR\Debug\Exe\Chrono-Terminal-V1.0.out
#        --map
#        C:\Users\4eef\Projects\Chronograph+\SW\Chrono-Terminal-V1.0\firmware\PROJ_DIR\Debug\List\Chrono-Terminal-V1.0.map
#        --config "C:\Program Files (x86)\IAR Systems\Embedded Workbench
#        7.5\arm\config\linker\ST\stm32f042x6.icf" --semihosting --entry
#        __iar_program_start --vfe
#
###############################################################################

*******************************************************************************
*** RUNTIME MODEL ATTRIBUTES
***

CppFlavor       = *
__SystemLibrary = DLib


*******************************************************************************
*** PLACEMENT SUMMARY
***

"A0":  place at 0x08000000 { ro section .intvec };
"P1":  place in [from 0x08000000 to 0x08007fff] { ro };
"P2":  place in [from 0x20000000 to 0x200017ff] { rw, block CSTACK, block HEAP };
initialize by copy { rw };

  Section            Kind        Address    Size  Object
  -------            ----        -------    ----  ------
"A0":                                       0xc0
  .intvec            ro code  0x08000000    0xc0  startup_stm32f042x6.o [1]
                            - 0x080000c0    0xc0

"P1":                                     0x709a
  .text              ro code  0x080000c0   0xd0a  xprintflarge_nomb.o [3]
  .text              ro code  0x08000dca    0x14  strchr.o [5]
  .text              ro code  0x08000dde    0x10  strlen.o [5]
  .text              ro code  0x08000dee    0x18  memchr.o [5]
  .text              ro code  0x08000e06    0x6a  I64DivMod.o [5]
  .text              ro code  0x08000e70    0x5c  ABImemcpy.o [5]
  .text              ro code  0x08000ecc    0xe0  I32DivModFast.o [5]
  .text              ro code  0x08000fac    0x32  DblCmpLe.o [4]
  .text              ro code  0x08000fde   0x184  DblMul.o [4]
  .text              ro code  0x08001162    0xc2  DblDiv.o [4]
  .text              ro code  0x08001224    0x2e  DblToI32.o [4]
  .text              ro code  0x08001252     0xa  xsprout.o [3]
  .text              ro code  0x0800125c    0x20  I32ToDbl.o [4]
  .text              ro code  0x0800127c   0x1a8  DblAddSub.o [4]
  .text              ro code  0x08001424    0x20  div.o [3]
  .text              ro code  0x08001444     0x2  I64DivZer.o [5]
  .rodata            const    0x08001446     0x2  main.o [1]
  .text              ro code  0x08001448     0x2  IntDivZer.o [5]
  .rodata            const    0x0800144a     0x2  system.o [1]
  .text              ro code  0x0800144c   0xc3c  ug2864.o [1]
  .text              ro code  0x08002088    0x38  sprintf.o [3]
  .text              ro code  0x080020c0    0x1c  strcat.o [3]
  .text              ro code  0x080020dc     0x8  abs.o [3]
  .text              ro code  0x080020e4    0x50  ABImemset.o [5]
  .text              ro code  0x08002134    0x60  delay.o [1]
  .text              ro code  0x08002194   0x3e2  i2c.o [1]
  .rodata            const    0x08002576     0x2  ug2864.o [1]
  .text              ro code  0x08002578   0xba8  MicroMenu.o [1]
  .text              ro code  0x08003120    0x10  strcpy.o [5]
  .text              ro code  0x08003130   0xa2c  IR.o [1]
  .text              ro code  0x08003b5c   0x710  system.o [1]
  .rodata            const    0x0800426c   0x600  ssdFonts.o [1]
  .text              ro code  0x0800486c   0x35c  lis3.o [1]
  .text              ro code  0x08004bc8   0x1c4  fix16.o [1]
  .text              ro code  0x08004d8c    0xc8  fix16_trig.o [1]
  .text              ro code  0x08004e54   0x1f4  filter.o [1]
  .text              ro code  0x08005048    0x32  I64Mul.o [5]
  .rodata            const    0x0800507a     0x2  ug2864.o [1]
  .text              ro code  0x0800507c    0x32  I32ToFlt.o [4]
  .text              ro code  0x080050ae    0xb0  FltMul.o [4]
  .rodata            const    0x0800515e     0x2  ug2864.o [1]
  .text              ro code  0x08005160    0x3a  FltToS32.o [4]
  .text              ro code  0x0800519a   0x120  FltAddSub.o [4]
  .text              ro code  0x080052ba    0xaa  FltDiv.o [4]
  .text              ro code  0x08005364    0x26  FltCmpLe.o [4]
  .rodata            const    0x0800538a     0x2  ug2864.o [1]
  .text              ro code  0x0800538c    0x28  FltCmpGe.o [4]
  .text              ro code  0x080053b4    0x22  xfdtest.o [4]
  .rodata            const    0x080053d6     0x2  ug2864.o [1]
  .text              ro code  0x080053d8   0x334  buttons.o [1]
  .text              ro code  0x0800570c   0x2d8  main.o [1]
  .text              ro code  0x080059e4   0x1e0  power.o [1]
  .text              ro code  0x08005bc4   0x1f8  adc.o [1]
  .text              ro code  0x08005dbc   0x160  sync.o [1]
  .text              ro code  0x08005f1c   0x1c0  battery.o [1]
  .text              ro code  0x080060dc    0xa0  clock.o [1]
  .text              ro code  0x0800617c   0x220  gpio.o [1]
  .rodata            const    0x0800639c   0x198  ssdFonts.o [1]
  .rodata            const    0x08006534    0xc0  gpio.o [1]
  .text              ro code  0x080065f4    0x94  system_stm32f0xx.o [1]
  .text              ro code  0x08006688    0x3c  startup_stm32f042x6.o [1]
  .text              ro code  0x080066c4    0x3c  zero_init3.o [5]
  .text              ro code  0x08006700    0x30  copy_init3.o [5]
  .text              ro code  0x08006730    0x28  data_init.o [5]
  .iar.init_table    const    0x08006758    0x24  - Linker created -
  .text              ro code  0x0800677c    0x1e  menuFunctions.o [1]
  .rodata            const    0x0800679a     0x2  ug2864.o [1]
  .rodata            const    0x0800679c    0x1c  main.o [1]
  .rodata            const    0x080067b8    0x1c  main.o [1]
  .rodata            const    0x080067d4    0x1c  main.o [1]
  .rodata            const    0x080067f0    0x1c  main.o [1]
  .rodata            const    0x0800680c    0x1c  main.o [1]
  .rodata            const    0x08006828    0x1c  main.o [1]
  .rodata            const    0x08006844    0x1c  main.o [1]
  .rodata            const    0x08006860    0x1c  main.o [1]
  .rodata            const    0x0800687c    0x1c  main.o [1]
  .rodata            const    0x08006898    0x1c  main.o [1]
  .rodata            const    0x080068b4    0x1c  main.o [1]
  .rodata            const    0x080068d0    0x1c  main.o [1]
  .rodata            const    0x080068ec    0x1c  main.o [1]
  .rodata            const    0x08006908    0x1c  main.o [1]
  .rodata            const    0x08006924    0x1c  main.o [1]
  .rodata            const    0x08006940    0x1c  main.o [1]
  .rodata            const    0x0800695c    0x1c  main.o [1]
  .rodata            const    0x08006978    0x1c  main.o [1]
  .rodata            const    0x08006994    0x1c  main.o [1]
  .rodata            const    0x080069b0    0x1c  main.o [1]
  .rodata            const    0x080069cc    0x1c  main.o [1]
  .rodata            const    0x080069e8    0x1c  main.o [1]
  .rodata            const    0x08006a04    0x1c  main.o [1]
  .rodata            const    0x08006a20    0x1c  main.o [1]
  .rodata            const    0x08006a3c    0x1c  main.o [1]
  .rodata            const    0x08006a58    0x1c  main.o [1]
  .rodata            const    0x08006a74    0x1c  main.o [1]
  .rodata            const    0x08006a90    0x1c  main.o [1]
  .rodata            const    0x08006aac    0x1c  main.o [1]
  .rodata            const    0x08006ac8    0x1c  main.o [1]
  .rodata            const    0x08006ae4    0x1c  main.o [1]
  .rodata            const    0x08006b00    0x1c  MicroMenu.o [1]
  .text              ro code  0x08006b1c    0x1a  cmain.o [5]
  .text              ro code  0x08006b36     0x4  low_level_init.o [3]
  .text              ro code  0x08006b3a     0x8  exit.o [3]
  .rodata            const    0x08006b42     0x2  ug2864.o [1]
  .text              ro code  0x08006b44     0xa  cexit.o [5]
  .rodata            const    0x08006b4e     0x2  ug2864.o [1]
  .text              ro code  0x08006b50    0x14  exit.o [6]
  .rodata            const    0x08006b64    0x18  main.o [1]
  .rodata            const    0x08006b7c    0x18  main.o [1]
  .rodata            const    0x08006b94    0x18  main.o [1]
  .rodata            const    0x08006bac    0x18  main.o [1]
  .rodata            const    0x08006bc4    0x18  main.o [1]
  .rodata            const    0x08006bdc    0x18  main.o [1]
  .rodata            const    0x08006bf4    0x18  main.o [1]
  .rodata            const    0x08006c0c    0x18  main.o [1]
  .rodata            const    0x08006c24    0x18  main.o [1]
  .rodata            const    0x08006c3c    0x18  main.o [1]
  .rodata            const    0x08006c54    0x18  main.o [1]
  .rodata            const    0x08006c6c    0x18  main.o [1]
  .rodata            const    0x08006c84    0x18  main.o [1]
  .rodata            const    0x08006c9c    0x18  main.o [1]
  .rodata            const    0x08006cb4    0x18  main.o [1]
  .rodata            const    0x08006ccc    0x18  main.o [1]
  .rodata            const    0x08006ce4    0x18  main.o [1]
  .rodata            const    0x08006cfc    0x18  main.o [1]
  .rodata            const    0x08006d14    0x18  main.o [1]
  .rodata            const    0x08006d2c    0x18  main.o [1]
  .rodata            const    0x08006d44    0x18  main.o [1]
  .rodata            const    0x08006d5c    0x18  main.o [1]
  .rodata            const    0x08006d74    0x18  main.o [1]
  .rodata            const    0x08006d8c    0x18  main.o [1]
  .rodata            const    0x08006da4    0x18  main.o [1]
  .rodata            const    0x08006dbc    0x18  main.o [1]
  .rodata            const    0x08006dd4    0x18  main.o [1]
  .rodata            const    0x08006dec    0x18  MicroMenu.o [1]
  .rodata            const    0x08006e04    0x14  battery.o [1]
  .rodata            const    0x08006e18    0x14  main.o [1]
  .rodata            const    0x08006e2c    0x14  main.o [1]
  .rodata            const    0x08006e40    0x14  main.o [1]
  .rodata            const    0x08006e54    0x14  main.o [1]
  .rodata            const    0x08006e68    0x14  main.o [1]
  .rodata            const    0x08006e7c    0x14  main.o [1]
  .rodata            const    0x08006e90    0x14  MicroMenu.o [1]
  .rodata            const    0x08006ea4    0x14  MicroMenu.o [1]
  .rodata            const    0x08006eb8    0x14  sync.o [1]
  .rodata            const    0x08006ecc    0x10  IR.o [1]
  .rodata            const    0x08006edc    0x10  IR.o [1]
  .rodata            const    0x08006eec    0x10  IR.o [1]
  .rodata            const    0x08006efc    0x10  IR.o [1]
  .rodata            const    0x08006f0c    0x10  main.o [1]
  .rodata            const    0x08006f1c    0x10  main.o [1]
  .rodata            const    0x08006f2c    0x10  main.o [1]
  .rodata            const    0x08006f3c    0x10  main.o [1]
  .rodata            const    0x08006f4c    0x10  main.o [1]
  .rodata            const    0x08006f5c    0x10  main.o [1]
  .rodata            const    0x08006f6c    0x10  MicroMenu.o [1]
  .rodata            const    0x08006f7c    0x10  MicroMenu.o [1]
  .rodata            const    0x08006f8c    0x10  ssdGraph.o [1]
  .rodata            const    0x08006f9c    0x10  ssdGraph.o [1]
  .rodata            const    0x08006fac    0x10  system.o [1]
  .rodata            const    0x08006fbc    0x10  system.o [1]
  .rodata            const    0x08006fcc     0xc  battery.o [1]
  .rodata            const    0x08006fd8     0xc  main.o [1]
  .rodata            const    0x08006fe4     0xc  main.o [1]
  .rodata            const    0x08006ff0     0xc  main.o [1]
  .rodata            const    0x08006ffc     0xc  main.o [1]
  .rodata            const    0x08007008     0xc  MicroMenu.o [1]
  .rodata            const    0x08007014     0xc  MicroMenu.o [1]
  .rodata            const    0x08007020     0xc  MicroMenu.o [1]
  .rodata            const    0x0800702c     0xc  system.o [1]
  .rodata            const    0x08007038     0xc  system.o [1]
  .rodata            const    0x08007044     0xc  system.o [1]
  .text              ro code  0x08007050     0xc  cstartup_M.o [5]
  .rodata            const    0x0800705c     0x8  IR.o [1]
  .rodata            const    0x08007064     0x8  main.o [1]
  .rodata            const    0x0800706c     0x8  main.o [1]
  .rodata            const    0x08007074     0x8  main.o [1]
  .rodata            const    0x0800707c     0x8  MicroMenu.o [1]
  .rodata            const    0x08007084     0x8  MicroMenu.o [1]
  .rodata            const    0x0800708c     0x8  MicroMenu.o [1]
  .rodata            const    0x08007094     0x8  MicroMenu.o [1]
  .rodata            const    0x0800709c     0x8  ssdGraph.o [1]
  .rodata            const    0x080070a4     0x8  system.o [1]
  .rodata            const    0x080070ac     0x8  system.o [1]
  .rodata            const    0x080070b4     0x8  ug2864.o [1]
  .rodata            const    0x080070bc     0x8  ug2864.o [1]
  .rodata            const    0x080070c4     0x8  ug2864.o [1]
  .rodata            const    0x080070cc     0x8  ug2864.o [1]
  .rodata            const    0x080070d4     0x8  ug2864.o [1]
  .rodata            const    0x080070dc     0x8  ug2864.o [1]
  .rodata            const    0x080070e4     0x8  xprintflarge_nomb.o [3]
  Initializer bytes  const    0x080070ec     0x8  <for P2-1>
  .rodata            const    0x080070f4     0x4  fix16.o [1]
  .rodata            const    0x080070f8     0x4  fix16.o [1]
  .rodata            const    0x080070fc     0x4  fix16_trig.o [1]
  .rodata            const    0x08007100     0x4  fix16_trig.o [1]
  .rodata            const    0x08007104     0x4  fix16_trig.o [1]
  .rodata            const    0x08007108     0x4  lis3.o [1]
  .rodata            const    0x0800710c     0x4  main.o [1]
  .rodata            const    0x08007110     0x4  main.o [1]
  .rodata            const    0x08007114     0x4  main.o [1]
  .rodata            const    0x08007118     0x4  main.o [1]
  .rodata            const    0x0800711c     0x4  ssdGraph.o [1]
  .rodata            const    0x08007120     0x2  ug2864.o [1]
  .text              ro code  0x08007122     0x2  startup_stm32f042x6.o [1]
  .text              ro code  0x08007124     0x2  startup_stm32f042x6.o [1]
  .text              ro code  0x08007126     0x2  startup_stm32f042x6.o [1]
  .text              ro code  0x08007128     0x2  startup_stm32f042x6.o [1]
  .text              ro code  0x0800712a     0x2  startup_stm32f042x6.o [1]
  .text              ro code  0x0800712c     0x2  startup_stm32f042x6.o [1]
  .text              ro code  0x0800712e     0x2  startup_stm32f042x6.o [1]
  .text              ro code  0x08007130     0x2  startup_stm32f042x6.o [1]
  .text              ro code  0x08007132     0x2  startup_stm32f042x6.o [1]
  .text              ro code  0x08007134     0x2  startup_stm32f042x6.o [1]
  .text              ro code  0x08007136     0x2  startup_stm32f042x6.o [1]
  .text              ro code  0x08007138     0x2  startup_stm32f042x6.o [1]
  .text              ro code  0x0800713a     0x2  startup_stm32f042x6.o [1]
  .text              ro code  0x0800713c     0x2  startup_stm32f042x6.o [1]
  .text              ro code  0x0800713e     0x2  startup_stm32f042x6.o [1]
  .text              ro code  0x08007140     0x2  startup_stm32f042x6.o [1]
  .text              ro code  0x08007142     0x2  startup_stm32f042x6.o [1]
  .text              ro code  0x08007144     0x2  startup_stm32f042x6.o [1]
  .text              ro code  0x08007146     0x2  startup_stm32f042x6.o [1]
  .text              ro code  0x08007148     0x2  startup_stm32f042x6.o [1]
  .text              ro code  0x0800714a     0x2  startup_stm32f042x6.o [1]
  .text              ro code  0x0800714c     0x2  startup_stm32f042x6.o [1]
  .text              ro code  0x0800714e     0x2  startup_stm32f042x6.o [1]
  .text              ro code  0x08007150     0x2  startup_stm32f042x6.o [1]
  .text              ro code  0x08007152     0x2  startup_stm32f042x6.o [1]
  .text              ro code  0x08007154     0x2  startup_stm32f042x6.o [1]
  .text              ro code  0x08007156     0x2  startup_stm32f042x6.o [1]
  .text              ro code  0x08007158     0x2  startup_stm32f042x6.o [1]
  .rodata            const    0x0800715a     0x0  zero_init3.o [5]
  .rodata            const    0x0800715a     0x0  copy_init3.o [5]
                            - 0x0800715a  0x709a

"P2", part 1 of 3:                           0x8
  P2-1                        0x20000000     0x8  <Init block>
    .data            inited   0x20000000     0x4  gpio.o [1]
    .data            inited   0x20000004     0x4  MicroMenu.o [1]
                            - 0x20000008     0x8

"P2", part 2 of 3:                         0x400
  CSTACK                      0x20000008   0x400  <Block>
    CSTACK           uninit   0x20000008   0x400  <Block tail>
                            - 0x20000408   0x400

"P2", part 3 of 3:                         0xcf4
  .bss               zero     0x20000408   0x404  ug2864.o [1]
  .bss               zero     0x2000080c   0x400  MicroMenu.o [1]
  .bss               zero     0x20000c0c   0x22c  system.o [1]
  .bss               zero     0x20000e38   0x178  system.o [1]
  .bss               zero     0x20000fb0    0x5c  filter.o [1]
  .bss               zero     0x2000100c    0x3c  system.o [1]
  .bss               zero     0x20001048    0x1c  system.o [1]
  .bss               zero     0x20001064    0x18  filter.o [1]
  .bss               zero     0x2000107c    0x18  lis3.o [1]
  .bss               zero     0x20001094    0x18  system.o [1]
  .bss               zero     0x200010ac    0x14  IR.o [1]
  .bss               zero     0x200010c0    0x14  lis3.o [1]
  .bss               zero     0x200010d4     0x8  buttons.o [1]
  .bss               zero     0x200010dc     0x8  power.o [1]
  .bss               zero     0x200010e4     0x8  system.o [1]
  .bss               zero     0x200010ec     0x4  adc.o [1]
  .bss               zero     0x200010f0     0x4  filter.o [1]
  .bss               zero     0x200010f4     0x4  main.o [1]
  .bss               zero     0x200010f8     0x2  filter.o [1]
  .bss               zero     0x200010fa     0x1  battery.o [1]
                            - 0x200010fb   0xcf3


*******************************************************************************
*** INIT TABLE
***

          Address     Size
          -------     ----
Zero (__iar_zero_init3)
    1 destination range, total size 0xcf3:
          0x20000408  0xcf3

Copy (__iar_copy_init3)
    1 source range, total size 0x8:
          0x080070ec    0x8
    1 destination range, total size 0x8:
          0x20000000    0x8



*******************************************************************************
*** MODULE SUMMARY
***

    Module                 ro code  ro data  rw data
    ------                 -------  -------  -------
C:\Users\4eef\Projects\Chronograph+\SW\Chrono-Terminal-V1.0\firmware\PROJ_DIR\Debug\Obj: [1]
    IR.o                     2 604       72       20
    MicroMenu.o              2 984      196    1 028
    adc.o                      504                 4
    battery.o                  448       32        1
    buttons.o                  820                 8
    clock.o                    160
    delay.o                     96
    filter.o                   500               122
    fix16.o                    452        8
    fix16_trig.o               200       12
    gpio.o                     544      196        4
    i2c.o                      994
    lis3.o                     860        4       44
    main.o                     728    1 822        4
    menuFunctions.o             30
    power.o                    480                 8
    ssdFonts.o                        1 944
    ssdGraph.o                           44
    startup_stm32f042x6.o      308
    sync.o                     352       20
    system.o                 1 808       86    1 052
    system_stm32f0xx.o         148
    ug2864.o                 3 132       66    1 028
    ------------------------------------------------
    Total:                  18 152    4 502    3 323

command line: [2]
    ------------------------------------------------
    Total:

dl6M_tln.a: [3]
    abs.o                        8
    div.o                       32
    exit.o                       8
    low_level_init.o             4
    sprintf.o                   56
    strcat.o                    28
    xprintflarge_nomb.o      3 338        8
    xsprout.o                   10
    ------------------------------------------------
    Total:                   3 484        8

m6M_tl.a: [4]
    DblAddSub.o                424
    DblCmpLe.o                  50
    DblDiv.o                   194
    DblMul.o                   388
    DblToI32.o                  46
    FltAddSub.o                288
    FltCmpGe.o                  40
    FltCmpLe.o                  38
    FltDiv.o                   170
    FltMul.o                   176
    FltToS32.o                  58
    I32ToDbl.o                  32
    I32ToFlt.o                  50
    xfdtest.o                   34
    ------------------------------------------------
    Total:                   1 988

rt6M_tl.a: [5]
    ABImemcpy.o                 92
    ABImemset.o                 80
    I32DivModFast.o            224
    I64DivMod.o                106
    I64DivZer.o                  2
    I64Mul.o                    50
    IntDivZer.o                  2
    cexit.o                     10
    cmain.o                     26
    copy_init3.o                48
    cstartup_M.o                12
    data_init.o                 40
    memchr.o                    24
    strchr.o                    20
    strcpy.o                    16
    strlen.o                    16
    zero_init3.o                60
    ------------------------------------------------
    Total:                     828

shb_l.a: [6]
    exit.o                      20
    ------------------------------------------------
    Total:                      20

    Linker created                       36    1 024
----------------------------------------------------
    Grand Total:            24 472    4 546    4 347


*******************************************************************************
*** ENTRY LIST
***

Entry                      Address   Size  Type      Object
-----                      -------   ----  ----      ------
.iar.init_table$$Base   0x08006758          --   Gb  - Linker created -
.iar.init_table$$Limit  0x0800677c          --   Gb  - Linker created -
?main                   0x08006b1d         Code  Gb  cmain.o [5]
ADC1_IRQHandler         0x08005d05   0x82  Code  Gb  adc.o [1]
CSTACK$$Base            0x20000008          --   Gb  - Linker created -
CSTACK$$Limit           0x20000408          --   Gb  - Linker created -
EXTI4_15_IRQHandler     0x08005a85   0x22  Code  Gb  power.o [1]
I2C1_IRQHandler         0x08002575    0x2  Code  Gb  i2c.o [1]
I2CRx                   0x080022c5   0xec  Code  Gb  i2c.o [1]
I2CRxInit               0x0800222d   0x98  Code  Gb  i2c.o [1]
I2CTx                   0x08002469   0xec  Code  Gb  i2c.o [1]
I2CTxInit               0x080023b1   0x96  Code  Gb  i2c.o [1]
LoadInt                 0x08000681   0x68  Code  Lc  xprintflarge_nomb.o [3]
Menu_GetCurrentMenu     0x08002fe1    0x6  Code  Gb  MicroMenu.o [1]
Menu_Navigate           0x08002ff1   0xda  Code  Gb  MicroMenu.o [1]
Menu_infoWndRun         0x08002995   0x2c  Code  Gb  MicroMenu.o [1]
Menu_navDisp            0x08002609   0xa2  Code  Gb  MicroMenu.o [1]
Menu_navMenu            0x080026ab   0xd8  Code  Gb  MicroMenu.o [1]
Menu_navPwrOff          0x080025f5   0x14  Code  Gb  MicroMenu.o [1]
Menu_parWndRun          0x08002ef7   0xbc  Code  Gb  MicroMenu.o [1]
Menu_putInfoWnd         0x08002931   0x60  Code  Gb  MicroMenu.o [1]
Menu_putMessage         0x08002fb3   0x2e  Code  Gb  MicroMenu.o [1]
Menu_putParWnd          0x08002ead   0x4a  Code  Gb  MicroMenu.o [1]
Menu_putTxtEditWnd      0x08002ad1   0x44  Code  Gb  MicroMenu.o [1]
Menu_putTxtParSelWnd    0x080029c1   0x40  Code  Gb  MicroMenu.o [1]
Menu_pwrSw              0x08002783   0x36  Code  Gb  MicroMenu.o [1]
Menu_run                0x08002579   0x7c  Code  Gb  MicroMenu.o [1]
Menu_setParEdit         0x080027c9  0x15c  Code  Gb  MicroMenu.o [1]
Menu_txtEditWndRun      0x08002b6d  0x330  Code  Gb  MicroMenu.o [1]
Menu_txtParSelWndRun    0x08002a0d   0xc4  Code  Gb  MicroMenu.o [1]
NULL_MENU               0x08006b00   0x1c  Data  Gb  MicroMenu.o [1]
NULL_PRM                0x08006dec   0x18  Data  Gb  MicroMenu.o [1]
NVIC_DisableIRQ         0x08005bd3    0xe  Code  Lc  adc.o [1]
NVIC_DisableIRQ         0x0800313f    0xe  Code  Lc  IR.o [1]
NVIC_DisableIRQ         0x080059f3    0xe  Code  Lc  power.o [1]
NVIC_EnableIRQ          0x08005bc5    0xe  Code  Lc  adc.o [1]
NVIC_EnableIRQ          0x08003131    0xe  Code  Lc  IR.o [1]
NVIC_EnableIRQ          0x080059e5    0xe  Code  Lc  power.o [1]
NVIC_SetPriority        0x08005be1   0x84  Code  Lc  adc.o [1]
NVIC_SetPriority        0x0800314d   0x84  Code  Lc  IR.o [1]
NVIC_SetPriority        0x08005a01   0x84  Code  Lc  power.o [1]
PI_DIV_4                0x080070fc    0x4  Data  Lc  fix16_trig.o [1]
Region$$Table$$Base     0x08006758          --   Gb  - Linker created -
Region$$Table$$Limit    0x0800677c          --   Gb  - Linker created -
SystemInit              0x080065f5   0x68  Code  Gb  system_stm32f0xx.o [1]
THREE_PI_DIV_4          0x08007100    0x4  Data  Lc  fix16_trig.o [1]
TIM2_IRQHandler         0x080038a1  0x28a  Code  Gb  IR.o [1]
_GenldLargeNoMb         0x08000afd  0x29a  Code  Lc  xprintflarge_nomb.o [3]
_LdtobLargeNoMb         0x08000815  0x2b0  Code  Lc  xprintflarge_nomb.o [3]
_LitobLargeNoMb         0x080006e9  0x12a  Code  Lc  xprintflarge_nomb.o [3]
_PrintfLargeNoMb        0x080000c1  0x5c0  Code  Gb  xprintflarge_nomb.o [3]
_PutcharsLargeNoMb      0x08000d97   0x30  Code  Lc  xprintflarge_nomb.o [3]
_SProut                 0x08001253    0xa  Code  Gb  xsprout.o [3]
__ICFEDIT_region_RAM_end__ {Abs}
                        0x200017ff         Data  Gb  command line/config [2]
__ICFEDIT_region_RAM_start__ {Abs}
                        0x20000000         Data  Gb  command line/config [2]
__aeabi_cdcmple         0x08000fad         Code  Gb  DblCmpLe.o [4]
__aeabi_cfcmple         0x08005365         Code  Gb  FltCmpLe.o [4]
__aeabi_cfrcmple        0x0800538d         Code  Gb  FltCmpGe.o [4]
__aeabi_d2uiz           0x08001225         Code  Gb  DblToI32.o [4]
__aeabi_ddiv            0x08001163         Code  Gb  DblDiv.o [4]
__aeabi_dmul            0x08000fdf         Code  Gb  DblMul.o [4]
__aeabi_dsub            0x08001337         Code  Gb  DblAddSub.o [4]
__aeabi_f2iz            0x08005161         Code  Gb  FltToS32.o [4]
__aeabi_fadd            0x0800519b         Code  Gb  FltAddSub.o [4]
__aeabi_fdiv            0x080052bb         Code  Gb  FltDiv.o [4]
__aeabi_fmul            0x080050af         Code  Gb  FltMul.o [4]
__aeabi_fsub            0x0800520b         Code  Gb  FltAddSub.o [4]
__aeabi_i2f             0x0800507d         Code  Gb  I32ToFlt.o [4]
__aeabi_idiv            0x08000ef9         Code  Gb  I32DivModFast.o [5]
__aeabi_idiv0           0x08001449         Code  Gb  IntDivZer.o [5]
__aeabi_idivmod         0x08000ef9         Code  Gb  I32DivModFast.o [5]
__aeabi_ldiv0           0x08001445         Code  Gb  I64DivZer.o [5]
__aeabi_lmul            0x08005049         Code  Gb  I64Mul.o [5]
__aeabi_memcpy          0x08000e71         Code  Gb  ABImemcpy.o [5]
__aeabi_memset          0x080020e5         Code  Gb  ABImemset.o [5]
__aeabi_ui2d            0x0800125d         Code  Gb  I32ToDbl.o [4]
__aeabi_uidiv           0x08000eff         Code  Gb  I32DivModFast.o [5]
__aeabi_uidivmod        0x08000eff         Code  Gb  I32DivModFast.o [5]
__aeabi_uldivmod        0x08000e07         Code  Gb  I64DivMod.o [5]
__cmain                 0x08006b1d         Code  Gb  cmain.o [5]
__exit                  0x08006b51   0x14  Code  Gb  exit.o [6]
__iar_FDtest            0x080053b5   0x22  Code  Gb  xfdtest.o [4]
__iar_Memchr            0x08000def   0x18  Code  Gb  memchr.o [5]
__iar_Memset4_word      0x08002105         Code  Gb  ABImemset.o [5]
__iar_Memset_word       0x080020f1         Code  Gb  ABImemset.o [5]
__iar_Strchr            0x08000dcb   0x14  Code  Gb  strchr.o [5]
__iar_copy_init3        0x08006701   0x30  Code  Gb  copy_init3.o [5]
__iar_d2uiz             0x08001229         Code  Gb  DblToI32.o [4]
__iar_data_init3        0x08006731   0x28  Code  Gb  data_init.o [5]
__iar_program_start     0x08007051         Code  Gb  cstartup_M.o [5]
__iar_ui2d              0x08001261         Code  Gb  I32ToDbl.o [4]
__iar_ui2f              0x08005095         Code  Gb  I32ToFlt.o [4]
__iar_zero_init3        0x080066c5   0x3c  Code  Gb  zero_init3.o [5]
__low_level_init        0x08006b37    0x4  Code  Gb  low_level_init.o [3]
__vector_table          0x08000000         Data  Gb  startup_stm32f042x6.o [1]
_call_main              0x08006b29         Code  Gb  cmain.o [5]
_exit                   0x08006b45         Code  Gb  cexit.o [5]
_main                   0x08006b33         Code  Gb  cmain.o [5]
aboutParser             0x08006791    0x2  Code  Gb  menuFunctions.o [1]
abs                     0x080020dd    0x8  Code  Gb  abs.o [3]
accel                   0x2000107c   0x18  Data  Gb  lis3.o [1]
adcData                 0x200010ec    0x4  Data  Gb  adc.o [1]
adcDeinit               0x08005c65   0x24  Code  Gb  adc.o [1]
adcInit                 0x08005c89   0x7c  Code  Gb  adc.o [1]
battCalc                0x08005f1d  0x1c0  Code  Gb  battery.o [1]
battCalc::percFlag      0x200010fa    0x1  Data  Lc  battery.o [1]
battery                 0x20001048   0x1c  Data  Gb  system.o [1]
btnCntsClr              0x080056e1   0x1a  Code  Gb  buttons.o [1]
buttons                 0x200010d4    0x8  Data  Gb  buttons.o [1]
chrBindFunc             0x08006795    0x2  Code  Gb  menuFunctions.o [1]
chrSetsRst              0x08003b5d   0x6a  Code  Gb  system.o [1]
chrgSym                 0x0800709c    0x8  Data  Gb  ssdGraph.o [1]
chron                   0x20000c0c  0x22c  Data  Gb  system.o [1]
clz                     0x08004c55   0x2c  Code  Lc  fix16.o [1]
currMenuItem            0x200010f4    0x4  Data  Gb  main.o [1]
currMenuItem            0x20000004    0x4  Data  Lc  MicroMenu.o [1]
deInitIR                0x080037f5   0x4a  Code  Gb  IR.o [1]
delay_us                0x08002135   0x60  Code  Gb  delay.o [1]
div                     0x08001425   0x20  Code  Gb  div.o [3]
drawChrScr              0x08003f71  0x1da  Code  Gb  system.o [1]
drawDisplay             0x080058a5   0xb8  Code  Gb  main.o [1]
drawHybrScr             0x08003d75  0x1ce  Code  Gb  system.o [1]
drawIncScr              0x08004159   0xe4  Code  Gb  system.o [1]
drawMenu                0x08003bc7  0x184  Code  Gb  system.o [1]
exit                    0x08006b3b    0x8  Code  Gb  exit.o [3]
fix16_add               0x08004bc9   0x24  Code  Gb  fix16.o [1]
fix16_atan              0x08004e33   0x10  Code  Gb  fix16_trig.o [1]
fix16_atan2             0x08004d8d   0xa6  Code  Gb  fix16_trig.o [1]
fix16_div               0x08004c81  0x104  Code  Gb  fix16.o [1]
fix16_min               0x080070f4    0x4  Data  Lc  fix16.o [1]
fix16_mul               0x08004bed   0x68  Code  Gb  fix16.o [1]
fix16_one               0x08007104    0x4  Data  Lc  fix16_trig.o [1]
fix16_one               0x08007108    0x4  Data  Lc  lis3.o [1]
fix16_overflow          0x080070f8    0x4  Data  Lc  fix16.o [1]
font12x16               0x0800639c  0x198  Data  Gb  ssdFonts.o [1]
font6x8                 0x0800426c  0x600  Data  Gb  ssdFonts.o [1]
gainCalFunc             0x08006799    0x2  Code  Gb  menuFunctions.o [1]
getNavEvent             0x080053d9  0x2f8  Code  Gb  buttons.o [1]
gppin_init              0x080061b7  0x1cc  Code  Gb  gpio.o [1]
hndlIRData              0x080031e1  0x4fe  Code  Gb  IR.o [1]
initClocks              0x080060dd   0xa0  Code  Gb  clock.o [1]
initGpios               0x0800617d   0x3a  Code  Gb  gpio.o [1]
initI2C1                0x08002195   0x98  Code  Gb  i2c.o [1]
initIRConfig            0x08003705   0xea  Code  Gb  IR.o [1]
initPeriphs             0x08005ba9   0x1c  Code  Gb  power.o [1]
irRxData                0x200010ac   0x14  Data  Gb  IR.o [1]
kalman                  0x20000fb0   0x5c  Data  Gb  filter.o [1]
kalmanAccCorr           0x08004e79  0x186  Code  Gb  filter.o [1]
lis3AxisCal             0x200010c0   0x14  Data  Gb  lis3.o [1]
lis3_getXYZ             0x08004913   0x40  Code  Gb  lis3.o [1]
lis3_read               0x080048d5   0x3e  Code  Gb  lis3.o [1]
lis3_write              0x080048a9   0x2c  Code  Gb  lis3.o [1]
lis3init                0x0800486d   0x3c  Code  Gb  lis3.o [1]
lpf                     0x08004fff   0x2e  Code  Gb  filter.o [1]
lpf::Dacc               0x200010f0    0x4  Data  Lc  filter.o [1]
lpf::Dout               0x200010f8    0x2  Data  Lc  filter.o [1]
lpfAccPrim              0x08004e55   0x24  Code  Gb  filter.o [1]
lpfPrim                 0x20001064   0x18  Data  Gb  filter.o [1]
main                    0x0800570d  0x176  Code  Gb  main.o [1]
meas                    0x200010e4    0x8  Data  Gb  system.o [1]
menu                    0x2000080c  0x400  Data  Gb  MicroMenu.o [1]
menuFolder              0x08006f8c   0x10  Data  Gb  ssdGraph.o [1]
menuScroll              0x0800711c    0x4  Data  Gb  ssdGraph.o [1]
offsCalFunc             0x08006797    0x2  Code  Gb  menuFunctions.o [1]
pabout                  0x08006b7c   0x18  Data  Gb  main.o [1]
pcc                     0x08006bf4   0x18  Data  Gb  main.o [1]
pchrbnd                 0x08006c24   0x18  Data  Gb  main.o [1]
pdb10edit               0x08006d14   0x18  Data  Gb  main.o [1]
pdb11edit               0x08006d2c   0x18  Data  Gb  main.o [1]
pdb12edit               0x08006d44   0x18  Data  Gb  main.o [1]
pdb13edit               0x08006d5c   0x18  Data  Gb  main.o [1]
pdb14edit               0x08006d74   0x18  Data  Gb  main.o [1]
pdb15edit               0x08006d8c   0x18  Data  Gb  main.o [1]
pdb1edit                0x08006c3c   0x18  Data  Gb  main.o [1]
pdb2edit                0x08006c54   0x18  Data  Gb  main.o [1]
pdb3edit                0x08006c6c   0x18  Data  Gb  main.o [1]
pdb4edit                0x08006c84   0x18  Data  Gb  main.o [1]
pdb5edit                0x08006c9c   0x18  Data  Gb  main.o [1]
pdb6edit                0x08006cb4   0x18  Data  Gb  main.o [1]
pdb7edit                0x08006ccc   0x18  Data  Gb  main.o [1]
pdb8edit                0x08006ce4   0x18  Data  Gb  main.o [1]
pdb9edit                0x08006cfc   0x18  Data  Gb  main.o [1]
pellets                 0x20000e38  0x178  Data  Gb  system.o [1]
pigc                    0x08006dd4   0x18  Data  Gb  main.o [1]
pinNum                  0x20000000    0x4  Data  Gb  gpio.o [1]
pinsMode                0x08006534   0xc0  Data  Gb  gpio.o [1]
pioc                    0x08006dbc   0x18  Data  Gb  main.o [1]
pmode                   0x08006bac   0x18  Data  Gb  main.o [1]
power                   0x200010dc    0x8  Data  Gb  power.o [1]
powerOff                0x08005b35   0x32  Code  Gb  power.o [1]
powerOn                 0x08005b23   0x12  Code  Gb  power.o [1]
powerTimRst             0x08005b67    0x8  Code  Gb  power.o [1]
ppot                    0x08006bc4   0x18  Data  Gb  main.o [1]
prgb                    0x08006da4   0x18  Data  Gb  main.o [1]
psd                     0x08006c0c   0x18  Data  Gb  main.o [1]
psinfo                  0x08006b94   0x18  Data  Gb  main.o [1]
pstats                  0x08006b64   0x18  Data  Gb  main.o [1]
pswres                  0x08006bdc   0x18  Data  Gb  main.o [1]
q16TiltCalc             0x08004953   0x48  Code  Gb  lis3.o [1]
rabout                  0x080067d4   0x1c  Data  Gb  main.o [1]
rservice                0x080067f0   0x1c  Data  Gb  main.o [1]
rsetts                  0x080067b8   0x1c  Data  Gb  main.o [1]
rstats                  0x0800679c   0x1c  Data  Gb  main.o [1]
scbind                  0x080068ec   0x1c  Data  Gb  main.o [1]
scclipc                 0x08006898   0x1c  Data  Gb  main.o [1]
scdist                  0x080068d0   0x1c  Data  Gb  main.o [1]
schrono                 0x08006828   0x1c  Data  Gb  main.o [1]
scpeldb                 0x080068b4   0x1c  Data  Gb  main.o [1]
sibrdr                  0x08006aac   0x1c  Data  Gb  main.o [1]
sigacal                 0x08006ae4   0x1c  Data  Gb  main.o [1]
sincline                0x08006844   0x1c  Data  Gb  main.o [1]
siofcal                 0x08006ac8   0x1c  Data  Gb  main.o [1]
smode                   0x0800680c   0x1c  Data  Gb  main.o [1]
spdbp1                  0x08006908   0x1c  Data  Gb  main.o [1]
spdbp10                 0x08006a04   0x1c  Data  Gb  main.o [1]
spdbp11                 0x08006a20   0x1c  Data  Gb  main.o [1]
spdbp12                 0x08006a3c   0x1c  Data  Gb  main.o [1]
spdbp13                 0x08006a58   0x1c  Data  Gb  main.o [1]
spdbp14                 0x08006a74   0x1c  Data  Gb  main.o [1]
spdbp15                 0x08006a90   0x1c  Data  Gb  main.o [1]
spdbp2                  0x08006924   0x1c  Data  Gb  main.o [1]
spdbp3                  0x08006940   0x1c  Data  Gb  main.o [1]
spdbp4                  0x0800695c   0x1c  Data  Gb  main.o [1]
spdbp5                  0x08006978   0x1c  Data  Gb  main.o [1]
spdbp6                  0x08006994   0x1c  Data  Gb  main.o [1]
spdbp7                  0x080069b0   0x1c  Data  Gb  main.o [1]
spdbp8                  0x080069cc   0x1c  Data  Gb  main.o [1]
spdbp9                  0x080069e8   0x1c  Data  Gb  main.o [1]
spofft                  0x08006860   0x1c  Data  Gb  main.o [1]
sprintf                 0x08002089   0x38  Code  Gb  sprintf.o [3]
ssdBatt                 0x08006f9c   0x10  Data  Gb  ssdGraph.o [1]
ssdVideoBff             0x20000408  0x404  Data  Gb  ug2864.o [1]
ssd_clearVidBff         0x08001ead   0x16  Code  Gb  ug2864.o [1]
ssd_clrAreaBff          0x08001ec9   0x68  Code  Gb  ug2864.o [1]
ssd_putBatt             0x08001b79  0x100  Code  Gb  ug2864.o [1]
ssd_putChar12x16        0x08001c79   0xf4  Code  Gb  ug2864.o [1]
ssd_putChar6x8          0x08001d91   0x5a  Code  Gb  ug2864.o [1]
ssd_putMessage          0x0800169d   0xd0  Code  Gb  ug2864.o [1]
ssd_putParWnd           0x08001587   0xfc  Code  Gb  ug2864.o [1]
ssd_putPitchBar         0x08001a09  0x16c  Code  Gb  ug2864.o [1]
ssd_putRollBar          0x080017b9  0x24c  Code  Gb  ug2864.o [1]
ssd_putString12x16      0x08001d6d   0x24  Code  Gb  ug2864.o [1]
ssd_putString6x8        0x08001deb   0x24  Code  Gb  ug2864.o [1]
ssd_putTxtEditWnd       0x0800144d   0xae  Code  Gb  ug2864.o [1]
ssd_putTxtParSelWnd     0x080014fb   0x8c  Code  Gb  ug2864.o [1]
ssd_setpix              0x08001e0f   0x9e  Code  Gb  ug2864.o [1]
stats                   0x20001094   0x18  Data  Gb  system.o [1]
statsParser             0x0800677d    0xc  Code  Gb  menuFunctions.o [1]
stopModeConfig          0x08005aa7   0x7c  Code  Gb  power.o [1]
strcat                  0x080020c1   0x1c  Code  Gb  strcat.o [3]
strcpy                  0x08003121         Code  Gb  strcpy.o [5]
strlen                  0x08000ddf   0x10  Code  Gb  strlen.o [5]
swResFunc               0x08006793    0x2  Code  Gb  menuFunctions.o [1]
swrst                   0x0800687c   0x1c  Data  Gb  main.o [1]
sync                    0x08005e17   0xce  Code  Gb  sync.o [1]
syncInit                0x08005dbd   0x5a  Code  Gb  sync.o [1]
sysPars                 0x2000100c   0x3c  Data  Gb  system.o [1]
trxAccData              0x080049a9  0x1ea  Code  Gb  lis3.o [1]
ug2864_com              0x0800201b   0x2c  Code  Gb  ug2864.o [1]
ug2864_refresh          0x08002047   0x20  Code  Gb  ug2864.o [1]
ug2864init              0x08001f69   0xb2  Code  Gb  ug2864.o [1]
ug2864off               0x08001f3d   0x16  Code  Gb  ug2864.o [1]
ug2864on                0x08001f53   0x16  Code  Gb  ug2864.o [1]


[1] = C:\Users\4eef\Projects\Chronograph+\SW\Chrono-Terminal-V1.0\firmware\PROJ_DIR\Debug\Obj
[2] = command line
[3] = dl6M_tln.a
[4] = m6M_tl.a
[5] = rt6M_tl.a
[6] = shb_l.a

  24 472 bytes of readonly  code memory
   4 546 bytes of readonly  data memory
   4 347 bytes of readwrite data memory

Errors: none
Warnings: none
