###############################################################################
#
# IAR ELF Linker V7.80.2.11947/W32 for ARM                13/Mar/2017  22:41:44
# Copyright 2007-2016 IAR Systems AB.
#
#    Output file  =  
#        C:\Users\4eef\Projects\Chronograph+\SW\Chrono-Terminal-V1.0\firmware\PROJ_DIR\Debug\Exe\Chrono-Terminal-V1.0.out
#    Map file     =  
#        C:\Users\4eef\Projects\Chronograph+\SW\Chrono-Terminal-V1.0\firmware\PROJ_DIR\Debug\List\Chrono-Terminal-V1.0.map
#    Command line =  
#        C:\Users\4eef\Projects\Chronograph+\SW\Chrono-Terminal-V1.0\firmware\PROJ_DIR\Debug\Obj\adc.o
#        C:\Users\4eef\Projects\Chronograph+\SW\Chrono-Terminal-V1.0\firmware\PROJ_DIR\Debug\Obj\battery.o
#        C:\Users\4eef\Projects\Chronograph+\SW\Chrono-Terminal-V1.0\firmware\PROJ_DIR\Debug\Obj\buttons.o
#        C:\Users\4eef\Projects\Chronograph+\SW\Chrono-Terminal-V1.0\firmware\PROJ_DIR\Debug\Obj\clock.o
#        C:\Users\4eef\Projects\Chronograph+\SW\Chrono-Terminal-V1.0\firmware\PROJ_DIR\Debug\Obj\delay.o
#        C:\Users\4eef\Projects\Chronograph+\SW\Chrono-Terminal-V1.0\firmware\PROJ_DIR\Debug\Obj\filter.o
#        C:\Users\4eef\Projects\Chronograph+\SW\Chrono-Terminal-V1.0\firmware\PROJ_DIR\Debug\Obj\fix16.o
#        C:\Users\4eef\Projects\Chronograph+\SW\Chrono-Terminal-V1.0\firmware\PROJ_DIR\Debug\Obj\fix16_exp.o
#        C:\Users\4eef\Projects\Chronograph+\SW\Chrono-Terminal-V1.0\firmware\PROJ_DIR\Debug\Obj\fix16_sqrt.o
#        C:\Users\4eef\Projects\Chronograph+\SW\Chrono-Terminal-V1.0\firmware\PROJ_DIR\Debug\Obj\fix16_trig.o
#        C:\Users\4eef\Projects\Chronograph+\SW\Chrono-Terminal-V1.0\firmware\PROJ_DIR\Debug\Obj\fract32.o
#        C:\Users\4eef\Projects\Chronograph+\SW\Chrono-Terminal-V1.0\firmware\PROJ_DIR\Debug\Obj\gpio.o
#        C:\Users\4eef\Projects\Chronograph+\SW\Chrono-Terminal-V1.0\firmware\PROJ_DIR\Debug\Obj\i2c.o
#        C:\Users\4eef\Projects\Chronograph+\SW\Chrono-Terminal-V1.0\firmware\PROJ_DIR\Debug\Obj\IR.o
#        C:\Users\4eef\Projects\Chronograph+\SW\Chrono-Terminal-V1.0\firmware\PROJ_DIR\Debug\Obj\lis3.o
#        C:\Users\4eef\Projects\Chronograph+\SW\Chrono-Terminal-V1.0\firmware\PROJ_DIR\Debug\Obj\main.o
#        C:\Users\4eef\Projects\Chronograph+\SW\Chrono-Terminal-V1.0\firmware\PROJ_DIR\Debug\Obj\MicroMenu.o
#        C:\Users\4eef\Projects\Chronograph+\SW\Chrono-Terminal-V1.0\firmware\PROJ_DIR\Debug\Obj\power.o
#        C:\Users\4eef\Projects\Chronograph+\SW\Chrono-Terminal-V1.0\firmware\PROJ_DIR\Debug\Obj\ssdFonts.o
#        C:\Users\4eef\Projects\Chronograph+\SW\Chrono-Terminal-V1.0\firmware\PROJ_DIR\Debug\Obj\ssdGraph.o
#        C:\Users\4eef\Projects\Chronograph+\SW\Chrono-Terminal-V1.0\firmware\PROJ_DIR\Debug\Obj\startup_stm32f042x6.o
#        C:\Users\4eef\Projects\Chronograph+\SW\Chrono-Terminal-V1.0\firmware\PROJ_DIR\Debug\Obj\sync.o
#        C:\Users\4eef\Projects\Chronograph+\SW\Chrono-Terminal-V1.0\firmware\PROJ_DIR\Debug\Obj\system.o
#        C:\Users\4eef\Projects\Chronograph+\SW\Chrono-Terminal-V1.0\firmware\PROJ_DIR\Debug\Obj\system_stm32f0xx.o
#        C:\Users\4eef\Projects\Chronograph+\SW\Chrono-Terminal-V1.0\firmware\PROJ_DIR\Debug\Obj\ug2864.o
#        C:\Users\4eef\Projects\Chronograph+\SW\Chrono-Terminal-V1.0\firmware\PROJ_DIR\Debug\Obj\uint32.o
#        -o
#        C:\Users\4eef\Projects\Chronograph+\SW\Chrono-Terminal-V1.0\firmware\PROJ_DIR\Debug\Exe\Chrono-Terminal-V1.0.out
#        --redirect _Printf=_PrintfLargeNoMb --map
#        C:\Users\4eef\Projects\Chronograph+\SW\Chrono-Terminal-V1.0\firmware\PROJ_DIR\Debug\List\Chrono-Terminal-V1.0.map
#        --config "C:\Program Files (x86)\IAR Systems\Embedded Workbench
#        7.5\arm\config\linker\ST\stm32f042x6.icf" --semihosting --entry
#        __iar_program_start --vfe
#
###############################################################################

*******************************************************************************
*** RUNTIME MODEL ATTRIBUTES
***

CppFlavor       = *
__SystemLibrary = DLib


*******************************************************************************
*** PLACEMENT SUMMARY
***

"A0":  place at 0x08000000 { ro section .intvec };
"P1":  place in [from 0x08000000 to 0x08007fff] { ro };
"P2":  place in [from 0x20000000 to 0x200017ff] { rw, block CSTACK, block HEAP };
initialize by copy { rw };

  Section            Kind        Address    Size  Object
  -------            ----        -------    ----  ------
"A0":                                       0xc0
  .intvec            ro code  0x08000000    0xc0  startup_stm32f042x6.o [1]
                            - 0x080000c0    0xc0

"P1":                                     0x6800
  .text              ro code  0x080000c0  0x1704  main.o [1]
  .text              ro code  0x080017c4    0x10  strcpy.o [5]
  .text              ro code  0x080017d4    0x38  sprintf.o [3]
  .text              ro code  0x0800180c   0x104  MicroMenu.o [1]
  .text              ro code  0x08001910   0x1d8  power.o [1]
  .text              ro code  0x08001ae8   0x164  sync.o [1]
  .text              ro code  0x08001c4c   0x1c0  battery.o [1]
  .text              ro code  0x08001e0c   0x33c  buttons.o [1]
  .text              ro code  0x08002148   0xc14  ug2864.o [1]
  .text              ro code  0x08002d5c    0xe0  I32DivModFast.o [5]
  .text              ro code  0x08002e3c    0x10  strlen.o [5]
  .text              ro code  0x08002e4c   0x230  lis3.o [1]
  .text              ro code  0x0800307c   0x1c4  fix16.o [1]
  .text              ro code  0x08003240    0xc8  fix16_trig.o [1]
  .text              ro code  0x08003308   0x1f4  filter.o [1]
  .text              ro code  0x080034fc     0x8  abs.o [3]
  .text              ro code  0x08003504   0xd0a  xprintflarge_nomb.o [3]
  .text              ro code  0x0800420e     0xa  xsprout.o [3]
  .text              ro code  0x08004218    0x50  ABImemset.o [5]
  .text              ro code  0x08004268    0x94  clock.o [1]
  .text              ro code  0x080042fc   0x4d8  IR.o [1]
  .text              ro code  0x080047d4   0x1f8  adc.o [1]
  .text              ro code  0x080049cc   0x220  gpio.o [1]
  .text              ro code  0x08004bec   0x3da  i2c.o [1]
  .rodata            const    0x08004fc6     0x2  main.o [1]
  .text              ro code  0x08004fc8    0x60  delay.o [1]
  .text              ro code  0x08005028     0x2  IntDivZer.o [5]
  .rodata            const    0x0800502a     0x2  ug2864.o [1]
  .text              ro code  0x0800502c    0x32  I64Mul.o [5]
  .rodata            const    0x0800505e     0x2  ug2864.o [1]
  .text              ro code  0x08005060    0x32  I32ToFlt.o [4]
  .text              ro code  0x08005092    0xb0  FltMul.o [4]
  .text              ro code  0x08005142     0x2  startup_stm32f042x6.o [1]
  .text              ro code  0x08005144    0x3a  FltToS32.o [4]
  .text              ro code  0x0800517e   0x120  FltAddSub.o [4]
  .text              ro code  0x0800529e    0xaa  FltDiv.o [4]
  .text              ro code  0x08005348    0x26  FltCmpLe.o [4]
  .text              ro code  0x0800536e     0x2  startup_stm32f042x6.o [1]
  .text              ro code  0x08005370    0x28  FltCmpGe.o [4]
  .text              ro code  0x08005398    0x22  xfdtest.o [4]
  .text              ro code  0x080053ba    0x14  strchr.o [5]
  .text              ro code  0x080053ce    0x18  memchr.o [5]
  .text              ro code  0x080053e6    0x6a  I64DivMod.o [5]
  .text              ro code  0x08005450    0x5c  ABImemcpy.o [5]
  .text              ro code  0x080054ac    0x32  DblCmpLe.o [4]
  .text              ro code  0x080054de   0x184  DblMul.o [4]
  .text              ro code  0x08005662    0xc2  DblDiv.o [4]
  .text              ro code  0x08005724    0x2e  DblToI32.o [4]
  .text              ro code  0x08005752     0x2  startup_stm32f042x6.o [1]
  .text              ro code  0x08005754    0x20  I32ToDbl.o [4]
  .text              ro code  0x08005774   0x1a8  DblAddSub.o [4]
  .text              ro code  0x0800591c    0x20  div.o [3]
  .text              ro code  0x0800593c     0x2  I64DivZer.o [5]
  .text              ro code  0x0800593e     0x2  startup_stm32f042x6.o [1]
  .rodata            const    0x08005940   0x600  ssdFonts.o [1]
  .rodata            const    0x08005f40   0x198  ssdFonts.o [1]
  .rodata            const    0x080060d8    0xc0  gpio.o [1]
  .text              ro code  0x08006198    0x94  system_stm32f0xx.o [1]
  .text              ro code  0x0800622c    0x3c  startup_stm32f042x6.o [1]
  .text              ro code  0x08006268    0x3c  zero_init3.o [5]
  .text              ro code  0x080062a4    0x30  copy_init3.o [5]
  .rodata            const    0x080062d4    0x2c  main.o [1]
  .rodata            const    0x08006300    0x2c  main.o [1]
  .rodata            const    0x0800632c    0x2c  main.o [1]
  .rodata            const    0x08006358    0x28  main.o [1]
  .rodata            const    0x08006380    0x28  main.o [1]
  .rodata            const    0x080063a8    0x28  main.o [1]
  .rodata            const    0x080063d0    0x28  main.o [1]
  .rodata            const    0x080063f8    0x28  main.o [1]
  .rodata            const    0x08006420    0x28  main.o [1]
  .rodata            const    0x08006448    0x28  main.o [1]
  .text              ro code  0x08006470    0x28  data_init.o [5]
  .rodata            const    0x08006498    0x24  main.o [1]
  .rodata            const    0x080064bc    0x24  main.o [1]
  .rodata            const    0x080064e0    0x24  main.o [1]
  .rodata            const    0x08006504    0x24  main.o [1]
  .rodata            const    0x08006528    0x24  main.o [1]
  .iar.init_table    const    0x0800654c    0x24  - Linker created -
  .rodata            const    0x08006570    0x20  main.o [1]
  .rodata            const    0x08006590    0x20  main.o [1]
  .rodata            const    0x080065b0    0x20  main.o [1]
  .rodata            const    0x080065d0    0x20  main.o [1]
  .text              ro code  0x080065f0    0x1a  cmain.o [5]
  .text              ro code  0x0800660a     0x4  low_level_init.o [3]
  .text              ro code  0x0800660e     0x8  exit.o [3]
  .text              ro code  0x08006616     0x2  startup_stm32f042x6.o [1]
  .text              ro code  0x08006618     0xa  cexit.o [5]
  .text              ro code  0x08006622     0x2  startup_stm32f042x6.o [1]
  .text              ro code  0x08006624    0x14  exit.o [6]
  .rodata            const    0x08006638    0x18  main.o [1]
  .rodata            const    0x08006650    0x18  MicroMenu.o [1]
  .rodata            const    0x08006668    0x14  battery.o [1]
  .rodata            const    0x0800667c    0x14  main.o [1]
  .rodata            const    0x08006690    0x14  main.o [1]
  .rodata            const    0x080066a4    0x14  main.o [1]
  .rodata            const    0x080066b8    0x14  main.o [1]
  .rodata            const    0x080066cc    0x14  main.o [1]
  .rodata            const    0x080066e0    0x14  main.o [1]
  .rodata            const    0x080066f4    0x14  main.o [1]
  .rodata            const    0x08006708    0x14  main.o [1]
  .rodata            const    0x0800671c    0x14  main.o [1]
  .rodata            const    0x08006730    0x14  sync.o [1]
  .rodata            const    0x08006744    0x10  main.o [1]
  .rodata            const    0x08006754    0x10  main.o [1]
  .rodata            const    0x08006764    0x10  main.o [1]
  .rodata            const    0x08006774    0x10  main.o [1]
  .rodata            const    0x08006784    0x10  main.o [1]
  .rodata            const    0x08006794    0x10  ssdGraph.o [1]
  .rodata            const    0x080067a4    0x10  ssdGraph.o [1]
  .rodata            const    0x080067b4     0xc  battery.o [1]
  .rodata            const    0x080067c0     0xc  main.o [1]
  .rodata            const    0x080067cc     0xc  main.o [1]
  .rodata            const    0x080067d8     0xc  main.o [1]
  .rodata            const    0x080067e4     0xc  main.o [1]
  .rodata            const    0x080067f0     0xc  main.o [1]
  .text              ro code  0x080067fc     0xc  cstartup_M.o [5]
  .rodata            const    0x08006808     0x8  main.o [1]
  .rodata            const    0x08006810     0x8  main.o [1]
  .rodata            const    0x08006818     0x8  main.o [1]
  .rodata            const    0x08006820     0x8  main.o [1]
  .rodata            const    0x08006828     0x8  main.o [1]
  .rodata            const    0x08006830     0x8  main.o [1]
  .rodata            const    0x08006838     0x8  main.o [1]
  .rodata            const    0x08006840     0x8  main.o [1]
  .rodata            const    0x08006848     0x8  main.o [1]
  .rodata            const    0x08006850     0x8  ssdGraph.o [1]
  .rodata            const    0x08006858     0x8  ug2864.o [1]
  .rodata            const    0x08006860     0x8  ug2864.o [1]
  .rodata            const    0x08006868     0x8  xprintflarge_nomb.o [3]
  Initializer bytes  const    0x08006870     0x8  <for P2-1>
  .rodata            const    0x08006878     0x4  fix16.o [1]
  .rodata            const    0x0800687c     0x4  fix16.o [1]
  .rodata            const    0x08006880     0x4  fix16_trig.o [1]
  .rodata            const    0x08006884     0x4  fix16_trig.o [1]
  .rodata            const    0x08006888     0x4  fix16_trig.o [1]
  .rodata            const    0x0800688c     0x4  main.o [1]
  .rodata            const    0x08006890     0x4  ssdGraph.o [1]
  .text              ro code  0x08006894     0x2  startup_stm32f042x6.o [1]
  .text              ro code  0x08006896     0x2  startup_stm32f042x6.o [1]
  .text              ro code  0x08006898     0x2  startup_stm32f042x6.o [1]
  .text              ro code  0x0800689a     0x2  startup_stm32f042x6.o [1]
  .text              ro code  0x0800689c     0x2  startup_stm32f042x6.o [1]
  .text              ro code  0x0800689e     0x2  startup_stm32f042x6.o [1]
  .text              ro code  0x080068a0     0x2  startup_stm32f042x6.o [1]
  .text              ro code  0x080068a2     0x2  startup_stm32f042x6.o [1]
  .text              ro code  0x080068a4     0x2  startup_stm32f042x6.o [1]
  .text              ro code  0x080068a6     0x2  startup_stm32f042x6.o [1]
  .text              ro code  0x080068a8     0x2  startup_stm32f042x6.o [1]
  .text              ro code  0x080068aa     0x2  startup_stm32f042x6.o [1]
  .text              ro code  0x080068ac     0x2  startup_stm32f042x6.o [1]
  .text              ro code  0x080068ae     0x2  startup_stm32f042x6.o [1]
  .text              ro code  0x080068b0     0x2  startup_stm32f042x6.o [1]
  .text              ro code  0x080068b2     0x2  startup_stm32f042x6.o [1]
  .text              ro code  0x080068b4     0x2  startup_stm32f042x6.o [1]
  .text              ro code  0x080068b6     0x2  startup_stm32f042x6.o [1]
  .text              ro code  0x080068b8     0x2  startup_stm32f042x6.o [1]
  .text              ro code  0x080068ba     0x2  startup_stm32f042x6.o [1]
  .text              ro code  0x080068bc     0x2  startup_stm32f042x6.o [1]
  .text              ro code  0x080068be     0x2  startup_stm32f042x6.o [1]
  .rodata            const    0x080068c0     0x0  zero_init3.o [5]
  .rodata            const    0x080068c0     0x0  copy_init3.o [5]
                            - 0x080068c0  0x6800

"P2", part 1 of 3:                           0x8
  P2-1                        0x20000000     0x8  <Init block>
    .data            inited   0x20000000     0x4  gpio.o [1]
    .data            inited   0x20000004     0x4  MicroMenu.o [1]
                            - 0x20000008     0x8

"P2", part 2 of 3:                         0x400
  CSTACK                      0x20000008   0x400  <Block>
    CSTACK           uninit   0x20000008   0x400  <Block tail>
                            - 0x20000408   0x400

"P2", part 3 of 3:                         0x9f8
  .bss               zero     0x20000408   0x404  ug2864.o [1]
  .bss               zero     0x2000080c   0x260  system.o [1]
  .bss               zero     0x20000a6c   0x16c  system.o [1]
  .bss               zero     0x20000bd8   0x128  MicroMenu.o [1]
  .bss               zero     0x20000d00    0x5c  filter.o [1]
  .bss               zero     0x20000d5c    0x18  filter.o [1]
  .bss               zero     0x20000d74    0x18  lis3.o [1]
  .bss               zero     0x20000d8c    0x18  ug2864.o [1]
  .bss               zero     0x20000da4    0x14  IR.o [1]
  .bss               zero     0x20000db8    0x14  lis3.o [1]
  .bss               zero     0x20000dcc     0x8  buttons.o [1]
  .bss               zero     0x20000dd4     0x8  power.o [1]
  .bss               zero     0x20000ddc     0x4  adc.o [1]
  .bss               zero     0x20000de0     0x4  filter.o [1]
  .bss               zero     0x20000de4     0x4  main.o [1]
  .bss               zero     0x20000de8     0x4  system.o [1]
  .bss               zero     0x20000dec     0x2  filter.o [1]
  .bss               zero     0x20000dee     0x2  main.o [1]
  .bss               zero     0x20000df0     0x2  main.o [1]
  .bss               zero     0x20000df2     0x2  main.o [1]
  .bss               zero     0x20000df4     0x2  main.o [1]
  .bss               zero     0x20000df6     0x2  main.o [1]
  .bss               zero     0x20000df8     0x2  main.o [1]
  .bss               zero     0x20000dfa     0x2  main.o [1]
  .bss               zero     0x20000dfc     0x2  main.o [1]
  .bss               zero     0x20000dfe     0x1  battery.o [1]
  .bss               zero     0x20000dff     0x1  ug2864.o [1]
                            - 0x20000e00   0x9f8


*******************************************************************************
*** INIT TABLE
***

          Address     Size
          -------     ----
Zero (__iar_zero_init3)
    1 destination range, total size 0x9f8:
          0x20000408  0x9f8

Copy (__iar_copy_init3)
    1 source range, total size 0x8:
          0x08006870    0x8
    1 destination range, total size 0x8:
          0x20000000    0x8



*******************************************************************************
*** MODULE SUMMARY
***

    Module                 ro code  ro data  rw data
    ------                 -------  -------  -------
C:\Users\4eef\Projects\Chronograph+\SW\Chrono-Terminal-V1.0\firmware\PROJ_DIR\Debug\Obj: [1]
    IR.o                     1 240                20
    MicroMenu.o                260       28      300
    adc.o                      504                 4
    battery.o                  448       32        1
    buttons.o                  828                 8
    clock.o                    148
    delay.o                     96
    filter.o                   500               122
    fix16.o                    452        8
    fix16_trig.o               200       12
    gpio.o                     544      196        4
    i2c.o                      986
    lis3.o                     560                44
    main.o                   5 892    1 142       20
    power.o                    472                 8
    ssdFonts.o                        1 944
    ssdGraph.o                           44
    startup_stm32f042x6.o      308
    sync.o                     356       20
    system.o                                     976
    system_stm32f0xx.o         148
    ug2864.o                 3 092       20    1 053
    ------------------------------------------------
    Total:                  17 034    3 446    2 560

command line: [2]
    ------------------------------------------------
    Total:

dl6M_tln.a: [3]
    abs.o                        8
    div.o                       32
    exit.o                       8
    low_level_init.o             4
    sprintf.o                   56
    xprintflarge_nomb.o      3 338        8
    xsprout.o                   10
    ------------------------------------------------
    Total:                   3 456        8

m6M_tl.a: [4]
    DblAddSub.o                424
    DblCmpLe.o                  50
    DblDiv.o                   194
    DblMul.o                   388
    DblToI32.o                  46
    FltAddSub.o                288
    FltCmpGe.o                  40
    FltCmpLe.o                  38
    FltDiv.o                   170
    FltMul.o                   176
    FltToS32.o                  58
    I32ToDbl.o                  32
    I32ToFlt.o                  50
    xfdtest.o                   34
    ------------------------------------------------
    Total:                   1 988

rt6M_tl.a: [5]
    ABImemcpy.o                 92
    ABImemset.o                 80
    I32DivModFast.o            224
    I64DivMod.o                106
    I64DivZer.o                  2
    I64Mul.o                    50
    IntDivZer.o                  2
    cexit.o                     10
    cmain.o                     26
    copy_init3.o                48
    cstartup_M.o                12
    data_init.o                 40
    memchr.o                    24
    strchr.o                    20
    strcpy.o                    16
    strlen.o                    16
    zero_init3.o                60
    ------------------------------------------------
    Total:                     828

shb_l.a: [6]
    exit.o                      20
    ------------------------------------------------
    Total:                      20

    Linker created                       36    1 024
----------------------------------------------------
    Grand Total:            23 326    3 490    3 584


*******************************************************************************
*** ENTRY LIST
***

Entry                      Address   Size  Type      Object
-----                      -------   ----  ----      ------
.iar.init_table$$Base   0x0800654c          --   Gb  - Linker created -
.iar.init_table$$Limit  0x08006570          --   Gb  - Linker created -
?main                   0x080065f1         Code  Gb  cmain.o [5]
ADC1_IRQHandler         0x08004915   0x82  Code  Gb  adc.o [1]
CSTACK$$Base            0x20000008          --   Gb  - Linker created -
CSTACK$$Limit           0x20000408          --   Gb  - Linker created -
CurrentMenuItem         0x20000de4    0x4  Data  Gb  main.o [1]
CurrentMenuItem         0x20000004    0x4  Data  Lc  MicroMenu.o [1]
EXTI4_15_IRQHandler     0x080019b1   0x22  Code  Gb  power.o [1]
I2C1_IRQHandler         0x08004fc5    0x2  Code  Gb  i2c.o [1]
I2CRx                   0x08004d15   0xec  Code  Gb  i2c.o [1]
I2CRxInit               0x08004c7d   0x98  Code  Gb  i2c.o [1]
I2CTx                   0x08004eb9   0xec  Code  Gb  i2c.o [1]
I2CTxInit               0x08004e01   0x96  Code  Gb  i2c.o [1]
IRRXData                0x20000da4   0x14  Data  Gb  IR.o [1]
LoadInt                 0x08003ac5   0x68  Code  Lc  xprintflarge_nomb.o [3]
Menu_EnterCurrentItem   0x080018d1   0x26  Code  Gb  MicroMenu.o [1]
Menu_GetCurrentMenu     0x0800180d    0x6  Code  Gb  MicroMenu.o [1]
Menu_Navigate           0x08001813   0xbe  Code  Gb  MicroMenu.o [1]
NULL_MENU               0x08006650   0x18  Data  Gb  MicroMenu.o [1]
NVIC_DisableIRQ         0x080047e3    0xe  Code  Lc  adc.o [1]
NVIC_DisableIRQ         0x0800430b    0xe  Code  Lc  IR.o [1]
NVIC_DisableIRQ         0x0800191f    0xe  Code  Lc  power.o [1]
NVIC_EnableIRQ          0x080047d5    0xe  Code  Lc  adc.o [1]
NVIC_EnableIRQ          0x080042fd    0xe  Code  Lc  IR.o [1]
NVIC_EnableIRQ          0x08001911    0xe  Code  Lc  power.o [1]
NVIC_SetPriority        0x080047f1   0x84  Code  Lc  adc.o [1]
NVIC_SetPriority        0x08004319   0x84  Code  Lc  IR.o [1]
NVIC_SetPriority        0x0800192d   0x84  Code  Lc  power.o [1]
PI_DIV_4                0x08006880    0x4  Data  Lc  fix16_trig.o [1]
Region$$Table$$Base     0x0800654c          --   Gb  - Linker created -
Region$$Table$$Limit    0x08006570          --   Gb  - Linker created -
SystemInit              0x08006199   0x68  Code  Gb  system_stm32f0xx.o [1]
THREE_PI_DIV_4          0x08006884    0x4  Data  Lc  fix16_trig.o [1]
TIM2_IRQHandler         0x08004519  0x28a  Code  Gb  IR.o [1]
_GenldLargeNoMb         0x08003f41  0x29a  Code  Lc  xprintflarge_nomb.o [3]
_LdtobLargeNoMb         0x08003c59  0x2b0  Code  Lc  xprintflarge_nomb.o [3]
_LitobLargeNoMb         0x08003b2d  0x12a  Code  Lc  xprintflarge_nomb.o [3]
_PrintfLargeNoMb        0x08003505  0x5c0  Code  Gb  xprintflarge_nomb.o [3]
_PutcharsLargeNoMb      0x080041db   0x30  Code  Lc  xprintflarge_nomb.o [3]
_SProut                 0x0800420f    0xa  Code  Gb  xsprout.o [3]
__ICFEDIT_region_RAM_end__ {Abs}
                        0x200017ff         Data  Gb  command line/config [2]
__ICFEDIT_region_RAM_start__ {Abs}
                        0x20000000         Data  Gb  command line/config [2]
__aeabi_cdcmple         0x080054ad         Code  Gb  DblCmpLe.o [4]
__aeabi_cfcmple         0x08005349         Code  Gb  FltCmpLe.o [4]
__aeabi_cfrcmple        0x08005371         Code  Gb  FltCmpGe.o [4]
__aeabi_d2uiz           0x08005725         Code  Gb  DblToI32.o [4]
__aeabi_ddiv            0x08005663         Code  Gb  DblDiv.o [4]
__aeabi_dmul            0x080054df         Code  Gb  DblMul.o [4]
__aeabi_dsub            0x0800582f         Code  Gb  DblAddSub.o [4]
__aeabi_f2iz            0x08005145         Code  Gb  FltToS32.o [4]
__aeabi_fadd            0x0800517f         Code  Gb  FltAddSub.o [4]
__aeabi_fdiv            0x0800529f         Code  Gb  FltDiv.o [4]
__aeabi_fmul            0x08005093         Code  Gb  FltMul.o [4]
__aeabi_fsub            0x080051ef         Code  Gb  FltAddSub.o [4]
__aeabi_i2f             0x08005061         Code  Gb  I32ToFlt.o [4]
__aeabi_idiv            0x08002d89         Code  Gb  I32DivModFast.o [5]
__aeabi_idiv0           0x08005029         Code  Gb  IntDivZer.o [5]
__aeabi_idivmod         0x08002d89         Code  Gb  I32DivModFast.o [5]
__aeabi_ldiv0           0x0800593d         Code  Gb  I64DivZer.o [5]
__aeabi_lmul            0x0800502d         Code  Gb  I64Mul.o [5]
__aeabi_memcpy          0x08005451         Code  Gb  ABImemcpy.o [5]
__aeabi_memset          0x08004219         Code  Gb  ABImemset.o [5]
__aeabi_ui2d            0x08005755         Code  Gb  I32ToDbl.o [4]
__aeabi_uidiv           0x08002d8f         Code  Gb  I32DivModFast.o [5]
__aeabi_uidivmod        0x08002d8f         Code  Gb  I32DivModFast.o [5]
__aeabi_uldivmod        0x080053e7         Code  Gb  I64DivMod.o [5]
__cmain                 0x080065f1         Code  Gb  cmain.o [5]
__exit                  0x08006625   0x14  Code  Gb  exit.o [6]
__iar_FDtest            0x08005399   0x22  Code  Gb  xfdtest.o [4]
__iar_Memchr            0x080053cf   0x18  Code  Gb  memchr.o [5]
__iar_Memset4_word      0x08004239         Code  Gb  ABImemset.o [5]
__iar_Memset_word       0x08004225         Code  Gb  ABImemset.o [5]
__iar_Strchr            0x080053bb   0x14  Code  Gb  strchr.o [5]
__iar_copy_init3        0x080062a5   0x30  Code  Gb  copy_init3.o [5]
__iar_d2uiz             0x08005729         Code  Gb  DblToI32.o [4]
__iar_data_init3        0x08006471   0x28  Code  Gb  data_init.o [5]
__iar_program_start     0x080067fd         Code  Gb  cstartup_M.o [5]
__iar_ui2d              0x08005759         Code  Gb  I32ToDbl.o [4]
__iar_ui2f              0x08005079         Code  Gb  I32ToFlt.o [4]
__iar_zero_init3        0x08006269   0x3c  Code  Gb  zero_init3.o [5]
__low_level_init        0x0800660b    0x4  Code  Gb  low_level_init.o [3]
__vector_table          0x08000000         Data  Gb  startup_stm32f042x6.o [1]
_call_main              0x080065fd         Code  Gb  cmain.o [5]
_exit                   0x08006619         Code  Gb  cexit.o [5]
_main                   0x08006607         Code  Gb  cmain.o [5]
about                   0x08006590   0x20  Data  Gb  main.o [1]
abs                     0x080034fd    0x8  Code  Gb  abs.o [3]
accGainCal              0x08002f33  0x12e  Code  Gb  lis3.o [1]
accel                   0x20000d74   0x18  Data  Gb  lis3.o [1]
adcData                 0x20000ddc    0x4  Data  Gb  adc.o [1]
adcDeinit               0x08004875   0x24  Code  Gb  adc.o [1]
adcInit                 0x08004899   0x7c  Code  Gb  adc.o [1]
battCalc                0x08001c4d  0x1c0  Code  Gb  battery.o [1]
battCalc::percFlag      0x20000dfe    0x1  Data  Lc  battery.o [1]
btnCntsClr              0x0800211d   0x1a  Code  Gb  buttons.o [1]
buttons                 0x20000dcc    0x8  Data  Gb  buttons.o [1]
chrgSym                 0x08006850    0x8  Data  Gb  ssdGraph.o [1]
clz                     0x08003109   0x2c  Code  Lc  fix16.o [1]
deInitIR                0x08004487   0x4a  Code  Gb  IR.o [1]
delay_us                0x08004fc9   0x60  Code  Gb  delay.o [1]
display                 0x08006570   0x20  Data  Gb  main.o [1]
div                     0x0800591d   0x20  Code  Gb  div.o [3]
drawMainScreen          0x08001319  0x464  Code  Gb  main.o [1]
drawMainScreen::prvMagStat
                        0x20000df8    0x2  Data  Lc  main.o [1]
drawMainScreen::prvPitch
                        0x20000dfc    0x2  Data  Lc  main.o [1]
drawMainScreen::prvRoll
                        0x20000dfa    0x2  Data  Lc  main.o [1]
drawMainScreen::prvSpd0
                        0x20000dee    0x2  Data  Lc  main.o [1]
drawMainScreen::prvSpd1
                        0x20000df0    0x2  Data  Lc  main.o [1]
drawMainScreen::prvSpd2
                        0x20000df2    0x2  Data  Lc  main.o [1]
drawMainScreen::prvSpd3
                        0x20000df4    0x2  Data  Lc  main.o [1]
drawMainScreen::prvSpd4
                        0x20000df6    0x2  Data  Lc  main.o [1]
drawMenu                0x08001219   0xba  Code  Gb  main.o [1]
exit                    0x0800660f    0x8  Code  Gb  exit.o [3]
fix16_add               0x0800307d   0x24  Code  Gb  fix16.o [1]
fix16_atan              0x080032e7   0x10  Code  Gb  fix16_trig.o [1]
fix16_atan2             0x08003241   0xa6  Code  Gb  fix16_trig.o [1]
fix16_div               0x08003135  0x104  Code  Gb  fix16.o [1]
fix16_min               0x08006878    0x4  Data  Lc  fix16.o [1]
fix16_mul               0x080030a1   0x68  Code  Gb  fix16.o [1]
fix16_one               0x08006888    0x4  Data  Lc  fix16_trig.o [1]
fix16_one               0x0800688c    0x4  Data  Lc  main.o [1]
fix16_overflow          0x0800687c    0x4  Data  Lc  fix16.o [1]
font12x16               0x08005f40  0x198  Data  Gb  ssdFonts.o [1]
font6x8                 0x08005940  0x600  Data  Gb  ssdFonts.o [1]
getButtonState          0x08001e0d  0x300  Code  Gb  buttons.o [1]
gppin_init              0x08004a07  0x1cc  Code  Gb  gpio.o [1]
initClocks              0x08004269   0x94  Code  Gb  clock.o [1]
initGpios               0x080049cd   0x3a  Code  Gb  gpio.o [1]
initI2C1                0x08004bed   0x90  Code  Gb  i2c.o [1]
initIRConfig            0x0800439d   0xea  Code  Gb  IR.o [1]
initPeriphs             0x08001acd   0x1c  Code  Gb  power.o [1]
kalman                  0x20000d00   0x5c  Data  Gb  filter.o [1]
kalmanAccCorr           0x0800332d  0x186  Code  Gb  filter.o [1]
lis3AxisCal             0x20000db8   0x14  Data  Gb  lis3.o [1]
lis3_getXYZ             0x08002ef3   0x40  Code  Gb  lis3.o [1]
lis3_read               0x08002eb5   0x3e  Code  Gb  lis3.o [1]
lis3_write              0x08002e89   0x2c  Code  Gb  lis3.o [1]
lis3init                0x08002e4d   0x3c  Code  Gb  lis3.o [1]
lpf                     0x080034b3   0x2e  Code  Gb  filter.o [1]
lpf::Dacc               0x20000de0    0x4  Data  Lc  filter.o [1]
lpf::Dout               0x20000dec    0x2  Data  Lc  filter.o [1]
lpfAccPrim              0x08003309   0x24  Code  Gb  filter.o [1]
lpfPrim                 0x20000d5c   0x18  Data  Gb  filter.o [1]
main                    0x080000c1  0xd30  Code  Gb  main.o [1]
mchron                  0x08006504   0x24  Data  Gb  main.o [1]
mcommon                 0x080065b0   0x20  Data  Gb  main.o [1]
meas                    0x2000080c  0x260  Data  Gb  system.o [1]
menu                    0x20000bd8  0x128  Data  Gb  MicroMenu.o [1]
menuFolder              0x08006794   0x10  Data  Gb  ssdGraph.o [1]
menuScroll              0x08006890    0x4  Data  Gb  ssdGraph.o [1]
mincline                0x08006380   0x28  Data  Gb  main.o [1]
mode                    0x08006498   0x24  Data  Gb  main.o [1]
modeEdit                0x08000f85   0x6c  Code  Gb  main.o [1]
parEdit                 0x08000f29   0x48  Code  Gb  main.o [1]
parEditRedir            0x08000e29   0xf6  Code  Gb  main.o [1]
pellets                 0x20000a6c  0x16c  Data  Gb  system.o [1]
pinNum                  0x20000000    0x4  Data  Gb  gpio.o [1]
pinsMode                0x080060d8   0xc0  Data  Gb  gpio.o [1]
power                   0x20000dd4    0x8  Data  Gb  power.o [1]
powerOff                0x08001a4f   0x32  Code  Gb  power.o [1]
powerOn                 0x08001a81   0x12  Code  Gb  power.o [1]
q16TiltCalc             0x08001001   0x48  Code  Gb  main.o [1]
scbind                  0x080065d0   0x20  Data  Gb  main.o [1]
scdist                  0x08006448   0x28  Data  Gb  main.o [1]
schrono                 0x08006528   0x24  Data  Gb  main.o [1]
sclipc                  0x080063a8   0x28  Data  Gb  main.o [1]
service                 0x08006358   0x28  Data  Gb  main.o [1]
setts                   0x080064e0   0x24  Data  Gb  main.o [1]
sibrdr                  0x080062d4   0x2c  Data  Gb  main.o [1]
sigacal                 0x0800632c   0x2c  Data  Gb  main.o [1]
sincline                0x080063d0   0x28  Data  Gb  main.o [1]
siofcal                 0x08006300   0x2c  Data  Gb  main.o [1]
spofft                  0x080063f8   0x28  Data  Gb  main.o [1]
sprintf                 0x080017d5   0x38  Code  Gb  sprintf.o [3]
ssdBatt                 0x080067a4   0x10  Data  Gb  ssdGraph.o [1]
ssdVideoBff             0x20000408  0x404  Data  Gb  ug2864.o [1]
ssd_putBatt             0x08002893  0x100  Code  Gb  ug2864.o [1]
ssd_putChar12x16        0x080029a1   0xf4  Code  Gb  ug2864.o [1]
ssd_putChar6x8          0x08002ab9   0x5a  Code  Gb  ug2864.o [1]
ssd_putMenuFolder       0x08002843   0x50  Code  Gb  ug2864.o [1]
ssd_putMenuScroll       0x08002665   0xae  Code  Gb  ug2864.o [1]
ssd_putMessage          0x080022a9   0xf4  Code  Gb  ug2864.o [1]
ssd_putMessage::msgCnt  0x20000dff    0x1  Data  Lc  ug2864.o [1]
ssd_putMessage::msgStr  0x20000d8c   0x18  Data  Lc  ug2864.o [1]
ssd_putMsgBox           0x080023b5   0x8a  Code  Gb  ug2864.o [1]
ssd_putParBox           0x080021e9   0xc0  Code  Gb  ug2864.o [1]
ssd_putPitchBar         0x08002713  0x130  Code  Gb  ug2864.o [1]
ssd_putRollBar          0x0800243f  0x226  Code  Gb  ug2864.o [1]
ssd_putStrClr           0x08002149   0xa0  Code  Gb  ug2864.o [1]
ssd_putString12x16      0x08002a95   0x24  Code  Gb  ug2864.o [1]
ssd_putString6x8        0x08002b19   0x24  Code  Gb  ug2864.o [1]
ssd_setpix              0x08002b3d   0xc8  Code  Gb  ug2864.o [1]
sswrst                  0x08006420   0x28  Data  Gb  main.o [1]
stats                   0x080064bc   0x24  Data  Gb  main.o [1]
stopModeConfig          0x080019d3   0x7c  Code  Gb  power.o [1]
strcpy                  0x080017c5         Code  Gb  strcpy.o [5]
strlen                  0x08002e3d   0x10  Code  Gb  strlen.o [5]
sync                    0x08001b43   0xc4  Code  Gb  sync.o [1]
syncInit                0x08001ae9   0x5a  Code  Gb  sync.o [1]
sysPars                 0x20000de8    0x4  Data  Gb  system.o [1]
trxAccData              0x0800108d  0x16e  Code  Gb  main.o [1]
ug2864_com              0x08002ceb   0x2c  Code  Gb  ug2864.o [1]
ug2864_refresh          0x08002d21   0x20  Code  Gb  ug2864.o [1]
ug2864init              0x08002c39   0xb2  Code  Gb  ug2864.o [1]
ug2864off               0x08002c0d   0x16  Code  Gb  ug2864.o [1]
ug2864on                0x08002c23   0x16  Code  Gb  ug2864.o [1]


[1] = C:\Users\4eef\Projects\Chronograph+\SW\Chrono-Terminal-V1.0\firmware\PROJ_DIR\Debug\Obj
[2] = command line
[3] = dl6M_tln.a
[4] = m6M_tl.a
[5] = rt6M_tl.a
[6] = shb_l.a

  23 326 bytes of readonly  code memory
   3 490 bytes of readonly  data memory
   3 584 bytes of readwrite data memory

Errors: none
Warnings: none
