###############################################################################
#
# IAR ELF Linker V7.80.2.11947/W32 for ARM                12/Jan/2017  13:47:00
# Copyright 2007-2016 IAR Systems AB.
#
#    Output file  =  
#        C:\Users\4eef\Projects\Chronograph+\SW\Chrono-Terminal-V1.0\firmware\PROJ_DIR\Debug\Exe\Chrono-Terminal-V1.0.out
#    Map file     =  
#        C:\Users\4eef\Projects\Chronograph+\SW\Chrono-Terminal-V1.0\firmware\PROJ_DIR\Debug\List\Chrono-Terminal-V1.0.map
#    Command line =  
#        C:\Users\4eef\Projects\Chronograph+\SW\Chrono-Terminal-V1.0\firmware\PROJ_DIR\Debug\Obj\clock.o
#        C:\Users\4eef\Projects\Chronograph+\SW\Chrono-Terminal-V1.0\firmware\PROJ_DIR\Debug\Obj\delay.o
#        C:\Users\4eef\Projects\Chronograph+\SW\Chrono-Terminal-V1.0\firmware\PROJ_DIR\Debug\Obj\filter.o
#        C:\Users\4eef\Projects\Chronograph+\SW\Chrono-Terminal-V1.0\firmware\PROJ_DIR\Debug\Obj\gpio.o
#        C:\Users\4eef\Projects\Chronograph+\SW\Chrono-Terminal-V1.0\firmware\PROJ_DIR\Debug\Obj\i2c.o
#        C:\Users\4eef\Projects\Chronograph+\SW\Chrono-Terminal-V1.0\firmware\PROJ_DIR\Debug\Obj\IR.o
#        C:\Users\4eef\Projects\Chronograph+\SW\Chrono-Terminal-V1.0\firmware\PROJ_DIR\Debug\Obj\lis3.o
#        C:\Users\4eef\Projects\Chronograph+\SW\Chrono-Terminal-V1.0\firmware\PROJ_DIR\Debug\Obj\main.o
#        C:\Users\4eef\Projects\Chronograph+\SW\Chrono-Terminal-V1.0\firmware\PROJ_DIR\Debug\Obj\MicroMenu.o
#        C:\Users\4eef\Projects\Chronograph+\SW\Chrono-Terminal-V1.0\firmware\PROJ_DIR\Debug\Obj\ssdFonts.o
#        C:\Users\4eef\Projects\Chronograph+\SW\Chrono-Terminal-V1.0\firmware\PROJ_DIR\Debug\Obj\ssdGraph.o
#        C:\Users\4eef\Projects\Chronograph+\SW\Chrono-Terminal-V1.0\firmware\PROJ_DIR\Debug\Obj\startup_stm32f042x6.o
#        C:\Users\4eef\Projects\Chronograph+\SW\Chrono-Terminal-V1.0\firmware\PROJ_DIR\Debug\Obj\stm32f0xx_hal.o
#        C:\Users\4eef\Projects\Chronograph+\SW\Chrono-Terminal-V1.0\firmware\PROJ_DIR\Debug\Obj\stm32f0xx_hal_adc.o
#        C:\Users\4eef\Projects\Chronograph+\SW\Chrono-Terminal-V1.0\firmware\PROJ_DIR\Debug\Obj\stm32f0xx_hal_adc_ex.o
#        C:\Users\4eef\Projects\Chronograph+\SW\Chrono-Terminal-V1.0\firmware\PROJ_DIR\Debug\Obj\stm32f0xx_hal_can.o
#        C:\Users\4eef\Projects\Chronograph+\SW\Chrono-Terminal-V1.0\firmware\PROJ_DIR\Debug\Obj\stm32f0xx_hal_cec.o
#        C:\Users\4eef\Projects\Chronograph+\SW\Chrono-Terminal-V1.0\firmware\PROJ_DIR\Debug\Obj\stm32f0xx_hal_comp.o
#        C:\Users\4eef\Projects\Chronograph+\SW\Chrono-Terminal-V1.0\firmware\PROJ_DIR\Debug\Obj\stm32f0xx_hal_cortex.o
#        C:\Users\4eef\Projects\Chronograph+\SW\Chrono-Terminal-V1.0\firmware\PROJ_DIR\Debug\Obj\stm32f0xx_hal_crc.o
#        C:\Users\4eef\Projects\Chronograph+\SW\Chrono-Terminal-V1.0\firmware\PROJ_DIR\Debug\Obj\stm32f0xx_hal_crc_ex.o
#        C:\Users\4eef\Projects\Chronograph+\SW\Chrono-Terminal-V1.0\firmware\PROJ_DIR\Debug\Obj\stm32f0xx_hal_dac.o
#        C:\Users\4eef\Projects\Chronograph+\SW\Chrono-Terminal-V1.0\firmware\PROJ_DIR\Debug\Obj\stm32f0xx_hal_dac_ex.o
#        C:\Users\4eef\Projects\Chronograph+\SW\Chrono-Terminal-V1.0\firmware\PROJ_DIR\Debug\Obj\stm32f0xx_hal_dma.o
#        C:\Users\4eef\Projects\Chronograph+\SW\Chrono-Terminal-V1.0\firmware\PROJ_DIR\Debug\Obj\stm32f0xx_hal_flash.o
#        C:\Users\4eef\Projects\Chronograph+\SW\Chrono-Terminal-V1.0\firmware\PROJ_DIR\Debug\Obj\stm32f0xx_hal_flash_ex.o
#        C:\Users\4eef\Projects\Chronograph+\SW\Chrono-Terminal-V1.0\firmware\PROJ_DIR\Debug\Obj\stm32f0xx_hal_gpio.o
#        C:\Users\4eef\Projects\Chronograph+\SW\Chrono-Terminal-V1.0\firmware\PROJ_DIR\Debug\Obj\stm32f0xx_hal_i2c.o
#        C:\Users\4eef\Projects\Chronograph+\SW\Chrono-Terminal-V1.0\firmware\PROJ_DIR\Debug\Obj\stm32f0xx_hal_i2c_ex.o
#        C:\Users\4eef\Projects\Chronograph+\SW\Chrono-Terminal-V1.0\firmware\PROJ_DIR\Debug\Obj\stm32f0xx_hal_i2s.o
#        C:\Users\4eef\Projects\Chronograph+\SW\Chrono-Terminal-V1.0\firmware\PROJ_DIR\Debug\Obj\stm32f0xx_hal_irda.o
#        C:\Users\4eef\Projects\Chronograph+\SW\Chrono-Terminal-V1.0\firmware\PROJ_DIR\Debug\Obj\stm32f0xx_hal_iwdg.o
#        C:\Users\4eef\Projects\Chronograph+\SW\Chrono-Terminal-V1.0\firmware\PROJ_DIR\Debug\Obj\stm32f0xx_hal_msp.o
#        C:\Users\4eef\Projects\Chronograph+\SW\Chrono-Terminal-V1.0\firmware\PROJ_DIR\Debug\Obj\stm32f0xx_hal_pcd.o
#        C:\Users\4eef\Projects\Chronograph+\SW\Chrono-Terminal-V1.0\firmware\PROJ_DIR\Debug\Obj\stm32f0xx_hal_pcd_ex.o
#        C:\Users\4eef\Projects\Chronograph+\SW\Chrono-Terminal-V1.0\firmware\PROJ_DIR\Debug\Obj\stm32f0xx_hal_pwr.o
#        C:\Users\4eef\Projects\Chronograph+\SW\Chrono-Terminal-V1.0\firmware\PROJ_DIR\Debug\Obj\stm32f0xx_hal_pwr_ex.o
#        C:\Users\4eef\Projects\Chronograph+\SW\Chrono-Terminal-V1.0\firmware\PROJ_DIR\Debug\Obj\stm32f0xx_hal_rcc.o
#        C:\Users\4eef\Projects\Chronograph+\SW\Chrono-Terminal-V1.0\firmware\PROJ_DIR\Debug\Obj\stm32f0xx_hal_rcc_ex.o
#        C:\Users\4eef\Projects\Chronograph+\SW\Chrono-Terminal-V1.0\firmware\PROJ_DIR\Debug\Obj\stm32f0xx_hal_rtc.o
#        C:\Users\4eef\Projects\Chronograph+\SW\Chrono-Terminal-V1.0\firmware\PROJ_DIR\Debug\Obj\stm32f0xx_hal_rtc_ex.o
#        C:\Users\4eef\Projects\Chronograph+\SW\Chrono-Terminal-V1.0\firmware\PROJ_DIR\Debug\Obj\stm32f0xx_hal_smartcard.o
#        C:\Users\4eef\Projects\Chronograph+\SW\Chrono-Terminal-V1.0\firmware\PROJ_DIR\Debug\Obj\stm32f0xx_hal_smartcard_ex.o
#        C:\Users\4eef\Projects\Chronograph+\SW\Chrono-Terminal-V1.0\firmware\PROJ_DIR\Debug\Obj\stm32f0xx_hal_smbus.o
#        C:\Users\4eef\Projects\Chronograph+\SW\Chrono-Terminal-V1.0\firmware\PROJ_DIR\Debug\Obj\stm32f0xx_hal_spi.o
#        C:\Users\4eef\Projects\Chronograph+\SW\Chrono-Terminal-V1.0\firmware\PROJ_DIR\Debug\Obj\stm32f0xx_hal_spi_ex.o
#        C:\Users\4eef\Projects\Chronograph+\SW\Chrono-Terminal-V1.0\firmware\PROJ_DIR\Debug\Obj\stm32f0xx_hal_tim.o
#        C:\Users\4eef\Projects\Chronograph+\SW\Chrono-Terminal-V1.0\firmware\PROJ_DIR\Debug\Obj\stm32f0xx_hal_tim_ex.o
#        C:\Users\4eef\Projects\Chronograph+\SW\Chrono-Terminal-V1.0\firmware\PROJ_DIR\Debug\Obj\stm32f0xx_hal_tsc.o
#        C:\Users\4eef\Projects\Chronograph+\SW\Chrono-Terminal-V1.0\firmware\PROJ_DIR\Debug\Obj\stm32f0xx_hal_uart.o
#        C:\Users\4eef\Projects\Chronograph+\SW\Chrono-Terminal-V1.0\firmware\PROJ_DIR\Debug\Obj\stm32f0xx_hal_uart_ex.o
#        C:\Users\4eef\Projects\Chronograph+\SW\Chrono-Terminal-V1.0\firmware\PROJ_DIR\Debug\Obj\stm32f0xx_hal_usart.o
#        C:\Users\4eef\Projects\Chronograph+\SW\Chrono-Terminal-V1.0\firmware\PROJ_DIR\Debug\Obj\stm32f0xx_hal_wwdg.o
#        C:\Users\4eef\Projects\Chronograph+\SW\Chrono-Terminal-V1.0\firmware\PROJ_DIR\Debug\Obj\stm32f0xx_it.o
#        C:\Users\4eef\Projects\Chronograph+\SW\Chrono-Terminal-V1.0\firmware\PROJ_DIR\Debug\Obj\stm32f0xx_ll_adc.o
#        C:\Users\4eef\Projects\Chronograph+\SW\Chrono-Terminal-V1.0\firmware\PROJ_DIR\Debug\Obj\stm32f0xx_ll_comp.o
#        C:\Users\4eef\Projects\Chronograph+\SW\Chrono-Terminal-V1.0\firmware\PROJ_DIR\Debug\Obj\stm32f0xx_ll_crc.o
#        C:\Users\4eef\Projects\Chronograph+\SW\Chrono-Terminal-V1.0\firmware\PROJ_DIR\Debug\Obj\stm32f0xx_ll_crs.o
#        C:\Users\4eef\Projects\Chronograph+\SW\Chrono-Terminal-V1.0\firmware\PROJ_DIR\Debug\Obj\stm32f0xx_ll_dac.o
#        C:\Users\4eef\Projects\Chronograph+\SW\Chrono-Terminal-V1.0\firmware\PROJ_DIR\Debug\Obj\stm32f0xx_ll_dma.o
#        C:\Users\4eef\Projects\Chronograph+\SW\Chrono-Terminal-V1.0\firmware\PROJ_DIR\Debug\Obj\stm32f0xx_ll_exti.o
#        C:\Users\4eef\Projects\Chronograph+\SW\Chrono-Terminal-V1.0\firmware\PROJ_DIR\Debug\Obj\stm32f0xx_ll_gpio.o
#        C:\Users\4eef\Projects\Chronograph+\SW\Chrono-Terminal-V1.0\firmware\PROJ_DIR\Debug\Obj\stm32f0xx_ll_i2c.o
#        C:\Users\4eef\Projects\Chronograph+\SW\Chrono-Terminal-V1.0\firmware\PROJ_DIR\Debug\Obj\stm32f0xx_ll_pwr.o
#        C:\Users\4eef\Projects\Chronograph+\SW\Chrono-Terminal-V1.0\firmware\PROJ_DIR\Debug\Obj\stm32f0xx_ll_rcc.o
#        C:\Users\4eef\Projects\Chronograph+\SW\Chrono-Terminal-V1.0\firmware\PROJ_DIR\Debug\Obj\stm32f0xx_ll_rtc.o
#        C:\Users\4eef\Projects\Chronograph+\SW\Chrono-Terminal-V1.0\firmware\PROJ_DIR\Debug\Obj\stm32f0xx_ll_spi.o
#        C:\Users\4eef\Projects\Chronograph+\SW\Chrono-Terminal-V1.0\firmware\PROJ_DIR\Debug\Obj\stm32f0xx_ll_tim.o
#        C:\Users\4eef\Projects\Chronograph+\SW\Chrono-Terminal-V1.0\firmware\PROJ_DIR\Debug\Obj\stm32f0xx_ll_usart.o
#        C:\Users\4eef\Projects\Chronograph+\SW\Chrono-Terminal-V1.0\firmware\PROJ_DIR\Debug\Obj\stm32f0xx_ll_utils.o
#        C:\Users\4eef\Projects\Chronograph+\SW\Chrono-Terminal-V1.0\firmware\PROJ_DIR\Debug\Obj\system_stm32f0xx.o
#        C:\Users\4eef\Projects\Chronograph+\SW\Chrono-Terminal-V1.0\firmware\PROJ_DIR\Debug\Obj\ug2864.o
#        -o
#        C:\Users\4eef\Projects\Chronograph+\SW\Chrono-Terminal-V1.0\firmware\PROJ_DIR\Debug\Exe\Chrono-Terminal-V1.0.out
#        --redirect _Printf=_PrintfLargeNoMb --map
#        C:\Users\4eef\Projects\Chronograph+\SW\Chrono-Terminal-V1.0\firmware\PROJ_DIR\Debug\List\Chrono-Terminal-V1.0.map
#        --config "C:\Program Files (x86)\IAR Systems\Embedded Workbench
#        7.5\arm\config\linker\ST\stm32f042x6.icf" --semihosting --entry
#        __iar_program_start --vfe
#
###############################################################################

*******************************************************************************
*** RUNTIME MODEL ATTRIBUTES
***

CppFlavor       = *
__SystemLibrary = DLib


*******************************************************************************
*** PLACEMENT SUMMARY
***

"A0":  place at 0x08000000 { ro section .intvec };
"P1":  place in [from 0x08000000 to 0x08007fff] { ro };
"P2":  place in [from 0x20000000 to 0x200017ff] { rw, block CSTACK, block HEAP };
initialize by copy { rw };

  Section            Kind        Address    Size  Object
  -------            ----        -------    ----  ------
"A0":                                       0xc0
  .intvec            ro code  0x08000000    0xc0  startup_stm32f042x6.o [1]
                            - 0x080000c0    0xc0

"P1":                                     0x6b6a
  .text              ro code  0x080000c0  0x12e8  stm32f0xx_hal_i2c.o [1]
  .text              ro code  0x080013a8   0x15c  stm32f0xx_hal_msp.o [1]
  .text              ro code  0x08001504     0xc  stm32f0xx_hal.o [1]
  .text              ro code  0x08001510   0x27c  stm32f0xx_hal_dma.o [1]
  .text              ro code  0x0800178c     0x2  stm32f0xx_hal_i2c.o [1]
  .text              ro code  0x0800178e     0x2  stm32f0xx_hal_i2c.o [1]
  .text              ro code  0x08001790     0x2  stm32f0xx_hal_i2c.o [1]
  .text              ro code  0x08001792     0x2  stm32f0xx_hal_i2c.o [1]
  .text              ro code  0x08001794     0x2  stm32f0xx_hal_i2c.o [1]
  .text              ro code  0x08001796     0x2  stm32f0xx_hal_i2c.o [1]
  .text              ro code  0x08001798     0x2  stm32f0xx_hal_i2c.o [1]
  .text              ro code  0x0800179a     0x2  stm32f0xx_hal_i2c.o [1]
  .text              ro code  0x0800179c     0x2  stm32f0xx_hal_i2c.o [1]
  .text              ro code  0x0800179e     0x2  stm32f0xx_hal_i2c.o [1]
  .text              ro code  0x080017a0   0x136  stm32f0xx_hal_cortex.o [1]
  .text              ro code  0x080018d6     0xa  xsprout.o [3]
  .text              ro code  0x080018e0   0x1ec  stm32f0xx_hal_gpio.o [1]
  .text              ro code  0x08001acc    0x98  clock.o [1]
  .text              ro code  0x08001b64    0xe0  I32DivModFast.o [5]
  .text              ro code  0x08001c44   0x810  stm32f0xx_hal_rcc.o [1]
  .text              ro code  0x08002454   0x170  stm32f0xx_hal_rcc_ex.o [1]
  .text              ro code  0x080025c4     0x2  IntDivZer.o [5]
  .text              ro code  0x080025c6    0x24  stm32f0xx_hal.o [1]
  .rodata            const    0x080025ea     0x2  main.o [1]
  .text              ro code  0x080025ec    0x5c  ABImemcpy.o [5]
  .text              ro code  0x08002648   0xd0a  xprintflarge_nomb.o [3]
  .text              ro code  0x08003352    0x14  strchr.o [5]
  .text              ro code  0x08003366    0x10  strlen.o [5]
  .text              ro code  0x08003376    0x18  memchr.o [5]
  .text              ro code  0x0800338e    0x6a  I64DivMod.o [5]
  .text              ro code  0x080033f8    0x32  DblCmpLe.o [4]
  .text              ro code  0x0800342a   0x184  DblMul.o [4]
  .text              ro code  0x080035ae    0xc2  DblDiv.o [4]
  .text              ro code  0x08003670    0x2e  DblToI32.o [4]
  .rodata            const    0x0800369e     0x2  ug2864.o [1]
  .text              ro code  0x080036a0    0x34  I32ToDbl.o [4]
  .text              ro code  0x080036d4   0x1b4  DblAddSub.o [4]
  .text              ro code  0x08003888    0x20  div.o [3]
  .text              ro code  0x080038a8     0x2  I64DivZer.o [5]
  .rodata            const    0x080038aa     0x2  ug2864.o [1]
  .text              ro code  0x080038ac   0xa28  ug2864.o [1]
  .text              ro code  0x080042d4    0x10  strcpy.o [5]
  .text              ro code  0x080042e4    0xb0  FltMul.o [4]
  .text              ro code  0x08004394    0x3a  FltToS32.o [4]
  .text              ro code  0x080043ce     0x2  startup_stm32f042x6.o [1]
  .text              ro code  0x080043d0    0x32  I32ToFlt.o [4]
  .text              ro code  0x08004402     0x2  startup_stm32f042x6.o [1]
  .text              ro code  0x08004404    0x28  FltCmpGe.o [4]
  .text              ro code  0x0800442c    0x60  delay.o [1]
  .text              ro code  0x0800448c    0x50  ABImemset.o [5]
  .text              ro code  0x080044dc   0x7c4  main.o [1]
  .text              ro code  0x08004ca0    0x20  stm32f0xx_hal.o [1]
  .text              ro code  0x08004cc0   0x220  gpio.o [1]
  .text              ro code  0x08004ee0    0x98  i2c.o [1]
  .text              ro code  0x08004f78   0x148  lis3.o [1]
  .text              ro code  0x080050c0   0x458  IR.o [1]
  .text              ro code  0x08005518    0xdc  MicroMenu.o [1]
  .text              ro code  0x080055f4    0x38  sprintf.o [3]
  .text              ro code  0x0800562c   0x116  FltAddSub.o [4]
  .text              ro code  0x08005742     0x2  startup_stm32f042x6.o [1]
  .text              ro code  0x08005744    0x20  FltCmpEq.o [4]
  .text              ro code  0x08005764    0xaa  FltDiv.o [4]
  .text              ro code  0x0800580e     0x2  startup_stm32f042x6.o [1]
  .text              ro code  0x08005810    0x32  FltToDbl.o [4]
  .text              ro code  0x08005842     0x2  startup_stm32f042x6.o [1]
  .text              ro code  0x08005844    0x9c  atan.o [4]
  .text              ro code  0x080058e0    0x62  DblToFlt.o [4]
  .text              ro code  0x08005942     0x2  startup_stm32f042x6.o [1]
  .text              ro code  0x08005944    0xa4  filter.o [1]
  .text              ro code  0x080059e8    0x6c  stm32f0xx_hal_i2c_ex.o [1]
  .text              ro code  0x08005a54    0x32  DblCmpGe.o [4]
  .text              ro code  0x08005a86     0x2  startup_stm32f042x6.o [1]
  .text              ro code  0x08005a88   0x1e0  xatan.o [4]
  .rodata            const    0x08005c68   0x600  ssdFonts.o [1]
  .rodata            const    0x08006268   0x180  ssdFonts.o [1]
  .rodata            const    0x080063e8    0xa8  gpio.o [1]
  .text              ro code  0x08006490    0x94  system_stm32f0xx.o [1]
  .text              ro code  0x08006524    0x4e  stm32f0xx_it.o [1]
  .text              ro code  0x08006572     0x2  startup_stm32f042x6.o [1]
  .text              ro code  0x08006574    0x10  stm32f0xx_hal.o [1]
  .text              ro code  0x08006584    0x3c  startup_stm32f042x6.o [1]
  .text              ro code  0x080065c0    0x3c  zero_init3.o [5]
  .text              ro code  0x080065fc    0x30  copy_init3.o [5]
  .rodata            const    0x0800662c    0x2c  main.o [1]
  .rodata            const    0x08006658    0x28  main.o [1]
  .rodata            const    0x08006680    0x28  main.o [1]
  .rodata            const    0x080066a8    0x28  main.o [1]
  .rodata            const    0x080066d0    0x28  main.o [1]
  .rodata            const    0x080066f8    0x28  main.o [1]
  .rodata            const    0x08006720    0x28  main.o [1]
  .rodata            const    0x08006748    0x28  main.o [1]
  .text              ro code  0x08006770    0x28  data_init.o [5]
  .rodata            const    0x08006798    0x24  main.o [1]
  .rodata            const    0x080067bc    0x24  main.o [1]
  .rodata            const    0x080067e0    0x24  main.o [1]
  .rodata            const    0x08006804    0x24  main.o [1]
  .rodata            const    0x08006828    0x24  main.o [1]
  .rodata            const    0x0800684c    0x24  main.o [1]
  .rodata            const    0x08006870    0x24  main.o [1]
  .rodata            const    0x08006894    0x24  main.o [1]
  .rodata            const    0x080068b8    0x24  main.o [1]
  .rodata            const    0x080068dc    0x24  main.o [1]
  .rodata            const    0x08006900    0x24  main.o [1]
  .rodata            const    0x08006924    0x24  main.o [1]
  .rodata            const    0x08006948    0x24  main.o [1]
  .rodata            const    0x0800696c    0x24  main.o [1]
  .iar.init_table    const    0x08006990    0x24  - Linker created -
  .rodata            const    0x080069b4    0x20  main.o [1]
  .rodata            const    0x080069d4    0x20  main.o [1]
  .rodata            const    0x080069f4    0x20  main.o [1]
  .rodata            const    0x08006a14    0x20  main.o [1]
  .rodata            const    0x08006a34    0x20  main.o [1]
  .rodata            const    0x08006a54    0x20  main.o [1]
  .rodata            const    0x08006a74    0x20  main.o [1]
  .rodata            const    0x08006a94    0x20  main.o [1]
  .text              ro code  0x08006ab4    0x1a  cmain.o [5]
  .text              ro code  0x08006ace     0x4  low_level_init.o [3]
  .text              ro code  0x08006ad2     0x8  exit.o [3]
  .text              ro code  0x08006ada     0x2  startup_stm32f042x6.o [1]
  .text              ro code  0x08006adc     0xa  cexit.o [5]
  .text              ro code  0x08006ae6     0x2  startup_stm32f042x6.o [1]
  .text              ro code  0x08006ae8    0x14  exit.o [6]
  .rodata            const    0x08006afc    0x18  main.o [1]
  .rodata            const    0x08006b14    0x18  MicroMenu.o [1]
  .rodata            const    0x08006b2c    0x14  main.o [1]
  Initializer bytes  const    0x08006b40    0x14  <for P2-1>
  .rodata            const    0x08006b54    0x10  main.o [1]
  .rodata            const    0x08006b64    0x10  ssdGraph.o [1]
  .rodata            const    0x08006b74    0x10  ssdGraph.o [1]
  .rodata            const    0x08006b84    0x10  stm32f0xx_hal_rcc.o [1]
  .rodata            const    0x08006b94    0x10  stm32f0xx_hal_rcc.o [1]
  .rodata            const    0x08006ba4    0x10  system_stm32f0xx.o [1]
  .rodata            const    0x08006bb4     0xc  main.o [1]
  .text              ro code  0x08006bc0     0xc  cstartup_M.o [5]
  .rodata            const    0x08006bcc     0x8  main.o [1]
  .rodata            const    0x08006bd4     0x8  main.o [1]
  .rodata            const    0x08006bdc     0x8  main.o [1]
  .rodata            const    0x08006be4     0x8  main.o [1]
  .rodata            const    0x08006bec     0x8  ug2864.o [1]
  .rodata            const    0x08006bf4     0x8  ug2864.o [1]
  .rodata            const    0x08006bfc     0x8  xprintflarge_nomb.o [3]
  .rodata            const    0x08006c04     0x4  ssdGraph.o [1]
  .text              ro code  0x08006c08     0x2  startup_stm32f042x6.o [1]
  .text              ro code  0x08006c0a     0x2  startup_stm32f042x6.o [1]
  .text              ro code  0x08006c0c     0x2  startup_stm32f042x6.o [1]
  .text              ro code  0x08006c0e     0x2  startup_stm32f042x6.o [1]
  .text              ro code  0x08006c10     0x2  startup_stm32f042x6.o [1]
  .text              ro code  0x08006c12     0x2  startup_stm32f042x6.o [1]
  .text              ro code  0x08006c14     0x2  startup_stm32f042x6.o [1]
  .text              ro code  0x08006c16     0x2  startup_stm32f042x6.o [1]
  .text              ro code  0x08006c18     0x2  startup_stm32f042x6.o [1]
  .text              ro code  0x08006c1a     0x2  startup_stm32f042x6.o [1]
  .text              ro code  0x08006c1c     0x2  startup_stm32f042x6.o [1]
  .text              ro code  0x08006c1e     0x2  startup_stm32f042x6.o [1]
  .text              ro code  0x08006c20     0x2  startup_stm32f042x6.o [1]
  .text              ro code  0x08006c22     0x2  startup_stm32f042x6.o [1]
  .text              ro code  0x08006c24     0x2  startup_stm32f042x6.o [1]
  .text              ro code  0x08006c26     0x2  startup_stm32f042x6.o [1]
  .text              ro code  0x08006c28     0x2  startup_stm32f042x6.o [1]
  .rodata            const    0x08006c2a     0x0  zero_init3.o [5]
  .rodata            const    0x08006c2a     0x0  copy_init3.o [5]
                            - 0x08006c2a  0x6b6a

"P2", part 1 of 3:                          0x14
  P2-1                        0x20000000    0x14  <Init block>
    .data            inited   0x20000000     0x4  gpio.o [1]
    .data            inited   0x20000004     0x8  main.o [1]
    .data            inited   0x2000000c     0x4  MicroMenu.o [1]
    .data            inited   0x20000010     0x4  system_stm32f0xx.o [1]
                            - 0x20000014    0x14

"P2", part 2 of 3:                         0x400
  CSTACK                      0x20000018   0x400  <Block>
    CSTACK           uninit   0x20000018   0x400  <Block tail>
                            - 0x20000418   0x400

"P2", part 3 of 3:                         0x684
  .bss               zero     0x20000418   0x404  ug2864.o [1]
  .bss               zero     0x2000081c   0x114  MicroMenu.o [1]
  .bss               zero     0x20000930    0x4c  i2c.o [1]
  .bss               zero     0x2000097c    0x44  i2c.o [1]
  .bss               zero     0x200009c0    0x44  i2c.o [1]
  .bss               zero     0x20000a04    0x30  main.o [1]
  .bss               zero     0x20000a34    0x1c  filter.o [1]
  .bss               zero     0x20000a50    0x18  lis3.o [1]
  .bss               zero     0x20000a68    0x14  IR.o [1]
  .bss               zero     0x20000a7c     0x4  filter.o [1]
  .bss               zero     0x20000a80     0x4  filter.o [1]
  .bss               zero     0x20000a84     0x4  filter.o [1]
  .bss               zero     0x20000a88     0x4  main.o [1]
  .bss               zero     0x20000a8c     0x4  main.o [1]
  .bss               zero     0x20000a90     0x4  stm32f0xx_hal.o [1]
  .bss               zero     0x20000a94     0x2  filter.o [1]
  .bss               zero     0x20000a96     0x2  filter.o [1]
  .bss               zero     0x20000a98     0x2  filter.o [1]
                            - 0x20000a9a   0x682


*******************************************************************************
*** INIT TABLE
***

          Address     Size
          -------     ----
Zero (__iar_zero_init3)
    1 destination range, total size 0x682:
          0x20000418  0x682

Copy (__iar_copy_init3)
    1 source range, total size 0x14:
          0x08006b40   0x14
    1 destination range, total size 0x14:
          0x20000000   0x14



*******************************************************************************
*** MODULE SUMMARY
***

    Module                  ro code  ro data  rw data
    ------                  -------  -------  -------
C:\Users\4eef\Projects\Chronograph+\SW\Chrono-Terminal-V1.0\firmware\PROJ_DIR\Debug\Obj: [1]
    IR.o                      1 112                20
    MicroMenu.o                 220       28      280
    clock.o                     152
    delay.o                      96
    filter.o                    164                46
    gpio.o                      544      172        4
    i2c.o                       152               212
    lis3.o                      328                24
    main.o                    1 988    1 198       64
    ssdFonts.o                         1 920
    ssdGraph.o                            36
    startup_stm32f042x6.o       306
    stm32f0xx_hal.o              96                 4
    stm32f0xx_hal_cortex.o      310
    stm32f0xx_hal_dma.o         636
    stm32f0xx_hal_gpio.o        492
    stm32f0xx_hal_i2c.o       4 860
    stm32f0xx_hal_i2c_ex.o      108
    stm32f0xx_hal_msp.o         348
    stm32f0xx_hal_rcc.o       2 064       32
    stm32f0xx_hal_rcc_ex.o      368
    stm32f0xx_it.o               78
    system_stm32f0xx.o          148       20        4
    ug2864.o                  2 600       20    1 028
    -------------------------------------------------
    Total:                   17 170    3 426    1 686

command line: [2]
    -------------------------------------------------
    Total:

dl6M_tln.a: [3]
    div.o                        32
    exit.o                        8
    low_level_init.o              4
    sprintf.o                    56
    xprintflarge_nomb.o       3 338        8
    xsprout.o                    10
    -------------------------------------------------
    Total:                    3 448        8

m6M_tl.a: [4]
    DblAddSub.o                 436
    DblCmpGe.o                   50
    DblCmpLe.o                   50
    DblDiv.o                    194
    DblMul.o                    388
    DblToFlt.o                   98
    DblToI32.o                   46
    FltAddSub.o                 278
    FltCmpEq.o                   32
    FltCmpGe.o                   40
    FltDiv.o                    170
    FltMul.o                    176
    FltToDbl.o                   50
    FltToS32.o                   58
    I32ToDbl.o                   52
    I32ToFlt.o                   50
    atan.o                      156
    xatan.o                     480
    -------------------------------------------------
    Total:                    2 804

rt6M_tl.a: [5]
    ABImemcpy.o                  92
    ABImemset.o                  80
    I32DivModFast.o             224
    I64DivMod.o                 106
    I64DivZer.o                   2
    IntDivZer.o                   2
    cexit.o                      10
    cmain.o                      26
    copy_init3.o                 48
    cstartup_M.o                 12
    data_init.o                  40
    memchr.o                     24
    strchr.o                     20
    strcpy.o                     16
    strlen.o                     16
    zero_init3.o                 60
    -------------------------------------------------
    Total:                      778

shb_l.a: [6]
    exit.o                       20
    -------------------------------------------------
    Total:                       20

    Linker created                        36    1 024
-----------------------------------------------------
    Grand Total:             24 220    3 470    2 710


*******************************************************************************
*** ENTRY LIST
***

Entry                      Address   Size  Type      Object
-----                      -------   ----  ----      ------
.iar.init_table$$Base   0x08006990          --   Gb  - Linker created -
.iar.init_table$$Limit  0x080069b4          --   Gb  - Linker created -
?main                   0x08006ab5         Code  Gb  cmain.o [5]
AHBPrescTable           0x08006ba4   0x10  Data  Gb  system_stm32f0xx.o [1]
CSTACK$$Base            0x20000018          --   Gb  - Linker created -
CSTACK$$Limit           0x20000418          --   Gb  - Linker created -
CurrentMenuItem         0x20000a88    0x4  Data  Gb  main.o [1]
CurrentMenuItem         0x2000000c    0x4  Data  Lc  MicroMenu.o [1]
DMA1_Channel2_3_IRQHandler
                        0x08006531   0x10  Code  Gb  stm32f0xx_it.o [1]
DMA_CalcBaseAndBitshift
                        0x08001767   0x1a  Code  Lc  stm32f0xx_hal_dma.o [1]
DMA_SetConfig           0x0800173d   0x2a  Code  Lc  stm32f0xx_hal_dma.o [1]
Error_Handler           0x08001b61    0x4  Code  Gb  clock.o [1]
HAL_DMA_Abort_IT        0x08001611   0x58  Code  Gb  stm32f0xx_hal_dma.o [1]
HAL_DMA_IRQHandler      0x08001669   0xd4  Code  Gb  stm32f0xx_hal_dma.o [1]
HAL_DMA_Init            0x08001511   0x6c  Code  Gb  stm32f0xx_hal_dma.o [1]
HAL_DMA_Start_IT        0x08001581   0x90  Code  Gb  stm32f0xx_hal_dma.o [1]
HAL_GPIO_Init           0x080018e1  0x1cc  Code  Gb  stm32f0xx_hal_gpio.o [1]
HAL_GetTick             0x08001505    0xc  Code  Wk  stm32f0xx_hal.o [1]
HAL_I2CEx_ConfigAnalogFilter
                        0x080059e9   0x66  Code  Gb  stm32f0xx_hal_i2c_ex.o [1]
HAL_I2C_AbortCpltCallback
                        0x0800179d    0x2  Code  Wk  stm32f0xx_hal_i2c.o [1]
HAL_I2C_AddrCallback    0x0800178d    0x2  Code  Wk  stm32f0xx_hal_i2c.o [1]
HAL_I2C_ER_IRQHandler   0x080005e7   0x68  Code  Gb  stm32f0xx_hal_i2c.o [1]
HAL_I2C_EV_IRQHandler   0x080005c9   0x1e  Code  Gb  stm32f0xx_hal_i2c.o [1]
HAL_I2C_ErrorCallback   0x0800179f    0x2  Code  Wk  stm32f0xx_hal_i2c.o [1]
HAL_I2C_GetState        0x0800064f    0x6  Code  Gb  stm32f0xx_hal_i2c.o [1]
HAL_I2C_Init            0x080000c1   0xcc  Code  Gb  stm32f0xx_hal_i2c.o [1]
HAL_I2C_ListenCpltCallback
                        0x0800179b    0x2  Code  Wk  stm32f0xx_hal_i2c.o [1]
HAL_I2C_MasterRxCpltCallback
                        0x08001791    0x2  Code  Wk  stm32f0xx_hal_i2c.o [1]
HAL_I2C_MasterTxCpltCallback
                        0x0800178f    0x2  Code  Wk  stm32f0xx_hal_i2c.o [1]
HAL_I2C_Master_Receive  0x08000321  0x184  Code  Gb  stm32f0xx_hal_i2c.o [1]
HAL_I2C_Master_Transmit
                        0x0800018d  0x184  Code  Gb  stm32f0xx_hal_i2c.o [1]
HAL_I2C_Master_Transmit_DMA
                        0x080004a9  0x10a  Code  Gb  stm32f0xx_hal_i2c.o [1]
HAL_I2C_MemRxCpltCallback
                        0x08001799    0x2  Code  Wk  stm32f0xx_hal_i2c.o [1]
HAL_I2C_MemTxCpltCallback
                        0x08001797    0x2  Code  Wk  stm32f0xx_hal_i2c.o [1]
HAL_I2C_MspInit         0x080013f7   0xea  Code  Gb  stm32f0xx_hal_msp.o [1]
HAL_I2C_SlaveRxCpltCallback
                        0x08001795    0x2  Code  Wk  stm32f0xx_hal_i2c.o [1]
HAL_I2C_SlaveTxCpltCallback
                        0x08001793    0x2  Code  Wk  stm32f0xx_hal_i2c.o [1]
HAL_IncTick             0x08006575   0x10  Code  Wk  stm32f0xx_hal.o [1]
HAL_Init                0x08004ca1   0x1c  Code  Gb  stm32f0xx_hal.o [1]
HAL_InitTick            0x080025c7   0x24  Code  Wk  stm32f0xx_hal.o [1]
HAL_MspInit             0x080013a9   0x4e  Code  Gb  stm32f0xx_hal_msp.o [1]
HAL_NVIC_EnableIRQ      0x08001879    0xe  Code  Gb  stm32f0xx_hal_cortex.o [1]
HAL_NVIC_SetPriority    0x08001865   0x14  Code  Gb  stm32f0xx_hal_cortex.o [1]
HAL_RCCEx_PeriphCLKConfig
                        0x08002455  0x14e  Code  Gb  stm32f0xx_hal_rcc_ex.o [1]
HAL_RCC_ClockConfig     0x080021c1  0x192  Code  Gb  stm32f0xx_hal_rcc.o [1]
HAL_RCC_GetHCLKFreq     0x08002421    0x6  Code  Gb  stm32f0xx_hal_rcc.o [1]
HAL_RCC_GetSysClockFreq
                        0x0800236d   0xb4  Code  Gb  stm32f0xx_hal_rcc.o [1]
HAL_RCC_OscConfig       0x08001c45  0x566  Code  Gb  stm32f0xx_hal_rcc.o [1]
HAL_SYSTICK_CLKSourceConfig
                        0x08001893   0x22  Code  Gb  stm32f0xx_hal_cortex.o [1]
HAL_SYSTICK_Callback    0x080018d5    0x2  Code  Wk  stm32f0xx_hal_cortex.o [1]
HAL_SYSTICK_Config      0x08001887    0xc  Code  Gb  stm32f0xx_hal_cortex.o [1]
HAL_SYSTICK_IRQHandler  0x080018cd    0x8  Code  Gb  stm32f0xx_hal_cortex.o [1]
I2C1_IRQHandler         0x08006541   0x22  Code  Gb  stm32f0xx_it.o [1]
I2C_DMAAbort            0x08001007   0x3e  Code  Lc  stm32f0xx_hal_i2c.o [1]
I2C_DMAError            0x08000fe9   0x1e  Code  Lc  stm32f0xx_hal_i2c.o [1]
I2C_DMAMasterTransmitCplt
                        0x08000f83   0x54  Code  Lc  stm32f0xx_hal_i2c.o [1]
I2C_Disable_IRQ         0x0800131d   0x8c  Code  Lc  stm32f0xx_hal_i2c.o [1]
I2C_Enable_IRQ          0x08001277   0x96  Code  Lc  stm32f0xx_hal_i2c.o [1]
I2C_Flush_TXDR          0x08000f5d   0x26  Code  Lc  stm32f0xx_hal_i2c.o [1]
I2C_ITAddrCplt          0x08000a67   0xe6  Code  Lc  stm32f0xx_hal_i2c.o [1]
I2C_ITError             0x08000e5d   0xfa  Code  Lc  stm32f0xx_hal_i2c.o [1]
I2C_ITListenCplt        0x08000df1   0x64  Code  Lc  stm32f0xx_hal_i2c.o [1]
I2C_ITMasterCplt        0x08000c01   0xd8  Code  Lc  stm32f0xx_hal_i2c.o [1]
I2C_ITMasterSequentialCplt
                        0x08000b4d   0x5a  Code  Lc  stm32f0xx_hal_i2c.o [1]
I2C_ITSlaveCplt         0x08000cd9  0x118  Code  Lc  stm32f0xx_hal_i2c.o [1]
I2C_ITSlaveSequentialCplt
                        0x08000ba7   0x5a  Code  Lc  stm32f0xx_hal_i2c.o [1]
I2C_IsAcknowledgeFailed
                        0x080011c9   0x80  Code  Lc  stm32f0xx_hal_i2c.o [1]
I2C_Master_ISR_DMA      0x080008f5   0xf4  Code  Lc  stm32f0xx_hal_i2c.o [1]
I2C_Master_ISR_IT       0x08000655  0x16a  Code  Lc  stm32f0xx_hal_i2c.o [1]
I2C_Slave_ISR_DMA       0x080009e9   0x7e  Code  Lc  stm32f0xx_hal_i2c.o [1]
I2C_Slave_ISR_IT        0x080007bf  0x130  Code  Lc  stm32f0xx_hal_i2c.o [1]
I2C_TransferConfig      0x08001249   0x2e  Code  Lc  stm32f0xx_hal_i2c.o [1]
I2C_WaitOnFlagUntilTimeout
                        0x08001045   0x52  Code  Lc  stm32f0xx_hal_i2c.o [1]
I2C_WaitOnRXNEFlagUntilTimeout
                        0x08001143   0x80  Code  Lc  stm32f0xx_hal_i2c.o [1]
I2C_WaitOnSTOPFlagUntilTimeout
                        0x080010f1   0x52  Code  Lc  stm32f0xx_hal_i2c.o [1]
I2C_WaitOnTXISFlagUntilTimeout
                        0x08001097   0x5a  Code  Lc  stm32f0xx_hal_i2c.o [1]
IRRXData                0x20000a68   0x14  Data  Gb  IR.o [1]
LoadInt                 0x08002c09   0x68  Code  Lc  xprintflarge_nomb.o [3]
MX_DMA_Init             0x08004f39   0x2e  Code  Gb  i2c.o [1]
MX_I2C1_Init            0x08004ee1   0x58  Code  Gb  i2c.o [1]
Menu_GetCurrentMenu     0x08005519    0x6  Code  Gb  MicroMenu.o [1]
Menu_Navigate           0x0800551f   0xbe  Code  Gb  MicroMenu.o [1]
NULL_MENU               0x08006b14   0x18  Data  Gb  MicroMenu.o [1]
NVIC_EnableIRQ          0x080050c1    0xe  Code  Lc  IR.o [1]
NVIC_EnableIRQ          0x080017a1    0xe  Code  Lc  stm32f0xx_hal_cortex.o [1]
NVIC_SetPriority        0x080050cf   0x84  Code  Lc  IR.o [1]
NVIC_SetPriority        0x080017af   0x84  Code  Lc  stm32f0xx_hal_cortex.o [1]
Region$$Table$$Base     0x08006990          --   Gb  - Linker created -
Region$$Table$$Limit    0x080069b4          --   Gb  - Linker created -
SysTick_Config          0x08001833   0x32  Code  Lc  stm32f0xx_hal_cortex.o [1]
SysTick_Handler         0x08006525    0xc  Code  Gb  stm32f0xx_it.o [1]
SystemClock_Config      0x08001acd   0x8e  Code  Gb  clock.o [1]
SystemCoreClock         0x20000010    0x4  Data  Gb  system_stm32f0xx.o [1]
SystemInit              0x08006491   0x68  Code  Gb  system_stm32f0xx.o [1]
TIM2_IRQHandler         0x08005289  0x25c  Code  Gb  IR.o [1]
USB_IRQHandler          0x08006571    0x2  Code  Gb  stm32f0xx_it.o [1]
_GenldLargeNoMb         0x08003085  0x29a  Code  Lc  xprintflarge_nomb.o [3]
_LdtobLargeNoMb         0x08002d9d  0x2b0  Code  Lc  xprintflarge_nomb.o [3]
_LitobLargeNoMb         0x08002c71  0x12a  Code  Lc  xprintflarge_nomb.o [3]
_PrintfLargeNoMb        0x08002649  0x5c0  Code  Gb  xprintflarge_nomb.o [3]
_PutcharsLargeNoMb      0x0800331f   0x30  Code  Lc  xprintflarge_nomb.o [3]
_SProut                 0x080018d7    0xa  Code  Gb  xsprout.o [3]
__ICFEDIT_region_RAM_end__ {Abs}
                        0x200017ff         Data  Gb  command line/config [2]
__ICFEDIT_region_RAM_start__ {Abs}
                        0x20000000         Data  Gb  command line/config [2]
__aeabi_cdcmple         0x080033f9         Code  Gb  DblCmpLe.o [4]
__aeabi_cdrcmple        0x08005a55         Code  Gb  DblCmpGe.o [4]
__aeabi_cfcmpeq         0x08005745         Code  Gb  FltCmpEq.o [4]
__aeabi_cfrcmple        0x08004405         Code  Gb  FltCmpGe.o [4]
__aeabi_d2f             0x080058e1         Code  Gb  DblToFlt.o [4]
__aeabi_d2uiz           0x08003671         Code  Gb  DblToI32.o [4]
__aeabi_dadd            0x080036d5         Code  Gb  DblAddSub.o [4]
__aeabi_ddiv            0x080035af         Code  Gb  DblDiv.o [4]
__aeabi_dmul            0x0800342b         Code  Gb  DblMul.o [4]
__aeabi_dsub            0x0800379b         Code  Gb  DblAddSub.o [4]
__aeabi_f2d             0x08005811         Code  Gb  FltToDbl.o [4]
__aeabi_f2iz            0x08004395         Code  Gb  FltToS32.o [4]
__aeabi_fadd            0x0800562d         Code  Gb  FltAddSub.o [4]
__aeabi_fdiv            0x08005765         Code  Gb  FltDiv.o [4]
__aeabi_fmul            0x080042e5         Code  Gb  FltMul.o [4]
__aeabi_i2d             0x080036a1         Code  Gb  I32ToDbl.o [4]
__aeabi_i2f             0x080043d1         Code  Gb  I32ToFlt.o [4]
__aeabi_idiv            0x08001b91         Code  Gb  I32DivModFast.o [5]
__aeabi_idiv0           0x080025c5         Code  Gb  IntDivZer.o [5]
__aeabi_idivmod         0x08001b91         Code  Gb  I32DivModFast.o [5]
__aeabi_ldiv0           0x080038a9         Code  Gb  I64DivZer.o [5]
__aeabi_memcpy          0x080025ed         Code  Gb  ABImemcpy.o [5]
__aeabi_memcpy4         0x08002615         Code  Wk  ABImemcpy.o [5]
__aeabi_memset          0x0800448d         Code  Gb  ABImemset.o [5]
__aeabi_ui2d            0x080036b5         Code  Gb  I32ToDbl.o [4]
__aeabi_uidiv           0x08001b97         Code  Gb  I32DivModFast.o [5]
__aeabi_uidivmod        0x08001b97         Code  Gb  I32DivModFast.o [5]
__aeabi_uldivmod        0x0800338f         Code  Gb  I64DivMod.o [5]
__cmain                 0x08006ab5         Code  Gb  cmain.o [5]
__exit                  0x08006ae9   0x14  Code  Gb  exit.o [6]
__iar_Atan              0x08005a89  0x148  Code  Gb  xatan.o [4]
__iar_Memchr            0x08003377   0x18  Code  Gb  memchr.o [5]
__iar_Memset4_word      0x080044ad         Code  Gb  ABImemset.o [5]
__iar_Memset_word       0x08004499         Code  Gb  ABImemset.o [5]
__iar_Strchr            0x08003353   0x14  Code  Gb  strchr.o [5]
__iar_copy_init3        0x080065fd   0x30  Code  Gb  copy_init3.o [5]
__iar_d2uiz             0x08003675         Code  Gb  DblToI32.o [4]
__iar_data_init3        0x08006771   0x28  Code  Gb  data_init.o [5]
__iar_program_start     0x08006bc1         Code  Gb  cstartup_M.o [5]
__iar_ui2d              0x080036b9         Code  Gb  I32ToDbl.o [4]
__iar_ui2f              0x080043e9         Code  Gb  I32ToFlt.o [4]
__iar_zero_init3        0x080065c1   0x3c  Code  Gb  zero_init3.o [5]
__low_level_init        0x08006acf    0x4  Code  Gb  low_level_init.o [3]
__vector_table          0x08000000         Data  Gb  startup_stm32f042x6.o [1]
_call_main              0x08006ac1         Code  Gb  cmain.o [5]
_exit                   0x08006add         Code  Gb  cexit.o [5]
_main                   0x08006acb         Code  Gb  cmain.o [5]
a                       0x08005c28   0x40  Data  Lc  xatan.o [4]
about                   0x080069d4   0x20  Data  Gb  main.o [1]
accel                   0x20000a50   0x18  Data  Gb  lis3.o [1]
atan                    0x08005845   0x9c  Code  Gb  atan.o [4]
delay_us                0x0800442d   0x60  Code  Gb  delay.o [1]
display                 0x080069b4   0x20  Data  Gb  main.o [1]
div                     0x08003889   0x20  Code  Gb  div.o [3]
drawMainScreen          0x08004a09  0x260  Code  Gb  main.o [1]
drawMenu                0x0800490d   0xce  Code  Gb  main.o [1]
exit                    0x08006ad3    0x8  Code  Gb  exit.o [3]
font12x16               0x08006268  0x180  Data  Gb  ssdFonts.o [1]
font6x8                 0x08005c68  0x600  Data  Gb  ssdFonts.o [1]
gppin_init              0x08004cfb  0x1cc  Code  Gb  gpio.o [1]
hdma_i2c1_rx            0x2000097c   0x44  Data  Gb  i2c.o [1]
hdma_i2c1_tx            0x200009c0   0x44  Data  Gb  i2c.o [1]
hi2c1                   0x20000930   0x4c  Data  Gb  i2c.o [1]
initGpios               0x08004cc1   0x3a  Code  Gb  gpio.o [1]
initIRConfig            0x08005153   0xf0  Code  Gb  IR.o [1]
kalman                  0x20000a34   0x1c  Data  Gb  filter.o [1]
lis3_getXYZ             0x0800503d   0x74  Code  Gb  lis3.o [1]
lis3_read               0x08004fed   0x50  Code  Gb  lis3.o [1]
lis3_write              0x08004fbb   0x32  Code  Gb  lis3.o [1]
lis3init                0x08004f79   0x42  Code  Gb  lis3.o [1]
lpfx                    0x08005945   0x2e  Code  Gb  filter.o [1]
lpfx::Dacc              0x20000a7c    0x4  Data  Lc  filter.o [1]
lpfx::Dout              0x20000a94    0x2  Data  Lc  filter.o [1]
lpfy                    0x08005973   0x2e  Code  Gb  filter.o [1]
lpfy::Dacc              0x20000a80    0x4  Data  Lc  filter.o [1]
lpfy::Dout              0x20000a96    0x2  Data  Lc  filter.o [1]
lpfz                    0x080059a1   0x2e  Code  Gb  filter.o [1]
lpfz::Dacc              0x20000a84    0x4  Data  Lc  filter.o [1]
lpfz::Dout              0x20000a98    0x2  Data  Lc  filter.o [1]
main                    0x080044dd  0x15a  Code  Gb  main.o [1]
mchron                  0x080067e0   0x24  Data  Gb  main.o [1]
meas                    0x20000a04   0x30  Data  Gb  main.o [1]
menu                    0x2000081c  0x114  Data  Gb  MicroMenu.o [1]
menuFolder              0x08006b64   0x10  Data  Gb  ssdGraph.o [1]
menuScroll              0x08006c04    0x4  Data  Gb  ssdGraph.o [1]
mgeneral                0x080069f4   0x20  Data  Gb  main.o [1]
mincline                0x08006680   0x28  Data  Gb  main.o [1]
mode                    0x08006658   0x28  Data  Gb  main.o [1]
modeEdit                0x080046cd   0x90  Code  Gb  main.o [1]
parEdit                 0x08004685   0x48  Code  Gb  main.o [1]
parEditRedir            0x08004637   0x4e  Code  Gb  main.o [1]
pellets                 0x20000004    0x8  Data  Gb  main.o [1]
pinNum                  0x20000000    0x4  Data  Gb  gpio.o [1]
pinsMode                0x080063e8   0xa8  Data  Gb  gpio.o [1]
s16fNorm                0x08004819   0x3c  Code  Gb  main.o [1]
scbind                  0x08006a74   0x20  Data  Gb  main.o [1]
scdist                  0x08006720   0x28  Data  Gb  main.o [1]
schrono                 0x08006828   0x24  Data  Gb  main.o [1]
scir                    0x08006894   0x24  Data  Gb  main.o [1]
sdatime                 0x0800684c   0x24  Data  Gb  main.o [1]
sdcntr                  0x08006900   0x24  Data  Gb  main.o [1]
sdfreq                  0x08006924   0x24  Data  Gb  main.o [1]
sdisplay                0x08006a14   0x20  Data  Gb  main.o [1]
service                 0x08006748   0x28  Data  Gb  main.o [1]
setts                   0x080067bc   0x24  Data  Gb  main.o [1]
sibrdr                  0x0800662c   0x2c  Data  Gb  main.o [1]
sical                   0x080068dc   0x24  Data  Gb  main.o [1]
sifilt                  0x080068b8   0x24  Data  Gb  main.o [1]
sincline                0x080066a8   0x28  Data  Gb  main.o [1]
smag                    0x08006804   0x24  Data  Gb  main.o [1]
smcapacity              0x08006870   0x24  Data  Gb  main.o [1]
smoff                   0x08006a54   0x20  Data  Gb  main.o [1]
smon                    0x08006a34   0x20  Data  Gb  main.o [1]
spdoff                  0x08006948   0x24  Data  Gb  main.o [1]
sppd                    0x0800696c   0x24  Data  Gb  main.o [1]
sprintf                 0x080055f5   0x38  Code  Gb  sprintf.o [3]
spslp                   0x08006a94   0x20  Data  Gb  main.o [1]
spsupply                0x080066f8   0x28  Data  Gb  main.o [1]
ssdBatt                 0x08006b74   0x10  Data  Gb  ssdGraph.o [1]
ssdVideoBff             0x20000418  0x404  Data  Gb  ug2864.o [1]
ssd_putBatt             0x08003e61   0xb0  Code  Gb  ug2864.o [1]
ssd_putChar12x16        0x08003f1d   0xf4  Code  Gb  ug2864.o [1]
ssd_putChar6x8          0x08004035   0x5a  Code  Gb  ug2864.o [1]
ssd_putMenuFolder       0x08003e11   0x50  Code  Gb  ug2864.o [1]
ssd_putMenuScroll       0x08003c21   0xae  Code  Gb  ug2864.o [1]
ssd_putMsgBox           0x0800396d   0x8a  Code  Gb  ug2864.o [1]
ssd_putParBox           0x080038ad   0xb8  Code  Gb  ug2864.o [1]
ssd_putPitchBar         0x08003ccf  0x13e  Code  Gb  ug2864.o [1]
ssd_putRollBar          0x080039f7  0x220  Code  Gb  ug2864.o [1]
ssd_putString12x16      0x08004011   0x24  Code  Gb  ug2864.o [1]
ssd_putString6x8        0x08004095   0x24  Code  Gb  ug2864.o [1]
ssd_setpix              0x080040b9   0xc8  Code  Gb  ug2864.o [1]
stats                   0x08006798   0x24  Data  Gb  main.o [1]
strcpy                  0x080042d5         Code  Gb  strcpy.o [5]
strlen                  0x08003367   0x10  Code  Gb  strlen.o [5]
swusrc                  0x080066d0   0x28  Data  Gb  main.o [1]
sysSettings             0x20000a8c    0x4  Data  Gb  main.o [1]
tiltAngCalc             0x080047b1   0x5e  Code  Gb  main.o [1]
trxAccData              0x0800485d   0xb0  Code  Gb  main.o [1]
ug2864_com              0x08004255   0x36  Code  Gb  ug2864.o [1]
ug2864_refresh          0x08004291   0x1e  Code  Gb  ug2864.o [1]
ug2864init              0x08004185   0xd0  Code  Gb  ug2864.o [1]
uwTick                  0x20000a90    0x4  Data  Gb  stm32f0xx_hal.o [1]


[1] = C:\Users\4eef\Projects\Chronograph+\SW\Chrono-Terminal-V1.0\firmware\PROJ_DIR\Debug\Obj
[2] = command line
[3] = dl6M_tln.a
[4] = m6M_tl.a
[5] = rt6M_tl.a
[6] = shb_l.a

  24 220 bytes of readonly  code memory
   3 470 bytes of readonly  data memory
   2 710 bytes of readwrite data memory

Errors: none
Warnings: none
