###############################################################################
#
# IAR ELF Linker V7.80.2.11947/W32 for ARM                23/Jan/2017  02:21:42
# Copyright 2007-2016 IAR Systems AB.
#
#    Output file  =  
#        C:\Users\4eef\Projects\Chronograph+\SW\Chrono-Terminal-V1.0\firmware\PROJ_DIR\Debug\Exe\Chrono-Terminal-V1.0.out
#    Map file     =  
#        C:\Users\4eef\Projects\Chronograph+\SW\Chrono-Terminal-V1.0\firmware\PROJ_DIR\Debug\List\Chrono-Terminal-V1.0.map
#    Command line =  
#        C:\Users\4eef\Projects\Chronograph+\SW\Chrono-Terminal-V1.0\firmware\PROJ_DIR\Debug\Obj\adc.o
#        C:\Users\4eef\Projects\Chronograph+\SW\Chrono-Terminal-V1.0\firmware\PROJ_DIR\Debug\Obj\clock.o
#        C:\Users\4eef\Projects\Chronograph+\SW\Chrono-Terminal-V1.0\firmware\PROJ_DIR\Debug\Obj\delay.o
#        C:\Users\4eef\Projects\Chronograph+\SW\Chrono-Terminal-V1.0\firmware\PROJ_DIR\Debug\Obj\filter.o
#        C:\Users\4eef\Projects\Chronograph+\SW\Chrono-Terminal-V1.0\firmware\PROJ_DIR\Debug\Obj\gpio.o
#        C:\Users\4eef\Projects\Chronograph+\SW\Chrono-Terminal-V1.0\firmware\PROJ_DIR\Debug\Obj\i2c.o
#        C:\Users\4eef\Projects\Chronograph+\SW\Chrono-Terminal-V1.0\firmware\PROJ_DIR\Debug\Obj\IR.o
#        C:\Users\4eef\Projects\Chronograph+\SW\Chrono-Terminal-V1.0\firmware\PROJ_DIR\Debug\Obj\lis3.o
#        C:\Users\4eef\Projects\Chronograph+\SW\Chrono-Terminal-V1.0\firmware\PROJ_DIR\Debug\Obj\main.o
#        C:\Users\4eef\Projects\Chronograph+\SW\Chrono-Terminal-V1.0\firmware\PROJ_DIR\Debug\Obj\MicroMenu.o
#        C:\Users\4eef\Projects\Chronograph+\SW\Chrono-Terminal-V1.0\firmware\PROJ_DIR\Debug\Obj\ssdFonts.o
#        C:\Users\4eef\Projects\Chronograph+\SW\Chrono-Terminal-V1.0\firmware\PROJ_DIR\Debug\Obj\ssdGraph.o
#        C:\Users\4eef\Projects\Chronograph+\SW\Chrono-Terminal-V1.0\firmware\PROJ_DIR\Debug\Obj\startup_stm32f042x6.o
#        C:\Users\4eef\Projects\Chronograph+\SW\Chrono-Terminal-V1.0\firmware\PROJ_DIR\Debug\Obj\sync.o
#        C:\Users\4eef\Projects\Chronograph+\SW\Chrono-Terminal-V1.0\firmware\PROJ_DIR\Debug\Obj\system_stm32f0xx.o
#        C:\Users\4eef\Projects\Chronograph+\SW\Chrono-Terminal-V1.0\firmware\PROJ_DIR\Debug\Obj\ug2864.o
#        -o
#        C:\Users\4eef\Projects\Chronograph+\SW\Chrono-Terminal-V1.0\firmware\PROJ_DIR\Debug\Exe\Chrono-Terminal-V1.0.out
#        --redirect _Printf=_PrintfLargeNoMb --map
#        C:\Users\4eef\Projects\Chronograph+\SW\Chrono-Terminal-V1.0\firmware\PROJ_DIR\Debug\List\Chrono-Terminal-V1.0.map
#        --config "C:\Program Files (x86)\IAR Systems\Embedded Workbench
#        7.5\arm\config\linker\ST\stm32f042x6.icf" --semihosting --entry
#        __iar_program_start --vfe
#
###############################################################################

*******************************************************************************
*** RUNTIME MODEL ATTRIBUTES
***

CppFlavor       = *
__SystemLibrary = DLib


*******************************************************************************
*** PLACEMENT SUMMARY
***

"A0":  place at 0x08000000 { ro section .intvec };
"P1":  place in [from 0x08000000 to 0x08007fff] { ro };
"P2":  place in [from 0x20000000 to 0x200017ff] { rw, block CSTACK, block HEAP };
initialize by copy { rw };

  Section            Kind        Address    Size  Object
  -------            ----        -------    ----  ------
"A0":                                       0xc0
  .intvec            ro code  0x08000000    0xc0  startup_stm32f042x6.o [1]
                            - 0x080000c0    0xc0

"P1":                                     0x5f4c
  .text              ro code  0x080000c0  0x1948  main.o [1]
  .text              ro code  0x08001a08    0x94  clock.o [1]
  .text              ro code  0x08001a9c   0x220  gpio.o [1]
  .text              ro code  0x08001cbc   0x3da  i2c.o [1]
  .text              ro code  0x08002096     0xa  xsprout.o [3]
  .text              ro code  0x080020a0   0xa5c  ug2864.o [1]
  .text              ro code  0x08002afc   0x250  lis3.o [1]
  .text              ro code  0x08002d4c   0x47c  IR.o [1]
  .text              ro code  0x080031c8    0xbc  sync.o [1]
  .text              ro code  0x08003284   0x1c0  adc.o [1]
  .text              ro code  0x08003444    0x10  strcpy.o [5]
  .text              ro code  0x08003454    0x38  sprintf.o [3]
  .text              ro code  0x0800348c   0x104  MicroMenu.o [1]
  .text              ro code  0x08003590    0xe0  I32DivModFast.o [5]
  .text              ro code  0x08003670    0xd8  filter.o [1]
  .text              ro code  0x08003748    0x50  ABImemset.o [5]
  .text              ro code  0x08003798    0x10  strlen.o [5]
  .text              ro code  0x080037a8    0xb0  FltMul.o [4]
  .text              ro code  0x08003858   0x116  FltAddSub.o [4]
  .rodata            const    0x0800396e     0x2  main.o [1]
  .text              ro code  0x08003970    0x20  FltCmpEq.o [4]
  .text              ro code  0x08003990    0xaa  FltDiv.o [4]
  .rodata            const    0x08003a3a     0x2  ug2864.o [1]
  .text              ro code  0x08003a3c    0x32  FltToDbl.o [4]
  .rodata            const    0x08003a6e     0x2  ug2864.o [1]
  .text              ro code  0x08003a70    0x9c  atan.o [4]
  .text              ro code  0x08003b0c   0x184  DblMul.o [4]
  .text              ro code  0x08003c90    0x62  DblToFlt.o [4]
  .text              ro code  0x08003cf2     0x2  startup_stm32f042x6.o [1]
  .text              ro code  0x08003cf4    0x34  I32ToDbl.o [4]
  .text              ro code  0x08003d28    0xc2  DblDiv.o [4]
  .text              ro code  0x08003dea     0x2  startup_stm32f042x6.o [1]
  .text              ro code  0x08003dec    0x3a  FltToS32.o [4]
  .text              ro code  0x08003e26     0x2  startup_stm32f042x6.o [1]
  .text              ro code  0x08003e28    0x32  I32ToFlt.o [4]
  .text              ro code  0x08003e5a     0x2  startup_stm32f042x6.o [1]
  .text              ro code  0x08003e5c    0x28  FltCmpGe.o [4]
  .text              ro code  0x08003e84    0x60  delay.o [1]
  .text              ro code  0x08003ee4   0xd0a  xprintflarge_nomb.o [3]
  .text              ro code  0x08004bee     0x2  startup_stm32f042x6.o [1]
  .text              ro code  0x08004bf0     0x2  IntDivZer.o [5]
  .text              ro code  0x08004bf2    0x32  DblCmpLe.o [4]
  .text              ro code  0x08004c24    0x32  DblCmpGe.o [4]
  .text              ro code  0x08004c56     0x2  startup_stm32f042x6.o [1]
  .text              ro code  0x08004c58   0x1e0  xatan.o [4]
  .text              ro code  0x08004e38    0x14  strchr.o [5]
  .text              ro code  0x08004e4c    0x18  memchr.o [5]
  .text              ro code  0x08004e64    0x6a  I64DivMod.o [5]
  .text              ro code  0x08004ece     0x2  startup_stm32f042x6.o [1]
  .text              ro code  0x08004ed0    0x5c  ABImemcpy.o [5]
  .text              ro code  0x08004f2c    0x2e  DblToI32.o [4]
  .text              ro code  0x08004f5a   0x1b4  DblAddSub.o [4]
  .text              ro code  0x0800510e    0x20  div.o [3]
  .text              ro code  0x0800512e     0x2  startup_stm32f042x6.o [1]
  .text              ro code  0x08005130     0x2  I64DivZer.o [5]
  .text              ro code  0x08005132     0x2  startup_stm32f042x6.o [1]
  .rodata            const    0x08005134   0x600  ssdFonts.o [1]
  .rodata            const    0x08005734   0x180  ssdFonts.o [1]
  .rodata            const    0x080058b4    0xc0  gpio.o [1]
  .text              ro code  0x08005974    0x94  system_stm32f0xx.o [1]
  .text              ro code  0x08005a08    0x3c  startup_stm32f042x6.o [1]
  .text              ro code  0x08005a44    0x3c  zero_init3.o [5]
  .text              ro code  0x08005a80    0x30  copy_init3.o [5]
  .rodata            const    0x08005ab0    0x2c  main.o [1]
  .rodata            const    0x08005adc    0x2c  main.o [1]
  .rodata            const    0x08005b08    0x28  main.o [1]
  .rodata            const    0x08005b30    0x28  main.o [1]
  .rodata            const    0x08005b58    0x28  main.o [1]
  .rodata            const    0x08005b80    0x28  main.o [1]
  .rodata            const    0x08005ba8    0x28  main.o [1]
  .rodata            const    0x08005bd0    0x28  main.o [1]
  .rodata            const    0x08005bf8    0x28  main.o [1]
  .text              ro code  0x08005c20    0x28  data_init.o [5]
  .rodata            const    0x08005c48    0x24  main.o [1]
  .rodata            const    0x08005c6c    0x24  main.o [1]
  .rodata            const    0x08005c90    0x24  main.o [1]
  .rodata            const    0x08005cb4    0x24  main.o [1]
  .rodata            const    0x08005cd8    0x24  main.o [1]
  .iar.init_table    const    0x08005cfc    0x24  - Linker created -
  .rodata            const    0x08005d20    0x20  main.o [1]
  .rodata            const    0x08005d40    0x20  main.o [1]
  .rodata            const    0x08005d60    0x20  main.o [1]
  .rodata            const    0x08005d80    0x20  main.o [1]
  .text              ro code  0x08005da0    0x1a  cmain.o [5]
  .text              ro code  0x08005dba     0x4  low_level_init.o [3]
  .text              ro code  0x08005dbe     0x8  exit.o [3]
  .text              ro code  0x08005dc6     0x2  startup_stm32f042x6.o [1]
  .text              ro code  0x08005dc8     0xa  cexit.o [5]
  .text              ro code  0x08005dd2     0x2  startup_stm32f042x6.o [1]
  .text              ro code  0x08005dd4    0x14  exit.o [6]
  .rodata            const    0x08005de8    0x18  main.o [1]
  .rodata            const    0x08005e00    0x18  MicroMenu.o [1]
  .rodata            const    0x08005e18    0x14  main.o [1]
  .rodata            const    0x08005e2c    0x14  main.o [1]
  .rodata            const    0x08005e40    0x14  main.o [1]
  .rodata            const    0x08005e54    0x14  main.o [1]
  .rodata            const    0x08005e68    0x10  main.o [1]
  .rodata            const    0x08005e78    0x10  main.o [1]
  .rodata            const    0x08005e88    0x10  main.o [1]
  .rodata            const    0x08005e98    0x10  main.o [1]
  .rodata            const    0x08005ea8    0x10  main.o [1]
  .rodata            const    0x08005eb8    0x10  main.o [1]
  .rodata            const    0x08005ec8    0x10  main.o [1]
  .rodata            const    0x08005ed8    0x10  main.o [1]
  .rodata            const    0x08005ee8    0x10  main.o [1]
  .rodata            const    0x08005ef8    0x10  main.o [1]
  .rodata            const    0x08005f08    0x10  ssdGraph.o [1]
  .rodata            const    0x08005f18    0x10  ssdGraph.o [1]
  .rodata            const    0x08005f28     0xc  main.o [1]
  .rodata            const    0x08005f34     0xc  main.o [1]
  .rodata            const    0x08005f40     0xc  main.o [1]
  .rodata            const    0x08005f4c     0xc  main.o [1]
  .rodata            const    0x08005f58     0xc  main.o [1]
  .rodata            const    0x08005f64     0xc  main.o [1]
  .text              ro code  0x08005f70     0xc  cstartup_M.o [5]
  .rodata            const    0x08005f7c     0x8  main.o [1]
  .rodata            const    0x08005f84     0x8  main.o [1]
  .rodata            const    0x08005f8c     0x8  main.o [1]
  .rodata            const    0x08005f94     0x8  main.o [1]
  .rodata            const    0x08005f9c     0x8  main.o [1]
  .rodata            const    0x08005fa4     0x8  main.o [1]
  .rodata            const    0x08005fac     0x8  main.o [1]
  .rodata            const    0x08005fb4     0x8  main.o [1]
  .rodata            const    0x08005fbc     0x8  main.o [1]
  .rodata            const    0x08005fc4     0x8  ug2864.o [1]
  .rodata            const    0x08005fcc     0x8  ug2864.o [1]
  .rodata            const    0x08005fd4     0x8  xprintflarge_nomb.o [3]
  Initializer bytes  const    0x08005fdc     0x8  <for P2-1>
  .rodata            const    0x08005fe4     0x4  ssdGraph.o [1]
  .text              ro code  0x08005fe8     0x2  startup_stm32f042x6.o [1]
  .text              ro code  0x08005fea     0x2  startup_stm32f042x6.o [1]
  .text              ro code  0x08005fec     0x2  startup_stm32f042x6.o [1]
  .text              ro code  0x08005fee     0x2  startup_stm32f042x6.o [1]
  .text              ro code  0x08005ff0     0x2  startup_stm32f042x6.o [1]
  .text              ro code  0x08005ff2     0x2  startup_stm32f042x6.o [1]
  .text              ro code  0x08005ff4     0x2  startup_stm32f042x6.o [1]
  .text              ro code  0x08005ff6     0x2  startup_stm32f042x6.o [1]
  .text              ro code  0x08005ff8     0x2  startup_stm32f042x6.o [1]
  .text              ro code  0x08005ffa     0x2  startup_stm32f042x6.o [1]
  .text              ro code  0x08005ffc     0x2  startup_stm32f042x6.o [1]
  .text              ro code  0x08005ffe     0x2  startup_stm32f042x6.o [1]
  .text              ro code  0x08006000     0x2  startup_stm32f042x6.o [1]
  .text              ro code  0x08006002     0x2  startup_stm32f042x6.o [1]
  .text              ro code  0x08006004     0x2  startup_stm32f042x6.o [1]
  .text              ro code  0x08006006     0x2  startup_stm32f042x6.o [1]
  .text              ro code  0x08006008     0x2  startup_stm32f042x6.o [1]
  .text              ro code  0x0800600a     0x2  startup_stm32f042x6.o [1]
  .rodata            const    0x0800600c     0x0  zero_init3.o [5]
  .rodata            const    0x0800600c     0x0  copy_init3.o [5]
                            - 0x0800600c  0x5f4c

"P2", part 1 of 3:                           0x8
  P2-1                        0x20000000     0x8  <Init block>
    .data            inited   0x20000000     0x4  gpio.o [1]
    .data            inited   0x20000004     0x4  MicroMenu.o [1]
                            - 0x20000008     0x8

"P2", part 2 of 3:                         0x400
  CSTACK                      0x20000008   0x400  <Block>
    CSTACK           uninit   0x20000008   0x400  <Block tail>
                            - 0x20000408   0x400

"P2", part 3 of 3:                         0x97c
  .bss               zero     0x20000408   0x404  ug2864.o [1]
  .bss               zero     0x2000080c   0x248  main.o [1]
  .bss               zero     0x20000a54   0x16c  main.o [1]
  .bss               zero     0x20000bc0   0x128  MicroMenu.o [1]
  .bss               zero     0x20000ce8    0x28  lis3.o [1]
  .bss               zero     0x20000d10    0x1c  filter.o [1]
  .bss               zero     0x20000d2c    0x18  lis3.o [1]
  .bss               zero     0x20000d44    0x14  IR.o [1]
  .bss               zero     0x20000d58     0x4  adc.o [1]
  .bss               zero     0x20000d5c     0x4  filter.o [1]
  .bss               zero     0x20000d60     0x4  filter.o [1]
  .bss               zero     0x20000d64     0x4  filter.o [1]
  .bss               zero     0x20000d68     0x4  filter.o [1]
  .bss               zero     0x20000d6c     0x4  main.o [1]
  .bss               zero     0x20000d70     0x4  main.o [1]
  .bss               zero     0x20000d74     0x4  main.o [1]
  .bss               zero     0x20000d78     0x4  ug2864.o [1]
  .bss               zero     0x20000d7c     0x2  filter.o [1]
  .bss               zero     0x20000d7e     0x2  filter.o [1]
  .bss               zero     0x20000d80     0x2  filter.o [1]
  .bss               zero     0x20000d82     0x2  filter.o [1]
                            - 0x20000d84   0x97c


*******************************************************************************
*** INIT TABLE
***

          Address     Size
          -------     ----
Zero (__iar_zero_init3)
    1 destination range, total size 0x97c:
          0x20000408  0x97c

Copy (__iar_copy_init3)
    1 source range, total size 0x8:
          0x08005fdc    0x8
    1 destination range, total size 0x8:
          0x20000000    0x8



*******************************************************************************
*** MODULE SUMMARY
***

    Module                 ro code  ro data  rw data
    ------                 -------  -------  -------
C:\Users\4eef\Projects\Chronograph+\SW\Chrono-Terminal-V1.0\firmware\PROJ_DIR\Debug\Obj: [1]
    IR.o                     1 148                20
    MicroMenu.o                260       28      300
    adc.o                      448                 4
    clock.o                    148
    delay.o                     96
    filter.o                   216                52
    gpio.o                     544      196        4
    i2c.o                      986
    lis3.o                     592                64
    main.o                   6 472    1 086      960
    ssdFonts.o                        1 920
    ssdGraph.o                           36
    startup_stm32f042x6.o      310
    sync.o                     188
    system_stm32f0xx.o         148
    ug2864.o                 2 652       20    1 032
    ------------------------------------------------
    Total:                  14 208    3 286    2 436

command line: [2]
    ------------------------------------------------
    Total:

dl6M_tln.a: [3]
    div.o                       32
    exit.o                       8
    low_level_init.o             4
    sprintf.o                   56
    xprintflarge_nomb.o      3 338        8
    xsprout.o                   10
    ------------------------------------------------
    Total:                   3 448        8

m6M_tl.a: [4]
    DblAddSub.o                436
    DblCmpGe.o                  50
    DblCmpLe.o                  50
    DblDiv.o                   194
    DblMul.o                   388
    DblToFlt.o                  98
    DblToI32.o                  46
    FltAddSub.o                278
    FltCmpEq.o                  32
    FltCmpGe.o                  40
    FltDiv.o                   170
    FltMul.o                   176
    FltToDbl.o                  50
    FltToS32.o                  58
    I32ToDbl.o                  52
    I32ToFlt.o                  50
    atan.o                     156
    xatan.o                    480
    ------------------------------------------------
    Total:                   2 804

rt6M_tl.a: [5]
    ABImemcpy.o                 92
    ABImemset.o                 80
    I32DivModFast.o            224
    I64DivMod.o                106
    I64DivZer.o                  2
    IntDivZer.o                  2
    cexit.o                     10
    cmain.o                     26
    copy_init3.o                48
    cstartup_M.o                12
    data_init.o                 40
    memchr.o                    24
    strchr.o                    20
    strcpy.o                    16
    strlen.o                    16
    zero_init3.o                60
    ------------------------------------------------
    Total:                     778

shb_l.a: [6]
    exit.o                      20
    ------------------------------------------------
    Total:                      20

    Linker created                       36    1 024
----------------------------------------------------
    Grand Total:            21 258    3 330    3 460


*******************************************************************************
*** ENTRY LIST
***

Entry                      Address   Size  Type      Object
-----                      -------   ----  ----      ------
.iar.init_table$$Base   0x08005cfc          --   Gb  - Linker created -
.iar.init_table$$Limit  0x08005d20          --   Gb  - Linker created -
?main                   0x08005da1         Code  Gb  cmain.o [5]
ADC1_IRQHandler         0x08003393   0x82  Code  Gb  adc.o [1]
CSTACK$$Base            0x20000008          --   Gb  - Linker created -
CSTACK$$Limit           0x20000408          --   Gb  - Linker created -
CurrentMenuItem         0x20000d70    0x4  Data  Gb  main.o [1]
CurrentMenuItem         0x20000004    0x4  Data  Lc  MicroMenu.o [1]
I2C1_IRQHandler         0x08002095    0x2  Code  Gb  i2c.o [1]
I2CRx                   0x08001de5   0xec  Code  Gb  i2c.o [1]
I2CRxInit               0x08001d4d   0x98  Code  Gb  i2c.o [1]
I2CTx                   0x08001f89   0xec  Code  Gb  i2c.o [1]
I2CTxInit               0x08001ed1   0x96  Code  Gb  i2c.o [1]
IRRXData                0x20000d44   0x14  Data  Gb  IR.o [1]
LoadInt                 0x080044a5   0x68  Code  Lc  xprintflarge_nomb.o [3]
Menu_EnterCurrentItem   0x08003551   0x26  Code  Gb  MicroMenu.o [1]
Menu_GetCurrentMenu     0x0800348d    0x6  Code  Gb  MicroMenu.o [1]
Menu_Navigate           0x08003493   0xbe  Code  Gb  MicroMenu.o [1]
NULL_MENU               0x08005e00   0x18  Data  Gb  MicroMenu.o [1]
NVIC_EnableIRQ          0x08003285    0xe  Code  Lc  adc.o [1]
NVIC_EnableIRQ          0x08002d4d    0xe  Code  Lc  IR.o [1]
NVIC_SetPriority        0x08003293   0x84  Code  Lc  adc.o [1]
NVIC_SetPriority        0x08002d5b   0x84  Code  Lc  IR.o [1]
Region$$Table$$Base     0x08005cfc          --   Gb  - Linker created -
Region$$Table$$Limit    0x08005d20          --   Gb  - Linker created -
SystemInit              0x08005975   0x68  Code  Gb  system_stm32f0xx.o [1]
TIM2_IRQHandler         0x08002f0d  0x28a  Code  Gb  IR.o [1]
_GenldLargeNoMb         0x08004921  0x29a  Code  Lc  xprintflarge_nomb.o [3]
_LdtobLargeNoMb         0x08004639  0x2b0  Code  Lc  xprintflarge_nomb.o [3]
_LitobLargeNoMb         0x0800450d  0x12a  Code  Lc  xprintflarge_nomb.o [3]
_PrintfLargeNoMb        0x08003ee5  0x5c0  Code  Gb  xprintflarge_nomb.o [3]
_PutcharsLargeNoMb      0x08004bbb   0x30  Code  Lc  xprintflarge_nomb.o [3]
_SProut                 0x08002097    0xa  Code  Gb  xsprout.o [3]
__ICFEDIT_region_RAM_end__ {Abs}
                        0x200017ff         Data  Gb  command line/config [2]
__ICFEDIT_region_RAM_start__ {Abs}
                        0x20000000         Data  Gb  command line/config [2]
__aeabi_cdcmple         0x08004bf3         Code  Gb  DblCmpLe.o [4]
__aeabi_cdrcmple        0x08004c25         Code  Gb  DblCmpGe.o [4]
__aeabi_cfcmpeq         0x08003971         Code  Gb  FltCmpEq.o [4]
__aeabi_cfrcmple        0x08003e5d         Code  Gb  FltCmpGe.o [4]
__aeabi_d2f             0x08003c91         Code  Gb  DblToFlt.o [4]
__aeabi_d2uiz           0x08004f2d         Code  Gb  DblToI32.o [4]
__aeabi_dadd            0x08004f5b         Code  Gb  DblAddSub.o [4]
__aeabi_ddiv            0x08003d29         Code  Gb  DblDiv.o [4]
__aeabi_dmul            0x08003b0d         Code  Gb  DblMul.o [4]
__aeabi_dsub            0x08005021         Code  Gb  DblAddSub.o [4]
__aeabi_f2d             0x08003a3d         Code  Gb  FltToDbl.o [4]
__aeabi_f2iz            0x08003ded         Code  Gb  FltToS32.o [4]
__aeabi_fadd            0x08003859         Code  Gb  FltAddSub.o [4]
__aeabi_fdiv            0x08003991         Code  Gb  FltDiv.o [4]
__aeabi_fmul            0x080037a9         Code  Gb  FltMul.o [4]
__aeabi_i2d             0x08003cf5         Code  Gb  I32ToDbl.o [4]
__aeabi_i2f             0x08003e29         Code  Gb  I32ToFlt.o [4]
__aeabi_idiv            0x080035bd         Code  Gb  I32DivModFast.o [5]
__aeabi_idiv0           0x08004bf1         Code  Gb  IntDivZer.o [5]
__aeabi_idivmod         0x080035bd         Code  Gb  I32DivModFast.o [5]
__aeabi_ldiv0           0x08005131         Code  Gb  I64DivZer.o [5]
__aeabi_memcpy          0x08004ed1         Code  Gb  ABImemcpy.o [5]
__aeabi_memset          0x08003749         Code  Gb  ABImemset.o [5]
__aeabi_ui2d            0x08003d09         Code  Gb  I32ToDbl.o [4]
__aeabi_uidiv           0x080035c3         Code  Gb  I32DivModFast.o [5]
__aeabi_uidivmod        0x080035c3         Code  Gb  I32DivModFast.o [5]
__aeabi_uldivmod        0x08004e65         Code  Gb  I64DivMod.o [5]
__cmain                 0x08005da1         Code  Gb  cmain.o [5]
__exit                  0x08005dd5   0x14  Code  Gb  exit.o [6]
__iar_Atan              0x08004c59  0x148  Code  Gb  xatan.o [4]
__iar_Memchr            0x08004e4d   0x18  Code  Gb  memchr.o [5]
__iar_Memset4_word      0x08003769         Code  Gb  ABImemset.o [5]
__iar_Memset_word       0x08003755         Code  Gb  ABImemset.o [5]
__iar_Strchr            0x08004e39   0x14  Code  Gb  strchr.o [5]
__iar_copy_init3        0x08005a81   0x30  Code  Gb  copy_init3.o [5]
__iar_d2uiz             0x08004f31         Code  Gb  DblToI32.o [4]
__iar_data_init3        0x08005c21   0x28  Code  Gb  data_init.o [5]
__iar_program_start     0x08005f71         Code  Gb  cstartup_M.o [5]
__iar_ui2d              0x08003d0d         Code  Gb  I32ToDbl.o [4]
__iar_ui2f              0x08003e41         Code  Gb  I32ToFlt.o [4]
__iar_zero_init3        0x08005a45   0x3c  Code  Gb  zero_init3.o [5]
__low_level_init        0x08005dbb    0x4  Code  Gb  low_level_init.o [3]
__vector_table          0x08000000         Data  Gb  startup_stm32f042x6.o [1]
_call_main              0x08005dad         Code  Gb  cmain.o [5]
_exit                   0x08005dc9         Code  Gb  cexit.o [5]
_main                   0x08005db7         Code  Gb  cmain.o [5]
a                       0x08004df8   0x40  Data  Lc  xatan.o [4]
about                   0x08005d40   0x20  Data  Gb  main.o [1]
accAxisCal              0x08002c37   0xe6  Code  Gb  lis3.o [1]
accel                   0x20000d2c   0x18  Data  Gb  lis3.o [1]
adcData                 0x20000d58    0x4  Data  Gb  adc.o [1]
adcInit                 0x08003317   0x7c  Code  Gb  adc.o [1]
atan                    0x08003a71   0x9c  Code  Gb  atan.o [4]
buttonCnts              0x20000d6c    0x4  Data  Gb  main.o [1]
delay_us                0x08003e85   0x60  Code  Gb  delay.o [1]
display                 0x08005d20   0x20  Data  Gb  main.o [1]
div                     0x0800510f   0x20  Code  Gb  div.o [3]
drawMainScreen          0x080016bd  0x304  Code  Gb  main.o [1]
drawMenu                0x080015bf   0xba  Code  Gb  main.o [1]
exit                    0x08005dbf    0x8  Code  Gb  exit.o [3]
font12x16               0x08005734  0x180  Data  Gb  ssdFonts.o [1]
font6x8                 0x08005134  0x600  Data  Gb  ssdFonts.o [1]
getButtonState          0x0800119d  0x1a6  Code  Gb  main.o [1]
gppin_init              0x08001ad7  0x1cc  Code  Gb  gpio.o [1]
initClocks              0x08001a09   0x94  Code  Gb  clock.o [1]
initGpios               0x08001a9d   0x3a  Code  Gb  gpio.o [1]
initI2C1                0x08001cbd   0x90  Code  Gb  i2c.o [1]
initIRConfig            0x08002ddf   0xea  Code  Gb  IR.o [1]
kalman                  0x20000d10   0x1c  Data  Gb  filter.o [1]
lis3AxisCal             0x20000ce8   0x28  Data  Gb  lis3.o [1]
lis3_getXYZ             0x08002bb5   0x82  Code  Gb  lis3.o [1]
lis3_read               0x08002b77   0x3e  Code  Gb  lis3.o [1]
lis3_write              0x08002b4b   0x2c  Code  Gb  lis3.o [1]
lis3init                0x08002afd   0x4e  Code  Gb  lis3.o [1]
lpf                     0x08003671   0x2e  Code  Gb  filter.o [1]
lpf::Dacc               0x20000d5c    0x4  Data  Lc  filter.o [1]
lpf::Dout               0x20000d7c    0x2  Data  Lc  filter.o [1]
lpfx                    0x0800369f   0x2e  Code  Gb  filter.o [1]
lpfx::Dacc              0x20000d60    0x4  Data  Lc  filter.o [1]
lpfx::Dout              0x20000d7e    0x2  Data  Lc  filter.o [1]
lpfy                    0x080036cd   0x2e  Code  Gb  filter.o [1]
lpfy::Dacc              0x20000d64    0x4  Data  Lc  filter.o [1]
lpfy::Dout              0x20000d80    0x2  Data  Lc  filter.o [1]
lpfz                    0x080036fb   0x2e  Code  Gb  filter.o [1]
lpfz::Dacc              0x20000d68    0x4  Data  Lc  filter.o [1]
lpfz::Dout              0x20000d82    0x2  Data  Lc  filter.o [1]
main                    0x080000c1  0xe88  Code  Gb  main.o [1]
mchron                  0x08005c90   0x24  Data  Gb  main.o [1]
mcommon                 0x08005d60   0x20  Data  Gb  main.o [1]
meas                    0x2000080c  0x248  Data  Gb  main.o [1]
menu                    0x20000bc0  0x128  Data  Gb  MicroMenu.o [1]
menuFolder              0x08005f08   0x10  Data  Gb  ssdGraph.o [1]
menuScroll              0x08005fe4    0x4  Data  Gb  ssdGraph.o [1]
mincline                0x08005b58   0x28  Data  Gb  main.o [1]
mode                    0x08005b08   0x28  Data  Gb  main.o [1]
modeEdit                0x080010d5   0x72  Code  Gb  main.o [1]
parEdit                 0x0800106d   0x54  Code  Gb  main.o [1]
parEditRedir            0x08000f89   0xd2  Code  Gb  main.o [1]
pellets                 0x20000a54  0x16c  Data  Gb  main.o [1]
pinNum                  0x20000000    0x4  Data  Gb  gpio.o [1]
pinsMode                0x080058b4   0xc0  Data  Gb  gpio.o [1]
s16fNorm                0x080013b9   0x3c  Code  Gb  main.o [1]
scbind                  0x08005d80   0x20  Data  Gb  main.o [1]
scdist                  0x08005bf8   0x28  Data  Gb  main.o [1]
schrono                 0x08005cb4   0x24  Data  Gb  main.o [1]
sclipc                  0x08005b80   0x28  Data  Gb  main.o [1]
service                 0x08005b30   0x28  Data  Gb  main.o [1]
setts                   0x08005c6c   0x24  Data  Gb  main.o [1]
sibrdr                  0x08005adc   0x2c  Data  Gb  main.o [1]
sical                   0x08005cd8   0x24  Data  Gb  main.o [1]
sincline                0x08005ba8   0x28  Data  Gb  main.o [1]
sprintf                 0x08003455   0x38  Code  Gb  sprintf.o [3]
ssdBatt                 0x08005f18   0x10  Data  Gb  ssdGraph.o [1]
ssdSettings             0x20000d78    0x4  Data  Gb  ug2864.o [1]
ssdVideoBff             0x20000408  0x404  Data  Gb  ug2864.o [1]
ssd_putBatt             0x0800265d   0xb0  Code  Gb  ug2864.o [1]
ssd_putChar12x16        0x08002719   0xf4  Code  Gb  ug2864.o [1]
ssd_putChar6x8          0x08002831   0x5a  Code  Gb  ug2864.o [1]
ssd_putMenuFolder       0x0800260d   0x50  Code  Gb  ug2864.o [1]
ssd_putMenuScroll       0x0800241d   0xae  Code  Gb  ug2864.o [1]
ssd_putMsgBox           0x08002169   0x8a  Code  Gb  ug2864.o [1]
ssd_putParBox           0x080020a1   0xc0  Code  Gb  ug2864.o [1]
ssd_putPitchBar         0x080024cb  0x13e  Code  Gb  ug2864.o [1]
ssd_putRollBar          0x080021f3  0x220  Code  Gb  ug2864.o [1]
ssd_putString12x16      0x0800280d   0x24  Code  Gb  ug2864.o [1]
ssd_putString6x8        0x08002891   0x24  Code  Gb  ug2864.o [1]
ssd_setpix              0x080028b5   0xc8  Code  Gb  ug2864.o [1]
ssleep                  0x08005ab0   0x2c  Data  Gb  main.o [1]
stats                   0x08005c48   0x24  Data  Gb  main.o [1]
strcpy                  0x08003445         Code  Gb  strcpy.o [5]
strlen                  0x08003799   0x10  Code  Gb  strlen.o [5]
swusrc                  0x08005bd0   0x28  Data  Gb  main.o [1]
sync                    0x08003223   0x3c  Code  Gb  sync.o [1]
syncInit                0x080031c9   0x5a  Code  Gb  sync.o [1]
sysPars                 0x20000d74    0x4  Data  Gb  main.o [1]
tiltAngCalc             0x08001351   0x5e  Code  Gb  main.o [1]
trxAccData              0x08001429  0x196  Code  Gb  main.o [1]
ug2864_com              0x08002a2f   0x2c  Code  Gb  ug2864.o [1]
ug2864_refresh          0x08002a65   0x76  Code  Gb  ug2864.o [1]
ug2864init              0x08002981   0xae  Code  Gb  ug2864.o [1]


[1] = C:\Users\4eef\Projects\Chronograph+\SW\Chrono-Terminal-V1.0\firmware\PROJ_DIR\Debug\Obj
[2] = command line
[3] = dl6M_tln.a
[4] = m6M_tl.a
[5] = rt6M_tl.a
[6] = shb_l.a

  21 258 bytes of readonly  code memory
   3 330 bytes of readonly  data memory
   3 460 bytes of readwrite data memory

Errors: none
Warnings: none
