###############################################################################
#
# IAR ELF Linker V7.70.1.11437/W32 for ARM                19/Oct/2018  17:54:48
# Copyright 2007-2016 IAR Systems AB.
#
#    Output file  =  
#        C:\Users\baidachenko.v.ABK-D113\chronograph-plus\SW\Chrono-Terminal-V1.0\firmware\PROJ_DIR\Debug\Exe\Chrono-Terminal-V1.0.out
#    Map file     =  
#        C:\Users\baidachenko.v.ABK-D113\chronograph-plus\SW\Chrono-Terminal-V1.0\firmware\PROJ_DIR\Debug\List\Chrono-Terminal-V1.0.map
#    Command line =  
#        C:\Users\baidachenko.v.ABK-D113\chronograph-plus\SW\Chrono-Terminal-V1.0\firmware\PROJ_DIR\Debug\Obj\adc.o
#        C:\Users\baidachenko.v.ABK-D113\chronograph-plus\SW\Chrono-Terminal-V1.0\firmware\PROJ_DIR\Debug\Obj\battery.o
#        C:\Users\baidachenko.v.ABK-D113\chronograph-plus\SW\Chrono-Terminal-V1.0\firmware\PROJ_DIR\Debug\Obj\buttons.o
#        C:\Users\baidachenko.v.ABK-D113\chronograph-plus\SW\Chrono-Terminal-V1.0\firmware\PROJ_DIR\Debug\Obj\clock.o
#        C:\Users\baidachenko.v.ABK-D113\chronograph-plus\SW\Chrono-Terminal-V1.0\firmware\PROJ_DIR\Debug\Obj\delay.o
#        C:\Users\baidachenko.v.ABK-D113\chronograph-plus\SW\Chrono-Terminal-V1.0\firmware\PROJ_DIR\Debug\Obj\filter.o
#        C:\Users\baidachenko.v.ABK-D113\chronograph-plus\SW\Chrono-Terminal-V1.0\firmware\PROJ_DIR\Debug\Obj\fix16.o
#        C:\Users\baidachenko.v.ABK-D113\chronograph-plus\SW\Chrono-Terminal-V1.0\firmware\PROJ_DIR\Debug\Obj\fix16_exp.o
#        C:\Users\baidachenko.v.ABK-D113\chronograph-plus\SW\Chrono-Terminal-V1.0\firmware\PROJ_DIR\Debug\Obj\fix16_sqrt.o
#        C:\Users\baidachenko.v.ABK-D113\chronograph-plus\SW\Chrono-Terminal-V1.0\firmware\PROJ_DIR\Debug\Obj\fix16_trig.o
#        C:\Users\baidachenko.v.ABK-D113\chronograph-plus\SW\Chrono-Terminal-V1.0\firmware\PROJ_DIR\Debug\Obj\fract32.o
#        C:\Users\baidachenko.v.ABK-D113\chronograph-plus\SW\Chrono-Terminal-V1.0\firmware\PROJ_DIR\Debug\Obj\gpio.o
#        C:\Users\baidachenko.v.ABK-D113\chronograph-plus\SW\Chrono-Terminal-V1.0\firmware\PROJ_DIR\Debug\Obj\i2c.o
#        C:\Users\baidachenko.v.ABK-D113\chronograph-plus\SW\Chrono-Terminal-V1.0\firmware\PROJ_DIR\Debug\Obj\IR.o
#        C:\Users\baidachenko.v.ABK-D113\chronograph-plus\SW\Chrono-Terminal-V1.0\firmware\PROJ_DIR\Debug\Obj\lis3.o
#        C:\Users\baidachenko.v.ABK-D113\chronograph-plus\SW\Chrono-Terminal-V1.0\firmware\PROJ_DIR\Debug\Obj\main.o
#        C:\Users\baidachenko.v.ABK-D113\chronograph-plus\SW\Chrono-Terminal-V1.0\firmware\PROJ_DIR\Debug\Obj\MicroMenu.o
#        C:\Users\baidachenko.v.ABK-D113\chronograph-plus\SW\Chrono-Terminal-V1.0\firmware\PROJ_DIR\Debug\Obj\power.o
#        C:\Users\baidachenko.v.ABK-D113\chronograph-plus\SW\Chrono-Terminal-V1.0\firmware\PROJ_DIR\Debug\Obj\ssdFonts.o
#        C:\Users\baidachenko.v.ABK-D113\chronograph-plus\SW\Chrono-Terminal-V1.0\firmware\PROJ_DIR\Debug\Obj\ssdGraph.o
#        C:\Users\baidachenko.v.ABK-D113\chronograph-plus\SW\Chrono-Terminal-V1.0\firmware\PROJ_DIR\Debug\Obj\startup_stm32f042x6.o
#        C:\Users\baidachenko.v.ABK-D113\chronograph-plus\SW\Chrono-Terminal-V1.0\firmware\PROJ_DIR\Debug\Obj\sync.o
#        C:\Users\baidachenko.v.ABK-D113\chronograph-plus\SW\Chrono-Terminal-V1.0\firmware\PROJ_DIR\Debug\Obj\system.o
#        C:\Users\baidachenko.v.ABK-D113\chronograph-plus\SW\Chrono-Terminal-V1.0\firmware\PROJ_DIR\Debug\Obj\system_stm32f0xx.o
#        C:\Users\baidachenko.v.ABK-D113\chronograph-plus\SW\Chrono-Terminal-V1.0\firmware\PROJ_DIR\Debug\Obj\ug2864.o
#        C:\Users\baidachenko.v.ABK-D113\chronograph-plus\SW\Chrono-Terminal-V1.0\firmware\PROJ_DIR\Debug\Obj\uint32.o
#        --redirect _Printf=_PrintfLargeNoMb -o
#        C:\Users\baidachenko.v.ABK-D113\chronograph-plus\SW\Chrono-Terminal-V1.0\firmware\PROJ_DIR\Debug\Exe\Chrono-Terminal-V1.0.out
#        --map
#        C:\Users\baidachenko.v.ABK-D113\chronograph-plus\SW\Chrono-Terminal-V1.0\firmware\PROJ_DIR\Debug\List\Chrono-Terminal-V1.0.map
#        --config "C:\Program Files (x86)\IAR Systems\Embedded Workbench
#        7.5\arm\config\linker\ST\stm32f042x6.icf" --semihosting --entry
#        __iar_program_start --vfe
#
###############################################################################

*******************************************************************************
*** RUNTIME MODEL ATTRIBUTES
***

CppFlavor       = *
__SystemLibrary = DLib


*******************************************************************************
*** PLACEMENT SUMMARY
***

"A0":  place at 0x08000000 { ro section .intvec };
"P1":  place in [from 0x08000000 to 0x08007fff] { ro };
"P2":  place in [from 0x20000000 to 0x200017ff] { rw, block CSTACK, block HEAP };
initialize by copy { rw };

  Section            Kind        Address    Size  Object
  -------            ----        -------    ----  ------
"A0":                                       0xc0
  .intvec            ro code  0x08000000    0xc0  startup_stm32f042x6.o [1]
                            - 0x080000c0    0xc0

"P1":                                     0x7014
  .text              ro code  0x080000c0   0xcf2  xprintflarge_nomb.o [3]
  .text              ro code  0x08000db2    0x14  strchr.o [5]
  .text              ro code  0x08000dc6    0x10  strlen.o [5]
  .text              ro code  0x08000dd6    0x18  memchr.o [5]
  .text              ro code  0x08000dee    0x6a  I64DivMod.o [5]
  .text              ro code  0x08000e58    0x5c  ABImemcpy.o [5]
  .text              ro code  0x08000eb4    0xe0  I32DivModFast.o [5]
  .text              ro code  0x08000f94    0x32  DblCmpLe.o [4]
  .text              ro code  0x08000fc6   0x184  DblMul.o [4]
  .text              ro code  0x0800114a    0xc2  DblDiv.o [4]
  .text              ro code  0x0800120c    0x2e  DblToI32.o [4]
  .text              ro code  0x0800123a     0xa  xsprout.o [3]
  .text              ro code  0x08001244    0x20  I32ToDbl.o [4]
  .text              ro code  0x08001264   0x1a8  DblAddSub.o [4]
  .text              ro code  0x0800140c    0x20  div.o [3]
  .text              ro code  0x0800142c     0x2  I64DivZer.o [5]
  .rodata            const    0x0800142e     0x2  main.o [1]
  .text              ro code  0x08001430     0x2  IntDivZer.o [5]
  .rodata            const    0x08001432     0x2  system.o [1]
  .text              ro code  0x08001434   0xc3c  ug2864.o [1]
  .text              ro code  0x08002070    0x38  sprintf.o [3]
  .text              ro code  0x080020a8    0x1c  strcat.o [3]
  .text              ro code  0x080020c4     0x8  abs.o [3]
  .text              ro code  0x080020cc    0x50  ABImemset.o [5]
  .text              ro code  0x0800211c    0x60  delay.o [1]
  .text              ro code  0x0800217c   0x3e2  i2c.o [1]
  .rodata            const    0x0800255e     0x2  ug2864.o [1]
  .text              ro code  0x08002560   0xb70  MicroMenu.o [1]
  .text              ro code  0x080030d0    0x10  strcpy.o [5]
  .text              ro code  0x080030e0   0xa2c  IR.o [1]
  .text              ro code  0x08003b0c   0x70c  system.o [1]
  .rodata            const    0x08004218   0x600  ssdFonts.o [1]
  .text              ro code  0x08004818   0x35c  lis3.o [1]
  .text              ro code  0x08004b74   0x1c4  fix16.o [1]
  .text              ro code  0x08004d38    0xc8  fix16_trig.o [1]
  .text              ro code  0x08004e00   0x1f4  filter.o [1]
  .text              ro code  0x08004ff4    0x32  I64Mul.o [5]
  .rodata            const    0x08005026     0x2  ug2864.o [1]
  .text              ro code  0x08005028    0x32  I32ToFlt.o [4]
  .text              ro code  0x0800505a    0xb0  FltMul.o [4]
  .rodata            const    0x0800510a     0x2  ug2864.o [1]
  .text              ro code  0x0800510c    0x3a  FltToS32.o [4]
  .text              ro code  0x08005146   0x120  FltAddSub.o [4]
  .text              ro code  0x08005266    0xaa  FltDiv.o [4]
  .text              ro code  0x08005310    0x26  FltCmpLe.o [4]
  .rodata            const    0x08005336     0x2  ug2864.o [1]
  .text              ro code  0x08005338    0x28  FltCmpGe.o [4]
  .text              ro code  0x08005360    0x22  xfdtest.o [4]
  .rodata            const    0x08005382     0x2  ug2864.o [1]
  .text              ro code  0x08005384   0x334  buttons.o [1]
  .text              ro code  0x080056b8   0x2d8  main.o [1]
  .text              ro code  0x08005990   0x1e0  power.o [1]
  .text              ro code  0x08005b70   0x1f8  adc.o [1]
  .text              ro code  0x08005d68   0x160  sync.o [1]
  .text              ro code  0x08005ec8   0x1c0  battery.o [1]
  .text              ro code  0x08006088    0xa0  clock.o [1]
  .text              ro code  0x08006128   0x220  gpio.o [1]
  .rodata            const    0x08006348   0x198  ssdFonts.o [1]
  .rodata            const    0x080064e0    0xc0  gpio.o [1]
  .text              ro code  0x080065a0    0x94  system_stm32f0xx.o [1]
  .text              ro code  0x08006634    0x3c  startup_stm32f042x6.o [1]
  .text              ro code  0x08006670    0x3c  zero_init3.o [5]
  .text              ro code  0x080066ac    0x30  copy_init3.o [5]
  .text              ro code  0x080066dc    0x28  data_init.o [5]
  .iar.init_table    const    0x08006704    0x24  - Linker created -
  .rodata            const    0x08006728    0x1c  main.o [1]
  .rodata            const    0x08006744    0x1c  main.o [1]
  .rodata            const    0x08006760    0x1c  main.o [1]
  .rodata            const    0x0800677c    0x1c  main.o [1]
  .rodata            const    0x08006798    0x1c  main.o [1]
  .rodata            const    0x080067b4    0x1c  main.o [1]
  .rodata            const    0x080067d0    0x1c  main.o [1]
  .rodata            const    0x080067ec    0x1c  main.o [1]
  .rodata            const    0x08006808    0x1c  main.o [1]
  .rodata            const    0x08006824    0x1c  main.o [1]
  .rodata            const    0x08006840    0x1c  main.o [1]
  .rodata            const    0x0800685c    0x1c  main.o [1]
  .rodata            const    0x08006878    0x1c  main.o [1]
  .rodata            const    0x08006894    0x1c  main.o [1]
  .rodata            const    0x080068b0    0x1c  main.o [1]
  .rodata            const    0x080068cc    0x1c  main.o [1]
  .rodata            const    0x080068e8    0x1c  main.o [1]
  .rodata            const    0x08006904    0x1c  main.o [1]
  .rodata            const    0x08006920    0x1c  main.o [1]
  .rodata            const    0x0800693c    0x1c  main.o [1]
  .rodata            const    0x08006958    0x1c  main.o [1]
  .rodata            const    0x08006974    0x1c  main.o [1]
  .rodata            const    0x08006990    0x1c  main.o [1]
  .rodata            const    0x080069ac    0x1c  main.o [1]
  .rodata            const    0x080069c8    0x1c  main.o [1]
  .rodata            const    0x080069e4    0x1c  main.o [1]
  .rodata            const    0x08006a00    0x1c  main.o [1]
  .rodata            const    0x08006a1c    0x1c  main.o [1]
  .rodata            const    0x08006a38    0x1c  main.o [1]
  .rodata            const    0x08006a54    0x1c  main.o [1]
  .rodata            const    0x08006a70    0x1c  main.o [1]
  .rodata            const    0x08006a8c    0x1c  MicroMenu.o [1]
  .text              ro code  0x08006aa8    0x1a  cmain.o [5]
  .text              ro code  0x08006ac2     0x4  low_level_init.o [3]
  .text              ro code  0x08006ac6     0x8  exit.o [3]
  .rodata            const    0x08006ace     0x2  ug2864.o [1]
  .text              ro code  0x08006ad0     0xa  cexit.o [5]
  .rodata            const    0x08006ada     0x2  ug2864.o [1]
  .text              ro code  0x08006adc    0x14  exit.o [6]
  .rodata            const    0x08006af0    0x18  main.o [1]
  .rodata            const    0x08006b08    0x18  main.o [1]
  .rodata            const    0x08006b20    0x18  main.o [1]
  .rodata            const    0x08006b38    0x18  main.o [1]
  .rodata            const    0x08006b50    0x18  main.o [1]
  .rodata            const    0x08006b68    0x18  main.o [1]
  .rodata            const    0x08006b80    0x18  main.o [1]
  .rodata            const    0x08006b98    0x18  main.o [1]
  .rodata            const    0x08006bb0    0x18  main.o [1]
  .rodata            const    0x08006bc8    0x18  main.o [1]
  .rodata            const    0x08006be0    0x18  main.o [1]
  .rodata            const    0x08006bf8    0x18  main.o [1]
  .rodata            const    0x08006c10    0x18  main.o [1]
  .rodata            const    0x08006c28    0x18  main.o [1]
  .rodata            const    0x08006c40    0x18  main.o [1]
  .rodata            const    0x08006c58    0x18  main.o [1]
  .rodata            const    0x08006c70    0x18  main.o [1]
  .rodata            const    0x08006c88    0x18  main.o [1]
  .rodata            const    0x08006ca0    0x18  main.o [1]
  .rodata            const    0x08006cb8    0x18  main.o [1]
  .rodata            const    0x08006cd0    0x18  main.o [1]
  .rodata            const    0x08006ce8    0x18  main.o [1]
  .rodata            const    0x08006d00    0x18  main.o [1]
  .rodata            const    0x08006d18    0x18  main.o [1]
  .rodata            const    0x08006d30    0x18  main.o [1]
  .rodata            const    0x08006d48    0x18  main.o [1]
  .rodata            const    0x08006d60    0x18  main.o [1]
  .rodata            const    0x08006d78    0x18  MicroMenu.o [1]
  .rodata            const    0x08006d90    0x14  battery.o [1]
  .rodata            const    0x08006da4    0x14  main.o [1]
  .rodata            const    0x08006db8    0x14  main.o [1]
  .rodata            const    0x08006dcc    0x14  main.o [1]
  .rodata            const    0x08006de0    0x14  main.o [1]
  .rodata            const    0x08006df4    0x14  main.o [1]
  .rodata            const    0x08006e08    0x14  main.o [1]
  .rodata            const    0x08006e1c    0x14  MicroMenu.o [1]
  .rodata            const    0x08006e30    0x14  sync.o [1]
  .rodata            const    0x08006e44    0x10  IR.o [1]
  .rodata            const    0x08006e54    0x10  IR.o [1]
  .rodata            const    0x08006e64    0x10  IR.o [1]
  .rodata            const    0x08006e74    0x10  IR.o [1]
  .rodata            const    0x08006e84    0x10  main.o [1]
  .rodata            const    0x08006e94    0x10  main.o [1]
  .rodata            const    0x08006ea4    0x10  main.o [1]
  .rodata            const    0x08006eb4    0x10  main.o [1]
  .rodata            const    0x08006ec4    0x10  main.o [1]
  .rodata            const    0x08006ed4    0x10  main.o [1]
  .rodata            const    0x08006ee4    0x10  MicroMenu.o [1]
  .rodata            const    0x08006ef4    0x10  MicroMenu.o [1]
  .rodata            const    0x08006f04    0x10  ssdGraph.o [1]
  .rodata            const    0x08006f14    0x10  ssdGraph.o [1]
  .rodata            const    0x08006f24    0x10  system.o [1]
  .rodata            const    0x08006f34    0x10  system.o [1]
  .rodata            const    0x08006f44     0xc  battery.o [1]
  .rodata            const    0x08006f50     0xc  main.o [1]
  .rodata            const    0x08006f5c     0xc  main.o [1]
  .rodata            const    0x08006f68     0xc  main.o [1]
  .rodata            const    0x08006f74     0xc  main.o [1]
  .rodata            const    0x08006f80     0xc  MicroMenu.o [1]
  .rodata            const    0x08006f8c     0xc  MicroMenu.o [1]
  .rodata            const    0x08006f98     0xc  MicroMenu.o [1]
  .rodata            const    0x08006fa4     0xc  system.o [1]
  .rodata            const    0x08006fb0     0xc  system.o [1]
  .rodata            const    0x08006fbc     0xc  system.o [1]
  .text              ro code  0x08006fc8     0xc  cstartup_M.o [5]
  .rodata            const    0x08006fd4     0x8  IR.o [1]
  .rodata            const    0x08006fdc     0x8  main.o [1]
  .rodata            const    0x08006fe4     0x8  main.o [1]
  .rodata            const    0x08006fec     0x8  main.o [1]
  .rodata            const    0x08006ff4     0x8  MicroMenu.o [1]
  .rodata            const    0x08006ffc     0x8  MicroMenu.o [1]
  .rodata            const    0x08007004     0x8  MicroMenu.o [1]
  .rodata            const    0x0800700c     0x8  MicroMenu.o [1]
  .rodata            const    0x08007014     0x8  ssdGraph.o [1]
  .rodata            const    0x0800701c     0x8  system.o [1]
  .rodata            const    0x08007024     0x8  system.o [1]
  .rodata            const    0x0800702c     0x8  ug2864.o [1]
  .rodata            const    0x08007034     0x8  ug2864.o [1]
  .rodata            const    0x0800703c     0x8  ug2864.o [1]
  .rodata            const    0x08007044     0x8  ug2864.o [1]
  .rodata            const    0x0800704c     0x8  ug2864.o [1]
  .rodata            const    0x08007054     0x8  ug2864.o [1]
  .rodata            const    0x0800705c     0x8  xprintflarge_nomb.o [3]
  Initializer bytes  const    0x08007064     0x8  <for P2-1>
  .rodata            const    0x0800706c     0x4  fix16.o [1]
  .rodata            const    0x08007070     0x4  fix16.o [1]
  .rodata            const    0x08007074     0x4  fix16_trig.o [1]
  .rodata            const    0x08007078     0x4  fix16_trig.o [1]
  .rodata            const    0x0800707c     0x4  fix16_trig.o [1]
  .rodata            const    0x08007080     0x4  lis3.o [1]
  .rodata            const    0x08007084     0x4  main.o [1]
  .rodata            const    0x08007088     0x4  main.o [1]
  .rodata            const    0x0800708c     0x4  main.o [1]
  .rodata            const    0x08007090     0x4  main.o [1]
  .rodata            const    0x08007094     0x4  ssdGraph.o [1]
  .rodata            const    0x08007098     0x2  ug2864.o [1]
  .rodata            const    0x0800709a     0x2  ug2864.o [1]
  .text              ro code  0x0800709c     0x2  startup_stm32f042x6.o [1]
  .text              ro code  0x0800709e     0x2  startup_stm32f042x6.o [1]
  .text              ro code  0x080070a0     0x2  startup_stm32f042x6.o [1]
  .text              ro code  0x080070a2     0x2  startup_stm32f042x6.o [1]
  .text              ro code  0x080070a4     0x2  startup_stm32f042x6.o [1]
  .text              ro code  0x080070a6     0x2  startup_stm32f042x6.o [1]
  .text              ro code  0x080070a8     0x2  startup_stm32f042x6.o [1]
  .text              ro code  0x080070aa     0x2  startup_stm32f042x6.o [1]
  .text              ro code  0x080070ac     0x2  startup_stm32f042x6.o [1]
  .text              ro code  0x080070ae     0x2  startup_stm32f042x6.o [1]
  .text              ro code  0x080070b0     0x2  startup_stm32f042x6.o [1]
  .text              ro code  0x080070b2     0x2  startup_stm32f042x6.o [1]
  .text              ro code  0x080070b4     0x2  startup_stm32f042x6.o [1]
  .text              ro code  0x080070b6     0x2  startup_stm32f042x6.o [1]
  .text              ro code  0x080070b8     0x2  startup_stm32f042x6.o [1]
  .text              ro code  0x080070ba     0x2  startup_stm32f042x6.o [1]
  .text              ro code  0x080070bc     0x2  startup_stm32f042x6.o [1]
  .text              ro code  0x080070be     0x2  startup_stm32f042x6.o [1]
  .text              ro code  0x080070c0     0x2  startup_stm32f042x6.o [1]
  .text              ro code  0x080070c2     0x2  startup_stm32f042x6.o [1]
  .text              ro code  0x080070c4     0x2  startup_stm32f042x6.o [1]
  .text              ro code  0x080070c6     0x2  startup_stm32f042x6.o [1]
  .text              ro code  0x080070c8     0x2  startup_stm32f042x6.o [1]
  .text              ro code  0x080070ca     0x2  startup_stm32f042x6.o [1]
  .text              ro code  0x080070cc     0x2  startup_stm32f042x6.o [1]
  .text              ro code  0x080070ce     0x2  startup_stm32f042x6.o [1]
  .text              ro code  0x080070d0     0x2  startup_stm32f042x6.o [1]
  .text              ro code  0x080070d2     0x2  startup_stm32f042x6.o [1]
  .rodata            const    0x080070d4     0x0  zero_init3.o [5]
  .rodata            const    0x080070d4     0x0  copy_init3.o [5]
                            - 0x080070d4  0x7014

"P2", part 1 of 3:                           0x8
  P2-1                        0x20000000     0x8  <Init block>
    .data            inited   0x20000000     0x4  gpio.o [1]
    .data            inited   0x20000004     0x4  MicroMenu.o [1]
                            - 0x20000008     0x8

"P2", part 2 of 3:                         0x400
  CSTACK                      0x20000008   0x400  <Block>
    CSTACK           uninit   0x20000008   0x400  <Block tail>
                            - 0x20000408   0x400

"P2", part 3 of 3:                         0xe6c
  .bss               zero     0x20000408   0x578  MicroMenu.o [1]
  .bss               zero     0x20000980   0x404  ug2864.o [1]
  .bss               zero     0x20000d84   0x22c  system.o [1]
  .bss               zero     0x20000fb0   0x178  system.o [1]
  .bss               zero     0x20001128    0x5c  filter.o [1]
  .bss               zero     0x20001184    0x3c  system.o [1]
  .bss               zero     0x200011c0    0x1c  system.o [1]
  .bss               zero     0x200011dc    0x18  filter.o [1]
  .bss               zero     0x200011f4    0x18  lis3.o [1]
  .bss               zero     0x2000120c    0x18  system.o [1]
  .bss               zero     0x20001224    0x14  IR.o [1]
  .bss               zero     0x20001238    0x14  lis3.o [1]
  .bss               zero     0x2000124c     0x8  buttons.o [1]
  .bss               zero     0x20001254     0x8  power.o [1]
  .bss               zero     0x2000125c     0x8  system.o [1]
  .bss               zero     0x20001264     0x4  adc.o [1]
  .bss               zero     0x20001268     0x4  filter.o [1]
  .bss               zero     0x2000126c     0x4  main.o [1]
  .bss               zero     0x20001270     0x2  filter.o [1]
  .bss               zero     0x20001272     0x1  battery.o [1]
                            - 0x20001273   0xe6b


*******************************************************************************
*** INIT TABLE
***

          Address     Size
          -------     ----
Zero (__iar_zero_init3)
    1 destination range, total size 0xe6b:
          0x20000408  0xe6b

Copy (__iar_copy_init3)
    1 source range, total size 0x8:
          0x08007064    0x8
    1 destination range, total size 0x8:
          0x20000000    0x8



*******************************************************************************
*** MODULE SUMMARY
***

    Module                 ro code  ro data  rw data
    ------                 -------  -------  -------
C:\Users\baidachenko.v.ABK-D113\chronograph-plus\SW\Chrono-Terminal-V1.0\firmware\PROJ_DIR\Debug\Obj: [1]
    IR.o                     2 604       72       20
    MicroMenu.o              2 928      176    1 404
    adc.o                      504                 4
    battery.o                  448       32        1
    buttons.o                  820                 8
    clock.o                    160
    delay.o                     96
    filter.o                   500               122
    fix16.o                    452        8
    fix16_trig.o               200       12
    gpio.o                     544      196        4
    i2c.o                      994
    lis3.o                     860        4       44
    main.o                     728    1 822        4
    power.o                    480                 8
    ssdFonts.o                        1 944
    ssdGraph.o                           44
    startup_stm32f042x6.o      308
    sync.o                     352       20
    system.o                 1 804       86    1 052
    system_stm32f0xx.o         148
    ug2864.o                 3 132       66    1 028
    ------------------------------------------------
    Total:                  18 062    4 482    3 699

command line: [2]
    ------------------------------------------------
    Total:

dl6M_tln.a: [3]
    abs.o                        8
    div.o                       32
    exit.o                       8
    low_level_init.o             4
    sprintf.o                   56
    strcat.o                    28
    xprintflarge_nomb.o      3 314        8
    xsprout.o                   10
    ------------------------------------------------
    Total:                   3 460        8

m6M_tl.a: [4]
    DblAddSub.o                424
    DblCmpLe.o                  50
    DblDiv.o                   194
    DblMul.o                   388
    DblToI32.o                  46
    FltAddSub.o                288
    FltCmpGe.o                  40
    FltCmpLe.o                  38
    FltDiv.o                   170
    FltMul.o                   176
    FltToS32.o                  58
    I32ToDbl.o                  32
    I32ToFlt.o                  50
    xfdtest.o                   34
    ------------------------------------------------
    Total:                   1 988

rt6M_tl.a: [5]
    ABImemcpy.o                 92
    ABImemset.o                 80
    I32DivModFast.o            224
    I64DivMod.o                106
    I64DivZer.o                  2
    I64Mul.o                    50
    IntDivZer.o                  2
    cexit.o                     10
    cmain.o                     26
    copy_init3.o                48
    cstartup_M.o                12
    data_init.o                 40
    memchr.o                    24
    strchr.o                    20
    strcpy.o                    16
    strlen.o                    16
    zero_init3.o                60
    ------------------------------------------------
    Total:                     828

shb_l.a: [6]
    exit.o                      20
    ------------------------------------------------
    Total:                      20

    Linker created                       36    1 024
----------------------------------------------------
    Grand Total:            24 358    4 526    4 723


*******************************************************************************
*** ENTRY LIST
***

Entry                      Address   Size  Type      Object
-----                      -------   ----  ----      ------
.iar.init_table$$Base   0x08006704          --   Gb  - Linker created -
.iar.init_table$$Limit  0x08006728          --   Gb  - Linker created -
?main                   0x08006aa9         Code  Gb  cmain.o [5]
ADC1_IRQHandler         0x08005cb1   0x82  Code  Gb  adc.o [1]
CSTACK$$Base            0x20000008          --   Gb  - Linker created -
CSTACK$$Limit           0x20000408          --   Gb  - Linker created -
EXTI4_15_IRQHandler     0x08005a31   0x22  Code  Gb  power.o [1]
I2C1_IRQHandler         0x0800255d    0x2  Code  Gb  i2c.o [1]
I2CRx                   0x080022ad   0xec  Code  Gb  i2c.o [1]
I2CRxInit               0x08002215   0x98  Code  Gb  i2c.o [1]
I2CTx                   0x08002451   0xec  Code  Gb  i2c.o [1]
I2CTxInit               0x08002399   0x96  Code  Gb  i2c.o [1]
LoadInt                 0x0800066b   0x68  Code  Lc  xprintflarge_nomb.o [3]
Menu_GetCurrentMenu     0x08002f95    0x6  Code  Gb  MicroMenu.o [1]
Menu_Navigate           0x08002fa5   0xdc  Code  Gb  MicroMenu.o [1]
Menu_infoWndRun         0x08002951   0x2c  Code  Gb  MicroMenu.o [1]
Menu_navDisp            0x080025f1   0xa2  Code  Gb  MicroMenu.o [1]
Menu_navMenu            0x08002693   0xd8  Code  Gb  MicroMenu.o [1]
Menu_navPwrOff          0x080025dd   0x14  Code  Gb  MicroMenu.o [1]
Menu_parWndRun          0x08002eab   0xbc  Code  Gb  MicroMenu.o [1]
Menu_putInfoWnd         0x080028f9   0x54  Code  Gb  MicroMenu.o [1]
Menu_putMessage         0x08002f67   0x2e  Code  Gb  MicroMenu.o [1]
Menu_putParWnd          0x08002e61   0x4a  Code  Gb  MicroMenu.o [1]
Menu_putTxtEditWnd      0x08002a8d   0x44  Code  Gb  MicroMenu.o [1]
Menu_putTxtParSelWnd    0x0800297d   0x40  Code  Gb  MicroMenu.o [1]
Menu_pwrSw              0x0800276b   0x36  Code  Gb  MicroMenu.o [1]
Menu_run                0x08002561   0x7c  Code  Gb  MicroMenu.o [1]
Menu_setParEdit         0x080027ad  0x13e  Code  Gb  MicroMenu.o [1]
Menu_txtEditWndRun      0x08002b21  0x330  Code  Gb  MicroMenu.o [1]
Menu_txtParSelWndRun    0x080029c9   0xc4  Code  Gb  MicroMenu.o [1]
NULL_MENU               0x08006a8c   0x1c  Data  Gb  MicroMenu.o [1]
NULL_PRM                0x08006d78   0x18  Data  Gb  MicroMenu.o [1]
NVIC_DisableIRQ         0x08005b7f    0xe  Code  Lc  adc.o [1]
NVIC_DisableIRQ         0x080030ef    0xe  Code  Lc  IR.o [1]
NVIC_DisableIRQ         0x0800599f    0xe  Code  Lc  power.o [1]
NVIC_EnableIRQ          0x08005b71    0xe  Code  Lc  adc.o [1]
NVIC_EnableIRQ          0x080030e1    0xe  Code  Lc  IR.o [1]
NVIC_EnableIRQ          0x08005991    0xe  Code  Lc  power.o [1]
NVIC_SetPriority        0x08005b8d   0x84  Code  Lc  adc.o [1]
NVIC_SetPriority        0x080030fd   0x84  Code  Lc  IR.o [1]
NVIC_SetPriority        0x080059ad   0x84  Code  Lc  power.o [1]
PI_DIV_4                0x08007074    0x4  Data  Lc  fix16_trig.o [1]
Region$$Table$$Base     0x08006704          --   Gb  - Linker created -
Region$$Table$$Limit    0x08006728          --   Gb  - Linker created -
SystemInit              0x080065a1   0x68  Code  Gb  system_stm32f0xx.o [1]
THREE_PI_DIV_4          0x08007078    0x4  Data  Lc  fix16_trig.o [1]
TIM2_IRQHandler         0x08003851  0x28a  Code  Gb  IR.o [1]
_GenldLargeNoMb         0x08000ae5  0x29a  Code  Lc  xprintflarge_nomb.o [3]
_LdtobLargeNoMb         0x080007fd  0x2b0  Code  Lc  xprintflarge_nomb.o [3]
_LitobLargeNoMb         0x080006d3  0x12a  Code  Lc  xprintflarge_nomb.o [3]
_PrintfLargeNoMb        0x080000c1  0x5aa  Code  Gb  xprintflarge_nomb.o [3]
_PutcharsLargeNoMb      0x08000d7f   0x30  Code  Lc  xprintflarge_nomb.o [3]
_SProut                 0x0800123b    0xa  Code  Gb  xsprout.o [3]
__ICFEDIT_region_RAM_end__ {Abs}
                        0x200017ff         Data  Gb  command line/config [2]
__ICFEDIT_region_RAM_start__ {Abs}
                        0x20000000         Data  Gb  command line/config [2]
__aeabi_cdcmple         0x08000f95         Code  Gb  DblCmpLe.o [4]
__aeabi_cfcmple         0x08005311         Code  Gb  FltCmpLe.o [4]
__aeabi_cfrcmple        0x08005339         Code  Gb  FltCmpGe.o [4]
__aeabi_d2uiz           0x0800120d         Code  Gb  DblToI32.o [4]
__aeabi_ddiv            0x0800114b         Code  Gb  DblDiv.o [4]
__aeabi_dmul            0x08000fc7         Code  Gb  DblMul.o [4]
__aeabi_dsub            0x0800131f         Code  Gb  DblAddSub.o [4]
__aeabi_f2iz            0x0800510d         Code  Gb  FltToS32.o [4]
__aeabi_fadd            0x08005147         Code  Gb  FltAddSub.o [4]
__aeabi_fdiv            0x08005267         Code  Gb  FltDiv.o [4]
__aeabi_fmul            0x0800505b         Code  Gb  FltMul.o [4]
__aeabi_fsub            0x080051b7         Code  Gb  FltAddSub.o [4]
__aeabi_i2f             0x08005029         Code  Gb  I32ToFlt.o [4]
__aeabi_idiv            0x08000ee1         Code  Gb  I32DivModFast.o [5]
__aeabi_idiv0           0x08001431         Code  Gb  IntDivZer.o [5]
__aeabi_idivmod         0x08000ee1         Code  Gb  I32DivModFast.o [5]
__aeabi_ldiv0           0x0800142d         Code  Gb  I64DivZer.o [5]
__aeabi_lmul            0x08004ff5         Code  Gb  I64Mul.o [5]
__aeabi_memcpy          0x08000e59         Code  Gb  ABImemcpy.o [5]
__aeabi_memset          0x080020cd         Code  Gb  ABImemset.o [5]
__aeabi_ui2d            0x08001245         Code  Gb  I32ToDbl.o [4]
__aeabi_uidiv           0x08000ee7         Code  Gb  I32DivModFast.o [5]
__aeabi_uidivmod        0x08000ee7         Code  Gb  I32DivModFast.o [5]
__aeabi_uldivmod        0x08000def         Code  Gb  I64DivMod.o [5]
__cmain                 0x08006aa9         Code  Gb  cmain.o [5]
__exit                  0x08006add   0x14  Code  Gb  exit.o [6]
__iar_FDtest            0x08005361   0x22  Code  Gb  xfdtest.o [4]
__iar_Memchr            0x08000dd7   0x18  Code  Gb  memchr.o [5]
__iar_Memset4_word      0x080020ed         Code  Gb  ABImemset.o [5]
__iar_Memset_word       0x080020d9         Code  Gb  ABImemset.o [5]
__iar_Strchr            0x08000db3   0x14  Code  Gb  strchr.o [5]
__iar_copy_init3        0x080066ad   0x30  Code  Gb  copy_init3.o [5]
__iar_d2uiz             0x08001211         Code  Gb  DblToI32.o [4]
__iar_data_init3        0x080066dd   0x28  Code  Gb  data_init.o [5]
__iar_program_start     0x08006fc9         Code  Gb  cstartup_M.o [5]
__iar_ui2d              0x08001249         Code  Gb  I32ToDbl.o [4]
__iar_ui2f              0x08005041         Code  Gb  I32ToFlt.o [4]
__iar_zero_init3        0x08006671   0x3c  Code  Gb  zero_init3.o [5]
__low_level_init        0x08006ac3    0x4  Code  Gb  low_level_init.o [3]
__vector_table          0x08000000         Data  Gb  startup_stm32f042x6.o [1]
_call_main              0x08006ab5         Code  Gb  cmain.o [5]
_exit                   0x08006ad1         Code  Gb  cexit.o [5]
_main                   0x08006abf         Code  Gb  cmain.o [5]
abs                     0x080020c5    0x8  Code  Gb  abs.o [3]
accel                   0x200011f4   0x18  Data  Gb  lis3.o [1]
adcData                 0x20001264    0x4  Data  Gb  adc.o [1]
adcDeinit               0x08005c11   0x24  Code  Gb  adc.o [1]
adcInit                 0x08005c35   0x7c  Code  Gb  adc.o [1]
battCalc                0x08005ec9  0x1c0  Code  Gb  battery.o [1]
battCalc::percFlag      0x20001272    0x1  Data  Lc  battery.o [1]
battery                 0x200011c0   0x1c  Data  Gb  system.o [1]
btnCntsClr              0x0800568d   0x1a  Code  Gb  buttons.o [1]
buttons                 0x2000124c    0x8  Data  Gb  buttons.o [1]
chrSetsRst              0x08003b0d   0x6a  Code  Gb  system.o [1]
chrgSym                 0x08007014    0x8  Data  Gb  ssdGraph.o [1]
chron                   0x20000d84  0x22c  Data  Gb  system.o [1]
clz                     0x08004c01   0x2c  Code  Lc  fix16.o [1]
currMenuItem            0x2000126c    0x4  Data  Gb  main.o [1]
currMenuItem            0x20000004    0x4  Data  Lc  MicroMenu.o [1]
deInitIR                0x080037a5   0x4a  Code  Gb  IR.o [1]
delay_us                0x0800211d   0x60  Code  Gb  delay.o [1]
div                     0x0800140d   0x20  Code  Gb  div.o [3]
drawChrScr              0x08003f1d  0x1da  Code  Gb  system.o [1]
drawDisplay             0x08005851   0xb8  Code  Gb  main.o [1]
drawHybrScr             0x08003d25  0x1ce  Code  Gb  system.o [1]
drawIncScr              0x08004105   0xe4  Code  Gb  system.o [1]
drawMenu                0x08003b77  0x186  Code  Gb  system.o [1]
exit                    0x08006ac7    0x8  Code  Gb  exit.o [3]
fix16_add               0x08004b75   0x24  Code  Gb  fix16.o [1]
fix16_atan              0x08004ddf   0x10  Code  Gb  fix16_trig.o [1]
fix16_atan2             0x08004d39   0xa6  Code  Gb  fix16_trig.o [1]
fix16_div               0x08004c2d  0x104  Code  Gb  fix16.o [1]
fix16_min               0x0800706c    0x4  Data  Lc  fix16.o [1]
fix16_mul               0x08004b99   0x68  Code  Gb  fix16.o [1]
fix16_one               0x0800707c    0x4  Data  Lc  fix16_trig.o [1]
fix16_one               0x08007080    0x4  Data  Lc  lis3.o [1]
fix16_overflow          0x08007070    0x4  Data  Lc  fix16.o [1]
font12x16               0x08006348  0x198  Data  Gb  ssdFonts.o [1]
font6x8                 0x08004218  0x600  Data  Gb  ssdFonts.o [1]
getNavEvent             0x08005385  0x2f8  Code  Gb  buttons.o [1]
gppin_init              0x08006163  0x1cc  Code  Gb  gpio.o [1]
hndlIRData              0x08003191  0x4fe  Code  Gb  IR.o [1]
initClocks              0x08006089   0xa0  Code  Gb  clock.o [1]
initGpios               0x08006129   0x3a  Code  Gb  gpio.o [1]
initI2C1                0x0800217d   0x98  Code  Gb  i2c.o [1]
initIRConfig            0x080036b5   0xea  Code  Gb  IR.o [1]
initPeriphs             0x08005b55   0x1c  Code  Gb  power.o [1]
irRxData                0x20001224   0x14  Data  Gb  IR.o [1]
kalman                  0x20001128   0x5c  Data  Gb  filter.o [1]
kalmanAccCorr           0x08004e25  0x186  Code  Gb  filter.o [1]
lis3AxisCal             0x20001238   0x14  Data  Gb  lis3.o [1]
lis3_getXYZ             0x080048bf   0x40  Code  Gb  lis3.o [1]
lis3_read               0x08004881   0x3e  Code  Gb  lis3.o [1]
lis3_write              0x08004855   0x2c  Code  Gb  lis3.o [1]
lis3init                0x08004819   0x3c  Code  Gb  lis3.o [1]
lpf                     0x08004fab   0x2e  Code  Gb  filter.o [1]
lpf::Dacc               0x20001268    0x4  Data  Lc  filter.o [1]
lpf::Dout               0x20001270    0x2  Data  Lc  filter.o [1]
lpfAccPrim              0x08004e01   0x24  Code  Gb  filter.o [1]
lpfPrim                 0x200011dc   0x18  Data  Gb  filter.o [1]
main                    0x080056b9  0x176  Code  Gb  main.o [1]
meas                    0x2000125c    0x8  Data  Gb  system.o [1]
menu                    0x20000408  0x578  Data  Gb  MicroMenu.o [1]
menuFolder              0x08006f04   0x10  Data  Gb  ssdGraph.o [1]
menuScroll              0x08007094    0x4  Data  Gb  ssdGraph.o [1]
pabout                  0x08006b08   0x18  Data  Gb  main.o [1]
pcc                     0x08006b80   0x18  Data  Gb  main.o [1]
pchrbnd                 0x08006bb0   0x18  Data  Gb  main.o [1]
pdb10edit               0x08006ca0   0x18  Data  Gb  main.o [1]
pdb11edit               0x08006cb8   0x18  Data  Gb  main.o [1]
pdb12edit               0x08006cd0   0x18  Data  Gb  main.o [1]
pdb13edit               0x08006ce8   0x18  Data  Gb  main.o [1]
pdb14edit               0x08006d00   0x18  Data  Gb  main.o [1]
pdb15edit               0x08006d18   0x18  Data  Gb  main.o [1]
pdb1edit                0x08006bc8   0x18  Data  Gb  main.o [1]
pdb2edit                0x08006be0   0x18  Data  Gb  main.o [1]
pdb3edit                0x08006bf8   0x18  Data  Gb  main.o [1]
pdb4edit                0x08006c10   0x18  Data  Gb  main.o [1]
pdb5edit                0x08006c28   0x18  Data  Gb  main.o [1]
pdb6edit                0x08006c40   0x18  Data  Gb  main.o [1]
pdb7edit                0x08006c58   0x18  Data  Gb  main.o [1]
pdb8edit                0x08006c70   0x18  Data  Gb  main.o [1]
pdb9edit                0x08006c88   0x18  Data  Gb  main.o [1]
pellets                 0x20000fb0  0x178  Data  Gb  system.o [1]
pigc                    0x08006d60   0x18  Data  Gb  main.o [1]
pinNum                  0x20000000    0x4  Data  Gb  gpio.o [1]
pinsMode                0x080064e0   0xc0  Data  Gb  gpio.o [1]
pioc                    0x08006d48   0x18  Data  Gb  main.o [1]
pmode                   0x08006b38   0x18  Data  Gb  main.o [1]
power                   0x20001254    0x8  Data  Gb  power.o [1]
powerOff                0x08005ae1   0x32  Code  Gb  power.o [1]
powerOn                 0x08005acf   0x12  Code  Gb  power.o [1]
powerTimRst             0x08005b13    0x8  Code  Gb  power.o [1]
ppot                    0x08006b50   0x18  Data  Gb  main.o [1]
prgb                    0x08006d30   0x18  Data  Gb  main.o [1]
psd                     0x08006b98   0x18  Data  Gb  main.o [1]
psinfo                  0x08006b20   0x18  Data  Gb  main.o [1]
pstats                  0x08006af0   0x18  Data  Gb  main.o [1]
pswres                  0x08006b68   0x18  Data  Gb  main.o [1]
q16TiltCalc             0x080048ff   0x48  Code  Gb  lis3.o [1]
rabout                  0x08006760   0x1c  Data  Gb  main.o [1]
rservice                0x0800677c   0x1c  Data  Gb  main.o [1]
rsetts                  0x08006744   0x1c  Data  Gb  main.o [1]
rstats                  0x08006728   0x1c  Data  Gb  main.o [1]
scbind                  0x08006878   0x1c  Data  Gb  main.o [1]
scclipc                 0x08006824   0x1c  Data  Gb  main.o [1]
scdist                  0x0800685c   0x1c  Data  Gb  main.o [1]
schrono                 0x080067b4   0x1c  Data  Gb  main.o [1]
scpeldb                 0x08006840   0x1c  Data  Gb  main.o [1]
sibrdr                  0x08006a38   0x1c  Data  Gb  main.o [1]
sigacal                 0x08006a70   0x1c  Data  Gb  main.o [1]
sincline                0x080067d0   0x1c  Data  Gb  main.o [1]
siofcal                 0x08006a54   0x1c  Data  Gb  main.o [1]
smode                   0x08006798   0x1c  Data  Gb  main.o [1]
spdbp1                  0x08006894   0x1c  Data  Gb  main.o [1]
spdbp10                 0x08006990   0x1c  Data  Gb  main.o [1]
spdbp11                 0x080069ac   0x1c  Data  Gb  main.o [1]
spdbp12                 0x080069c8   0x1c  Data  Gb  main.o [1]
spdbp13                 0x080069e4   0x1c  Data  Gb  main.o [1]
spdbp14                 0x08006a00   0x1c  Data  Gb  main.o [1]
spdbp15                 0x08006a1c   0x1c  Data  Gb  main.o [1]
spdbp2                  0x080068b0   0x1c  Data  Gb  main.o [1]
spdbp3                  0x080068cc   0x1c  Data  Gb  main.o [1]
spdbp4                  0x080068e8   0x1c  Data  Gb  main.o [1]
spdbp5                  0x08006904   0x1c  Data  Gb  main.o [1]
spdbp6                  0x08006920   0x1c  Data  Gb  main.o [1]
spdbp7                  0x0800693c   0x1c  Data  Gb  main.o [1]
spdbp8                  0x08006958   0x1c  Data  Gb  main.o [1]
spdbp9                  0x08006974   0x1c  Data  Gb  main.o [1]
spofft                  0x080067ec   0x1c  Data  Gb  main.o [1]
sprintf                 0x08002071   0x38  Code  Gb  sprintf.o [3]
ssdBatt                 0x08006f14   0x10  Data  Gb  ssdGraph.o [1]
ssdVideoBff             0x20000980  0x404  Data  Gb  ug2864.o [1]
ssd_clearVidBff         0x08001e95   0x16  Code  Gb  ug2864.o [1]
ssd_clrAreaBff          0x08001eb1   0x68  Code  Gb  ug2864.o [1]
ssd_putBatt             0x08001b61  0x100  Code  Gb  ug2864.o [1]
ssd_putChar12x16        0x08001c61   0xf4  Code  Gb  ug2864.o [1]
ssd_putChar6x8          0x08001d79   0x5a  Code  Gb  ug2864.o [1]
ssd_putMessage          0x08001685   0xd0  Code  Gb  ug2864.o [1]
ssd_putParWnd           0x0800156f   0xfc  Code  Gb  ug2864.o [1]
ssd_putPitchBar         0x080019f1  0x16c  Code  Gb  ug2864.o [1]
ssd_putRollBar          0x080017a1  0x24c  Code  Gb  ug2864.o [1]
ssd_putString12x16      0x08001d55   0x24  Code  Gb  ug2864.o [1]
ssd_putString6x8        0x08001dd3   0x24  Code  Gb  ug2864.o [1]
ssd_putTxtEditWnd       0x08001435   0xae  Code  Gb  ug2864.o [1]
ssd_putTxtParSelWnd     0x080014e3   0x8c  Code  Gb  ug2864.o [1]
ssd_setpix              0x08001df7   0x9e  Code  Gb  ug2864.o [1]
stats                   0x2000120c   0x18  Data  Gb  system.o [1]
stopModeConfig          0x08005a53   0x7c  Code  Gb  power.o [1]
strcat                  0x080020a9   0x1c  Code  Gb  strcat.o [3]
strcpy                  0x080030d1         Code  Gb  strcpy.o [5]
strlen                  0x08000dc7   0x10  Code  Gb  strlen.o [5]
swrst                   0x08006808   0x1c  Data  Gb  main.o [1]
sync                    0x08005dc3   0xce  Code  Gb  sync.o [1]
syncInit                0x08005d69   0x5a  Code  Gb  sync.o [1]
sysPars                 0x20001184   0x3c  Data  Gb  system.o [1]
trxAccData              0x08004955  0x1ea  Code  Gb  lis3.o [1]
ug2864_com              0x08002003   0x2c  Code  Gb  ug2864.o [1]
ug2864_refresh          0x0800202f   0x20  Code  Gb  ug2864.o [1]
ug2864init              0x08001f51   0xb2  Code  Gb  ug2864.o [1]
ug2864off               0x08001f25   0x16  Code  Gb  ug2864.o [1]
ug2864on                0x08001f3b   0x16  Code  Gb  ug2864.o [1]


[1] = C:\Users\baidachenko.v.ABK-D113\chronograph-plus\SW\Chrono-Terminal-V1.0\firmware\PROJ_DIR\Debug\Obj
[2] = command line
[3] = dl6M_tln.a
[4] = m6M_tl.a
[5] = rt6M_tl.a
[6] = shb_l.a

  24 358 bytes of readonly  code memory
   4 526 bytes of readonly  data memory
   4 723 bytes of readwrite data memory

Errors: none
Warnings: none
