###############################################################################
#
# IAR ELF Linker V7.80.2.11947/W32 for ARM                27/Feb/2017  23:24:46
# Copyright 2007-2016 IAR Systems AB.
#
#    Output file  =  
#        C:\Users\4eef\Projects\Chronograph+\SW\Chrono-Terminal-V1.0\firmware\PROJ_DIR\Debug\Exe\Chrono-Terminal-V1.0.out
#    Map file     =  
#        C:\Users\4eef\Projects\Chronograph+\SW\Chrono-Terminal-V1.0\firmware\PROJ_DIR\Debug\List\Chrono-Terminal-V1.0.map
#    Command line =  
#        C:\Users\4eef\Projects\Chronograph+\SW\Chrono-Terminal-V1.0\firmware\PROJ_DIR\Debug\Obj\adc.o
#        C:\Users\4eef\Projects\Chronograph+\SW\Chrono-Terminal-V1.0\firmware\PROJ_DIR\Debug\Obj\battery.o
#        C:\Users\4eef\Projects\Chronograph+\SW\Chrono-Terminal-V1.0\firmware\PROJ_DIR\Debug\Obj\buttons.o
#        C:\Users\4eef\Projects\Chronograph+\SW\Chrono-Terminal-V1.0\firmware\PROJ_DIR\Debug\Obj\clock.o
#        C:\Users\4eef\Projects\Chronograph+\SW\Chrono-Terminal-V1.0\firmware\PROJ_DIR\Debug\Obj\delay.o
#        C:\Users\4eef\Projects\Chronograph+\SW\Chrono-Terminal-V1.0\firmware\PROJ_DIR\Debug\Obj\filter.o
#        C:\Users\4eef\Projects\Chronograph+\SW\Chrono-Terminal-V1.0\firmware\PROJ_DIR\Debug\Obj\gpio.o
#        C:\Users\4eef\Projects\Chronograph+\SW\Chrono-Terminal-V1.0\firmware\PROJ_DIR\Debug\Obj\i2c.o
#        C:\Users\4eef\Projects\Chronograph+\SW\Chrono-Terminal-V1.0\firmware\PROJ_DIR\Debug\Obj\IR.o
#        C:\Users\4eef\Projects\Chronograph+\SW\Chrono-Terminal-V1.0\firmware\PROJ_DIR\Debug\Obj\lis3.o
#        C:\Users\4eef\Projects\Chronograph+\SW\Chrono-Terminal-V1.0\firmware\PROJ_DIR\Debug\Obj\main.o
#        C:\Users\4eef\Projects\Chronograph+\SW\Chrono-Terminal-V1.0\firmware\PROJ_DIR\Debug\Obj\MicroMenu.o
#        C:\Users\4eef\Projects\Chronograph+\SW\Chrono-Terminal-V1.0\firmware\PROJ_DIR\Debug\Obj\power.o
#        C:\Users\4eef\Projects\Chronograph+\SW\Chrono-Terminal-V1.0\firmware\PROJ_DIR\Debug\Obj\ssdFonts.o
#        C:\Users\4eef\Projects\Chronograph+\SW\Chrono-Terminal-V1.0\firmware\PROJ_DIR\Debug\Obj\ssdGraph.o
#        C:\Users\4eef\Projects\Chronograph+\SW\Chrono-Terminal-V1.0\firmware\PROJ_DIR\Debug\Obj\startup_stm32f042x6.o
#        C:\Users\4eef\Projects\Chronograph+\SW\Chrono-Terminal-V1.0\firmware\PROJ_DIR\Debug\Obj\sync.o
#        C:\Users\4eef\Projects\Chronograph+\SW\Chrono-Terminal-V1.0\firmware\PROJ_DIR\Debug\Obj\system.o
#        C:\Users\4eef\Projects\Chronograph+\SW\Chrono-Terminal-V1.0\firmware\PROJ_DIR\Debug\Obj\system_stm32f0xx.o
#        C:\Users\4eef\Projects\Chronograph+\SW\Chrono-Terminal-V1.0\firmware\PROJ_DIR\Debug\Obj\ug2864.o
#        -o
#        C:\Users\4eef\Projects\Chronograph+\SW\Chrono-Terminal-V1.0\firmware\PROJ_DIR\Debug\Exe\Chrono-Terminal-V1.0.out
#        --redirect _Printf=_PrintfLargeNoMb --map
#        C:\Users\4eef\Projects\Chronograph+\SW\Chrono-Terminal-V1.0\firmware\PROJ_DIR\Debug\List\Chrono-Terminal-V1.0.map
#        --config "C:\Program Files (x86)\IAR Systems\Embedded Workbench
#        7.5\arm\config\linker\ST\stm32f042x6.icf" --semihosting --entry
#        __iar_program_start --vfe
#
###############################################################################

*******************************************************************************
*** RUNTIME MODEL ATTRIBUTES
***

CppFlavor       = *
__SystemLibrary = DLib


*******************************************************************************
*** PLACEMENT SUMMARY
***

"A0":  place at 0x08000000 { ro section .intvec };
"P1":  place in [from 0x08000000 to 0x08007fff] { ro };
"P2":  place in [from 0x20000000 to 0x200017ff] { rw, block CSTACK, block HEAP };
initialize by copy { rw };

  Section             Kind        Address    Size  Object
  -------             ----        -------    ----  ------
"A0":                                        0xc0
  .intvec             ro code  0x08000000    0xc0  startup_stm32f042x6.o [1]
                             - 0x080000c0    0xc0

"P1":                                      0x6a82
  .text               ro code  0x080000c0  0x1778  main.o [1]
  .text               ro code  0x08001838    0x10  strcpy.o [5]
  .text               ro code  0x08001848    0x38  sprintf.o [3]
  .text               ro code  0x08001880   0x104  MicroMenu.o [1]
  .text               ro code  0x08001984   0x1d8  power.o [1]
  .text               ro code  0x08001b5c   0x164  sync.o [1]
  .text               ro code  0x08001cc0   0x194  battery.o [1]
  .text               ro code  0x08001e54   0x33c  buttons.o [1]
  .text               ro code  0x08002190    0xe0  I32DivModFast.o [5]
  .text               ro code  0x08002270    0x50  ABImemset.o [5]
  .text               ro code  0x080022c0   0xa84  ug2864.o [1]
  .text               ro code  0x08002d44   0x348  lis3.o [1]
  .text               ro code  0x0800308c    0x10  strlen.o [5]
  .text               ro code  0x0800309c    0xb0  FltMul.o [4]
  .text               ro code  0x0800314c   0x116  FltAddSub.o [4]
  .text               ro code  0x08003262     0xa  xsprout.o [3]
  .text               ro code  0x0800326c    0x20  FltCmpEq.o [4]
  .text               ro code  0x0800328c    0xaa  FltDiv.o [4]
  .rodata             const    0x08003336     0x2  main.o [1]
  .text               ro code  0x08003338    0x32  FltToDbl.o [4]
  .rodata             const    0x0800336a     0x2  ug2864.o [1]
  .text               ro code  0x0800336c    0x9c  atan.o [4]
  .text               ro code  0x08003408   0x184  DblMul.o [4]
  .text               ro code  0x0800358c    0x62  DblToFlt.o [4]
  .rodata             const    0x080035ee     0x2  ug2864.o [1]
  .text               ro code  0x080035f0    0x34  I32ToDbl.o [4]
  .text               ro code  0x08003624    0xc2  DblDiv.o [4]
  .text               ro code  0x080036e6     0x2  startup_stm32f042x6.o [1]
  .text               ro code  0x080036e8   0x288  filter.o [1]
  .text               ro code  0x08003970   0xd0a  xprintflarge_nomb.o [3]
  .text               ro code  0x0800467a     0x2  startup_stm32f042x6.o [1]
  .text               ro code  0x0800467c    0x94  clock.o [1]
  .text               ro code  0x08004710   0x4d8  IR.o [1]
  .text               ro code  0x08004be8   0x1f8  adc.o [1]
  .text               ro code  0x08004de0   0x220  gpio.o [1]
  .text               ro code  0x08005000   0x3da  i2c.o [1]
  .text               ro code  0x080053da     0x2  startup_stm32f042x6.o [1]
  .text               ro code  0x080053dc     0x2  IntDivZer.o [5]
  .text               ro code  0x080053de     0x2  startup_stm32f042x6.o [1]
  .text               ro code  0x080053e0    0x3a  FltToS32.o [4]
  .text               ro code  0x0800541a     0x2  startup_stm32f042x6.o [1]
  .text               ro code  0x0800541c    0x32  I32ToFlt.o [4]
  .text               ro code  0x0800544e     0x2  startup_stm32f042x6.o [1]
  .text               ro code  0x08005450    0x28  FltCmpGe.o [4]
  .text               ro code  0x08005478    0x60  delay.o [1]
  .text               ro code  0x080054d8    0x32  DblCmpLe.o [4]
  .text               ro code  0x0800550a    0x32  DblCmpGe.o [4]
  .text               ro code  0x0800553c    0x3c  startup_stm32f042x6.o [1]
  .text               ro code  0x08005578   0x1e0  xatan.o [4]
  .text               ro code  0x08005758    0x52  DblToI32.o [4]
  .text               ro code  0x080057aa   0x1b4  DblAddSub.o [4]
  .text               ro code  0x0800595e     0x2  startup_stm32f042x6.o [1]
  .text               ro code  0x08005960    0xec  asin.o [4]
  .text               ro code  0x08005a4c    0x30  xdtest.o [4]
  .text               ro code  0x08005a7c    0x14  strchr.o [5]
  .text               ro code  0x08005a90    0x18  memchr.o [5]
  .text               ro code  0x08005aa8    0x6a  I64DivMod.o [5]
  .text               ro code  0x08005b12     0x2  startup_stm32f042x6.o [1]
  .text               ro code  0x08005b14    0x5c  ABImemcpy.o [5]
  .text               ro code  0x08005b70    0x20  div.o [3]
  .text               ro code  0x08005b90    0xbe  sqrt.o [4]
  .text               ro code  0x08005c4e     0x2  startup_stm32f042x6.o [1]
  .text               ro code  0x08005c50    0x10  errno.o [3]
  .text               ro code  0x08005c60     0x2  I64DivZer.o [5]
  .text               ro code  0x08005c62     0x2  startup_stm32f042x6.o [1]
  .text               ro code  0x08005c64     0xc  iarEdom.o [5]
  .text               ro code  0x08005c70     0x2  xtls.o [3]
  .text               ro code  0x08005c72     0x2  startup_stm32f042x6.o [1]
  .rodata             const    0x08005c74   0x600  ssdFonts.o [1]
  .rodata             const    0x08006274   0x180  ssdFonts.o [1]
  .rodata             const    0x080063f4    0xc0  gpio.o [1]
  .text               ro code  0x080064b4    0x94  system_stm32f0xx.o [1]
  .text               ro code  0x08006548    0x3c  zero_init3.o [5]
  .text               ro code  0x08006584    0x30  copy_init3.o [5]
  .rodata             const    0x080065b4    0x2c  main.o [1]
  .rodata             const    0x080065e0    0x28  main.o [1]
  .rodata             const    0x08006608    0x28  main.o [1]
  .rodata             const    0x08006630    0x28  main.o [1]
  .rodata             const    0x08006658    0x28  main.o [1]
  .rodata             const    0x08006680    0x28  main.o [1]
  .rodata             const    0x080066a8    0x28  main.o [1]
  .rodata             const    0x080066d0    0x28  main.o [1]
  .text               ro code  0x080066f8    0x28  data_init.o [5]
  .rodata             const    0x08006720    0x24  main.o [1]
  .rodata             const    0x08006744    0x24  main.o [1]
  .rodata             const    0x08006768    0x24  main.o [1]
  .rodata             const    0x0800678c    0x24  main.o [1]
  .rodata             const    0x080067b0    0x24  main.o [1]
  .rodata             const    0x080067d4    0x24  main.o [1]
  .iar.init_table     const    0x080067f8    0x24  - Linker created -
  .rodata             const    0x0800681c    0x20  main.o [1]
  .rodata             const    0x0800683c    0x20  main.o [1]
  .rodata             const    0x0800685c    0x20  main.o [1]
  .rodata             const    0x0800687c    0x20  main.o [1]
  .text               ro code  0x0800689c    0x1a  cmain.o [5]
  .text               ro code  0x080068b6     0x4  low_level_init.o [3]
  .text               ro code  0x080068ba     0x8  exit.o [3]
  .text               ro code  0x080068c2     0x2  startup_stm32f042x6.o [1]
  .text               ro code  0x080068c4     0xa  cexit.o [5]
  .text               ro code  0x080068ce     0x2  startup_stm32f042x6.o [1]
  .text               ro code  0x080068d0    0x14  exit.o [6]
  .rodata             const    0x080068e4    0x18  main.o [1]
  .rodata             const    0x080068fc    0x18  MicroMenu.o [1]
  .rodata             const    0x08006914    0x14  battery.o [1]
  .rodata             const    0x08006928    0x14  lis3.o [1]
  .rodata             const    0x0800693c    0x14  main.o [1]
  .rodata             const    0x08006950    0x14  main.o [1]
  .rodata             const    0x08006964    0x14  main.o [1]
  .rodata             const    0x08006978    0x14  sync.o [1]
  .rodata             const    0x0800698c    0x10  main.o [1]
  .rodata             const    0x0800699c    0x10  main.o [1]
  .rodata             const    0x080069ac    0x10  main.o [1]
  .rodata             const    0x080069bc    0x10  main.o [1]
  .rodata             const    0x080069cc    0x10  main.o [1]
  .rodata             const    0x080069dc    0x10  main.o [1]
  .rodata             const    0x080069ec    0x10  main.o [1]
  .rodata             const    0x080069fc    0x10  main.o [1]
  .rodata             const    0x08006a0c    0x10  main.o [1]
  .rodata             const    0x08006a1c    0x10  main.o [1]
  .rodata             const    0x08006a2c    0x10  ssdGraph.o [1]
  .rodata             const    0x08006a3c    0x10  ssdGraph.o [1]
  .rodata             const    0x08006a4c     0xc  battery.o [1]
  .rodata             const    0x08006a58     0xc  main.o [1]
  .rodata             const    0x08006a64     0xc  main.o [1]
  .rodata             const    0x08006a70     0xc  main.o [1]
  .rodata             const    0x08006a7c     0xc  main.o [1]
  .rodata             const    0x08006a88     0xc  main.o [1]
  .rodata             const    0x08006a94     0xc  main.o [1]
  .text               ro code  0x08006aa0     0xc  cstartup_M.o [5]
  Initializer bytes   const    0x08006aac     0xc  <for P2-1>
  .rodata             const    0x08006ab8     0x8  main.o [1]
  .rodata             const    0x08006ac0     0x8  main.o [1]
  .rodata             const    0x08006ac8     0x8  main.o [1]
  .rodata             const    0x08006ad0     0x8  main.o [1]
  .rodata             const    0x08006ad8     0x8  main.o [1]
  .rodata             const    0x08006ae0     0x8  main.o [1]
  .rodata             const    0x08006ae8     0x8  main.o [1]
  .rodata             const    0x08006af0     0x8  main.o [1]
  .rodata             const    0x08006af8     0x8  main.o [1]
  .rodata             const    0x08006b00     0x8  ssdGraph.o [1]
  .rodata             const    0x08006b08     0x8  ug2864.o [1]
  .rodata             const    0x08006b10     0x8  ug2864.o [1]
  .rodata             const    0x08006b18     0x8  xprintflarge_nomb.o [3]
  .rodata             const    0x08006b20     0x4  ssdGraph.o [1]
  .text               ro code  0x08006b24     0x2  startup_stm32f042x6.o [1]
  .text               ro code  0x08006b26     0x2  startup_stm32f042x6.o [1]
  .text               ro code  0x08006b28     0x2  startup_stm32f042x6.o [1]
  .text               ro code  0x08006b2a     0x2  startup_stm32f042x6.o [1]
  .text               ro code  0x08006b2c     0x2  startup_stm32f042x6.o [1]
  .text               ro code  0x08006b2e     0x2  startup_stm32f042x6.o [1]
  .text               ro code  0x08006b30     0x2  startup_stm32f042x6.o [1]
  .text               ro code  0x08006b32     0x2  startup_stm32f042x6.o [1]
  .text               ro code  0x08006b34     0x2  startup_stm32f042x6.o [1]
  .text               ro code  0x08006b36     0x2  startup_stm32f042x6.o [1]
  .text               ro code  0x08006b38     0x2  startup_stm32f042x6.o [1]
  .text               ro code  0x08006b3a     0x2  startup_stm32f042x6.o [1]
  .text               ro code  0x08006b3c     0x2  startup_stm32f042x6.o [1]
  .text               ro code  0x08006b3e     0x2  startup_stm32f042x6.o [1]
  .text               ro code  0x08006b40     0x2  startup_stm32f042x6.o [1]
  .rodata             const    0x08006b42     0x0  zero_init3.o [5]
  .rodata             const    0x08006b42     0x0  copy_init3.o [5]
                             - 0x08006b42  0x6a82

"P2", part 1 of 3:                            0xc
  P2-1                         0x20000000     0xc  <Init block>
    .data             inited   0x20000000     0x4  gpio.o [1]
    .data             inited   0x20000004     0x4  MicroMenu.o [1]
    __DLIB_PERTHREAD  inited   0x20000008     0x4  errno.o [3]
                             - 0x2000000c     0xc

"P2", part 2 of 3:                          0x400
  CSTACK                       0x20000010   0x400  <Block>
    CSTACK            uninit   0x20000010   0x400  <Block tail>
                             - 0x20000410   0x400

"P2", part 3 of 3:                          0xa24
  .bss                zero     0x20000410   0x404  ug2864.o [1]
  .bss                zero     0x20000814   0x264  system.o [1]
  .bss                zero     0x20000a78   0x16c  system.o [1]
  .bss                zero     0x20000be4   0x128  MicroMenu.o [1]
  .bss                zero     0x20000d0c    0x24  lis3.o [1]
  .bss                zero     0x20000d30    0x98  filter.o [1]
  .bss                zero     0x20000dc8    0x1c  lis3.o [1]
  .bss                zero     0x20000de4    0x18  filter.o [1]
  .bss                zero     0x20000dfc    0x14  IR.o [1]
  .bss                zero     0x20000e10     0x8  buttons.o [1]
  .bss                zero     0x20000e18     0x8  power.o [1]
  .bss                zero     0x20000e20     0x4  adc.o [1]
  .bss                zero     0x20000e24     0x4  filter.o [1]
  .bss                zero     0x20000e28     0x4  main.o [1]
  .bss                zero     0x20000e2c     0x4  system.o [1]
  .bss                zero     0x20000e30     0x2  filter.o [1]
  .bss                zero     0x20000e32     0x1  battery.o [1]
                             - 0x20000e33   0xa23


*******************************************************************************
*** INIT TABLE
***

          Address     Size
          -------     ----
Zero (__iar_zero_init3)
    1 destination range, total size 0xa23:
          0x20000410  0xa23

Copy (__iar_copy_init3)
    1 source range, total size 0xc:
          0x08006aac    0xc
    1 destination range, total size 0xc:
          0x20000000    0xc



*******************************************************************************
*** MODULE SUMMARY
***

    Module                 ro code  ro data  rw data
    ------                 -------  -------  -------
C:\Users\4eef\Projects\Chronograph+\SW\Chrono-Terminal-V1.0\firmware\PROJ_DIR\Debug\Obj: [1]
    IR.o                     1 240                20
    MicroMenu.o                260       28      300
    adc.o                      504                 4
    battery.o                  404       32        1
    buttons.o                  828                 8
    clock.o                    148
    delay.o                     96
    filter.o                   648               182
    gpio.o                     544      196        4
    i2c.o                      986
    lis3.o                     840       20       64
    main.o                   6 008    1 058        4
    power.o                    472                 8
    ssdFonts.o                        1 920
    ssdGraph.o                           44
    startup_stm32f042x6.o      308
    sync.o                     356       20
    system.o                                     980
    system_stm32f0xx.o         148
    ug2864.o                 2 692       20    1 028
    ------------------------------------------------
    Total:                  16 482    3 338    2 603

command line: [2]
    ------------------------------------------------
    Total:

dl6M_tln.a: [3]
    div.o                       32
    errno.o                     16        4        4
    exit.o                       8
    low_level_init.o             4
    sprintf.o                   56
    xprintflarge_nomb.o      3 338        8
    xsprout.o                   10
    xtls.o                       2
    ------------------------------------------------
    Total:                   3 466       12        4

m6M_tl.a: [4]
    DblAddSub.o                436
    DblCmpGe.o                  50
    DblCmpLe.o                  50
    DblDiv.o                   194
    DblMul.o                   388
    DblToFlt.o                  98
    DblToI32.o                  82
    FltAddSub.o                278
    FltCmpEq.o                  32
    FltCmpGe.o                  40
    FltDiv.o                   170
    FltMul.o                   176
    FltToDbl.o                  50
    FltToS32.o                  58
    I32ToDbl.o                  52
    I32ToFlt.o                  50
    asin.o                     236
    atan.o                     156
    sqrt.o                     190
    xatan.o                    480
    xdtest.o                    48
    ------------------------------------------------
    Total:                   3 314

rt6M_tl.a: [5]
    ABImemcpy.o                 92
    ABImemset.o                 80
    I32DivModFast.o            224
    I64DivMod.o                106
    I64DivZer.o                  2
    IntDivZer.o                  2
    cexit.o                     10
    cmain.o                     26
    copy_init3.o                48
    cstartup_M.o                12
    data_init.o                 40
    iarEdom.o                   12
    memchr.o                    24
    strchr.o                    20
    strcpy.o                    16
    strlen.o                    16
    zero_init3.o                60
    ------------------------------------------------
    Total:                     790

shb_l.a: [6]
    exit.o                      20
    ------------------------------------------------
    Total:                      20

    Linker created                       36    1 024
----------------------------------------------------
    Grand Total:            24 072    3 386    3 631


*******************************************************************************
*** ENTRY LIST
***

Entry                      Address   Size  Type      Object
-----                      -------   ----  ----      ------
.iar.init_table$$Base   0x080067f8          --   Gb  - Linker created -
.iar.init_table$$Limit  0x0800681c          --   Gb  - Linker created -
?main                   0x0800689d         Code  Gb  cmain.o [5]
ADC1_IRQHandler         0x08004d29   0x82  Code  Gb  adc.o [1]
CSTACK$$Base            0x20000010          --   Gb  - Linker created -
CSTACK$$Limit           0x20000410          --   Gb  - Linker created -
CurrentMenuItem         0x20000e28    0x4  Data  Gb  main.o [1]
CurrentMenuItem         0x20000004    0x4  Data  Lc  MicroMenu.o [1]
EXTI4_15_IRQHandler     0x08001a25   0x22  Code  Gb  power.o [1]
I2C1_IRQHandler         0x080053d9    0x2  Code  Gb  i2c.o [1]
I2CRx                   0x08005129   0xec  Code  Gb  i2c.o [1]
I2CRxInit               0x08005091   0x98  Code  Gb  i2c.o [1]
I2CTx                   0x080052cd   0xec  Code  Gb  i2c.o [1]
I2CTxInit               0x08005215   0x96  Code  Gb  i2c.o [1]
IRRXData                0x20000dfc   0x14  Data  Gb  IR.o [1]
LoadInt                 0x08003f31   0x68  Code  Lc  xprintflarge_nomb.o [3]
Menu_EnterCurrentItem   0x08001945   0x26  Code  Gb  MicroMenu.o [1]
Menu_GetCurrentMenu     0x08001881    0x6  Code  Gb  MicroMenu.o [1]
Menu_Navigate           0x08001887   0xbe  Code  Gb  MicroMenu.o [1]
NULL_MENU               0x080068fc   0x18  Data  Gb  MicroMenu.o [1]
NVIC_DisableIRQ         0x08004bf7    0xe  Code  Lc  adc.o [1]
NVIC_DisableIRQ         0x0800471f    0xe  Code  Lc  IR.o [1]
NVIC_DisableIRQ         0x08001993    0xe  Code  Lc  power.o [1]
NVIC_EnableIRQ          0x08004be9    0xe  Code  Lc  adc.o [1]
NVIC_EnableIRQ          0x08004711    0xe  Code  Lc  IR.o [1]
NVIC_EnableIRQ          0x08001985    0xe  Code  Lc  power.o [1]
NVIC_SetPriority        0x08004c05   0x84  Code  Lc  adc.o [1]
NVIC_SetPriority        0x0800472d   0x84  Code  Lc  IR.o [1]
NVIC_SetPriority        0x080019a1   0x84  Code  Lc  power.o [1]
Region$$Table$$Base     0x080067f8          --   Gb  - Linker created -
Region$$Table$$Limit    0x0800681c          --   Gb  - Linker created -
SystemInit              0x080064b5   0x68  Code  Gb  system_stm32f0xx.o [1]
TIM2_IRQHandler         0x0800492d  0x28a  Code  Gb  IR.o [1]
_GenldLargeNoMb         0x080043ad  0x29a  Code  Lc  xprintflarge_nomb.o [3]
_LdtobLargeNoMb         0x080040c5  0x2b0  Code  Lc  xprintflarge_nomb.o [3]
_LitobLargeNoMb         0x08003f99  0x12a  Code  Lc  xprintflarge_nomb.o [3]
_PrintfLargeNoMb        0x08003971  0x5c0  Code  Gb  xprintflarge_nomb.o [3]
_PutcharsLargeNoMb      0x08004647   0x30  Code  Lc  xprintflarge_nomb.o [3]
_SProut                 0x08003263    0xa  Code  Gb  xsprout.o [3]
__ICFEDIT_region_RAM_end__ {Abs}
                        0x200017ff         Data  Gb  command line/config [2]
__ICFEDIT_region_RAM_start__ {Abs}
                        0x20000000         Data  Gb  command line/config [2]
__aeabi_cdcmple         0x080054d9         Code  Gb  DblCmpLe.o [4]
__aeabi_cdrcmple        0x0800550b         Code  Gb  DblCmpGe.o [4]
__aeabi_cfcmpeq         0x0800326d         Code  Gb  FltCmpEq.o [4]
__aeabi_cfrcmple        0x08005451         Code  Gb  FltCmpGe.o [4]
__aeabi_d2f             0x0800358d         Code  Gb  DblToFlt.o [4]
__aeabi_d2iz            0x08005759         Code  Gb  DblToI32.o [4]
__aeabi_d2uiz           0x0800577d         Code  Gb  DblToI32.o [4]
__aeabi_dadd            0x080057ab         Code  Gb  DblAddSub.o [4]
__aeabi_ddiv            0x08003625         Code  Gb  DblDiv.o [4]
__aeabi_dmul            0x08003409         Code  Gb  DblMul.o [4]
__aeabi_dsub            0x08005871         Code  Gb  DblAddSub.o [4]
__aeabi_errno_addr      0x08005c51    0xa  Code  Gb  errno.o [3]
__aeabi_f2d             0x08003339         Code  Gb  FltToDbl.o [4]
__aeabi_f2iz            0x080053e1         Code  Gb  FltToS32.o [4]
__aeabi_fadd            0x0800314d         Code  Gb  FltAddSub.o [4]
__aeabi_fdiv            0x0800328d         Code  Gb  FltDiv.o [4]
__aeabi_fmul            0x0800309d         Code  Gb  FltMul.o [4]
__aeabi_i2d             0x080035f1         Code  Gb  I32ToDbl.o [4]
__aeabi_i2f             0x0800541d         Code  Gb  I32ToFlt.o [4]
__aeabi_idiv            0x080021bd         Code  Gb  I32DivModFast.o [5]
__aeabi_idiv0           0x080053dd         Code  Gb  IntDivZer.o [5]
__aeabi_idivmod         0x080021bd         Code  Gb  I32DivModFast.o [5]
__aeabi_ldiv0           0x08005c61         Code  Gb  I64DivZer.o [5]
__aeabi_memcpy          0x08005b15         Code  Gb  ABImemcpy.o [5]
__aeabi_memset          0x08002271         Code  Gb  ABImemset.o [5]
__aeabi_ui2d            0x08003605         Code  Gb  I32ToDbl.o [4]
__aeabi_uidiv           0x080021c3         Code  Gb  I32DivModFast.o [5]
__aeabi_uidivmod        0x080021c3         Code  Gb  I32DivModFast.o [5]
__aeabi_uldivmod        0x08005aa9         Code  Gb  I64DivMod.o [5]
__cmain                 0x0800689d         Code  Gb  cmain.o [5]
__exit                  0x080068d1   0x14  Code  Gb  exit.o [6]
__iar_Atan              0x08005579  0x148  Code  Gb  xatan.o [4]
__iar_Dtest             0x08005a4d   0x30  Code  Gb  xdtest.o [4]
__iar_Errno             0x20000008    0x4  Data  Gb  errno.o [3]
__iar_Memchr            0x08005a91   0x18  Code  Gb  memchr.o [5]
__iar_Memset4_word      0x08002291         Code  Gb  ABImemset.o [5]
__iar_Memset_word       0x0800227d         Code  Gb  ABImemset.o [5]
__iar_Strchr            0x08005a7d   0x14  Code  Gb  strchr.o [5]
__iar_copy_init3        0x08006585   0x30  Code  Gb  copy_init3.o [5]
__iar_d2uiz             0x08005781         Code  Gb  DblToI32.o [4]
__iar_data_init3        0x080066f9   0x28  Code  Gb  data_init.o [5]
__iar_dlib_perthread_access
                        0x08005c71    0x2  Code  Gb  xtls.o [3]
__iar_edom              0x08005c65         Code  Gb  iarEdom.o [5]
__iar_program_start     0x08006aa1         Code  Gb  cstartup_M.o [5]
__iar_sqrt              0x08005b91         Code  Gb  sqrt.o [4]
__iar_ui2d              0x08003609         Code  Gb  I32ToDbl.o [4]
__iar_ui2f              0x08005435         Code  Gb  I32ToFlt.o [4]
__iar_zero_init3        0x08006549   0x3c  Code  Gb  zero_init3.o [5]
__low_level_init        0x080068b7    0x4  Code  Gb  low_level_init.o [3]
__vector_table          0x08000000         Data  Gb  startup_stm32f042x6.o [1]
_call_main              0x080068a9         Code  Gb  cmain.o [5]
_exit                   0x080068c5         Code  Gb  cexit.o [5]
_main                   0x080068b3         Code  Gb  cmain.o [5]
a                       0x08005718   0x40  Data  Lc  xatan.o [4]
about                   0x0800683c   0x20  Data  Gb  main.o [1]
accAxisCal              0x08002e31  0x22e  Code  Gb  lis3.o [1]
accel                   0x20000dc8   0x1c  Data  Gb  lis3.o [1]
adcData                 0x20000e20    0x4  Data  Gb  adc.o [1]
adcDeinit               0x08004c89   0x24  Code  Gb  adc.o [1]
adcInit                 0x08004cad   0x7c  Code  Gb  adc.o [1]
asin                    0x08005961   0xec  Code  Gb  asin.o [4]
atan                    0x0800336d   0x9c  Code  Gb  atan.o [4]
battCalc                0x08001cc1  0x194  Code  Gb  battery.o [1]
battCalc::percFlag      0x20000e32    0x1  Data  Lc  battery.o [1]
btnCntsClr              0x08002165   0x1a  Code  Gb  buttons.o [1]
buttons                 0x20000e10    0x8  Data  Gb  buttons.o [1]
chrgSym                 0x08006b00    0x8  Data  Gb  ssdGraph.o [1]
deInitIR                0x0800489b   0x4a  Code  Gb  IR.o [1]
delay_us                0x08005479   0x60  Code  Gb  delay.o [1]
display                 0x0800681c   0x20  Data  Gb  main.o [1]
div                     0x08005b71   0x20  Code  Gb  div.o [3]
drawMainScreen          0x080014ed  0x304  Code  Gb  main.o [1]
drawMenu                0x080013dd   0xba  Code  Gb  main.o [1]
exit                    0x080068bb    0x8  Code  Gb  exit.o [3]
font12x16               0x08006274  0x180  Data  Gb  ssdFonts.o [1]
font6x8                 0x08005c74  0x600  Data  Gb  ssdFonts.o [1]
getButtonState          0x08001e55  0x300  Code  Gb  buttons.o [1]
gppin_init              0x08004e1b  0x1cc  Code  Gb  gpio.o [1]
initClocks              0x0800467d   0x94  Code  Gb  clock.o [1]
initGpios               0x08004de1   0x3a  Code  Gb  gpio.o [1]
initI2C1                0x08005001   0x90  Code  Gb  i2c.o [1]
initIRConfig            0x080047b1   0xea  Code  Gb  IR.o [1]
initPeriphs             0x08001b41   0x1c  Code  Gb  power.o [1]
kalman                  0x20000d30   0x98  Data  Gb  filter.o [1]
kalmanAccCorr           0x0800370d  0x214  Code  Gb  filter.o [1]
lis3AxisCal             0x20000d0c   0x24  Data  Gb  lis3.o [1]
lis3_getXYZ             0x08002deb   0x40  Code  Gb  lis3.o [1]
lis3_read               0x08002dad   0x3e  Code  Gb  lis3.o [1]
lis3_write              0x08002d81   0x2c  Code  Gb  lis3.o [1]
lis3init                0x08002d45   0x3c  Code  Gb  lis3.o [1]
lpf                     0x08003921   0x2e  Code  Gb  filter.o [1]
lpf::Dacc               0x20000e24    0x4  Data  Lc  filter.o [1]
lpf::Dout               0x20000e30    0x2  Data  Lc  filter.o [1]
lpfAccPrim              0x080036e9   0x24  Code  Gb  filter.o [1]
lpfPrim                 0x20000de4   0x18  Data  Gb  filter.o [1]
main                    0x080000c1  0xe38  Code  Gb  main.o [1]
mchron                  0x0800678c   0x24  Data  Gb  main.o [1]
mcommon                 0x0800685c   0x20  Data  Gb  main.o [1]
meas                    0x20000814  0x264  Data  Gb  system.o [1]
menu                    0x20000be4  0x128  Data  Gb  MicroMenu.o [1]
menuFolder              0x08006a2c   0x10  Data  Gb  ssdGraph.o [1]
menuScroll              0x08006b20    0x4  Data  Gb  ssdGraph.o [1]
mincline                0x08006608   0x28  Data  Gb  main.o [1]
mode                    0x08006720   0x24  Data  Gb  main.o [1]
modeEdit                0x080010a9   0x72  Code  Gb  main.o [1]
parEdit                 0x08001049   0x48  Code  Gb  main.o [1]
parEditRedir            0x08000f39  0x104  Code  Gb  main.o [1]
pellets                 0x20000a78  0x16c  Data  Gb  system.o [1]
pinNum                  0x20000000    0x4  Data  Gb  gpio.o [1]
pinsMode                0x080063f4   0xc0  Data  Gb  gpio.o [1]
power                   0x20000e18    0x8  Data  Gb  power.o [1]
powerOff                0x08001ac3   0x32  Code  Gb  power.o [1]
powerOn                 0x08001af5   0x12  Code  Gb  power.o [1]
s16fNorm                0x0800118d   0x3c  Code  Gb  main.o [1]
scbind                  0x0800687c   0x20  Data  Gb  main.o [1]
scdist                  0x080066d0   0x28  Data  Gb  main.o [1]
schrono                 0x080067b0   0x24  Data  Gb  main.o [1]
sclipc                  0x08006630   0x28  Data  Gb  main.o [1]
service                 0x080065e0   0x28  Data  Gb  main.o [1]
setts                   0x08006768   0x24  Data  Gb  main.o [1]
sibrdr                  0x080065b4   0x2c  Data  Gb  main.o [1]
sical                   0x080067d4   0x24  Data  Gb  main.o [1]
sincline                0x08006658   0x28  Data  Gb  main.o [1]
spofft                  0x08006680   0x28  Data  Gb  main.o [1]
sprintf                 0x08001849   0x38  Code  Gb  sprintf.o [3]
sqrt                    0x08005b91         Code  Gb  sqrt.o [4]
sqrtl                   0x08005b91         Code  Gb  sqrt.o [4]
ssdBatt                 0x08006a3c   0x10  Data  Gb  ssdGraph.o [1]
ssdVideoBff             0x20000410  0x404  Data  Gb  ug2864.o [1]
ssd_putBatt             0x0800287d  0x100  Code  Gb  ug2864.o [1]
ssd_putChar12x16        0x08002989   0xf4  Code  Gb  ug2864.o [1]
ssd_putChar6x8          0x08002aa1   0x5a  Code  Gb  ug2864.o [1]
ssd_putMenuFolder       0x0800282d   0x50  Code  Gb  ug2864.o [1]
ssd_putMenuScroll       0x0800263d   0xae  Code  Gb  ug2864.o [1]
ssd_putMsgBox           0x08002389   0x8a  Code  Gb  ug2864.o [1]
ssd_putParBox           0x080022c1   0xc0  Code  Gb  ug2864.o [1]
ssd_putPitchBar         0x080026eb  0x13e  Code  Gb  ug2864.o [1]
ssd_putRollBar          0x08002413  0x220  Code  Gb  ug2864.o [1]
ssd_putString12x16      0x08002a7d   0x24  Code  Gb  ug2864.o [1]
ssd_putString6x8        0x08002b01   0x24  Code  Gb  ug2864.o [1]
ssd_setpix              0x08002b25   0xc8  Code  Gb  ug2864.o [1]
stats                   0x08006744   0x24  Data  Gb  main.o [1]
stopModeConfig          0x08001a47   0x7c  Code  Gb  power.o [1]
strcpy                  0x08001839         Code  Gb  strcpy.o [5]
strlen                  0x0800308d   0x10  Code  Gb  strlen.o [5]
swusrc                  0x080066a8   0x28  Data  Gb  main.o [1]
sync                    0x08001bb7   0xc4  Code  Gb  sync.o [1]
syncInit                0x08001b5d   0x5a  Code  Gb  sync.o [1]
sysPars                 0x20000e2c    0x4  Data  Gb  system.o [1]
tiltAngCalc             0x08001121   0x5e  Code  Gb  main.o [1]
trxAccData              0x08001219  0x1aa  Code  Gb  main.o [1]
ug2864_com              0x08002cd3   0x2c  Code  Gb  ug2864.o [1]
ug2864_refresh          0x08002d09   0x20  Code  Gb  ug2864.o [1]
ug2864init              0x08002c21   0xb2  Code  Gb  ug2864.o [1]
ug2864off               0x08002bf5   0x16  Code  Gb  ug2864.o [1]
ug2864on                0x08002c0b   0x16  Code  Gb  ug2864.o [1]


[1] = C:\Users\4eef\Projects\Chronograph+\SW\Chrono-Terminal-V1.0\firmware\PROJ_DIR\Debug\Obj
[2] = command line
[3] = dl6M_tln.a
[4] = m6M_tl.a
[5] = rt6M_tl.a
[6] = shb_l.a

  24 072 bytes of readonly  code memory
   3 386 bytes of readonly  data memory
   3 631 bytes of readwrite data memory

Errors: none
Warnings: none
