###############################################################################
#
# IAR ELF Linker V7.80.2.11947/W32 for ARM                25/Oct/2018  21:27:49
# Copyright 2007-2016 IAR Systems AB.
#
#    Output file  =  
#        C:\Users\4eef\Projects\Chronograph+\SW\Chrono-Terminal-V1.0\firmware\PROJ_DIR\Debug\Exe\Chrono-Terminal-V1.0.out
#    Map file     =  
#        C:\Users\4eef\Projects\Chronograph+\SW\Chrono-Terminal-V1.0\firmware\PROJ_DIR\Debug\List\Chrono-Terminal-V1.0.map
#    Command line =  
#        C:\Users\4eef\Projects\Chronograph+\SW\Chrono-Terminal-V1.0\firmware\PROJ_DIR\Debug\Obj\adc.o
#        C:\Users\4eef\Projects\Chronograph+\SW\Chrono-Terminal-V1.0\firmware\PROJ_DIR\Debug\Obj\battery.o
#        C:\Users\4eef\Projects\Chronograph+\SW\Chrono-Terminal-V1.0\firmware\PROJ_DIR\Debug\Obj\buttons.o
#        C:\Users\4eef\Projects\Chronograph+\SW\Chrono-Terminal-V1.0\firmware\PROJ_DIR\Debug\Obj\clock.o
#        C:\Users\4eef\Projects\Chronograph+\SW\Chrono-Terminal-V1.0\firmware\PROJ_DIR\Debug\Obj\delay.o
#        C:\Users\4eef\Projects\Chronograph+\SW\Chrono-Terminal-V1.0\firmware\PROJ_DIR\Debug\Obj\filter.o
#        C:\Users\4eef\Projects\Chronograph+\SW\Chrono-Terminal-V1.0\firmware\PROJ_DIR\Debug\Obj\fix16.o
#        C:\Users\4eef\Projects\Chronograph+\SW\Chrono-Terminal-V1.0\firmware\PROJ_DIR\Debug\Obj\fix16_exp.o
#        C:\Users\4eef\Projects\Chronograph+\SW\Chrono-Terminal-V1.0\firmware\PROJ_DIR\Debug\Obj\fix16_sqrt.o
#        C:\Users\4eef\Projects\Chronograph+\SW\Chrono-Terminal-V1.0\firmware\PROJ_DIR\Debug\Obj\fix16_trig.o
#        C:\Users\4eef\Projects\Chronograph+\SW\Chrono-Terminal-V1.0\firmware\PROJ_DIR\Debug\Obj\fract32.o
#        C:\Users\4eef\Projects\Chronograph+\SW\Chrono-Terminal-V1.0\firmware\PROJ_DIR\Debug\Obj\gpio.o
#        C:\Users\4eef\Projects\Chronograph+\SW\Chrono-Terminal-V1.0\firmware\PROJ_DIR\Debug\Obj\i2c.o
#        C:\Users\4eef\Projects\Chronograph+\SW\Chrono-Terminal-V1.0\firmware\PROJ_DIR\Debug\Obj\IR.o
#        C:\Users\4eef\Projects\Chronograph+\SW\Chrono-Terminal-V1.0\firmware\PROJ_DIR\Debug\Obj\lis3.o
#        C:\Users\4eef\Projects\Chronograph+\SW\Chrono-Terminal-V1.0\firmware\PROJ_DIR\Debug\Obj\main.o
#        C:\Users\4eef\Projects\Chronograph+\SW\Chrono-Terminal-V1.0\firmware\PROJ_DIR\Debug\Obj\menuFunctions.o
#        C:\Users\4eef\Projects\Chronograph+\SW\Chrono-Terminal-V1.0\firmware\PROJ_DIR\Debug\Obj\MicroMenu.o
#        C:\Users\4eef\Projects\Chronograph+\SW\Chrono-Terminal-V1.0\firmware\PROJ_DIR\Debug\Obj\power.o
#        C:\Users\4eef\Projects\Chronograph+\SW\Chrono-Terminal-V1.0\firmware\PROJ_DIR\Debug\Obj\ssdFonts.o
#        C:\Users\4eef\Projects\Chronograph+\SW\Chrono-Terminal-V1.0\firmware\PROJ_DIR\Debug\Obj\ssdGraph.o
#        C:\Users\4eef\Projects\Chronograph+\SW\Chrono-Terminal-V1.0\firmware\PROJ_DIR\Debug\Obj\startup_stm32f042x6.o
#        C:\Users\4eef\Projects\Chronograph+\SW\Chrono-Terminal-V1.0\firmware\PROJ_DIR\Debug\Obj\sync.o
#        C:\Users\4eef\Projects\Chronograph+\SW\Chrono-Terminal-V1.0\firmware\PROJ_DIR\Debug\Obj\system.o
#        C:\Users\4eef\Projects\Chronograph+\SW\Chrono-Terminal-V1.0\firmware\PROJ_DIR\Debug\Obj\system_stm32f0xx.o
#        C:\Users\4eef\Projects\Chronograph+\SW\Chrono-Terminal-V1.0\firmware\PROJ_DIR\Debug\Obj\ug2864.o
#        C:\Users\4eef\Projects\Chronograph+\SW\Chrono-Terminal-V1.0\firmware\PROJ_DIR\Debug\Obj\uint32.o
#        --redirect _Printf=_PrintfLargeNoMb -o
#        C:\Users\4eef\Projects\Chronograph+\SW\Chrono-Terminal-V1.0\firmware\PROJ_DIR\Debug\Exe\Chrono-Terminal-V1.0.out
#        --map
#        C:\Users\4eef\Projects\Chronograph+\SW\Chrono-Terminal-V1.0\firmware\PROJ_DIR\Debug\List\Chrono-Terminal-V1.0.map
#        --config "C:\Program Files (x86)\IAR Systems\Embedded Workbench
#        7.5\arm\config\linker\ST\stm32f042x6.icf" --semihosting --entry
#        __iar_program_start --vfe
#
###############################################################################

*******************************************************************************
*** RUNTIME MODEL ATTRIBUTES
***

CppFlavor       = *
__SystemLibrary = DLib


*******************************************************************************
*** PLACEMENT SUMMARY
***

"A0":  place at 0x08000000 { ro section .intvec };
"P1":  place in [from 0x08000000 to 0x08007fff] { ro };
"P2":  place in [from 0x20000000 to 0x200017ff] { rw, block CSTACK, block HEAP };
initialize by copy { rw };

  Section            Kind        Address    Size  Object
  -------            ----        -------    ----  ------
"A0":                                       0xc0
  .intvec            ro code  0x08000000    0xc0  startup_stm32f042x6.o [1]
                            - 0x080000c0    0xc0

"P1":                                     0x744e
  .text              ro code  0x080000c0   0xd6c  MicroMenu.o [1]
  .text              ro code  0x08000e2c    0x50  ABImemset.o [5]
  .text              ro code  0x08000e7c    0x10  strcpy.o [5]
  .text              ro code  0x08000e8c    0x10  strlen.o [5]
  .text              ro code  0x08000e9c   0xd0a  xprintflarge_nomb.o [3]
  .text              ro code  0x08001ba6    0x14  strchr.o [5]
  .text              ro code  0x08001bba    0x18  memchr.o [5]
  .text              ro code  0x08001bd2    0x6a  I64DivMod.o [5]
  .text              ro code  0x08001c3c    0x5c  ABImemcpy.o [5]
  .text              ro code  0x08001c98    0xe0  I32DivModFast.o [5]
  .text              ro code  0x08001d78    0x32  DblCmpLe.o [4]
  .text              ro code  0x08001daa   0x184  DblMul.o [4]
  .text              ro code  0x08001f2e    0xc2  DblDiv.o [4]
  .text              ro code  0x08001ff0    0x2e  DblToI32.o [4]
  .text              ro code  0x0800201e     0xa  xsprout.o [3]
  .text              ro code  0x08002028    0x20  I32ToDbl.o [4]
  .text              ro code  0x08002048   0x1a8  DblAddSub.o [4]
  .text              ro code  0x080021f0    0x20  div.o [3]
  .text              ro code  0x08002210     0x2  I64DivZer.o [5]
  .rodata            const    0x08002212     0x2  main.o [1]
  .text              ro code  0x08002214     0x2  IntDivZer.o [5]
  .rodata            const    0x08002216     0x2  system.o [1]
  .text              ro code  0x08002218   0xd04  ug2864.o [1]
  .text              ro code  0x08002f1c    0x38  sprintf.o [3]
  .text              ro code  0x08002f54    0x1c  strcat.o [3]
  .text              ro code  0x08002f70     0x8  abs.o [3]
  .text              ro code  0x08002f78    0x60  delay.o [1]
  .text              ro code  0x08002fd8   0x3e2  i2c.o [1]
  .rodata            const    0x080033ba     0x2  ug2864.o [1]
  .text              ro code  0x080033bc   0xa2c  IR.o [1]
  .text              ro code  0x08003de8   0x710  system.o [1]
  .rodata            const    0x080044f8   0x600  ssdFonts.o [1]
  .text              ro code  0x08004af8   0x35c  lis3.o [1]
  .text              ro code  0x08004e54   0x1c4  fix16.o [1]
  .text              ro code  0x08005018    0xc8  fix16_trig.o [1]
  .text              ro code  0x080050e0   0x1f4  filter.o [1]
  .text              ro code  0x080052d4    0x32  I64Mul.o [5]
  .rodata            const    0x08005306     0x2  ug2864.o [1]
  .text              ro code  0x08005308    0x32  I32ToFlt.o [4]
  .text              ro code  0x0800533a    0xb0  FltMul.o [4]
  .rodata            const    0x080053ea     0x2  ug2864.o [1]
  .text              ro code  0x080053ec    0x3a  FltToS32.o [4]
  .text              ro code  0x08005426   0x120  FltAddSub.o [4]
  .text              ro code  0x08005546    0xaa  FltDiv.o [4]
  .text              ro code  0x080055f0    0x26  FltCmpLe.o [4]
  .rodata            const    0x08005616     0x2  ug2864.o [1]
  .text              ro code  0x08005618    0x28  FltCmpGe.o [4]
  .text              ro code  0x08005640    0x22  xfdtest.o [4]
  .rodata            const    0x08005662     0x2  ug2864.o [1]
  .text              ro code  0x08005664   0x334  buttons.o [1]
  .text              ro code  0x08005998   0x2dc  main.o [1]
  .text              ro code  0x08005c74   0x1e0  power.o [1]
  .text              ro code  0x08005e54   0x1f8  adc.o [1]
  .text              ro code  0x0800604c   0x160  sync.o [1]
  .text              ro code  0x080061ac   0x1c0  battery.o [1]
  .text              ro code  0x0800636c    0xa0  clock.o [1]
  .text              ro code  0x0800640c   0x220  gpio.o [1]
  .rodata            const    0x0800662c   0x198  ssdFonts.o [1]
  .rodata            const    0x080067c4    0xd4  menuFunctions.o [1]
  .rodata            const    0x08006898    0xc0  gpio.o [1]
  .text              ro code  0x08006958    0x94  system_stm32f0xx.o [1]
  .rodata            const    0x080069ec    0x48  menuFunctions.o [1]
  .text              ro code  0x08006a34    0x3c  startup_stm32f042x6.o [1]
  .text              ro code  0x08006a70    0x3c  zero_init3.o [5]
  .text              ro code  0x08006aac    0x30  copy_init3.o [5]
  .text              ro code  0x08006adc    0x28  data_init.o [5]
  .iar.init_table    const    0x08006b04    0x24  - Linker created -
  .text              ro code  0x08006b28    0x1e  menuFunctions.o [1]
  .rodata            const    0x08006b46     0x2  ug2864.o [1]
  .rodata            const    0x08006b48    0x1c  main.o [1]
  .rodata            const    0x08006b64    0x1c  main.o [1]
  .rodata            const    0x08006b80    0x1c  main.o [1]
  .rodata            const    0x08006b9c    0x1c  main.o [1]
  .rodata            const    0x08006bb8    0x1c  main.o [1]
  .rodata            const    0x08006bd4    0x1c  main.o [1]
  .rodata            const    0x08006bf0    0x1c  main.o [1]
  .rodata            const    0x08006c0c    0x1c  main.o [1]
  .rodata            const    0x08006c28    0x1c  main.o [1]
  .rodata            const    0x08006c44    0x1c  main.o [1]
  .rodata            const    0x08006c60    0x1c  main.o [1]
  .rodata            const    0x08006c7c    0x1c  main.o [1]
  .rodata            const    0x08006c98    0x1c  main.o [1]
  .rodata            const    0x08006cb4    0x1c  main.o [1]
  .rodata            const    0x08006cd0    0x1c  main.o [1]
  .rodata            const    0x08006cec    0x1c  main.o [1]
  .rodata            const    0x08006d08    0x1c  main.o [1]
  .rodata            const    0x08006d24    0x1c  main.o [1]
  .rodata            const    0x08006d40    0x1c  main.o [1]
  .rodata            const    0x08006d5c    0x1c  main.o [1]
  .rodata            const    0x08006d78    0x1c  main.o [1]
  .rodata            const    0x08006d94    0x1c  main.o [1]
  .rodata            const    0x08006db0    0x1c  main.o [1]
  .rodata            const    0x08006dcc    0x1c  main.o [1]
  .rodata            const    0x08006de8    0x1c  main.o [1]
  .rodata            const    0x08006e04    0x1c  main.o [1]
  .rodata            const    0x08006e20    0x1c  main.o [1]
  .rodata            const    0x08006e3c    0x1c  main.o [1]
  .rodata            const    0x08006e58    0x1c  main.o [1]
  .rodata            const    0x08006e74    0x1c  main.o [1]
  .rodata            const    0x08006e90    0x1c  main.o [1]
  .rodata            const    0x08006eac    0x1c  MicroMenu.o [1]
  .text              ro code  0x08006ec8    0x1a  cmain.o [5]
  .text              ro code  0x08006ee2     0x4  low_level_init.o [3]
  .text              ro code  0x08006ee6     0x8  exit.o [3]
  .rodata            const    0x08006eee     0x2  ug2864.o [1]
  .text              ro code  0x08006ef0     0xa  cexit.o [5]
  .rodata            const    0x08006efa     0x2  ug2864.o [1]
  .text              ro code  0x08006efc    0x14  exit.o [6]
  .rodata            const    0x08006f10    0x18  main.o [1]
  .rodata            const    0x08006f28    0x18  main.o [1]
  .rodata            const    0x08006f40    0x18  main.o [1]
  .rodata            const    0x08006f58    0x18  main.o [1]
  .rodata            const    0x08006f70    0x18  main.o [1]
  .rodata            const    0x08006f88    0x18  main.o [1]
  .rodata            const    0x08006fa0    0x18  main.o [1]
  .rodata            const    0x08006fb8    0x18  main.o [1]
  .rodata            const    0x08006fd0    0x18  main.o [1]
  .rodata            const    0x08006fe8    0x18  main.o [1]
  .rodata            const    0x08007000    0x18  main.o [1]
  .rodata            const    0x08007018    0x18  main.o [1]
  .rodata            const    0x08007030    0x18  main.o [1]
  .rodata            const    0x08007048    0x18  main.o [1]
  .rodata            const    0x08007060    0x18  main.o [1]
  .rodata            const    0x08007078    0x18  main.o [1]
  .rodata            const    0x08007090    0x18  main.o [1]
  .rodata            const    0x080070a8    0x18  main.o [1]
  .rodata            const    0x080070c0    0x18  main.o [1]
  .rodata            const    0x080070d8    0x18  main.o [1]
  .rodata            const    0x080070f0    0x18  main.o [1]
  .rodata            const    0x08007108    0x18  main.o [1]
  .rodata            const    0x08007120    0x18  main.o [1]
  .rodata            const    0x08007138    0x18  main.o [1]
  .rodata            const    0x08007150    0x18  main.o [1]
  .rodata            const    0x08007168    0x18  main.o [1]
  .rodata            const    0x08007180    0x18  main.o [1]
  .rodata            const    0x08007198    0x18  MicroMenu.o [1]
  .rodata            const    0x080071b0    0x14  battery.o [1]
  .rodata            const    0x080071c4    0x14  main.o [1]
  .rodata            const    0x080071d8    0x14  main.o [1]
  .rodata            const    0x080071ec    0x14  main.o [1]
  .rodata            const    0x08007200    0x14  main.o [1]
  .rodata            const    0x08007214    0x14  main.o [1]
  .rodata            const    0x08007228    0x14  main.o [1]
  .rodata            const    0x0800723c    0x14  MicroMenu.o [1]
  .rodata            const    0x08007250    0x14  MicroMenu.o [1]
  .rodata            const    0x08007264    0x14  MicroMenu.o [1]
  .rodata            const    0x08007278    0x14  sync.o [1]
  .rodata            const    0x0800728c    0x10  IR.o [1]
  .rodata            const    0x0800729c    0x10  IR.o [1]
  .rodata            const    0x080072ac    0x10  IR.o [1]
  .rodata            const    0x080072bc    0x10  IR.o [1]
  .rodata            const    0x080072cc    0x10  main.o [1]
  .rodata            const    0x080072dc    0x10  main.o [1]
  .rodata            const    0x080072ec    0x10  main.o [1]
  .rodata            const    0x080072fc    0x10  main.o [1]
  .rodata            const    0x0800730c    0x10  main.o [1]
  .rodata            const    0x0800731c    0x10  main.o [1]
  .rodata            const    0x0800732c    0x10  MicroMenu.o [1]
  .rodata            const    0x0800733c    0x10  MicroMenu.o [1]
  .rodata            const    0x0800734c    0x10  MicroMenu.o [1]
  .rodata            const    0x0800735c    0x10  ssdGraph.o [1]
  .rodata            const    0x0800736c    0x10  ssdGraph.o [1]
  .rodata            const    0x0800737c    0x10  system.o [1]
  .rodata            const    0x0800738c    0x10  system.o [1]
  .rodata            const    0x0800739c     0xc  battery.o [1]
  .rodata            const    0x080073a8     0xc  main.o [1]
  .rodata            const    0x080073b4     0xc  main.o [1]
  .rodata            const    0x080073c0     0xc  main.o [1]
  .rodata            const    0x080073cc     0xc  main.o [1]
  .rodata            const    0x080073d8     0xc  MicroMenu.o [1]
  .rodata            const    0x080073e4     0xc  MicroMenu.o [1]
  .rodata            const    0x080073f0     0xc  system.o [1]
  .rodata            const    0x080073fc     0xc  system.o [1]
  .rodata            const    0x08007408     0xc  system.o [1]
  .text              ro code  0x08007414     0xc  cstartup_M.o [5]
  .rodata            const    0x08007420     0x8  IR.o [1]
  .rodata            const    0x08007428     0x8  main.o [1]
  .rodata            const    0x08007430     0x8  main.o [1]
  .rodata            const    0x08007438     0x8  main.o [1]
  .rodata            const    0x08007440     0x8  MicroMenu.o [1]
  .rodata            const    0x08007448     0x8  MicroMenu.o [1]
  .rodata            const    0x08007450     0x8  ssdGraph.o [1]
  .rodata            const    0x08007458     0x8  system.o [1]
  .rodata            const    0x08007460     0x8  system.o [1]
  .rodata            const    0x08007468     0x8  ug2864.o [1]
  .rodata            const    0x08007470     0x8  ug2864.o [1]
  .rodata            const    0x08007478     0x8  ug2864.o [1]
  .rodata            const    0x08007480     0x8  ug2864.o [1]
  .rodata            const    0x08007488     0x8  ug2864.o [1]
  .rodata            const    0x08007490     0x8  ug2864.o [1]
  .rodata            const    0x08007498     0x8  xprintflarge_nomb.o [3]
  Initializer bytes  const    0x080074a0     0x8  <for P2-1>
  .rodata            const    0x080074a8     0x4  fix16.o [1]
  .rodata            const    0x080074ac     0x4  fix16.o [1]
  .rodata            const    0x080074b0     0x4  fix16_trig.o [1]
  .rodata            const    0x080074b4     0x4  fix16_trig.o [1]
  .rodata            const    0x080074b8     0x4  fix16_trig.o [1]
  .rodata            const    0x080074bc     0x4  lis3.o [1]
  .rodata            const    0x080074c0     0x4  main.o [1]
  .rodata            const    0x080074c4     0x4  main.o [1]
  .rodata            const    0x080074c8     0x4  main.o [1]
  .rodata            const    0x080074cc     0x4  main.o [1]
  .rodata            const    0x080074d0     0x4  ssdGraph.o [1]
  .rodata            const    0x080074d4     0x2  ug2864.o [1]
  .text              ro code  0x080074d6     0x2  startup_stm32f042x6.o [1]
  .text              ro code  0x080074d8     0x2  startup_stm32f042x6.o [1]
  .text              ro code  0x080074da     0x2  startup_stm32f042x6.o [1]
  .text              ro code  0x080074dc     0x2  startup_stm32f042x6.o [1]
  .text              ro code  0x080074de     0x2  startup_stm32f042x6.o [1]
  .text              ro code  0x080074e0     0x2  startup_stm32f042x6.o [1]
  .text              ro code  0x080074e2     0x2  startup_stm32f042x6.o [1]
  .text              ro code  0x080074e4     0x2  startup_stm32f042x6.o [1]
  .text              ro code  0x080074e6     0x2  startup_stm32f042x6.o [1]
  .text              ro code  0x080074e8     0x2  startup_stm32f042x6.o [1]
  .text              ro code  0x080074ea     0x2  startup_stm32f042x6.o [1]
  .text              ro code  0x080074ec     0x2  startup_stm32f042x6.o [1]
  .text              ro code  0x080074ee     0x2  startup_stm32f042x6.o [1]
  .text              ro code  0x080074f0     0x2  startup_stm32f042x6.o [1]
  .text              ro code  0x080074f2     0x2  startup_stm32f042x6.o [1]
  .text              ro code  0x080074f4     0x2  startup_stm32f042x6.o [1]
  .text              ro code  0x080074f6     0x2  startup_stm32f042x6.o [1]
  .text              ro code  0x080074f8     0x2  startup_stm32f042x6.o [1]
  .text              ro code  0x080074fa     0x2  startup_stm32f042x6.o [1]
  .text              ro code  0x080074fc     0x2  startup_stm32f042x6.o [1]
  .text              ro code  0x080074fe     0x2  startup_stm32f042x6.o [1]
  .text              ro code  0x08007500     0x2  startup_stm32f042x6.o [1]
  .text              ro code  0x08007502     0x2  startup_stm32f042x6.o [1]
  .text              ro code  0x08007504     0x2  startup_stm32f042x6.o [1]
  .text              ro code  0x08007506     0x2  startup_stm32f042x6.o [1]
  .text              ro code  0x08007508     0x2  startup_stm32f042x6.o [1]
  .text              ro code  0x0800750a     0x2  startup_stm32f042x6.o [1]
  .text              ro code  0x0800750c     0x2  startup_stm32f042x6.o [1]
  .rodata            const    0x0800750e     0x0  zero_init3.o [5]
  .rodata            const    0x0800750e     0x0  copy_init3.o [5]
                            - 0x0800750e  0x744e

"P2", part 1 of 3:                           0x8
  P2-1                        0x20000000     0x8  <Init block>
    .data            inited   0x20000000     0x4  gpio.o [1]
    .data            inited   0x20000004     0x4  MicroMenu.o [1]
                            - 0x20000008     0x8

"P2", part 2 of 3:                         0x400
  CSTACK                      0x20000008   0x400  <Block>
    CSTACK           uninit   0x20000008   0x400  <Block tail>
                            - 0x20000408   0x400

"P2", part 3 of 3:                         0xe74
  .bss               zero     0x20000408   0x580  MicroMenu.o [1]
  .bss               zero     0x20000988   0x404  ug2864.o [1]
  .bss               zero     0x20000d8c   0x22c  system.o [1]
  .bss               zero     0x20000fb8   0x178  system.o [1]
  .bss               zero     0x20001130    0x5c  filter.o [1]
  .bss               zero     0x2000118c    0x3c  system.o [1]
  .bss               zero     0x200011c8    0x1c  system.o [1]
  .bss               zero     0x200011e4    0x18  filter.o [1]
  .bss               zero     0x200011fc    0x18  lis3.o [1]
  .bss               zero     0x20001214    0x18  system.o [1]
  .bss               zero     0x2000122c    0x14  IR.o [1]
  .bss               zero     0x20001240    0x14  lis3.o [1]
  .bss               zero     0x20001254     0x8  buttons.o [1]
  .bss               zero     0x2000125c     0x8  power.o [1]
  .bss               zero     0x20001264     0x8  system.o [1]
  .bss               zero     0x2000126c     0x4  adc.o [1]
  .bss               zero     0x20001270     0x4  filter.o [1]
  .bss               zero     0x20001274     0x4  main.o [1]
  .bss               zero     0x20001278     0x2  filter.o [1]
  .bss               zero     0x2000127a     0x1  battery.o [1]
                            - 0x2000127b   0xe73


*******************************************************************************
*** INIT TABLE
***

          Address     Size
          -------     ----
Zero (__iar_zero_init3)
    1 destination range, total size 0xe73:
          0x20000408  0xe73

Copy (__iar_copy_init3)
    1 source range, total size 0x8:
          0x080074a0    0x8
    1 destination range, total size 0x8:
          0x20000000    0x8



*******************************************************************************
*** MODULE SUMMARY
***

    Module                 ro code  ro data  rw data
    ------                 -------  -------  -------
C:\Users\4eef\Projects\Chronograph+\SW\Chrono-Terminal-V1.0\firmware\PROJ_DIR\Debug\Obj: [1]
    IR.o                     2 604       72       20
    MicroMenu.o              3 436      204    1 412
    adc.o                      504                 4
    battery.o                  448       32        1
    buttons.o                  820                 8
    clock.o                    160
    delay.o                     96
    filter.o                   500               122
    fix16.o                    452        8
    fix16_trig.o               200       12
    gpio.o                     544      196        4
    i2c.o                      994
    lis3.o                     860        4       44
    main.o                     732    1 822        4
    menuFunctions.o             30      284
    power.o                    480                 8
    ssdFonts.o                        1 944
    ssdGraph.o                           44
    startup_stm32f042x6.o      308
    sync.o                     352       20
    system.o                 1 808       86    1 052
    system_stm32f0xx.o         148
    ug2864.o                 3 332       66    1 028
    ------------------------------------------------
    Total:                  18 808    4 794    3 707

command line: [2]
    ------------------------------------------------
    Total:

dl6M_tln.a: [3]
    abs.o                        8
    div.o                       32
    exit.o                       8
    low_level_init.o             4
    sprintf.o                   56
    strcat.o                    28
    xprintflarge_nomb.o      3 338        8
    xsprout.o                   10
    ------------------------------------------------
    Total:                   3 484        8

m6M_tl.a: [4]
    DblAddSub.o                424
    DblCmpLe.o                  50
    DblDiv.o                   194
    DblMul.o                   388
    DblToI32.o                  46
    FltAddSub.o                288
    FltCmpGe.o                  40
    FltCmpLe.o                  38
    FltDiv.o                   170
    FltMul.o                   176
    FltToS32.o                  58
    I32ToDbl.o                  32
    I32ToFlt.o                  50
    xfdtest.o                   34
    ------------------------------------------------
    Total:                   1 988

rt6M_tl.a: [5]
    ABImemcpy.o                 92
    ABImemset.o                 80
    I32DivModFast.o            224
    I64DivMod.o                106
    I64DivZer.o                  2
    I64Mul.o                    50
    IntDivZer.o                  2
    cexit.o                     10
    cmain.o                     26
    copy_init3.o                48
    cstartup_M.o                12
    data_init.o                 40
    memchr.o                    24
    strchr.o                    20
    strcpy.o                    16
    strlen.o                    16
    zero_init3.o                60
    ------------------------------------------------
    Total:                     828

shb_l.a: [6]
    exit.o                      20
    ------------------------------------------------
    Total:                      20

    Linker created                       36    1 024
----------------------------------------------------
    Grand Total:            25 128    4 838    4 731


*******************************************************************************
*** ENTRY LIST
***

Entry                      Address   Size  Type      Object
-----                      -------   ----  ----      ------
.iar.init_table$$Base   0x08006b04          --   Gb  - Linker created -
.iar.init_table$$Limit  0x08006b28          --   Gb  - Linker created -
?main                   0x08006ec9         Code  Gb  cmain.o [5]
ADC1_IRQHandler         0x08005f95   0x82  Code  Gb  adc.o [1]
CSTACK$$Base            0x20000008          --   Gb  - Linker created -
CSTACK$$Limit           0x20000408          --   Gb  - Linker created -
EXTI4_15_IRQHandler     0x08005d15   0x22  Code  Gb  power.o [1]
I2C1_IRQHandler         0x080033b9    0x2  Code  Gb  i2c.o [1]
I2CRx                   0x08003109   0xec  Code  Gb  i2c.o [1]
I2CRxInit               0x08003071   0x98  Code  Gb  i2c.o [1]
I2CTx                   0x080032ad   0xec  Code  Gb  i2c.o [1]
I2CTxInit               0x080031f5   0x96  Code  Gb  i2c.o [1]
LoadInt                 0x0800145d   0x68  Code  Lc  xprintflarge_nomb.o [3]
Menu_GetCurrentMenu     0x08000cf1    0x6  Code  Gb  MicroMenu.o [1]
Menu_Navigate           0x08000d01   0xda  Code  Gb  MicroMenu.o [1]
Menu_infoWndRun         0x08000629   0x84  Code  Gb  MicroMenu.o [1]
Menu_infoWndTxtSplit    0x0800047d  0x112  Code  Gb  MicroMenu.o [1]
Menu_navDisp            0x08000151   0xa2  Code  Gb  MicroMenu.o [1]
Menu_navMenu            0x080001f3   0xd8  Code  Gb  MicroMenu.o [1]
Menu_navPwrOff          0x0800013d   0x14  Code  Gb  MicroMenu.o [1]
Menu_parWndRun          0x08000c07   0xbc  Code  Gb  MicroMenu.o [1]
Menu_putInfoWnd         0x08000599   0x90  Code  Gb  MicroMenu.o [1]
Menu_putMessage         0x08000cc3   0x2e  Code  Gb  MicroMenu.o [1]
Menu_putParWnd          0x08000bb9   0x4e  Code  Gb  MicroMenu.o [1]
Menu_putTxtEditWnd      0x080007f1   0x48  Code  Gb  MicroMenu.o [1]
Menu_putTxtParSelWnd    0x080006b9   0x44  Code  Gb  MicroMenu.o [1]
Menu_pwrSw              0x080002cb   0x36  Code  Gb  MicroMenu.o [1]
Menu_run                0x080000c1   0x7c  Code  Gb  MicroMenu.o [1]
Menu_setParEdit         0x08000311  0x15c  Code  Gb  MicroMenu.o [1]
Menu_txtEditWndRun      0x08000879  0x330  Code  Gb  MicroMenu.o [1]
Menu_txtParSelWndRun    0x08000719   0xc4  Code  Gb  MicroMenu.o [1]
NULL_MENU               0x08006eac   0x1c  Data  Gb  MicroMenu.o [1]
NULL_PRM                0x08007198   0x18  Data  Gb  MicroMenu.o [1]
NVIC_DisableIRQ         0x08005e63    0xe  Code  Lc  adc.o [1]
NVIC_DisableIRQ         0x080033cb    0xe  Code  Lc  IR.o [1]
NVIC_DisableIRQ         0x08005c83    0xe  Code  Lc  power.o [1]
NVIC_EnableIRQ          0x08005e55    0xe  Code  Lc  adc.o [1]
NVIC_EnableIRQ          0x080033bd    0xe  Code  Lc  IR.o [1]
NVIC_EnableIRQ          0x08005c75    0xe  Code  Lc  power.o [1]
NVIC_SetPriority        0x08005e71   0x84  Code  Lc  adc.o [1]
NVIC_SetPriority        0x080033d9   0x84  Code  Lc  IR.o [1]
NVIC_SetPriority        0x08005c91   0x84  Code  Lc  power.o [1]
PI_DIV_4                0x080074b0    0x4  Data  Lc  fix16_trig.o [1]
Region$$Table$$Base     0x08006b04          --   Gb  - Linker created -
Region$$Table$$Limit    0x08006b28          --   Gb  - Linker created -
SystemInit              0x08006959   0x68  Code  Gb  system_stm32f0xx.o [1]
THREE_PI_DIV_4          0x080074b4    0x4  Data  Lc  fix16_trig.o [1]
TIM2_IRQHandler         0x08003b2d  0x28a  Code  Gb  IR.o [1]
_GenldLargeNoMb         0x080018d9  0x29a  Code  Lc  xprintflarge_nomb.o [3]
_LdtobLargeNoMb         0x080015f1  0x2b0  Code  Lc  xprintflarge_nomb.o [3]
_LitobLargeNoMb         0x080014c5  0x12a  Code  Lc  xprintflarge_nomb.o [3]
_PrintfLargeNoMb        0x08000e9d  0x5c0  Code  Gb  xprintflarge_nomb.o [3]
_PutcharsLargeNoMb      0x08001b73   0x30  Code  Lc  xprintflarge_nomb.o [3]
_SProut                 0x0800201f    0xa  Code  Gb  xsprout.o [3]
__ICFEDIT_region_RAM_end__ {Abs}
                        0x200017ff         Data  Gb  command line/config [2]
__ICFEDIT_region_RAM_start__ {Abs}
                        0x20000000         Data  Gb  command line/config [2]
__aeabi_cdcmple         0x08001d79         Code  Gb  DblCmpLe.o [4]
__aeabi_cfcmple         0x080055f1         Code  Gb  FltCmpLe.o [4]
__aeabi_cfrcmple        0x08005619         Code  Gb  FltCmpGe.o [4]
__aeabi_d2uiz           0x08001ff1         Code  Gb  DblToI32.o [4]
__aeabi_ddiv            0x08001f2f         Code  Gb  DblDiv.o [4]
__aeabi_dmul            0x08001dab         Code  Gb  DblMul.o [4]
__aeabi_dsub            0x08002103         Code  Gb  DblAddSub.o [4]
__aeabi_f2iz            0x080053ed         Code  Gb  FltToS32.o [4]
__aeabi_fadd            0x08005427         Code  Gb  FltAddSub.o [4]
__aeabi_fdiv            0x08005547         Code  Gb  FltDiv.o [4]
__aeabi_fmul            0x0800533b         Code  Gb  FltMul.o [4]
__aeabi_fsub            0x08005497         Code  Gb  FltAddSub.o [4]
__aeabi_i2f             0x08005309         Code  Gb  I32ToFlt.o [4]
__aeabi_idiv            0x08001cc5         Code  Gb  I32DivModFast.o [5]
__aeabi_idiv0           0x08002215         Code  Gb  IntDivZer.o [5]
__aeabi_idivmod         0x08001cc5         Code  Gb  I32DivModFast.o [5]
__aeabi_ldiv0           0x08002211         Code  Gb  I64DivZer.o [5]
__aeabi_lmul            0x080052d5         Code  Gb  I64Mul.o [5]
__aeabi_memcpy          0x08001c3d         Code  Gb  ABImemcpy.o [5]
__aeabi_memset          0x08000e2d         Code  Gb  ABImemset.o [5]
__aeabi_ui2d            0x08002029         Code  Gb  I32ToDbl.o [4]
__aeabi_uidiv           0x08001ccb         Code  Gb  I32DivModFast.o [5]
__aeabi_uidivmod        0x08001ccb         Code  Gb  I32DivModFast.o [5]
__aeabi_uldivmod        0x08001bd3         Code  Gb  I64DivMod.o [5]
__cmain                 0x08006ec9         Code  Gb  cmain.o [5]
__exit                  0x08006efd   0x14  Code  Gb  exit.o [6]
__iar_FDtest            0x08005641   0x22  Code  Gb  xfdtest.o [4]
__iar_Memchr            0x08001bbb   0x18  Code  Gb  memchr.o [5]
__iar_Memset4_word      0x08000e4d         Code  Gb  ABImemset.o [5]
__iar_Memset_word       0x08000e39         Code  Gb  ABImemset.o [5]
__iar_Strchr            0x08001ba7   0x14  Code  Gb  strchr.o [5]
__iar_copy_init3        0x08006aad   0x30  Code  Gb  copy_init3.o [5]
__iar_d2uiz             0x08001ff5         Code  Gb  DblToI32.o [4]
__iar_data_init3        0x08006add   0x28  Code  Gb  data_init.o [5]
__iar_program_start     0x08007415         Code  Gb  cstartup_M.o [5]
__iar_ui2d              0x0800202d         Code  Gb  I32ToDbl.o [4]
__iar_ui2f              0x08005321         Code  Gb  I32ToFlt.o [4]
__iar_zero_init3        0x08006a71   0x3c  Code  Gb  zero_init3.o [5]
__low_level_init        0x08006ee3    0x4  Code  Gb  low_level_init.o [3]
__vector_table          0x08000000         Data  Gb  startup_stm32f042x6.o [1]
_call_main              0x08006ed5         Code  Gb  cmain.o [5]
_exit                   0x08006ef1         Code  Gb  cexit.o [5]
_main                   0x08006edf         Code  Gb  cmain.o [5]
aboutParser             0x08006b3d    0x2  Code  Gb  menuFunctions.o [1]
abs                     0x08002f71    0x8  Code  Gb  abs.o [3]
accel                   0x200011fc   0x18  Data  Gb  lis3.o [1]
adcData                 0x2000126c    0x4  Data  Gb  adc.o [1]
adcDeinit               0x08005ef5   0x24  Code  Gb  adc.o [1]
adcInit                 0x08005f19   0x7c  Code  Gb  adc.o [1]
battCalc                0x080061ad  0x1c0  Code  Gb  battery.o [1]
battCalc::percFlag      0x2000127a    0x1  Data  Lc  battery.o [1]
battery                 0x200011c8   0x1c  Data  Gb  system.o [1]
btnCntsClr              0x0800596d   0x1a  Code  Gb  buttons.o [1]
buttons                 0x20001254    0x8  Data  Gb  buttons.o [1]
chrBindFunc             0x08006b41    0x2  Code  Gb  menuFunctions.o [1]
chrSetsRst              0x08003de9   0x6a  Code  Gb  system.o [1]
chrgSym                 0x08007450    0x8  Data  Gb  ssdGraph.o [1]
chron                   0x20000d8c  0x22c  Data  Gb  system.o [1]
clz                     0x08004ee1   0x2c  Code  Lc  fix16.o [1]
currMenuItem            0x20001274    0x4  Data  Gb  main.o [1]
currMenuItem            0x20000004    0x4  Data  Lc  MicroMenu.o [1]
deInitIR                0x08003a81   0x4a  Code  Gb  IR.o [1]
delay_us                0x08002f79   0x60  Code  Gb  delay.o [1]
div                     0x080021f1   0x20  Code  Gb  div.o [3]
drawChrScr              0x080041fd  0x1da  Code  Gb  system.o [1]
drawDisplay             0x08005b31   0xbc  Code  Gb  main.o [1]
drawHybrScr             0x08004001  0x1ce  Code  Gb  system.o [1]
drawIncScr              0x080043e5   0xe4  Code  Gb  system.o [1]
drawMenu                0x08003e53  0x184  Code  Gb  system.o [1]
exit                    0x08006ee7    0x8  Code  Gb  exit.o [3]
fix16_add               0x08004e55   0x24  Code  Gb  fix16.o [1]
fix16_atan              0x080050bf   0x10  Code  Gb  fix16_trig.o [1]
fix16_atan2             0x08005019   0xa6  Code  Gb  fix16_trig.o [1]
fix16_div               0x08004f0d  0x104  Code  Gb  fix16.o [1]
fix16_min               0x080074a8    0x4  Data  Lc  fix16.o [1]
fix16_mul               0x08004e79   0x68  Code  Gb  fix16.o [1]
fix16_one               0x080074b8    0x4  Data  Lc  fix16_trig.o [1]
fix16_one               0x080074bc    0x4  Data  Lc  lis3.o [1]
fix16_overflow          0x080074ac    0x4  Data  Lc  fix16.o [1]
font12x16               0x0800662c  0x198  Data  Gb  ssdFonts.o [1]
font6x8                 0x080044f8  0x600  Data  Gb  ssdFonts.o [1]
gainCalFunc             0x08006b45    0x2  Code  Gb  menuFunctions.o [1]
getNavEvent             0x08005665  0x2f8  Code  Gb  buttons.o [1]
gppin_init              0x08006447  0x1cc  Code  Gb  gpio.o [1]
hndlIRData              0x0800346d  0x4fe  Code  Gb  IR.o [1]
initClocks              0x0800636d   0xa0  Code  Gb  clock.o [1]
initGpios               0x0800640d   0x3a  Code  Gb  gpio.o [1]
initI2C1                0x08002fd9   0x98  Code  Gb  i2c.o [1]
initIRConfig            0x08003991   0xea  Code  Gb  IR.o [1]
initPeriphs             0x08005e39   0x1c  Code  Gb  power.o [1]
irRxData                0x2000122c   0x14  Data  Gb  IR.o [1]
kalman                  0x20001130   0x5c  Data  Gb  filter.o [1]
kalmanAccCorr           0x08005105  0x186  Code  Gb  filter.o [1]
lis3AxisCal             0x20001240   0x14  Data  Gb  lis3.o [1]
lis3_getXYZ             0x08004b9f   0x40  Code  Gb  lis3.o [1]
lis3_read               0x08004b61   0x3e  Code  Gb  lis3.o [1]
lis3_write              0x08004b35   0x2c  Code  Gb  lis3.o [1]
lis3init                0x08004af9   0x3c  Code  Gb  lis3.o [1]
lpf                     0x0800528b   0x2e  Code  Gb  filter.o [1]
lpf::Dacc               0x20001270    0x4  Data  Lc  filter.o [1]
lpf::Dout               0x20001278    0x2  Data  Lc  filter.o [1]
lpfAccPrim              0x080050e1   0x24  Code  Gb  filter.o [1]
lpfPrim                 0x200011e4   0x18  Data  Gb  filter.o [1]
main                    0x08005999  0x176  Code  Gb  main.o [1]
meas                    0x20001264    0x8  Data  Gb  system.o [1]
menu                    0x20000408  0x580  Data  Gb  MicroMenu.o [1]
menuFolder              0x0800735c   0x10  Data  Gb  ssdGraph.o [1]
menuScroll              0x080074d0    0x4  Data  Gb  ssdGraph.o [1]
offsCalFunc             0x08006b43    0x2  Code  Gb  menuFunctions.o [1]
pabout                  0x08006f28   0x18  Data  Gb  main.o [1]
pcc                     0x08006fa0   0x18  Data  Gb  main.o [1]
pchrbnd                 0x08006fd0   0x18  Data  Gb  main.o [1]
pdb10edit               0x080070c0   0x18  Data  Gb  main.o [1]
pdb11edit               0x080070d8   0x18  Data  Gb  main.o [1]
pdb12edit               0x080070f0   0x18  Data  Gb  main.o [1]
pdb13edit               0x08007108   0x18  Data  Gb  main.o [1]
pdb14edit               0x08007120   0x18  Data  Gb  main.o [1]
pdb15edit               0x08007138   0x18  Data  Gb  main.o [1]
pdb1edit                0x08006fe8   0x18  Data  Gb  main.o [1]
pdb2edit                0x08007000   0x18  Data  Gb  main.o [1]
pdb3edit                0x08007018   0x18  Data  Gb  main.o [1]
pdb4edit                0x08007030   0x18  Data  Gb  main.o [1]
pdb5edit                0x08007048   0x18  Data  Gb  main.o [1]
pdb6edit                0x08007060   0x18  Data  Gb  main.o [1]
pdb7edit                0x08007078   0x18  Data  Gb  main.o [1]
pdb8edit                0x08007090   0x18  Data  Gb  main.o [1]
pdb9edit                0x080070a8   0x18  Data  Gb  main.o [1]
pellets                 0x20000fb8  0x178  Data  Gb  system.o [1]
pigc                    0x08007180   0x18  Data  Gb  main.o [1]
pinNum                  0x20000000    0x4  Data  Gb  gpio.o [1]
pinsMode                0x08006898   0xc0  Data  Gb  gpio.o [1]
pioc                    0x08007168   0x18  Data  Gb  main.o [1]
pmode                   0x08006f58   0x18  Data  Gb  main.o [1]
power                   0x2000125c    0x8  Data  Gb  power.o [1]
powerOff                0x08005dc5   0x32  Code  Gb  power.o [1]
powerOn                 0x08005db3   0x12  Code  Gb  power.o [1]
powerTimRst             0x08005df7    0x8  Code  Gb  power.o [1]
ppot                    0x08006f70   0x18  Data  Gb  main.o [1]
prgb                    0x08007150   0x18  Data  Gb  main.o [1]
psd                     0x08006fb8   0x18  Data  Gb  main.o [1]
psinfo                  0x08006f40   0x18  Data  Gb  main.o [1]
pstats                  0x08006f10   0x18  Data  Gb  main.o [1]
pswres                  0x08006f88   0x18  Data  Gb  main.o [1]
q16TiltCalc             0x08004bdf   0x48  Code  Gb  lis3.o [1]
rabout                  0x08006b80   0x1c  Data  Gb  main.o [1]
rservice                0x08006b9c   0x1c  Data  Gb  main.o [1]
rsetts                  0x08006b64   0x1c  Data  Gb  main.o [1]
rstats                  0x08006b48   0x1c  Data  Gb  main.o [1]
scbind                  0x08006c98   0x1c  Data  Gb  main.o [1]
scclipc                 0x08006c44   0x1c  Data  Gb  main.o [1]
scdist                  0x08006c7c   0x1c  Data  Gb  main.o [1]
schrono                 0x08006bd4   0x1c  Data  Gb  main.o [1]
scpeldb                 0x08006c60   0x1c  Data  Gb  main.o [1]
sibrdr                  0x08006e58   0x1c  Data  Gb  main.o [1]
sigacal                 0x08006e90   0x1c  Data  Gb  main.o [1]
sincline                0x08006bf0   0x1c  Data  Gb  main.o [1]
siofcal                 0x08006e74   0x1c  Data  Gb  main.o [1]
smode                   0x08006bb8   0x1c  Data  Gb  main.o [1]
spdbp1                  0x08006cb4   0x1c  Data  Gb  main.o [1]
spdbp10                 0x08006db0   0x1c  Data  Gb  main.o [1]
spdbp11                 0x08006dcc   0x1c  Data  Gb  main.o [1]
spdbp12                 0x08006de8   0x1c  Data  Gb  main.o [1]
spdbp13                 0x08006e04   0x1c  Data  Gb  main.o [1]
spdbp14                 0x08006e20   0x1c  Data  Gb  main.o [1]
spdbp15                 0x08006e3c   0x1c  Data  Gb  main.o [1]
spdbp2                  0x08006cd0   0x1c  Data  Gb  main.o [1]
spdbp3                  0x08006cec   0x1c  Data  Gb  main.o [1]
spdbp4                  0x08006d08   0x1c  Data  Gb  main.o [1]
spdbp5                  0x08006d24   0x1c  Data  Gb  main.o [1]
spdbp6                  0x08006d40   0x1c  Data  Gb  main.o [1]
spdbp7                  0x08006d5c   0x1c  Data  Gb  main.o [1]
spdbp8                  0x08006d78   0x1c  Data  Gb  main.o [1]
spdbp9                  0x08006d94   0x1c  Data  Gb  main.o [1]
spofft                  0x08006c0c   0x1c  Data  Gb  main.o [1]
sprintf                 0x08002f1d   0x38  Code  Gb  sprintf.o [3]
ssdBatt                 0x0800736c   0x10  Data  Gb  ssdGraph.o [1]
ssdVideoBff             0x20000988  0x404  Data  Gb  ug2864.o [1]
ssd_clearVidBff         0x08002d41   0x16  Code  Gb  ug2864.o [1]
ssd_clrAreaBff          0x08002d5d   0x68  Code  Gb  ug2864.o [1]
ssd_putBatt             0x08002a0d  0x100  Code  Gb  ug2864.o [1]
ssd_putChar12x16        0x08002b0d   0xf4  Code  Gb  ug2864.o [1]
ssd_putChar6x8          0x08002c25   0x5a  Code  Gb  ug2864.o [1]
ssd_putInfoTxtWnd       0x08002219   0xb0  Code  Gb  ug2864.o [1]
ssd_putMessage          0x08002535   0xd0  Code  Gb  ug2864.o [1]
ssd_putParWnd           0x08002409   0xfc  Code  Gb  ug2864.o [1]
ssd_putPitchBar         0x0800289d  0x16c  Code  Gb  ug2864.o [1]
ssd_putRollBar          0x08002649  0x24c  Code  Gb  ug2864.o [1]
ssd_putString12x16      0x08002c01   0x24  Code  Gb  ug2864.o [1]
ssd_putString6x8        0x08002c7f   0x24  Code  Gb  ug2864.o [1]
ssd_putTxtEditWnd       0x080022c9   0xae  Code  Gb  ug2864.o [1]
ssd_putTxtParSelWnd     0x08002377   0x8c  Code  Gb  ug2864.o [1]
ssd_setpix              0x08002ca3   0x9e  Code  Gb  ug2864.o [1]
stats                   0x20001214   0x18  Data  Gb  system.o [1]
statsParser             0x08006b29    0xc  Code  Gb  menuFunctions.o [1]
statsTxt                0x080067c4   0xd4  Data  Gb  menuFunctions.o [1]
stopModeConfig          0x08005d37   0x7c  Code  Gb  power.o [1]
strcat                  0x08002f55   0x1c  Code  Gb  strcat.o [3]
strcpy                  0x08000e7d         Code  Gb  strcpy.o [5]
strlen                  0x08000e8d   0x10  Code  Gb  strlen.o [5]
swResFunc               0x08006b3f    0x2  Code  Gb  menuFunctions.o [1]
swrst                   0x08006c28   0x1c  Data  Gb  main.o [1]
sync                    0x080060a7   0xce  Code  Gb  sync.o [1]
syncInit                0x0800604d   0x5a  Code  Gb  sync.o [1]
sysPars                 0x2000118c   0x3c  Data  Gb  system.o [1]
trxAccData              0x08004c35  0x1ea  Code  Gb  lis3.o [1]
ug2864_com              0x08002eaf   0x2c  Code  Gb  ug2864.o [1]
ug2864_refresh          0x08002edb   0x20  Code  Gb  ug2864.o [1]
ug2864init              0x08002dfd   0xb2  Code  Gb  ug2864.o [1]
ug2864off               0x08002dd1   0x16  Code  Gb  ug2864.o [1]
ug2864on                0x08002de7   0x16  Code  Gb  ug2864.o [1]


[1] = C:\Users\4eef\Projects\Chronograph+\SW\Chrono-Terminal-V1.0\firmware\PROJ_DIR\Debug\Obj
[2] = command line
[3] = dl6M_tln.a
[4] = m6M_tl.a
[5] = rt6M_tl.a
[6] = shb_l.a

  25 128 bytes of readonly  code memory
   4 838 bytes of readonly  data memory
   4 731 bytes of readwrite data memory

Errors: none
Warnings: none
