###############################################################################
#
# IAR ELF Linker V7.80.2.11947/W32 for ARM                17/Dec/2017  22:47:13
# Copyright 2007-2016 IAR Systems AB.
#
#    Output file  =  
#        C:\Users\4eef\Projects\Chronograph+\SW\Chrono-Sensor-V3.0\firmware\PROJ_DIR\Debug\Exe\Chrono-Sensor-V3.0.out
#    Map file     =  
#        C:\Users\4eef\Projects\Chronograph+\SW\Chrono-Sensor-V3.0\firmware\PROJ_DIR\Debug\List\Chrono-Sensor-V3.0.map
#    Command line =  
#        C:\Users\4eef\Projects\Chronograph+\SW\Chrono-Sensor-V3.0\firmware\PROJ_DIR\Debug\Obj\main.o
#        C:\Users\4eef\Projects\Chronograph+\SW\Chrono-Sensor-V3.0\firmware\PROJ_DIR\Debug\Obj\power.o
#        -o
#        C:\Users\4eef\Projects\Chronograph+\SW\Chrono-Sensor-V3.0\firmware\PROJ_DIR\Debug\Exe\Chrono-Sensor-V3.0.out
#        --redirect _Printf=_PrintfFull --redirect _Scanf=_ScanfFull --map
#        C:\Users\4eef\Projects\Chronograph+\SW\Chrono-Sensor-V3.0\firmware\PROJ_DIR\Debug\List\Chrono-Sensor-V3.0.map
#        --config "C:\Program Files (x86)\IAR Systems\Embedded Workbench
#        7.5\arm\config\linker\ST\stm32l051x6.icf" --semihosting --entry
#        __iar_program_start --vfe
#
###############################################################################

*******************************************************************************
*** RUNTIME MODEL ATTRIBUTES
***

CppFlavor       = *
__SystemLibrary = DLib


*******************************************************************************
*** PLACEMENT SUMMARY
***

"A0":  place at 0x08000000 { ro section .intvec };
"P1":  place in [from 0x08000000 to 0x08007fff] { ro };
"P2":  place in [from 0x20000000 to 0x20001fff] { rw, block CSTACK, block HEAP };

  Section   Kind        Address   Size  Object
  -------   ----        -------   ----  ------
"A0":                             0x40
  .intvec   ro code  0x08000000   0x40  vector_table_M.o [4]
                   - 0x08000040   0x40

"P1":                             0xc4
  .text     ro code  0x08000040   0x70  main.o [1]
  .text     ro code  0x080000b0   0x1a  cmain.o [4]
  .text     ro code  0x080000ca    0x4  low_level_init.o [3]
  .text     ro code  0x080000ce    0x8  exit.o [3]
  .text     ro code  0x080000d6    0x2  vector_table_M.o [4]
  .text     ro code  0x080000d8    0xa  cexit.o [4]
  .text     ro code  0x080000e4   0x14  exit.o [5]
  .text     ro code  0x080000f8    0xc  cstartup_M.o [4]
                   - 0x08000104   0xc4

"P2":                            0x400
  CSTACK             0x20000000  0x400  <Block>
    CSTACK  uninit   0x20000000  0x400  <Block tail>
                   - 0x20000400  0x400



*******************************************************************************
*** MODULE SUMMARY
***

    Module            ro code  rw data
    ------            -------  -------
C:\Users\4eef\Projects\Chronograph+\SW\Chrono-Sensor-V3.0\firmware\PROJ_DIR\Debug\Obj: [1]
    main.o                112
    ----------------------------------
    Total:                112

command line: [2]
    ----------------------------------
    Total:

dl6M_tln.a: [3]
    exit.o                  8
    low_level_init.o        4
    ----------------------------------
    Total:                 12

rt6M_tl.a: [4]
    cexit.o                10
    cmain.o                26
    cstartup_M.o           12
    vector_table_M.o       66
    ----------------------------------
    Total:                114

shb_l.a: [5]
    exit.o                 20
    ----------------------------------
    Total:                 20

    Gaps                    2
    Linker created               1 024
--------------------------------------
    Grand Total:          260    1 024


*******************************************************************************
*** ENTRY LIST
***

Entry                    Address  Size  Type      Object
-----                    -------  ----  ----      ------
?main                 0x080000b1        Code  Gb  cmain.o [4]
CSTACK$$Base          0x20000000         --   Gb  - Linker created -
CSTACK$$Limit         0x20000400         --   Gb  - Linker created -
Region$$Table$$Base   0x00000000         --   Gb  - Linker created -
Region$$Table$$Limit  0x00000000         --   Gb  - Linker created -
__cmain               0x080000b1        Code  Gb  cmain.o [4]
__exit                0x080000e5  0x14  Code  Gb  exit.o [5]
__iar_program_start   0x080000f9        Code  Gb  cstartup_M.o [4]
__low_level_init      0x080000cb   0x4  Code  Gb  low_level_init.o [3]
__vector_table        0x08000000        Data  Gb  vector_table_M.o [4]
_call_main            0x080000bd        Code  Gb  cmain.o [4]
_exit                 0x080000d9        Code  Gb  cexit.o [4]
_main                 0x080000c7        Code  Gb  cmain.o [4]
exit                  0x080000cf   0x8  Code  Gb  exit.o [3]
main                  0x08000041  0x70  Code  Gb  main.o [1]


[1] = C:\Users\4eef\Projects\Chronograph+\SW\Chrono-Sensor-V3.0\firmware\PROJ_DIR\Debug\Obj
[2] = command line
[3] = dl6M_tln.a
[4] = rt6M_tl.a
[5] = shb_l.a

    260 bytes of readonly  code memory
  1 024 bytes of readwrite data memory

Errors: none
Warnings: none
